
****** Vivado v2025.2 (64-bit)
  **** SW Build 6299465 on Fri Nov 14 12:34:56 MST 2025
  **** IP Build 6300035 on Fri Nov 14 10:48:45 MST 2025
  **** SharedData Build 6298862 on Thu Nov 13 04:50:51 MST 2025
  **** Start of session at: Mon Aug 24 23:35:01 2026
    ** Copyright 1986-2022 Xilinx, Inc. All Rights Reserved.
    ** Copyright 2022-2025 Advanced Micro Devices, Inc. All Rights Reserved.

source campaigns/qat_dsp_partitioning/hls/audit_channel_criticality.tcl
# if {$argc != 2} {
#     error "Usage: vivado -mode batch -source audit_channel_criticality.tcl -tclargs <checkpoint> <output.csv>"
# }
# set checkpoint [lindex $argv 0]
# set output_csv [lindex $argv 1]
# open_checkpoint $checkpoint
Command: open_checkpoint /mnt_pool/c3_users/user/pleguina/graphsage_vivado_2024_1_sweep/build/vivado_sweep/qat_dsp_F2_route_default/final.dcp

Starting open_checkpoint Task

Time (s): cpu = 00:00:00.04 ; elapsed = 00:00:00.03 . Memory (MB): peak = 1545.352 ; gain = 0.000 ; free physical = 186729 ; free virtual = 252126
INFO: [Device 21-403] Loading part xcvu13p-fsga2577-1-e
Netlist sorting complete. Time (s): cpu = 00:00:04 ; elapsed = 00:00:04 . Memory (MB): peak = 3661.633 ; gain = 24.000 ; free physical = 184662 ; free virtual = 250062
INFO: [Netlist 29-17] Analyzing 48406 Unisim elements for replacement
INFO: [Netlist 29-28] Unisim Transformation completed in 2 CPU seconds
INFO: [Project 1-479] Netlist was created with Vivado 2025.2
INFO: [Project 1-570] Preparing netlist for logic optimization
Read ShapeDB Complete: Time (s): cpu = 00:00:00.46 ; elapsed = 00:00:00.48 . Memory (MB): peak = 4044.258 ; gain = 23.422 ; free physical = 184289 ; free virtual = 249688
INFO: [Timing 38-478] Restoring timing data from binary archive.
INFO: [Timing 38-479] Binary timing data restore complete.
INFO: [Project 1-856] Restoring constraints from binary archive.
INFO: [Constraints 18-5170] The checkpoint was created with non-default parameter values which do not match the current Vivado settings.  Mismatching parameters are:
  general.maxThreads
INFO: [Project 1-853] Binary constraint restore complete.
INFO: [Designutils 20-5722] Start Reading Physical Databases.
Reading placement.
Read Netlist Cache: Time (s): cpu = 00:00:00.87 ; elapsed = 00:00:00.9 . Memory (MB): peak = 5714.957 ; gain = 0.000 ; free physical = 182702 ; free virtual = 248101
Reading placer database...
Read Device Cache: Time (s): cpu = 00:00:00.01 ; elapsed = 00:00:00.02 . Memory (MB): peak = 5714.957 ; gain = 0.000 ; free physical = 182702 ; free virtual = 248102
Read PlaceDB: Time (s): cpu = 00:00:20 ; elapsed = 00:00:20 . Memory (MB): peak = 6249.246 ; gain = 534.289 ; free physical = 182170 ; free virtual = 247569
Read PulsedLatchDB: Time (s): cpu = 00:00:00 ; elapsed = 00:00:00 . Memory (MB): peak = 6249.246 ; gain = 0.000 ; free physical = 182170 ; free virtual = 247569
Reading routing.
Read RouteStorage: Time (s): cpu = 00:00:13 ; elapsed = 00:00:04 . Memory (MB): peak = 6547.426 ; gain = 298.180 ; free physical = 181873 ; free virtual = 247272
Read Physdb Files: Time (s): cpu = 00:00:34 ; elapsed = 00:00:25 . Memory (MB): peak = 6547.426 ; gain = 832.469 ; free physical = 181873 ; free virtual = 247272
Restored from archive | CPU: 35.170000 secs | Memory: 735.033783 MB |
Finished XDEF File Restore: Time (s): cpu = 00:00:34 ; elapsed = 00:00:25 . Memory (MB): peak = 6547.426 ; gain = 832.469 ; free physical = 181873 ; free virtual = 247272
Netlist sorting complete. Time (s): cpu = 00:00:00.13 ; elapsed = 00:00:00.13 . Memory (MB): peak = 6547.426 ; gain = 0.000 ; free physical = 181875 ; free virtual = 247275
INFO: [Project 1-111] Unisim Transformation Summary:
  A total of 440 instances were transformed.
  DSP48E2 => DSP48E2 (DSP_ALU, DSP_A_B_DATA, DSP_C_DATA, DSP_MULTIPLIER, DSP_M_DATA, DSP_OUTPUT, DSP_PREADD, DSP_PREADD_DATA): 440 instances

INFO: [Project 1-604] Checkpoint was created with Vivado v2025.2 (64-bit) build 6299465
open_checkpoint: Time (s): cpu = 00:02:18 ; elapsed = 00:02:10 . Memory (MB): peak = 6547.461 ; gain = 5002.109 ; free physical = 181878 ; free virtual = 247277
CRITICAL WARNING: [Vivado 12-4439] The number of objects collected by the 'to' option of 'get_timing_paths' is very large: 409583. This may lead to serious performance issues and out-of-memory conditions in handling the results.
Resolution: Further filtering of the command results, or narrowing the scope of the command is recommended.
CRITICAL WARNING: [Vivado 12-4439] The number of objects collected by the 'from' option of 'get_timing_paths' is very large: 409583. This may lead to serious performance issues and out-of-memory conditions in handling the results.
Resolution: Further filtering of the command results, or narrowing the scope of the command is recommended.
WARNING: [Timing 38-242] The property HD.CLK_SRC of clock port "ap_clk" is not set. In out-of-context mode, this prevents timing estimation for clock delay/skew
Resolution: Set the HD.CLK_SRC property of the out-of-context port to the location of the clock buffer instance in the top-level design
get_timing_paths: Time (s): cpu = 00:05:02 ; elapsed = 00:01:03 . Memory (MB): peak = 7306.895 ; gain = 759.434 ; free physical = 181130 ; free virtual = 246529
# set paths [get_timing_paths \
#     -from [all_registers] \
#     -to [all_registers] \
#     -delay_type max \
#     -max_paths 1000 \
#     -unique_pins \
#     -nworst 1]
# file mkdir [file dirname $output_csv]
# set output [open $output_csv w]
# puts $output "rank,slack_ns,start_cell,end_cell"
# set rank 0
# foreach path $paths {
#     incr rank
#     set start_pin [get_property STARTPOINT_PIN $path]
#     set end_pin [get_property ENDPOINT_PIN $path]
#     set start_cell [get_cells -quiet -of_objects $start_pin]
#     set end_cell [get_cells -quiet -of_objects $end_pin]
#     puts $output [join [list \
#         $rank \
#         [get_property SLACK $path] \
#         $start_cell \
#         $end_cell] ","]
# }
# close $output
# puts "L2_CHANNEL_AUDIT=$output_csv"
L2_CHANNEL_AUDIT=/mnt_pool/c3_users/user/pleguina/graphsage_vivado_2024_1_sweep/build/vivado_sweep/qat_dsp_F2_route_default/reports/channel_criticality_paths.csv
# puts "L2_CHANNEL_AUDIT_COUNT=$rank"
L2_CHANNEL_AUDIT_COUNT=1000
# exit 0
INFO: [Common 17-206] Exiting Vivado at Mon Aug 24 23:38:20 2026...
layer  branch    ch  endpoints   worst_ns     TNS_ns  dsp_est    TNS/DSP    WNS/DSP  global
1      root       7         10     -0.069      0.351      120     0.0029     0.0006   False
1      root       0          3     -0.057      0.135      112     0.0012     0.0005   False
1      root      22          3     -0.052      0.120      120     0.0010     0.0004   False
2      neighbor   1          3     -0.051      0.117      144     0.0008     0.0004   False
1      root      20          4     -0.040      0.092      120     0.0008     0.0003   False
1      root      13          3     -0.032      0.076      120     0.0006     0.0003   False
1      root      17          1     -0.046      0.046      128     0.0004     0.0004   False
1      root       2          2     -0.035      0.044      120     0.0004     0.0003   False
1      root      11          2     -0.029      0.043      120     0.0004     0.0002   False
2      neighbor   5          3     -0.027      0.061      168     0.0004     0.0002   False
1      root      19          3     -0.024      0.046      112     0.0004     0.0002   False
1      root      18          1     -0.035      0.035      120     0.0003     0.0003   False
1      root       3          2     -0.021      0.032      120     0.0003     0.0002   False
1      root      23          2     -0.018      0.028      120     0.0002     0.0001   False
1      root       5          1     -0.003      0.003      120     0.0000     0.0000   False
GLOBAL_SAMPLE_WNS_NS=-0.165
GLOBAL_SAMPLE_WNS_OWNER=None
UNCLASSIFIED_CATEGORY=aggregation_dsp_input paths=1 unique_end_cells=1 tns_ns=0.006 worst_ns=-0.006
UNCLASSIFIED_CATEGORY=control_enable paths=0 unique_end_cells=0 tns_ns=0.000 worst_ns=0.000
UNCLASSIFIED_CATEGORY=adder_saturation_quantization paths=0 unique_end_cells=0 tns_ns=0.000 worst_ns=0.000
UNCLASSIFIED_CATEGORY=pipeline_registers paths=9 unique_end_cells=9 tns_ns=0.129 worst_ns=-0.028
UNCLASSIFIED_CATEGORY=unknown paths=13 unique_end_cells=13 tns_ns=0.506 worst_ns=-0.165
UNCLASSIFIED_PATHS=23/1000
CHANNEL_CRITICALITY_TABLE=/mnt_pool/c3_users/user/pleguina/graphsage_vivado_2024_1_sweep/build/vivado_sweep/qat_dsp_F2_route_default/reports/channel_criticality_table.json
