
****** Vivado v2025.2 (64-bit)
  **** SW Build 6299465 on Fri Nov 14 12:34:56 MST 2025
  **** IP Build 6300035 on Fri Nov 14 10:48:45 MST 2025
  **** SharedData Build 6298862 on Thu Nov 13 04:50:51 MST 2025
  **** Start of session at: Tue Aug 18 22:07:22 2026
    ** Copyright 1986-2022 Xilinx, Inc. All Rights Reserved.
    ** Copyright 2022-2025 Advanced Micro Devices, Inc. All Rights Reserved.

source hls/run_vivado_finalist_route.tcl
# foreach required_env {FINALIST_NAME SOURCE_RUN} {
#     if {![info exists ::env($required_env)] || $::env($required_env) eq ""} {
#         error "Missing required environment variable $required_env"
#     }
# }
# set script_dir [file dirname [file normalize [info script]]]
# set repo_root [file normalize [file join $script_dir ..]]
# set sweep_dir [file join $repo_root build vivado_sweep]
# set finalist_name $::env(FINALIST_NAME)
# set source_run $::env(SOURCE_RUN)
# set source_checkpoint [file join $sweep_dir $source_run post_place.dcp]
# set output_dir [file join $sweep_dir route_$finalist_name]
# set reports_dir [file join $output_dir reports]
# set start_time [clock seconds]
# if {![file exists $source_checkpoint]} {
#     error "Missing screened post-place checkpoint: $source_checkpoint"
# }
# file mkdir $output_dir
# file mkdir $reports_dir
# set vivado_threads [expr {
#     [info exists ::env(SLURM_CPUS_PER_TASK)]
#         ? $::env(SLURM_CPUS_PER_TASK)
#         : 8
# }]
# set_param general.maxThreads $vivado_threads
# proc internal_wns {delay_type} {
#     set paths [get_timing_paths \
#         -from [all_registers] \
#         -to [all_registers] \
#         -delay_type $delay_type \
#         -max_paths 1 \
#         -quiet]
#     if {[llength $paths] == 0} {
#         return "NA"
#     }
#     return [get_property SLACK [lindex $paths 0]]
# }
# proc safe_property {object property_name} {
#     if {$object eq "" || [llength $object] == 0} {
#         return "NA"
#     }
#     if {[lsearch -exact [list_property $object] $property_name] < 0} {
#         return "NA"
#     }
#     set value [get_property $property_name $object]
#     if {$value eq ""} {
#         return "NA"
#     }
#     return $value
# }
# proc object_slr {object} {
#     if {$object eq "" || [llength $object] == 0} {
#         return "NA"
#     }
#     set cell [get_cells -quiet -of_objects $object]
#     if {[llength $cell] == 0} {
#         set cell $object
#     }
#     set slr [get_slrs -quiet -of_objects $cell]
#     if {[llength $slr] == 0} {
#         return "NA"
#     }
#     return [get_property NAME [lindex $slr 0]]
# }
# proc path_cell_details {path} {
#     set refs {}
#     set names {}
#     set max_fanout 0
#     set dsp_involved 0
#     set points {}
#     if {[lsearch -exact [list_property $path] PATH] >= 0} {
#         set points [get_property PATH $path]
#     }
#     foreach point $points {
#         set pin [safe_property $point PIN]
#         if {$pin eq "NA"} {
#             continue
#         }
#         set cell [get_cells -quiet -of_objects $pin]
#         if {[llength $cell] > 0} {
#             set cell [lindex $cell 0]
#             set cell_name [get_property NAME $cell]
#             set ref_name [safe_property $cell REF_NAME]
#             lappend names $cell_name
#             lappend refs $ref_name
#             if {[string match "DSP*" $ref_name]} {
#                 set dsp_involved 1
#             }
#         }
#         foreach net [get_nets -quiet -of_objects $pin] {
#             set fanout [llength [get_pins -quiet -leaf -of_objects $net]]
#             if {$fanout > $max_fanout} {
#                 set max_fanout $fanout
#             }
#         }
#     }
#     return [list \
#         [join [lsort -unique $refs] ","] \
#         [join [lsort -unique $names] ","] \
#         $max_fanout \
#         $dsp_involved]
# }
# proc write_top_internal_diagnostics {reports_dir stage} {
#     set paths [get_timing_paths \
#         -from [all_registers] \
#         -to [all_registers] \
#         -delay_type max \
#         -max_paths 20 \
#         -quiet]
# 
#     report_timing \
#         -from [all_registers] \
#         -to [all_registers] \
#         -delay_type max \
#         -max_paths 20 \
#         -path_type full_clock_expanded \
#         -file [file join $reports_dir internal_top20_${stage}.rpt]
# 
#     set output [open [file join $reports_dir internal_top20_${stage}.tsv] w]
#     puts $output [join [list \
#         rank slack_ns startpoint endpoint source_slr destination_slr \
#         logic_levels total_delay_ns cell_delay_ns net_delay_ns clock_skew_ns \
#         max_fanout dsp_involved crosses_slr cell_types hls_cell_names] "\t"]
# 
#     set rank 0
#     foreach path $paths {
#         incr rank
#         set startpoint [safe_property $path STARTPOINT_PIN]
#         set endpoint [safe_property $path ENDPOINT_PIN]
#         set source_slr [object_slr $startpoint]
#         set destination_slr [object_slr $endpoint]
#         set crosses_slr [expr {
#             $source_slr ne "NA" &&
#             $destination_slr ne "NA" &&
#             $source_slr ne $destination_slr
#         }]
#         lassign [path_cell_details $path] cell_types cell_names max_fanout dsp_involved
#         puts $output [join [list \
#             $rank \
#             [safe_property $path SLACK] \
#             $startpoint \
#             $endpoint \
#             $source_slr \
#             $destination_slr \
#             [safe_property $path LOGIC_LEVELS] \
#             [safe_property $path DATAPATH_DELAY] \
#             [safe_property $path LOGIC_DELAY] \
#             [safe_property $path NET_DELAY] \
#             [safe_property $path SKEW] \
#             $max_fanout \
#             $dsp_involved \
#             $crosses_slr \
#             $cell_types \
#             $cell_names] "\t"]
#     }
#     close $output
# }
# proc report_internal_stage {reports_dir stage include_diagnostics summary_file} {
#     report_timing \
#         -from [all_registers] \
#         -to [all_registers] \
#         -delay_type max \
#         -max_paths 100 \
#         -path_type full_clock_expanded \
#         -file [file join $reports_dir timing_internal_setup_${stage}.rpt]
#     report_timing \
#         -from [all_registers] \
#         -to [all_registers] \
#         -delay_type min \
#         -max_paths 100 \
#         -path_type full_clock_expanded \
#         -file [file join $reports_dir timing_internal_hold_${stage}.rpt]
#     set setup_wns [internal_wns max]
#     set hold_wns [internal_wns min]
#     puts $summary_file "${stage}_internal_setup_wns_ns=$setup_wns"
#     puts $summary_file "${stage}_internal_hold_wns_ns=$hold_wns"
#     puts "${stage}_INTERNAL_SETUP_WNS_NS=$setup_wns"
#     puts "${stage}_INTERNAL_HOLD_WNS_NS=$hold_wns"
#     if {$include_diagnostics} {
#         write_top_internal_diagnostics $reports_dir $stage
#     }
# }
# puts "FINALIST_NAME=$finalist_name"
FINALIST_NAME=ssi_spread_sll
# puts "SOURCE_CHECKPOINT=$source_checkpoint"
SOURCE_CHECKPOINT=/mnt_pool/c3_users/user/pleguina/graphsage_vivado_2024_1_sweep/build/vivado_sweep/screen_ssi_spread_sll/post_place.dcp
# puts "ROUTE_DIRECTIVE=Default"
ROUTE_DIRECTIVE=Default
# puts "VIVADO_MAX_THREADS=$vivado_threads"
VIVADO_MAX_THREADS=32
# open_checkpoint $source_checkpoint
Command: open_checkpoint /mnt_pool/c3_users/user/pleguina/graphsage_vivado_2024_1_sweep/build/vivado_sweep/screen_ssi_spread_sll/post_place.dcp

Starting open_checkpoint Task

Time (s): cpu = 00:00:00.03 ; elapsed = 00:00:00.03 . Memory (MB): peak = 1545.359 ; gain = 0.000 ; free physical = 245142 ; free virtual = 253526
INFO: [Device 21-403] Loading part xcvu13p-fsga2577-1-e
Netlist sorting complete. Time (s): cpu = 00:00:05 ; elapsed = 00:00:05 . Memory (MB): peak = 3842.016 ; gain = 23.023 ; free physical = 242647 ; free virtual = 251258
INFO: [Netlist 29-17] Analyzing 37864 Unisim elements for replacement
INFO: [Netlist 29-28] Unisim Transformation completed in 24 CPU seconds
INFO: [Project 1-479] Netlist was created with Vivado 2025.2
INFO: [Project 1-570] Preparing netlist for logic optimization
Read ShapeDB Complete: Time (s): cpu = 00:00:01 ; elapsed = 00:00:01 . Memory (MB): peak = 5213.727 ; gain = 135.688 ; free physical = 241273 ; free virtual = 249884
INFO: [Timing 38-478] Restoring timing data from binary archive.
INFO: [Timing 38-479] Binary timing data restore complete.
INFO: [Project 1-856] Restoring constraints from binary archive.
INFO: [Project 1-853] Binary constraint restore complete.
INFO: [Designutils 20-5722] Start Reading Physical Databases.
Reading placement.
Read Netlist Cache: Time (s): cpu = 00:00:00.99 ; elapsed = 00:00:01 . Memory (MB): peak = 9116.035 ; gain = 0.000 ; free physical = 237649 ; free virtual = 246260
Reading placer database...
Read Device Cache: Time (s): cpu = 00:00:00.02 ; elapsed = 00:00:00.02 . Memory (MB): peak = 9116.035 ; gain = 0.000 ; free physical = 237649 ; free virtual = 246260
Read PlaceDB: Time (s): cpu = 00:00:26 ; elapsed = 00:00:26 . Memory (MB): peak = 9546.770 ; gain = 430.734 ; free physical = 237220 ; free virtual = 245831
Read PulsedLatchDB: Time (s): cpu = 00:00:00 ; elapsed = 00:00:00 . Memory (MB): peak = 9546.770 ; gain = 0.000 ; free physical = 237220 ; free virtual = 245831
Reading routing.
Read RouteStorage: Time (s): cpu = 00:00:05 ; elapsed = 00:00:05 . Memory (MB): peak = 9839.762 ; gain = 292.992 ; free physical = 236929 ; free virtual = 245540
Read Physdb Files: Time (s): cpu = 00:00:31 ; elapsed = 00:00:32 . Memory (MB): peak = 9839.762 ; gain = 723.727 ; free physical = 236929 ; free virtual = 245540
Restored from archive | CPU: 31.970000 secs | Memory: 1072.450203 MB |
Finished XDEF File Restore: Time (s): cpu = 00:00:32 ; elapsed = 00:00:32 . Memory (MB): peak = 9839.762 ; gain = 723.727 ; free physical = 236929 ; free virtual = 245540
Netlist sorting complete. Time (s): cpu = 00:00:00.13 ; elapsed = 00:00:00.12 . Memory (MB): peak = 9839.762 ; gain = 0.000 ; free physical = 236929 ; free virtual = 245540
INFO: [Project 1-111] Unisim Transformation Summary:
  A total of 4370 instances were transformed.
  DSP48E2 => DSP48E2 (DSP_ALU, DSP_A_B_DATA, DSP_C_DATA, DSP_MULTIPLIER, DSP_M_DATA, DSP_OUTPUT, DSP_PREADD, DSP_PREADD_DATA): 4216 instances
  SRLC32E => SRL16E: 154 instances

INFO: [Project 1-604] Checkpoint was created with Vivado v2025.2 (64-bit) build 6299465
open_checkpoint: Time (s): cpu = 00:04:31 ; elapsed = 00:03:05 . Memory (MB): peak = 9839.797 ; gain = 8294.438 ; free physical = 236931 ; free virtual = 245542
# set include_diagnostics [expr {$finalist_name eq "ssi_spread_high"}]
# set summary [open [file join $reports_dir internal_timing_stages.txt] w]
# report_internal_stage $reports_dir post_place $include_diagnostics $summary
CRITICAL WARNING: [Vivado 12-4439] The number of objects collected by the 'to' option of 'report_timing' is very large: 317195. This may lead to serious performance issues and out-of-memory conditions in handling the results.
Resolution: Further filtering of the command results, or narrowing the scope of the command is recommended.
CRITICAL WARNING: [Vivado 12-4439] The number of objects collected by the 'from' option of 'report_timing' is very large: 317195. This may lead to serious performance issues and out-of-memory conditions in handling the results.
Resolution: Further filtering of the command results, or narrowing the scope of the command is recommended.
INFO: [Timing 38-91] UpdateTimingParams: Speed grade: -1, Temperature grade: E, Delay Type: max.
INFO: [Timing 38-191] Multithreading enabled for timing update using a maximum of 32 CPUs
INFO: [Timing 38-78] ReportTimingParams: -from_pins  -to_pins  -max_paths 100 -nworst 1 -delay_type max -sort_by slack.
report_timing: Time (s): cpu = 00:16:44 ; elapsed = 00:04:51 . Memory (MB): peak = 12857.574 ; gain = 3017.777 ; free physical = 233933 ; free virtual = 242545
CRITICAL WARNING: [Vivado 12-4439] The number of objects collected by the 'to' option of 'report_timing' is very large: 317195. This may lead to serious performance issues and out-of-memory conditions in handling the results.
Resolution: Further filtering of the command results, or narrowing the scope of the command is recommended.
CRITICAL WARNING: [Vivado 12-4439] The number of objects collected by the 'from' option of 'report_timing' is very large: 317195. This may lead to serious performance issues and out-of-memory conditions in handling the results.
Resolution: Further filtering of the command results, or narrowing the scope of the command is recommended.
INFO: [Timing 38-91] UpdateTimingParams: Speed grade: -1, Temperature grade: E, Delay Type: min.
INFO: [Timing 38-191] Multithreading enabled for timing update using a maximum of 32 CPUs
INFO: [Timing 38-78] ReportTimingParams: -from_pins  -to_pins  -max_paths 100 -nworst 1 -delay_type min -sort_by slack.
report_timing: Time (s): cpu = 00:05:54 ; elapsed = 00:00:35 . Memory (MB): peak = 13040.574 ; gain = 183.000 ; free physical = 233740 ; free virtual = 242351
post_place_INTERNAL_SETUP_WNS_NS=-1.264
post_place_INTERNAL_HOLD_WNS_NS=-0.194
# phys_opt_design
Command: phys_opt_design
Attempting to get a license for feature 'Implementation' and/or device 'xcvu13p'
INFO: [Common 17-349] Got license for feature 'Implementation' and/or device 'xcvu13p'
INFO: [Common 17-1540] The version limit for your license is '2026.02' and has expired for new software. A version limit expiration means that, although you may be able to continue to use the current version of tools or IP with this license, you will not be eligible for new releases.

Starting Initial Update Timing Task

Time (s): cpu = 00:03:30 ; elapsed = 00:00:22 . Memory (MB): peak = 13480.578 ; gain = 0.000 ; free physical = 233309 ; free virtual = 241921
INFO: [Vivado_Tcl 4-1435] PhysOpt_Tcl_Interface Runtime Before Starting Physical Synthesis Task | CPU: 247.51s |  WALL: 59.20s
Netlist sorting complete. Time (s): cpu = 00:00:00.13 ; elapsed = 00:00:00.14 . Memory (MB): peak = 13480.578 ; gain = 0.000 ; free physical = 233309 ; free virtual = 241921

Starting Physical Synthesis Task

Phase 1 Physical Synthesis Initialization
INFO: [Physopt 32-721] Multithreading enabled for phys_opt_design using a maximum of 32 CPUs
INFO: [Physopt 32-619] Estimated Timing Summary | WNS=-2.478 | TNS=-7394.081 |
Phase 1 Physical Synthesis Initialization | Checksum: 138275089

Time (s): cpu = 00:03:28 ; elapsed = 00:01:25 . Memory (MB): peak = 15518.168 ; gain = 2037.590 ; free physical = 231779 ; free virtual = 240391
INFO: [Physopt 32-619] Estimated Timing Summary | WNS=-2.478 | TNS=-7394.081 |

Phase 2 DSP Register Optimization
INFO: [Physopt 32-456] No candidate cells for DSP register optimization found in the design.
INFO: [Physopt 32-775] End 2 Pass. Optimized 0 net or cell. Created 0 new cell, deleted 0 existing cell and moved 0 existing cell
Phase 2 DSP Register Optimization | Checksum: 138275089

Time (s): cpu = 00:04:44 ; elapsed = 00:01:33 . Memory (MB): peak = 15518.168 ; gain = 2037.590 ; free physical = 231779 ; free virtual = 240391

Phase 3 Critical Path Optimization
INFO: [Physopt 32-619] Estimated Timing Summary | WNS=-2.478 | TNS=-7394.081 |
INFO: [Physopt 32-702] Processed net ap_idle_INST_0_i_1_n_0. Optimizations did not improve timing on the net.
INFO: [Physopt 32-81] Processed net ap_enable_reg_pp0_iter14. Replicated 10 times.
INFO: [Physopt 32-735] Processed net ap_enable_reg_pp0_iter14. Optimization improves timing on the net.
INFO: [Physopt 32-619] Estimated Timing Summary | WNS=-2.185 | TNS=-7343.553 |
INFO: [Physopt 32-663] Processed net rounded_550_reg_240818_pp0_iter38_reg[13].  Re-placed instance rounded_550_reg_240818_pp0_iter38_reg_reg[13]
INFO: [Physopt 32-735] Processed net rounded_550_reg_240818_pp0_iter38_reg[13]. Optimization improves timing on the net.
INFO: [Physopt 32-619] Estimated Timing Summary | WNS=-2.176 | TNS=-7343.544 |
INFO: [Physopt 32-702] Processed net rounded_550_reg_240818_pp0_iter38_reg[13]. Optimizations did not improve timing on the net.
INFO: [Physopt 32-702] Processed net rounded_550_reg_240818_pp0_iter38_reg[13]. Optimizations did not improve timing on the net.
INFO: [Physopt 32-619] Estimated Timing Summary | WNS=-2.176 | TNS=-7343.544 |
Netlist sorting complete. Time (s): cpu = 00:00:03 ; elapsed = 00:00:03 . Memory (MB): peak = 15518.168 ; gain = 0.000 ; free physical = 232962 ; free virtual = 241574
Phase 3 Critical Path Optimization | Checksum: 138275089

Time (s): cpu = 00:53:15 ; elapsed = 00:07:44 . Memory (MB): peak = 15518.168 ; gain = 2037.590 ; free physical = 232962 ; free virtual = 241574

Phase 4 Critical Path Optimization
INFO: [Physopt 32-619] Estimated Timing Summary | WNS=-2.176 | TNS=-7343.544 |
INFO: [Physopt 32-702] Processed net rounded_550_reg_240818_pp0_iter38_reg[13]. Optimizations did not improve timing on the net.
INFO: [Physopt 32-702] Processed net rounded_550_reg_240818_pp0_iter38_reg[13]. Optimizations did not improve timing on the net.
INFO: [Physopt 32-619] Estimated Timing Summary | WNS=-2.176 | TNS=-7343.544 |
Netlist sorting complete. Time (s): cpu = 00:00:00.13 ; elapsed = 00:00:00.12 . Memory (MB): peak = 15518.168 ; gain = 0.000 ; free physical = 232966 ; free virtual = 241578
Phase 4 Critical Path Optimization | Checksum: 138275089

Time (s): cpu = 01:00:49 ; elapsed = 00:08:38 . Memory (MB): peak = 15518.168 ; gain = 2037.590 ; free physical = 232966 ; free virtual = 241578
Netlist sorting complete. Time (s): cpu = 00:00:00.13 ; elapsed = 00:00:00.13 . Memory (MB): peak = 15518.168 ; gain = 0.000 ; free physical = 232966 ; free virtual = 241578
Netlist sorting complete. Time (s): cpu = 00:00:00.13 ; elapsed = 00:00:00.13 . Memory (MB): peak = 15518.168 ; gain = 0.000 ; free physical = 232966 ; free virtual = 241579
INFO: [Physopt 32-603] Post Physical Optimization Timing Summary | WNS=-2.176 | TNS=-7343.544 |

Summary of Physical Synthesis Optimizations
============================================


-------------------------------------------------------------------------------------------------------------------------------------------------------------
|  Optimization   |  WNS Gain (ns)  |  TNS Gain (ns)  |  Added Cells  |  Removed Cells  |  Optimized Cells/Nets  |  Dont Touch  |  Iterations  |  Elapsed   |
-------------------------------------------------------------------------------------------------------------------------------------------------------------
|  DSP Register   |          0.000  |          0.000  |            0  |              0  |                     0  |           0  |           1  |  00:00:03  |
|  Critical Path  |          0.302  |         50.537  |           10  |              0  |                     2  |           0  |           2  |  00:07:01  |
|  Total          |          0.302  |         50.537  |           10  |              0  |                     2  |           0  |           3  |  00:07:05  |
-------------------------------------------------------------------------------------------------------------------------------------------------------------


Netlist sorting complete. Time (s): cpu = 00:00:00.13 ; elapsed = 00:00:00.13 . Memory (MB): peak = 15518.168 ; gain = 0.000 ; free physical = 232962 ; free virtual = 241575
Ending Physical Synthesis Task | Checksum: 149e9053a

Time (s): cpu = 01:02:59 ; elapsed = 00:09:00 . Memory (MB): peak = 15518.168 ; gain = 2037.590 ; free physical = 232963 ; free virtual = 241575
INFO: [Common 17-83] Releasing license: Implementation
25 Infos, 0 Warnings, 0 Critical Warnings and 0 Errors encountered.
phys_opt_design completed successfully
phys_opt_design: Time (s): cpu = 01:06:40 ; elapsed = 00:10:02 . Memory (MB): peak = 15518.168 ; gain = 2045.594 ; free physical = 232965 ; free virtual = 241577
# write_checkpoint -force [file join $output_dir post_place_physopt.dcp]
INFO: [Timing 38-480] Writing timing data to binary archive.
Write ShapeDB Complete: Time (s): cpu = 00:00:02 ; elapsed = 00:00:00.36 . Memory (MB): peak = 15518.168 ; gain = 0.000 ; free physical = 232938 ; free virtual = 241575
Wrote PlaceDB: Time (s): cpu = 00:01:10 ; elapsed = 00:00:29 . Memory (MB): peak = 15518.168 ; gain = 0.000 ; free physical = 231858 ; free virtual = 241558
Wrote PulsedLatchDB: Time (s): cpu = 00:00:00 ; elapsed = 00:00:00.01 . Memory (MB): peak = 15518.168 ; gain = 0.000 ; free physical = 231856 ; free virtual = 241556
Writing XDEF routing.
Writing XDEF routing logical nets.
Writing XDEF routing special nets.
Wrote RouteStorage: Time (s): cpu = 00:00:03 ; elapsed = 00:00:03 . Memory (MB): peak = 15518.168 ; gain = 0.000 ; free physical = 231855 ; free virtual = 241557
Wrote Netlist Cache: Time (s): cpu = 00:00:00.95 ; elapsed = 00:00:01 . Memory (MB): peak = 15518.168 ; gain = 0.000 ; free physical = 231744 ; free virtual = 241556
Wrote Device Cache: Time (s): cpu = 00:00:00.01 ; elapsed = 00:00:00.01 . Memory (MB): peak = 15518.168 ; gain = 0.000 ; free physical = 231738 ; free virtual = 241553
Write Physdb Complete: Time (s): cpu = 00:01:14 ; elapsed = 00:00:48 . Memory (MB): peak = 15518.168 ; gain = 0.000 ; free physical = 231741 ; free virtual = 241556
INFO: [Common 17-1381] The checkpoint '/mnt_pool/c3_users/user/pleguina/graphsage_vivado_2024_1_sweep/build/vivado_sweep/route_ssi_spread_sll/post_place_physopt.dcp' has been generated.
write_checkpoint: Time (s): cpu = 00:01:31 ; elapsed = 00:01:09 . Memory (MB): peak = 15518.168 ; gain = 0.000 ; free physical = 232596 ; free virtual = 241431
# report_internal_stage $reports_dir post_place_physopt $include_diagnostics $summary
CRITICAL WARNING: [Vivado 12-4439] The number of objects collected by the 'to' option of 'report_timing' is very large: 317205. This may lead to serious performance issues and out-of-memory conditions in handling the results.
Resolution: Further filtering of the command results, or narrowing the scope of the command is recommended.
CRITICAL WARNING: [Vivado 12-4439] The number of objects collected by the 'from' option of 'report_timing' is very large: 317205. This may lead to serious performance issues and out-of-memory conditions in handling the results.
Resolution: Further filtering of the command results, or narrowing the scope of the command is recommended.
INFO: [Timing 38-78] ReportTimingParams: -from_pins  -to_pins  -max_paths 100 -nworst 1 -delay_type max -sort_by slack.
report_timing: Time (s): cpu = 00:07:47 ; elapsed = 00:00:55 . Memory (MB): peak = 15518.168 ; gain = 0.000 ; free physical = 232413 ; free virtual = 241248
CRITICAL WARNING: [Vivado 12-4439] The number of objects collected by the 'to' option of 'report_timing' is very large: 317205. This may lead to serious performance issues and out-of-memory conditions in handling the results.
Resolution: Further filtering of the command results, or narrowing the scope of the command is recommended.
CRITICAL WARNING: [Vivado 12-4439] The number of objects collected by the 'from' option of 'report_timing' is very large: 317205. This may lead to serious performance issues and out-of-memory conditions in handling the results.
Resolution: Further filtering of the command results, or narrowing the scope of the command is recommended.
INFO: [Timing 38-78] ReportTimingParams: -from_pins  -to_pins  -max_paths 100 -nworst 1 -delay_type min -sort_by slack.
report_timing: Time (s): cpu = 00:05:54 ; elapsed = 00:00:35 . Memory (MB): peak = 15518.168 ; gain = 0.000 ; free physical = 232222 ; free virtual = 241057
post_place_physopt_INTERNAL_SETUP_WNS_NS=-1.264
post_place_physopt_INTERNAL_HOLD_WNS_NS=-0.194
# route_design -directive Default
Command: route_design -directive Default
Attempting to get a license for feature 'Implementation' and/or device 'xcvu13p'
INFO: [Common 17-349] Got license for feature 'Implementation' and/or device 'xcvu13p'
INFO: [Common 17-1540] The version limit for your license is '2026.02' and has expired for new software. A version limit expiration means that, although you may be able to continue to use the current version of tools or IP with this license, you will not be eligible for new releases.
INFO: [DRC 23-27] Running DRC with 32 threads
WARNING: [DRC 23-814] Not all possible (connectivity based) DRCs may have been run because this design is seen as Out of Context.
INFO: [Vivado_Tcl 4-198] DRC finished with 0 Errors
INFO: [Vivado_Tcl 4-199] Please refer to the DRC report (report_drc) for more information.


Starting Routing Task
INFO: [Route 35-270] Using Router directive 'Default'.
INFO: [Route 35-254] Multithreading enabled for route_design using a maximum of 32 CPUs

Phase 1 Build RT Design
Checksum: PlaceDB: 2d0705d3 ConstDB: 0 ShapeSum: 11ea1b63 RouteDB: 3d1ec581
Nodegraph reading from file.  Time (s): cpu = 00:00:01 ; elapsed = 00:00:01 . Memory (MB): peak = 15518.168 ; gain = 0.000 ; free physical = 231754 ; free virtual = 240589
WARNING: [Route 35-198] Port "adj_matrix_6_4[15]" does not have an associated HD.PARTPIN_LOCS, which will prevent the partial routing of the signal "adj_matrix_6_4[15]". Without this partial route, timing analysis to/from this port will not be accurate, and no routing information for this port can be exported.
WARNING: [Route 35-198] Port "adj_matrix_6_4[14]" does not have an associated HD.PARTPIN_LOCS, which will prevent the partial routing of the signal "adj_matrix_6_4[14]". Without this partial route, timing analysis to/from this port will not be accurate, and no routing information for this port can be exported.
WARNING: [Route 35-198] Port "adj_matrix_6_4[13]" does not have an associated HD.PARTPIN_LOCS, which will prevent the partial routing of the signal "adj_matrix_6_4[13]". Without this partial route, timing analysis to/from this port will not be accurate, and no routing information for this port can be exported.
WARNING: [Route 35-198] Port "adj_matrix_6_4[12]" does not have an associated HD.PARTPIN_LOCS, which will prevent the partial routing of the signal "adj_matrix_6_4[12]". Without this partial route, timing analysis to/from this port will not be accurate, and no routing information for this port can be exported.
WARNING: [Route 35-198] Port "adj_matrix_6_4[11]" does not have an associated HD.PARTPIN_LOCS, which will prevent the partial routing of the signal "adj_matrix_6_4[11]". Without this partial route, timing analysis to/from this port will not be accurate, and no routing information for this port can be exported.
WARNING: [Route 35-198] Port "adj_matrix_6_4[10]" does not have an associated HD.PARTPIN_LOCS, which will prevent the partial routing of the signal "adj_matrix_6_4[10]". Without this partial route, timing analysis to/from this port will not be accurate, and no routing information for this port can be exported.
WARNING: [Route 35-198] Port "adj_matrix_6_4[9]" does not have an associated HD.PARTPIN_LOCS, which will prevent the partial routing of the signal "adj_matrix_6_4[9]". Without this partial route, timing analysis to/from this port will not be accurate, and no routing information for this port can be exported.
WARNING: [Route 35-198] Port "adj_matrix_6_4[8]" does not have an associated HD.PARTPIN_LOCS, which will prevent the partial routing of the signal "adj_matrix_6_4[8]". Without this partial route, timing analysis to/from this port will not be accurate, and no routing information for this port can be exported.
WARNING: [Route 35-198] Port "adj_matrix_6_4[7]" does not have an associated HD.PARTPIN_LOCS, which will prevent the partial routing of the signal "adj_matrix_6_4[7]". Without this partial route, timing analysis to/from this port will not be accurate, and no routing information for this port can be exported.
WARNING: [Route 35-198] Port "adj_matrix_6_4[6]" does not have an associated HD.PARTPIN_LOCS, which will prevent the partial routing of the signal "adj_matrix_6_4[6]". Without this partial route, timing analysis to/from this port will not be accurate, and no routing information for this port can be exported.
WARNING: [Route 35-198] Port "adj_matrix_6_4[5]" does not have an associated HD.PARTPIN_LOCS, which will prevent the partial routing of the signal "adj_matrix_6_4[5]". Without this partial route, timing analysis to/from this port will not be accurate, and no routing information for this port can be exported.
WARNING: [Route 35-198] Port "adj_matrix_6_4[4]" does not have an associated HD.PARTPIN_LOCS, which will prevent the partial routing of the signal "adj_matrix_6_4[4]". Without this partial route, timing analysis to/from this port will not be accurate, and no routing information for this port can be exported.
WARNING: [Route 35-198] Port "adj_matrix_6_4[3]" does not have an associated HD.PARTPIN_LOCS, which will prevent the partial routing of the signal "adj_matrix_6_4[3]". Without this partial route, timing analysis to/from this port will not be accurate, and no routing information for this port can be exported.
WARNING: [Route 35-198] Port "adj_matrix_6_4[2]" does not have an associated HD.PARTPIN_LOCS, which will prevent the partial routing of the signal "adj_matrix_6_4[2]". Without this partial route, timing analysis to/from this port will not be accurate, and no routing information for this port can be exported.
WARNING: [Route 35-198] Port "adj_matrix_6_4[1]" does not have an associated HD.PARTPIN_LOCS, which will prevent the partial routing of the signal "adj_matrix_6_4[1]". Without this partial route, timing analysis to/from this port will not be accurate, and no routing information for this port can be exported.
WARNING: [Route 35-198] Port "adj_matrix_6_4[0]" does not have an associated HD.PARTPIN_LOCS, which will prevent the partial routing of the signal "adj_matrix_6_4[0]". Without this partial route, timing analysis to/from this port will not be accurate, and no routing information for this port can be exported.
WARNING: [Route 35-198] Port "input_4_4[7]" does not have an associated HD.PARTPIN_LOCS, which will prevent the partial routing of the signal "input_4_4[7]". Without this partial route, timing analysis to/from this port will not be accurate, and no routing information for this port can be exported.
WARNING: [Route 35-198] Port "input_4_4[6]" does not have an associated HD.PARTPIN_LOCS, which will prevent the partial routing of the signal "input_4_4[6]". Without this partial route, timing analysis to/from this port will not be accurate, and no routing information for this port can be exported.
WARNING: [Route 35-198] Port "input_4_4[5]" does not have an associated HD.PARTPIN_LOCS, which will prevent the partial routing of the signal "input_4_4[5]". Without this partial route, timing analysis to/from this port will not be accurate, and no routing information for this port can be exported.
WARNING: [Route 35-198] Port "input_4_4[4]" does not have an associated HD.PARTPIN_LOCS, which will prevent the partial routing of the signal "input_4_4[4]". Without this partial route, timing analysis to/from this port will not be accurate, and no routing information for this port can be exported.
WARNING: [Route 35-198] Port "input_4_4[3]" does not have an associated HD.PARTPIN_LOCS, which will prevent the partial routing of the signal "input_4_4[3]". Without this partial route, timing analysis to/from this port will not be accurate, and no routing information for this port can be exported.
WARNING: [Route 35-198] Port "input_4_4[2]" does not have an associated HD.PARTPIN_LOCS, which will prevent the partial routing of the signal "input_4_4[2]". Without this partial route, timing analysis to/from this port will not be accurate, and no routing information for this port can be exported.
WARNING: [Route 35-198] Port "input_4_4[1]" does not have an associated HD.PARTPIN_LOCS, which will prevent the partial routing of the signal "input_4_4[1]". Without this partial route, timing analysis to/from this port will not be accurate, and no routing information for this port can be exported.
WARNING: [Route 35-198] Port "input_4_4[0]" does not have an associated HD.PARTPIN_LOCS, which will prevent the partial routing of the signal "input_4_4[0]". Without this partial route, timing analysis to/from this port will not be accurate, and no routing information for this port can be exported.
WARNING: [Route 35-198] Port "adj_matrix_6_5[15]" does not have an associated HD.PARTPIN_LOCS, which will prevent the partial routing of the signal "adj_matrix_6_5[15]". Without this partial route, timing analysis to/from this port will not be accurate, and no routing information for this port can be exported.
WARNING: [Route 35-198] Port "adj_matrix_6_5[14]" does not have an associated HD.PARTPIN_LOCS, which will prevent the partial routing of the signal "adj_matrix_6_5[14]". Without this partial route, timing analysis to/from this port will not be accurate, and no routing information for this port can be exported.
WARNING: [Route 35-198] Port "adj_matrix_6_5[13]" does not have an associated HD.PARTPIN_LOCS, which will prevent the partial routing of the signal "adj_matrix_6_5[13]". Without this partial route, timing analysis to/from this port will not be accurate, and no routing information for this port can be exported.
WARNING: [Route 35-198] Port "adj_matrix_6_5[12]" does not have an associated HD.PARTPIN_LOCS, which will prevent the partial routing of the signal "adj_matrix_6_5[12]". Without this partial route, timing analysis to/from this port will not be accurate, and no routing information for this port can be exported.
WARNING: [Route 35-198] Port "adj_matrix_6_5[11]" does not have an associated HD.PARTPIN_LOCS, which will prevent the partial routing of the signal "adj_matrix_6_5[11]". Without this partial route, timing analysis to/from this port will not be accurate, and no routing information for this port can be exported.
WARNING: [Route 35-198] Port "adj_matrix_6_5[10]" does not have an associated HD.PARTPIN_LOCS, which will prevent the partial routing of the signal "adj_matrix_6_5[10]". Without this partial route, timing analysis to/from this port will not be accurate, and no routing information for this port can be exported.
WARNING: [Route 35-198] Port "adj_matrix_6_5[9]" does not have an associated HD.PARTPIN_LOCS, which will prevent the partial routing of the signal "adj_matrix_6_5[9]". Without this partial route, timing analysis to/from this port will not be accurate, and no routing information for this port can be exported.
WARNING: [Route 35-198] Port "adj_matrix_6_5[8]" does not have an associated HD.PARTPIN_LOCS, which will prevent the partial routing of the signal "adj_matrix_6_5[8]". Without this partial route, timing analysis to/from this port will not be accurate, and no routing information for this port can be exported.
WARNING: [Route 35-198] Port "adj_matrix_6_5[7]" does not have an associated HD.PARTPIN_LOCS, which will prevent the partial routing of the signal "adj_matrix_6_5[7]". Without this partial route, timing analysis to/from this port will not be accurate, and no routing information for this port can be exported.
WARNING: [Route 35-198] Port "adj_matrix_6_5[6]" does not have an associated HD.PARTPIN_LOCS, which will prevent the partial routing of the signal "adj_matrix_6_5[6]". Without this partial route, timing analysis to/from this port will not be accurate, and no routing information for this port can be exported.
WARNING: [Route 35-198] Port "adj_matrix_6_5[5]" does not have an associated HD.PARTPIN_LOCS, which will prevent the partial routing of the signal "adj_matrix_6_5[5]". Without this partial route, timing analysis to/from this port will not be accurate, and no routing information for this port can be exported.
WARNING: [Route 35-198] Port "adj_matrix_6_5[4]" does not have an associated HD.PARTPIN_LOCS, which will prevent the partial routing of the signal "adj_matrix_6_5[4]". Without this partial route, timing analysis to/from this port will not be accurate, and no routing information for this port can be exported.
WARNING: [Route 35-198] Port "adj_matrix_6_5[3]" does not have an associated HD.PARTPIN_LOCS, which will prevent the partial routing of the signal "adj_matrix_6_5[3]". Without this partial route, timing analysis to/from this port will not be accurate, and no routing information for this port can be exported.
WARNING: [Route 35-198] Port "adj_matrix_6_5[2]" does not have an associated HD.PARTPIN_LOCS, which will prevent the partial routing of the signal "adj_matrix_6_5[2]". Without this partial route, timing analysis to/from this port will not be accurate, and no routing information for this port can be exported.
WARNING: [Route 35-198] Port "adj_matrix_6_5[1]" does not have an associated HD.PARTPIN_LOCS, which will prevent the partial routing of the signal "adj_matrix_6_5[1]". Without this partial route, timing analysis to/from this port will not be accurate, and no routing information for this port can be exported.
WARNING: [Route 35-198] Port "adj_matrix_6_5[0]" does not have an associated HD.PARTPIN_LOCS, which will prevent the partial routing of the signal "adj_matrix_6_5[0]". Without this partial route, timing analysis to/from this port will not be accurate, and no routing information for this port can be exported.
WARNING: [Route 35-198] Port "input_5_4[7]" does not have an associated HD.PARTPIN_LOCS, which will prevent the partial routing of the signal "input_5_4[7]". Without this partial route, timing analysis to/from this port will not be accurate, and no routing information for this port can be exported.
WARNING: [Route 35-198] Port "input_5_4[6]" does not have an associated HD.PARTPIN_LOCS, which will prevent the partial routing of the signal "input_5_4[6]". Without this partial route, timing analysis to/from this port will not be accurate, and no routing information for this port can be exported.
WARNING: [Route 35-198] Port "input_5_4[5]" does not have an associated HD.PARTPIN_LOCS, which will prevent the partial routing of the signal "input_5_4[5]". Without this partial route, timing analysis to/from this port will not be accurate, and no routing information for this port can be exported.
WARNING: [Route 35-198] Port "input_5_4[4]" does not have an associated HD.PARTPIN_LOCS, which will prevent the partial routing of the signal "input_5_4[4]". Without this partial route, timing analysis to/from this port will not be accurate, and no routing information for this port can be exported.
WARNING: [Route 35-198] Port "input_5_4[3]" does not have an associated HD.PARTPIN_LOCS, which will prevent the partial routing of the signal "input_5_4[3]". Without this partial route, timing analysis to/from this port will not be accurate, and no routing information for this port can be exported.
WARNING: [Route 35-198] Port "input_5_4[2]" does not have an associated HD.PARTPIN_LOCS, which will prevent the partial routing of the signal "input_5_4[2]". Without this partial route, timing analysis to/from this port will not be accurate, and no routing information for this port can be exported.
WARNING: [Route 35-198] Port "input_5_4[1]" does not have an associated HD.PARTPIN_LOCS, which will prevent the partial routing of the signal "input_5_4[1]". Without this partial route, timing analysis to/from this port will not be accurate, and no routing information for this port can be exported.
WARNING: [Route 35-198] Port "input_5_4[0]" does not have an associated HD.PARTPIN_LOCS, which will prevent the partial routing of the signal "input_5_4[0]". Without this partial route, timing analysis to/from this port will not be accurate, and no routing information for this port can be exported.
WARNING: [Route 35-198] Port "adj_matrix_4_6[15]" does not have an associated HD.PARTPIN_LOCS, which will prevent the partial routing of the signal "adj_matrix_4_6[15]". Without this partial route, timing analysis to/from this port will not be accurate, and no routing information for this port can be exported.
WARNING: [Route 35-198] Port "adj_matrix_4_6[14]" does not have an associated HD.PARTPIN_LOCS, which will prevent the partial routing of the signal "adj_matrix_4_6[14]". Without this partial route, timing analysis to/from this port will not be accurate, and no routing information for this port can be exported.
WARNING: [Route 35-198] Port "adj_matrix_4_6[13]" does not have an associated HD.PARTPIN_LOCS, which will prevent the partial routing of the signal "adj_matrix_4_6[13]". Without this partial route, timing analysis to/from this port will not be accurate, and no routing information for this port can be exported.
WARNING: [Route 35-198] Port "adj_matrix_4_6[12]" does not have an associated HD.PARTPIN_LOCS, which will prevent the partial routing of the signal "adj_matrix_4_6[12]". Without this partial route, timing analysis to/from this port will not be accurate, and no routing information for this port can be exported.
WARNING: [Route 35-198] Port "adj_matrix_4_6[11]" does not have an associated HD.PARTPIN_LOCS, which will prevent the partial routing of the signal "adj_matrix_4_6[11]". Without this partial route, timing analysis to/from this port will not be accurate, and no routing information for this port can be exported.
WARNING: [Route 35-198] Port "adj_matrix_4_6[10]" does not have an associated HD.PARTPIN_LOCS, which will prevent the partial routing of the signal "adj_matrix_4_6[10]". Without this partial route, timing analysis to/from this port will not be accurate, and no routing information for this port can be exported.
WARNING: [Route 35-198] Port "adj_matrix_4_6[9]" does not have an associated HD.PARTPIN_LOCS, which will prevent the partial routing of the signal "adj_matrix_4_6[9]". Without this partial route, timing analysis to/from this port will not be accurate, and no routing information for this port can be exported.
WARNING: [Route 35-198] Port "adj_matrix_4_6[8]" does not have an associated HD.PARTPIN_LOCS, which will prevent the partial routing of the signal "adj_matrix_4_6[8]". Without this partial route, timing analysis to/from this port will not be accurate, and no routing information for this port can be exported.
WARNING: [Route 35-198] Port "adj_matrix_4_6[7]" does not have an associated HD.PARTPIN_LOCS, which will prevent the partial routing of the signal "adj_matrix_4_6[7]". Without this partial route, timing analysis to/from this port will not be accurate, and no routing information for this port can be exported.
WARNING: [Route 35-198] Port "adj_matrix_4_6[6]" does not have an associated HD.PARTPIN_LOCS, which will prevent the partial routing of the signal "adj_matrix_4_6[6]". Without this partial route, timing analysis to/from this port will not be accurate, and no routing information for this port can be exported.
WARNING: [Route 35-198] Port "adj_matrix_4_6[5]" does not have an associated HD.PARTPIN_LOCS, which will prevent the partial routing of the signal "adj_matrix_4_6[5]". Without this partial route, timing analysis to/from this port will not be accurate, and no routing information for this port can be exported.
WARNING: [Route 35-198] Port "adj_matrix_4_6[4]" does not have an associated HD.PARTPIN_LOCS, which will prevent the partial routing of the signal "adj_matrix_4_6[4]". Without this partial route, timing analysis to/from this port will not be accurate, and no routing information for this port can be exported.
WARNING: [Route 35-198] Port "adj_matrix_4_6[3]" does not have an associated HD.PARTPIN_LOCS, which will prevent the partial routing of the signal "adj_matrix_4_6[3]". Without this partial route, timing analysis to/from this port will not be accurate, and no routing information for this port can be exported.
WARNING: [Route 35-198] Port "adj_matrix_4_6[2]" does not have an associated HD.PARTPIN_LOCS, which will prevent the partial routing of the signal "adj_matrix_4_6[2]". Without this partial route, timing analysis to/from this port will not be accurate, and no routing information for this port can be exported.
WARNING: [Route 35-198] Port "adj_matrix_4_6[1]" does not have an associated HD.PARTPIN_LOCS, which will prevent the partial routing of the signal "adj_matrix_4_6[1]". Without this partial route, timing analysis to/from this port will not be accurate, and no routing information for this port can be exported.
WARNING: [Route 35-198] Port "adj_matrix_4_6[0]" does not have an associated HD.PARTPIN_LOCS, which will prevent the partial routing of the signal "adj_matrix_4_6[0]". Without this partial route, timing analysis to/from this port will not be accurate, and no routing information for this port can be exported.
WARNING: [Route 35-198] Port "input_6_4[7]" does not have an associated HD.PARTPIN_LOCS, which will prevent the partial routing of the signal "input_6_4[7]". Without this partial route, timing analysis to/from this port will not be accurate, and no routing information for this port can be exported.
WARNING: [Route 35-198] Port "input_6_4[6]" does not have an associated HD.PARTPIN_LOCS, which will prevent the partial routing of the signal "input_6_4[6]". Without this partial route, timing analysis to/from this port will not be accurate, and no routing information for this port can be exported.
WARNING: [Route 35-198] Port "input_6_4[5]" does not have an associated HD.PARTPIN_LOCS, which will prevent the partial routing of the signal "input_6_4[5]". Without this partial route, timing analysis to/from this port will not be accurate, and no routing information for this port can be exported.
WARNING: [Route 35-198] Port "input_6_4[4]" does not have an associated HD.PARTPIN_LOCS, which will prevent the partial routing of the signal "input_6_4[4]". Without this partial route, timing analysis to/from this port will not be accurate, and no routing information for this port can be exported.
WARNING: [Route 35-198] Port "input_6_4[3]" does not have an associated HD.PARTPIN_LOCS, which will prevent the partial routing of the signal "input_6_4[3]". Without this partial route, timing analysis to/from this port will not be accurate, and no routing information for this port can be exported.
WARNING: [Route 35-198] Port "input_6_4[2]" does not have an associated HD.PARTPIN_LOCS, which will prevent the partial routing of the signal "input_6_4[2]". Without this partial route, timing analysis to/from this port will not be accurate, and no routing information for this port can be exported.
WARNING: [Route 35-198] Port "input_6_4[1]" does not have an associated HD.PARTPIN_LOCS, which will prevent the partial routing of the signal "input_6_4[1]". Without this partial route, timing analysis to/from this port will not be accurate, and no routing information for this port can be exported.
WARNING: [Route 35-198] Port "input_6_4[0]" does not have an associated HD.PARTPIN_LOCS, which will prevent the partial routing of the signal "input_6_4[0]". Without this partial route, timing analysis to/from this port will not be accurate, and no routing information for this port can be exported.
WARNING: [Route 35-198] Port "adj_matrix_4_7[15]" does not have an associated HD.PARTPIN_LOCS, which will prevent the partial routing of the signal "adj_matrix_4_7[15]". Without this partial route, timing analysis to/from this port will not be accurate, and no routing information for this port can be exported.
WARNING: [Route 35-198] Port "adj_matrix_4_7[14]" does not have an associated HD.PARTPIN_LOCS, which will prevent the partial routing of the signal "adj_matrix_4_7[14]". Without this partial route, timing analysis to/from this port will not be accurate, and no routing information for this port can be exported.
WARNING: [Route 35-198] Port "adj_matrix_4_7[13]" does not have an associated HD.PARTPIN_LOCS, which will prevent the partial routing of the signal "adj_matrix_4_7[13]". Without this partial route, timing analysis to/from this port will not be accurate, and no routing information for this port can be exported.
WARNING: [Route 35-198] Port "adj_matrix_4_7[12]" does not have an associated HD.PARTPIN_LOCS, which will prevent the partial routing of the signal "adj_matrix_4_7[12]". Without this partial route, timing analysis to/from this port will not be accurate, and no routing information for this port can be exported.
WARNING: [Route 35-198] Port "adj_matrix_4_7[11]" does not have an associated HD.PARTPIN_LOCS, which will prevent the partial routing of the signal "adj_matrix_4_7[11]". Without this partial route, timing analysis to/from this port will not be accurate, and no routing information for this port can be exported.
WARNING: [Route 35-198] Port "adj_matrix_4_7[10]" does not have an associated HD.PARTPIN_LOCS, which will prevent the partial routing of the signal "adj_matrix_4_7[10]". Without this partial route, timing analysis to/from this port will not be accurate, and no routing information for this port can be exported.
WARNING: [Route 35-198] Port "adj_matrix_4_7[9]" does not have an associated HD.PARTPIN_LOCS, which will prevent the partial routing of the signal "adj_matrix_4_7[9]". Without this partial route, timing analysis to/from this port will not be accurate, and no routing information for this port can be exported.
WARNING: [Route 35-198] Port "adj_matrix_4_7[8]" does not have an associated HD.PARTPIN_LOCS, which will prevent the partial routing of the signal "adj_matrix_4_7[8]". Without this partial route, timing analysis to/from this port will not be accurate, and no routing information for this port can be exported.
WARNING: [Route 35-198] Port "adj_matrix_4_7[7]" does not have an associated HD.PARTPIN_LOCS, which will prevent the partial routing of the signal "adj_matrix_4_7[7]". Without this partial route, timing analysis to/from this port will not be accurate, and no routing information for this port can be exported.
WARNING: [Route 35-198] Port "adj_matrix_4_7[6]" does not have an associated HD.PARTPIN_LOCS, which will prevent the partial routing of the signal "adj_matrix_4_7[6]". Without this partial route, timing analysis to/from this port will not be accurate, and no routing information for this port can be exported.
WARNING: [Route 35-198] Port "adj_matrix_4_7[5]" does not have an associated HD.PARTPIN_LOCS, which will prevent the partial routing of the signal "adj_matrix_4_7[5]". Without this partial route, timing analysis to/from this port will not be accurate, and no routing information for this port can be exported.
WARNING: [Route 35-198] Port "adj_matrix_4_7[4]" does not have an associated HD.PARTPIN_LOCS, which will prevent the partial routing of the signal "adj_matrix_4_7[4]". Without this partial route, timing analysis to/from this port will not be accurate, and no routing information for this port can be exported.
WARNING: [Route 35-198] Port "adj_matrix_4_7[3]" does not have an associated HD.PARTPIN_LOCS, which will prevent the partial routing of the signal "adj_matrix_4_7[3]". Without this partial route, timing analysis to/from this port will not be accurate, and no routing information for this port can be exported.
WARNING: [Route 35-198] Port "adj_matrix_4_7[2]" does not have an associated HD.PARTPIN_LOCS, which will prevent the partial routing of the signal "adj_matrix_4_7[2]". Without this partial route, timing analysis to/from this port will not be accurate, and no routing information for this port can be exported.
WARNING: [Route 35-198] Port "adj_matrix_4_7[1]" does not have an associated HD.PARTPIN_LOCS, which will prevent the partial routing of the signal "adj_matrix_4_7[1]". Without this partial route, timing analysis to/from this port will not be accurate, and no routing information for this port can be exported.
WARNING: [Route 35-198] Port "adj_matrix_4_7[0]" does not have an associated HD.PARTPIN_LOCS, which will prevent the partial routing of the signal "adj_matrix_4_7[0]". Without this partial route, timing analysis to/from this port will not be accurate, and no routing information for this port can be exported.
WARNING: [Route 35-198] Port "input_7_4[7]" does not have an associated HD.PARTPIN_LOCS, which will prevent the partial routing of the signal "input_7_4[7]". Without this partial route, timing analysis to/from this port will not be accurate, and no routing information for this port can be exported.
WARNING: [Route 35-198] Port "input_7_4[6]" does not have an associated HD.PARTPIN_LOCS, which will prevent the partial routing of the signal "input_7_4[6]". Without this partial route, timing analysis to/from this port will not be accurate, and no routing information for this port can be exported.
WARNING: [Route 35-198] Port "input_7_4[5]" does not have an associated HD.PARTPIN_LOCS, which will prevent the partial routing of the signal "input_7_4[5]". Without this partial route, timing analysis to/from this port will not be accurate, and no routing information for this port can be exported.
WARNING: [Route 35-198] Port "input_7_4[4]" does not have an associated HD.PARTPIN_LOCS, which will prevent the partial routing of the signal "input_7_4[4]". Without this partial route, timing analysis to/from this port will not be accurate, and no routing information for this port can be exported.
WARNING: [Route 35-198] Port "input_7_4[3]" does not have an associated HD.PARTPIN_LOCS, which will prevent the partial routing of the signal "input_7_4[3]". Without this partial route, timing analysis to/from this port will not be accurate, and no routing information for this port can be exported.
WARNING: [Route 35-198] Port "input_7_4[2]" does not have an associated HD.PARTPIN_LOCS, which will prevent the partial routing of the signal "input_7_4[2]". Without this partial route, timing analysis to/from this port will not be accurate, and no routing information for this port can be exported.
WARNING: [Route 35-198] Port "input_7_4[1]" does not have an associated HD.PARTPIN_LOCS, which will prevent the partial routing of the signal "input_7_4[1]". Without this partial route, timing analysis to/from this port will not be accurate, and no routing information for this port can be exported.
WARNING: [Route 35-198] Port "input_7_4[0]" does not have an associated HD.PARTPIN_LOCS, which will prevent the partial routing of the signal "input_7_4[0]". Without this partial route, timing analysis to/from this port will not be accurate, and no routing information for this port can be exported.
WARNING: [Route 35-198] Port "adj_matrix_4_0[15]" does not have an associated HD.PARTPIN_LOCS, which will prevent the partial routing of the signal "adj_matrix_4_0[15]". Without this partial route, timing analysis to/from this port will not be accurate, and no routing information for this port can be exported.
WARNING: [Route 35-198] Port "adj_matrix_4_0[14]" does not have an associated HD.PARTPIN_LOCS, which will prevent the partial routing of the signal "adj_matrix_4_0[14]". Without this partial route, timing analysis to/from this port will not be accurate, and no routing information for this port can be exported.
WARNING: [Route 35-198] Port "adj_matrix_4_0[13]" does not have an associated HD.PARTPIN_LOCS, which will prevent the partial routing of the signal "adj_matrix_4_0[13]". Without this partial route, timing analysis to/from this port will not be accurate, and no routing information for this port can be exported.
WARNING: [Route 35-198] Port "adj_matrix_4_0[12]" does not have an associated HD.PARTPIN_LOCS, which will prevent the partial routing of the signal "adj_matrix_4_0[12]". Without this partial route, timing analysis to/from this port will not be accurate, and no routing information for this port can be exported.
INFO: [Common 17-14] Message 'Route 35-198' appears 100 times and further instances of the messages will be disabled. Use the Tcl command set_msg_config to change the current settings.
Post Restoration Checksum: NetGraph: b4c31272 | NumContArr: 102e0d7b | Constraints: 2b752318 | Timing: c2a8fa9d
Phase 1 Build RT Design | Checksum: 1b30f3da2

Time (s): cpu = 00:07:07 ; elapsed = 00:00:38 . Memory (MB): peak = 15632.719 ; gain = 114.551 ; free physical = 231187 ; free virtual = 240023

Phase 2 Router Initialization

Phase 2.1 Fix Topology Constraints
Phase 2.1 Fix Topology Constraints | Checksum: 1b30f3da2

Time (s): cpu = 00:07:15 ; elapsed = 00:00:39 . Memory (MB): peak = 15640.719 ; gain = 122.551 ; free physical = 231171 ; free virtual = 240007

Phase 2.2 Pre Route Cleanup
Phase 2.2 Pre Route Cleanup | Checksum: 1b30f3da2

Time (s): cpu = 00:07:20 ; elapsed = 00:00:40 . Memory (MB): peak = 15640.719 ; gain = 122.551 ; free physical = 231171 ; free virtual = 240007

Phase 2.3 Global Clock Net Routing
 Number of Nodes with overlaps = 0
Phase 2.3 Global Clock Net Routing | Checksum: 1d02d2dba

Time (s): cpu = 00:08:08 ; elapsed = 00:00:48 . Memory (MB): peak = 17887.211 ; gain = 2369.043 ; free physical = 228927 ; free virtual = 237763

Phase 2.4 Update Timing
Phase 2.4 Update Timing | Checksum: 16c48a934

Time (s): cpu = 00:17:33 ; elapsed = 00:04:57 . Memory (MB): peak = 17887.211 ; gain = 2369.043 ; free physical = 228955 ; free virtual = 237791
INFO: [Route 35-416] Intermediate Timing Summary | WNS=-2.160 | TNS=-5871.815| WHS=-2.217 | THS=-107979.550|


Phase 2.5 Soft Constraint Pins - Fast Budgeting
Phase 2.5 Soft Constraint Pins - Fast Budgeting | Checksum: 1877f984b

Time (s): cpu = 00:27:42 ; elapsed = 00:05:54 . Memory (MB): peak = 17887.211 ; gain = 2369.043 ; free physical = 229029 ; free virtual = 237865

Router Utilization Summary
  Global Vertical Routing Utilization    = 0 %
  Global Horizontal Routing Utilization  = 0 %
  Routable Net Status*
  *Does not include unroutable nets such as driverless and loadless.
  Run report_route_status for detailed report.
  Number of Failed Nets               = 531263
    (Failed Nets is the sum of unrouted and partially routed nets)
  Number of Unrouted Nets             = 462490
  Number of Partially Routed Nets     = 68773
  Number of Node Overlaps             = 0

Phase 2 Router Initialization | Checksum: 141bdfa65

Time (s): cpu = 00:28:27 ; elapsed = 00:06:01 . Memory (MB): peak = 18772.125 ; gain = 3253.957 ; free physical = 228072 ; free virtual = 236908

Phase 3 Global Routing

Phase 3.1 SLL Assignment
Number SLLs per Column: 1440
Estimated SLL Demand Per Column: 
  SLR [2-3]        0 (  0%)     0 (  0%)     0 (  0%)     0 (  0%)     0 (  0%)     0 (  0%)     0 (  0%)     0 (  0%)     0 (  0%)     0 (  0%)     0 (  0%)     0 (  0%)     0 (  0%)     0 (  0%)     0 (  0%)     0 (  0%)  Demand:     0 Available: 23040 Utilization(%): 0.00
  SLR [1-2]        0 (  0%)     0 (  0%)     0 (  0%)     0 (  0%)     0 (  0%)     0 (  0%)     0 (  0%)     0 (  0%)     0 (  0%)     0 (  0%)     0 (  0%)     0 (  0%)     0 (  0%)     0 (  0%)     0 (  0%)     0 (  0%)  Demand:     0 Available: 23040 Utilization(%): 0.00
  SLR [0-1]        0 (  0%)     0 (  0%)     0 (  0%)     0 (  0%)     0 (  0%)     0 (  0%)   150 ( 10%)   372 ( 26%)   959 ( 67%)  1140 ( 79%)   639 ( 44%)  1367 ( 95%)   705 ( 49%)  1582 (110%)  1154 ( 80%)   433 ( 30%)  Demand:  8501 Available: 23040 Utilization(%): 36.90
Phase 3.1 SLL Assignment | Checksum: 26c78d6c7

Time (s): cpu = 00:28:39 ; elapsed = 00:06:11 . Memory (MB): peak = 18772.125 ; gain = 3253.957 ; free physical = 228073 ; free virtual = 236909
Phase 3 Global Routing | Checksum: 26c78d6c7

Time (s): cpu = 00:28:41 ; elapsed = 00:06:11 . Memory (MB): peak = 18772.125 ; gain = 3253.957 ; free physical = 228073 ; free virtual = 236909

Phase 4 Initial Routing

Phase 4.1 Initial Net Routing Pass
Phase 4.1 Initial Net Routing Pass | Checksum: fe562581

Time (s): cpu = 00:31:55 ; elapsed = 00:07:23 . Memory (MB): peak = 18772.125 ; gain = 3253.957 ; free physical = 228059 ; free virtual = 236895
Phase 4 Initial Routing | Checksum: 1c419983b

Time (s): cpu = 00:32:13 ; elapsed = 00:07:25 . Memory (MB): peak = 18772.125 ; gain = 3253.957 ; free physical = 228059 ; free virtual = 236895

INFO: [Route 35-449] Initial Estimated Congestion
 ________________________________________________________________________
|           | Global Congestion | Long Congestion   | Short Congestion  |
|           |___________________|___________________|___________________|
| Direction | Size   | % Tiles  | Size   | % Tiles  | Size   | % Tiles  |
|___________|________|__________|________|__________|________|__________|
|      NORTH|     2x2|      0.07|     8x8|      0.91|     2x2|      0.02|
|___________|________|__________|________|__________|________|__________|
|      SOUTH|   16x16|      0.77| 128x128|      4.46|     2x2|      0.06|
|___________|________|__________|________|__________|________|__________|
|       EAST|     2x2|      0.04|     4x4|      0.46|     2x2|      0.05|
|___________|________|__________|________|__________|________|__________|
|       WEST|     2x2|      0.09|     8x8|      1.26|     2x2|      0.05|
|___________|________|__________|________|__________|________|__________|
Congestion Report
GLOBAL Congestion bounded by tiles (Lower Left Tile -> Upper Right Tile):
SOUTH
	INT_X96Y280->INT_X107Y319 (CLEM_X96Y280->CLEL_R_X107Y319)
	INT_X76Y300->INT_X79Y303 (BRAM_X76Y300->CLEL_R_X79Y303)
	INT_X88Y300->INT_X91Y303 (CLEM_X88Y300->CLEL_R_X91Y303)
	INT_X96Y300->INT_X99Y303 (CLEM_X96Y300->CLEL_R_X99Y303)
	INT_X104Y300->INT_X107Y303 (CLEM_X104Y300->CLEL_R_X107Y303)
LONG Congestion bounded by tiles (Lower Left Tile -> Upper Right Tile):
SOUTH
	INT_X64Y253->INT_X127Y380 (CLEM_X64Y253->CLEL_R_X127Y380)
	INT_X64Y256->INT_X127Y319 (CLEM_X64Y256->CLEL_R_X127Y319)
	INT_X64Y255->INT_X127Y318 (CLEM_X64Y255->CLEL_R_X127Y318)
	INT_X64Y254->INT_X127Y317 (CLEM_X64Y254->CLEL_R_X127Y317)
	INT_X64Y253->INT_X127Y316 (CLEM_X64Y253->CLEL_R_X127Y316)

INFO: [Route 35-581] Estimated Timing congestion is level 7 (128x128). Congestion levels of 5 and greater may impact timing closure.
There are 55368 pins with tight setup and hold constraints. tight_setup_hold_pins.txt will contain only 10000 of them.
INFO: [Route 35-580] Design has 55368 pins with tight setup and hold constraints.

The top 5 pins with tight setup and hold constraints:

+====================+===================+=========================================================+
| Launch Setup Clock | Launch Hold Clock | Pin                                                     |
+====================+===================+=========================================================+
| ap_clk             | ap_clk            | mul_16s_8s_24_4_1_U359/buff1_reg/DSP_A_B_DATA_INST/B[4] |
| ap_clk             | ap_clk            | mul_16s_8s_24_4_1_U361/buff1_reg/DSP_A_B_DATA_INST/B[4] |
| ap_clk             | ap_clk            | mul_16s_8s_24_4_1_U362/buff1_reg/DSP_A_B_DATA_INST/B[4] |
| ap_clk             | ap_clk            | mul_16s_8s_24_4_1_U753/buff1_reg/DSP_A_B_DATA_INST/B[4] |
| ap_clk             | ap_clk            | mul_16s_8s_24_4_1_U360/buff1_reg/DSP_A_B_DATA_INST/B[4] |
+--------------------+-------------------+---------------------------------------------------------+

File with complete list of pins: tight_setup_hold_pins.txt


Phase 5 Rip-up And Reroute

Phase 5.1 Global Iteration 0
 Number of Nodes with overlaps = 67992
 Number of Nodes with overlaps = 4561
 Number of Nodes with overlaps = 307
 Number of Nodes with overlaps = 32
 Number of Nodes with overlaps = 7
 Number of Nodes with overlaps = 1
 Number of Nodes with overlaps = 1
 Number of Nodes with overlaps = 0
INFO: [Route 35-416] Intermediate Timing Summary | WNS=-2.247 | TNS=-62982.700| WHS=-3.665 | THS=-180098.500|

Phase 5.1 Global Iteration 0 | Checksum: 13cd6958c

Time (s): cpu = 00:59:18 ; elapsed = 00:16:27 . Memory (MB): peak = 18772.125 ; gain = 3253.957 ; free physical = 228059 ; free virtual = 236895

Phase 5.2 Global Iteration 1
 Number of Nodes with overlaps = 232
 Number of Nodes with overlaps = 74
 Number of Nodes with overlaps = 14
 Number of Nodes with overlaps = 3
 Number of Nodes with overlaps = 1
 Number of Nodes with overlaps = 0
INFO: [Route 35-416] Intermediate Timing Summary | WNS=-2.286 | TNS=-62718.741| WHS=N/A    | THS=N/A    |

Phase 5.2 Global Iteration 1 | Checksum: 15d5853d2

Time (s): cpu = 01:03:21 ; elapsed = 00:17:46 . Memory (MB): peak = 18772.125 ; gain = 3253.957 ; free physical = 228055 ; free virtual = 236891

Phase 5.3 Global Iteration 2
 Number of Nodes with overlaps = 88
 Number of Nodes with overlaps = 2
 Number of Nodes with overlaps = 0
INFO: [Route 35-416] Intermediate Timing Summary | WNS=-2.286 | TNS=-62398.568| WHS=N/A    | THS=N/A    |

Phase 5.3 Global Iteration 2 | Checksum: 24219500b

Time (s): cpu = 01:04:35 ; elapsed = 00:18:16 . Memory (MB): peak = 18772.125 ; gain = 3253.957 ; free physical = 228056 ; free virtual = 236891
Phase 5 Rip-up And Reroute | Checksum: 24219500b

Time (s): cpu = 01:04:38 ; elapsed = 00:18:17 . Memory (MB): peak = 18772.125 ; gain = 3253.957 ; free physical = 228056 ; free virtual = 236891

Phase 6 Delay and Skew Optimization

Phase 6.1 Delay CleanUp
INFO: [Route 35-416] Intermediate Timing Summary | WNS=-2.286 | TNS=-62397.773| WHS=-3.665 | THS=-180081.775|

INFO: [Route 35-416] Intermediate Timing Summary | WNS=-2.286 | TNS=-62397.773| WHS=-3.665 | THS=-180081.775|

 Number of Nodes with overlaps = 0
Phase 6.1 Delay CleanUp | Checksum: 1d219a171

Time (s): cpu = 01:13:18 ; elapsed = 00:21:56 . Memory (MB): peak = 18772.125 ; gain = 3253.957 ; free physical = 228074 ; free virtual = 236910

Phase 6.2 Clock Skew Optimization
Phase 6.2 Clock Skew Optimization | Checksum: 1d219a171

Time (s): cpu = 01:13:20 ; elapsed = 00:21:56 . Memory (MB): peak = 18772.125 ; gain = 3253.957 ; free physical = 228074 ; free virtual = 236910
Phase 6 Delay and Skew Optimization | Checksum: 1d219a171

Time (s): cpu = 01:13:23 ; elapsed = 00:21:56 . Memory (MB): peak = 18772.125 ; gain = 3253.957 ; free physical = 228074 ; free virtual = 236910

Phase 7 Post Hold Fix

Phase 7.1 Hold Fix Iter
INFO: [Route 35-416] Intermediate Timing Summary | WNS=-2.222 | TNS=-62397.072| WHS=-3.665 | THS=-180081.775|

Phase 7.1 Hold Fix Iter | Checksum: 24b3850f4

Time (s): cpu = 01:20:46 ; elapsed = 00:25:32 . Memory (MB): peak = 18772.125 ; gain = 3253.957 ; free physical = 228074 ; free virtual = 236910

Phase 7.2 Non Free Resource Hold Fix Iter
Phase 7.2 Non Free Resource Hold Fix Iter | Checksum: 245be7923

Time (s): cpu = 01:20:49 ; elapsed = 00:25:33 . Memory (MB): peak = 18772.125 ; gain = 3253.957 ; free physical = 228077 ; free virtual = 236913
Phase 7 Post Hold Fix | Checksum: 245be7923

Time (s): cpu = 01:20:52 ; elapsed = 00:25:33 . Memory (MB): peak = 18772.125 ; gain = 3253.957 ; free physical = 228077 ; free virtual = 236913

Phase 8 Leaf Clock Prog Delay Opt
Phase 8 Leaf Clock Prog Delay Opt | Checksum: 19ad97e1d

Time (s): cpu = 01:28:22 ; elapsed = 00:29:11 . Memory (MB): peak = 18772.125 ; gain = 3253.957 ; free physical = 228083 ; free virtual = 236919

Phase 9 Route finalize

Router Utilization Summary
  Global Vertical Routing Utilization    = 8.15457 %
  Global Horizontal Routing Utilization  = 6.85832 %
  Routable Net Status*
  *Does not include unroutable nets such as driverless and loadless.
  Run report_route_status for detailed report.
  Number of Failed Nets               = 0
    (Failed Nets is the sum of unrouted and partially routed nets)
  Number of Unrouted Nets             = 0
  Number of Partially Routed Nets     = 0
  Number of Node Overlaps             = 0


--GLOBAL Congestion:
Utilization threshold used for congestion level computation: 0.85
Congestion Report
North Dir 1x1 Area, Max Cong = 82.1596%, No Congested Regions.
South Dir 2x2 Area, Max Cong = 85.1896%, Congestion bounded by tiles (Lower Left Tile -> Upper Right Tile):
   INT_X96Y300 -> INT_X97Y301
East Dir 1x1 Area, Max Cong = 81.7308%, No Congested Regions.
West Dir 1x1 Area, Max Cong = 81.7308%, No Congested Regions.

------------------------------
Reporting congestion hotspots
------------------------------
Direction: North
----------------
Congested clusters found at Level 0
Effective congestion level: 0 Aspect Ratio: 1 Sparse Ratio: 0
Direction: South
----------------
Congested clusters found at Level 1
Effective congestion level: 2 Aspect Ratio: 0.333333 Sparse Ratio: 0.75
Direction: East
----------------
Congested clusters found at Level 0
Effective congestion level: 0 Aspect Ratio: 1 Sparse Ratio: 0
Direction: West
----------------
Congested clusters found at Level 0
Effective congestion level: 0 Aspect Ratio: 1 Sparse Ratio: 0

Phase 9 Route finalize | Checksum: 19ad97e1d

Time (s): cpu = 01:28:42 ; elapsed = 00:29:14 . Memory (MB): peak = 18772.125 ; gain = 3253.957 ; free physical = 228084 ; free virtual = 236920

Phase 10 Verifying routed nets

 Verification completed successfully
Phase 10 Verifying routed nets | Checksum: 19ad97e1d

Time (s): cpu = 01:28:45 ; elapsed = 00:29:14 . Memory (MB): peak = 18772.125 ; gain = 3253.957 ; free physical = 228084 ; free virtual = 236920

Phase 11 Depositing Routes
Phase 11 Depositing Routes | Checksum: 19ad97e1d

Time (s): cpu = 01:29:46 ; elapsed = 00:29:41 . Memory (MB): peak = 18772.125 ; gain = 3253.957 ; free physical = 228086 ; free virtual = 236922

Phase 12 Resolve XTalk
Phase 12 Resolve XTalk | Checksum: 19ad97e1d

Time (s): cpu = 01:29:49 ; elapsed = 00:29:42 . Memory (MB): peak = 18772.125 ; gain = 3253.957 ; free physical = 228086 ; free virtual = 236922

Phase 13 Post Process Routing
Common:
   
SLR0

Initial Estimated Congestion
 ________________________________________________________________________
|           | Global Congestion | Long Congestion   | Short Congestion  |
|           |___________________|___________________|___________________|
| Direction | Size   | % Tiles  | Size   | % Tiles  | Size   | % Tiles  |
|___________|________|__________|________|__________|________|__________|
|      NORTH|     1x1|      0.00|     2x2|      0.04|     1x1|      0.01|
|___________|________|__________|________|__________|________|__________|
|      SOUTH|     4x4|      0.26|     8x8|      2.37|     2x2|      0.03|
|___________|________|__________|________|__________|________|__________|
|       EAST|     1x1|      0.01|     2x2|      0.28|     2x2|      0.05|
|___________|________|__________|________|__________|________|__________|
|       WEST|     1x1|      0.00|     2x2|      0.01|     2x2|      0.02|
|___________|________|__________|________|__________|________|__________|

SLR1

Initial Estimated Congestion
 ________________________________________________________________________
|           | Global Congestion | Long Congestion   | Short Congestion  |
|           |___________________|___________________|___________________|
| Direction | Size   | % Tiles  | Size   | % Tiles  | Size   | % Tiles  |
|___________|________|__________|________|__________|________|__________|
|      NORTH|     2x2|      0.28|     8x8|      3.61|     2x2|      0.08|
|___________|________|__________|________|__________|________|__________|
|      SOUTH|   16x16|      2.82| 128x128|     15.48|     2x2|      0.23|
|___________|________|__________|________|__________|________|__________|
|       EAST|     2x2|      0.15|     4x4|      1.58|     2x2|      0.15|
|___________|________|__________|________|__________|________|__________|
|       WEST|     2x2|      0.36|     8x8|      5.02|     2x2|      0.18|
|___________|________|__________|________|__________|________|__________|

SLR2

Initial Estimated Congestion
 ________________________________________________________________________
|           | Global Congestion | Long Congestion   | Short Congestion  |
|           |___________________|___________________|___________________|
| Direction | Size   | % Tiles  | Size   | % Tiles  | Size   | % Tiles  |
|___________|________|__________|________|__________|________|__________|
|      NORTH|     1x1|      0.00|     1x1|      0.00|     1x1|      0.00|
|___________|________|__________|________|__________|________|__________|
|      SOUTH|     1x1|      0.00|     1x1|      0.00|     1x1|      0.00|
|___________|________|__________|________|__________|________|__________|
|       EAST|     1x1|      0.00|     1x1|      0.00|     1x1|      0.00|
|___________|________|__________|________|__________|________|__________|
|       WEST|     1x1|      0.00|     1x1|      0.00|     1x1|      0.00|
|___________|________|__________|________|__________|________|__________|

SLR3

Initial Estimated Congestion
 ________________________________________________________________________
|           | Global Congestion | Long Congestion   | Short Congestion  |
|           |___________________|___________________|___________________|
| Direction | Size   | % Tiles  | Size   | % Tiles  | Size   | % Tiles  |
|___________|________|__________|________|__________|________|__________|
|      NORTH|     1x1|      0.00|     1x1|      0.00|     1x1|      0.00|
|___________|________|__________|________|__________|________|__________|
|      SOUTH|     1x1|      0.00|     1x1|      0.00|     1x1|      0.00|
|___________|________|__________|________|__________|________|__________|
|       EAST|     1x1|      0.00|     1x1|      0.00|     1x1|      0.00|
|___________|________|__________|________|__________|________|__________|
|       WEST|     1x1|      0.00|     1x1|      0.00|     1x1|      0.00|
|___________|________|__________|________|__________|________|__________|


WARNING: [Route 35-426]  Router was unable to fix hold violation on pins with fixed or dedicated routing. The router cannot add routing detours to improve hold time because the pins fall under one or more of the listed categories: partition pins, fixed routes and intra-site connections.
Resolution: Run report_timing_summary to analyze the hold violations.
Phase 13 Post Process Routing | Checksum: 1cf97d94f

Time (s): cpu = 01:30:00 ; elapsed = 00:29:45 . Memory (MB): peak = 18772.125 ; gain = 3253.957 ; free physical = 228087 ; free virtual = 236923

Phase 14 Post Router Timing

Phase 14.1 Update Timing
Phase 14.1 Update Timing | Checksum: 1cf97d94f

Time (s): cpu = 01:39:03 ; elapsed = 00:33:41 . Memory (MB): peak = 18772.125 ; gain = 3253.957 ; free physical = 228095 ; free virtual = 236931
INFO: [Route 35-57] Estimated Timing Summary | WNS=-2.222 | TNS=-62397.072| WHS=-3.665 | THS=-180081.775|

WARNING: [Route 35-328] Router estimated timing not met.
Resolution: For a complete and accurate timing signoff, report_timing_summary must be run after route_design. Alternatively, route_design can be run with the -timing_summary option to enable a complete timing signoff at the end of route_design.
Phase 14 Post Router Timing | Checksum: 1cf97d94f

Time (s): cpu = 01:39:06 ; elapsed = 00:33:41 . Memory (MB): peak = 18772.125 ; gain = 3253.957 ; free physical = 228095 ; free virtual = 236931
Found no candidate nets for laguna hold fix
Time taken to check if laguna hold fix is required (in secs): 0.8

Phase 15 Physical Synthesis in Router

Phase 15.1 Physical Synthesis Initialization
INFO: [Physopt 32-668] Current Timing Summary | WNS=-2.220 | TNS=-62061.197 | WHS=-3.646 | THS=-179291.470 |
Phase 15.1 Physical Synthesis Initialization | Checksum: 1cf97d94f

Time (s): cpu = 01:53:08 ; elapsed = 00:38:22 . Memory (MB): peak = 18772.125 ; gain = 3253.957 ; free physical = 228096 ; free virtual = 236932
WARNING: [Physopt 32-745] Physical Optimization has determined that the magnitude of the negative slack is too large and it is highly unlikely that slack will be improved. Post-Route Physical Optimization is most effective when WNS is above -0.5ns

Phase 15.2 Critical Path Optimization
INFO: [Physopt 32-668] Current Timing Summary | WNS=-2.220 | TNS=-62061.197 | WHS=-3.646 | THS=-179291.470 |
INFO: [Physopt 32-953] Path group WNS did not improve. Path group: ap_clk. Processed net: ap_idle_INST_0_i_4_n_0.
INFO: [Physopt 32-953] Path group WNS did not improve. Path group: ap_clk. Processed net: ap_enable_reg_pp0_iter19.
INFO: [Physopt 32-668] Current Timing Summary | WNS=-2.220 | TNS=-62061.197 | WHS=-3.646 | THS=-179291.470 |
Netlist sorting complete. Time (s): cpu = 00:00:00.12 ; elapsed = 00:00:00.12 . Memory (MB): peak = 18772.125 ; gain = 0.000 ; free physical = 228103 ; free virtual = 236939
Phase 15.2 Critical Path Optimization | Checksum: 1eca5abbd

Time (s): cpu = 01:56:17 ; elapsed = 00:38:42 . Memory (MB): peak = 18772.125 ; gain = 3253.957 ; free physical = 228103 ; free virtual = 236939
Netlist sorting complete. Time (s): cpu = 00:00:00.12 ; elapsed = 00:00:00.12 . Memory (MB): peak = 18772.125 ; gain = 0.000 ; free physical = 228104 ; free virtual = 236940
INFO: [Physopt 32-669] Post Physical Optimization Timing Summary | WNS=-2.220 | TNS=-62061.197 | WHS=-3.646 | THS=-179291.470 |
Phase 15 Physical Synthesis in Router | Checksum: 1eca5abbd

Time (s): cpu = 01:56:32 ; elapsed = 00:38:51 . Memory (MB): peak = 18772.125 ; gain = 3253.957 ; free physical = 228104 ; free virtual = 236940
Total Elapsed time in route_design: 2330.27 secs

Phase 16 Post-Route Event Processing
Phase 16 Post-Route Event Processing | Checksum: 1d9530a84

Time (s): cpu = 01:56:39 ; elapsed = 00:38:53 . Memory (MB): peak = 18772.125 ; gain = 3253.957 ; free physical = 228104 ; free virtual = 236940
INFO: [Route 35-16] Router Completed Successfully
Ending Routing Task | Checksum: 1d9530a84

Time (s): cpu = 01:56:52 ; elapsed = 00:38:55 . Memory (MB): peak = 18772.125 ; gain = 3253.957 ; free physical = 228104 ; free virtual = 236940

Routing Is Done.
INFO: [Common 17-83] Releasing license: Implementation
27 Infos, 104 Warnings, 0 Critical Warnings and 0 Errors encountered.
route_design completed successfully
route_design: Time (s): cpu = 01:58:14 ; elapsed = 00:39:26 . Memory (MB): peak = 18772.125 ; gain = 3253.957 ; free physical = 228104 ; free virtual = 236940
# write_checkpoint -force [file join $output_dir post_route.dcp]
INFO: [Timing 38-480] Writing timing data to binary archive.
Write ShapeDB Complete: Time (s): cpu = 00:00:02 ; elapsed = 00:00:00.35 . Memory (MB): peak = 18772.125 ; gain = 0.000 ; free physical = 228076 ; free virtual = 236940
Wrote PlaceDB: Time (s): cpu = 00:01:10 ; elapsed = 00:00:29 . Memory (MB): peak = 18772.125 ; gain = 0.000 ; free physical = 226978 ; free virtual = 236901
Wrote PulsedLatchDB: Time (s): cpu = 00:00:00 ; elapsed = 00:00:00 . Memory (MB): peak = 18772.125 ; gain = 0.000 ; free physical = 226983 ; free virtual = 236907
Writing XDEF routing.
Writing XDEF routing logical nets.
Writing XDEF routing special nets.
Wrote RouteStorage: Time (s): cpu = 00:00:08 ; elapsed = 00:00:05 . Memory (MB): peak = 18772.125 ; gain = 0.000 ; free physical = 226882 ; free virtual = 236912
Wrote Netlist Cache: Time (s): cpu = 00:00:00.93 ; elapsed = 00:00:00.97 . Memory (MB): peak = 18772.125 ; gain = 0.000 ; free physical = 226768 ; free virtual = 236908
Wrote Device Cache: Time (s): cpu = 00:00:00.01 ; elapsed = 00:00:00.01 . Memory (MB): peak = 18772.125 ; gain = 0.000 ; free physical = 226766 ; free virtual = 236908
Write Physdb Complete: Time (s): cpu = 00:01:19 ; elapsed = 00:00:51 . Memory (MB): peak = 18772.125 ; gain = 0.000 ; free physical = 226767 ; free virtual = 236910
INFO: [Common 17-1381] The checkpoint '/mnt_pool/c3_users/user/pleguina/graphsage_vivado_2024_1_sweep/build/vivado_sweep/route_ssi_spread_sll/post_route.dcp' has been generated.
write_checkpoint: Time (s): cpu = 00:01:37 ; elapsed = 00:01:11 . Memory (MB): peak = 18772.125 ; gain = 0.000 ; free physical = 227663 ; free virtual = 236770
# report_internal_stage $reports_dir post_route $include_diagnostics $summary
CRITICAL WARNING: [Vivado 12-4439] The number of objects collected by the 'to' option of 'report_timing' is very large: 317205. This may lead to serious performance issues and out-of-memory conditions in handling the results.
Resolution: Further filtering of the command results, or narrowing the scope of the command is recommended.
CRITICAL WARNING: [Vivado 12-4439] The number of objects collected by the 'from' option of 'report_timing' is very large: 317205. This may lead to serious performance issues and out-of-memory conditions in handling the results.
Resolution: Further filtering of the command results, or narrowing the scope of the command is recommended.
INFO: [Timing 38-78] ReportTimingParams: -from_pins  -to_pins  -max_paths 100 -nworst 1 -delay_type max -sort_by slack.
report_timing: Time (s): cpu = 00:07:14 ; elapsed = 00:00:46 . Memory (MB): peak = 18772.125 ; gain = 0.000 ; free physical = 227594 ; free virtual = 236701
CRITICAL WARNING: [Vivado 12-4439] The number of objects collected by the 'to' option of 'report_timing' is very large: 317205. This may lead to serious performance issues and out-of-memory conditions in handling the results.
Resolution: Further filtering of the command results, or narrowing the scope of the command is recommended.
CRITICAL WARNING: [Vivado 12-4439] The number of objects collected by the 'from' option of 'report_timing' is very large: 317205. This may lead to serious performance issues and out-of-memory conditions in handling the results.
Resolution: Further filtering of the command results, or narrowing the scope of the command is recommended.
INFO: [Timing 38-78] ReportTimingParams: -from_pins  -to_pins  -max_paths 100 -nworst 1 -delay_type min -sort_by slack.
report_timing: Time (s): cpu = 00:05:30 ; elapsed = 00:00:33 . Memory (MB): peak = 18772.125 ; gain = 0.000 ; free physical = 227584 ; free virtual = 236691
post_route_INTERNAL_SETUP_WNS_NS=-1.958
post_route_INTERNAL_HOLD_WNS_NS=0.010
# report_route_status -file [file join $reports_dir route_status_post_route.rpt]
report_route_status: Time (s): cpu = 00:02:08 ; elapsed = 00:00:29 . Memory (MB): peak = 18772.125 ; gain = 0.000 ; free physical = 227581 ; free virtual = 236688
# phys_opt_design
Command: phys_opt_design
Attempting to get a license for feature 'Implementation' and/or device 'xcvu13p'
INFO: [Common 17-349] Got license for feature 'Implementation' and/or device 'xcvu13p'
INFO: [Common 17-1540] The version limit for your license is '2026.02' and has expired for new software. A version limit expiration means that, although you may be able to continue to use the current version of tools or IP with this license, you will not be eligible for new releases.
INFO: [Vivado_Tcl 4-241] Physical synthesis in post route mode 

Starting Initial Update Timing Task

Time (s): cpu = 00:03:15 ; elapsed = 00:00:21 . Memory (MB): peak = 18772.125 ; gain = 0.000 ; free physical = 227581 ; free virtual = 236688
INFO: [Vivado_Tcl 4-1435] PhysOpt_Tcl_Interface Runtime Before Starting Physical Synthesis Task | CPU: 251.03s |  WALL: 64.77s
INFO: [DRC 23-27] Running DRC with 32 threads
WARNING: [DRC 23-814] Not all possible (connectivity based) DRCs may have been run because this design is seen as Out of Context.
INFO: [Vivado_Tcl 4-198] DRC finished with 0 Errors
INFO: [Vivado_Tcl 4-199] Please refer to the DRC report (report_drc) for more information.
Netlist sorting complete. Time (s): cpu = 00:00:00.12 ; elapsed = 00:00:00.12 . Memory (MB): peak = 18772.125 ; gain = 0.000 ; free physical = 227578 ; free virtual = 236685

Starting Physical Synthesis Task

Phase 1 Physical Synthesis Initialization
INFO: [Physopt 32-721] Multithreading enabled for phys_opt_design using a maximum of 32 CPUs
INFO: [Place 30-3164] Check ILP status : ILP-based clock placer is skipped.
INFO: [Physopt 32-668] Current Timing Summary | WNS=-2.220 | TNS=-62061.197 | WHS=-3.646 | THS=-179291.470 |
Phase 1 Physical Synthesis Initialization | Checksum: 2b117d4c1

Time (s): cpu = 00:02:10 ; elapsed = 00:02:01 . Memory (MB): peak = 19846.523 ; gain = 1074.398 ; free physical = 226724 ; free virtual = 235831
WARNING: [Physopt 32-745] Physical Optimization has determined that the magnitude of the negative slack is too large and it is highly unlikely that slack will be improved. Post-Route Physical Optimization is most effective when WNS is above -0.5ns

Phase 2 Critical Path Optimization
INFO: [Physopt 32-668] Current Timing Summary | WNS=-2.220 | TNS=-62061.197 | WHS=-3.646 | THS=-179291.470 |
INFO: [Physopt 32-953] Path group WNS did not improve. Path group: ap_clk. Processed net: ap_idle_INST_0_i_4_n_0.
INFO: [Physopt 32-953] Path group WNS did not improve. Path group: ap_clk. Processed net: ap_enable_reg_pp0_iter19.
INFO: [Physopt 32-953] Path group WNS did not improve. Path group: ap_clk. Processed net: ap_idle_INST_0_i_4_n_0.
INFO: [Physopt 32-953] Path group WNS did not improve. Path group: ap_clk. Processed net: ap_enable_reg_pp0_iter19.
INFO: [Physopt 32-668] Current Timing Summary | WNS=-2.220 | TNS=-62061.197 | WHS=-3.646 | THS=-179291.470 |
Netlist sorting complete. Time (s): cpu = 00:00:00.84 ; elapsed = 00:00:00.84 . Memory (MB): peak = 19846.523 ; gain = 0.000 ; free physical = 226716 ; free virtual = 235823
Phase 2 Critical Path Optimization | Checksum: 2b117d4c1

Time (s): cpu = 00:08:36 ; elapsed = 00:03:25 . Memory (MB): peak = 19846.523 ; gain = 1074.398 ; free physical = 226716 ; free virtual = 235823
INFO: [Physopt 32-715] Performed route finalization on the design.
Netlist sorting complete. Time (s): cpu = 00:00:00.12 ; elapsed = 00:00:00.12 . Memory (MB): peak = 19846.523 ; gain = 0.000 ; free physical = 226715 ; free virtual = 235822
INFO: [Physopt 32-669] Post Physical Optimization Timing Summary | WNS=-2.220 | TNS=-62061.197 | WHS=-3.646 | THS=-179291.470 |

Summary of Physical Synthesis Optimizations
============================================


-------------------------------------------------------------------------------------------------------------------------------------------------------------
|  Optimization   |  WNS Gain (ns)  |  TNS Gain (ns)  |  Added Cells  |  Removed Cells  |  Optimized Cells/Nets  |  Dont Touch  |  Iterations  |  Elapsed   |
-------------------------------------------------------------------------------------------------------------------------------------------------------------
|  Critical Path  |          0.000  |          0.000  |            0  |              0  |                     0  |           0  |           1  |  00:01:22  |
-------------------------------------------------------------------------------------------------------------------------------------------------------------


Netlist sorting complete. Time (s): cpu = 00:00:00.12 ; elapsed = 00:00:00.12 . Memory (MB): peak = 19846.523 ; gain = 0.000 ; free physical = 226715 ; free virtual = 235822
Ending Physical Synthesis Task | Checksum: 2b117d4c1

Time (s): cpu = 00:09:18 ; elapsed = 00:03:44 . Memory (MB): peak = 19846.523 ; gain = 1074.398 ; free physical = 226716 ; free virtual = 235823
INFO: [Common 17-83] Releasing license: Implementation
19 Infos, 2 Warnings, 0 Critical Warnings and 0 Errors encountered.
phys_opt_design completed successfully
phys_opt_design: Time (s): cpu = 00:14:18 ; elapsed = 00:04:57 . Memory (MB): peak = 19846.523 ; gain = 1074.398 ; free physical = 226716 ; free virtual = 235823
# write_checkpoint -force [file join $output_dir final.dcp]
INFO: [Timing 38-480] Writing timing data to binary archive.
Write ShapeDB Complete: Time (s): cpu = 00:00:02 ; elapsed = 00:00:00.34 . Memory (MB): peak = 19846.523 ; gain = 0.000 ; free physical = 226694 ; free virtual = 235824
Wrote PlaceDB: Time (s): cpu = 00:01:11 ; elapsed = 00:00:30 . Memory (MB): peak = 19846.523 ; gain = 0.000 ; free physical = 225609 ; free virtual = 235804
Wrote PulsedLatchDB: Time (s): cpu = 00:00:00 ; elapsed = 00:00:00 . Memory (MB): peak = 19846.523 ; gain = 0.000 ; free physical = 225599 ; free virtual = 235794
Writing XDEF routing.
Writing XDEF routing logical nets.
Writing XDEF routing special nets.
Wrote RouteStorage: Time (s): cpu = 00:00:08 ; elapsed = 00:00:06 . Memory (MB): peak = 19846.523 ; gain = 0.000 ; free physical = 225498 ; free virtual = 235799
Wrote Netlist Cache: Time (s): cpu = 00:00:00.95 ; elapsed = 00:00:01 . Memory (MB): peak = 19846.523 ; gain = 0.000 ; free physical = 225384 ; free virtual = 235795
Wrote Device Cache: Time (s): cpu = 00:00:00.01 ; elapsed = 00:00:00.01 . Memory (MB): peak = 19846.523 ; gain = 0.000 ; free physical = 225382 ; free virtual = 235796
Write Physdb Complete: Time (s): cpu = 00:01:20 ; elapsed = 00:00:50 . Memory (MB): peak = 19846.523 ; gain = 0.000 ; free physical = 225384 ; free virtual = 235798
INFO: [Common 17-1381] The checkpoint '/mnt_pool/c3_users/user/pleguina/graphsage_vivado_2024_1_sweep/build/vivado_sweep/route_ssi_spread_sll/final.dcp' has been generated.
write_checkpoint: Time (s): cpu = 00:01:39 ; elapsed = 00:01:11 . Memory (MB): peak = 19846.523 ; gain = 0.000 ; free physical = 226302 ; free virtual = 235680
# report_internal_stage $reports_dir post_route_physopt $include_diagnostics $summary
CRITICAL WARNING: [Vivado 12-4439] The number of objects collected by the 'to' option of 'report_timing' is very large: 317205. This may lead to serious performance issues and out-of-memory conditions in handling the results.
Resolution: Further filtering of the command results, or narrowing the scope of the command is recommended.
CRITICAL WARNING: [Vivado 12-4439] The number of objects collected by the 'from' option of 'report_timing' is very large: 317205. This may lead to serious performance issues and out-of-memory conditions in handling the results.
Resolution: Further filtering of the command results, or narrowing the scope of the command is recommended.
INFO: [Timing 38-78] ReportTimingParams: -from_pins  -to_pins  -max_paths 100 -nworst 1 -delay_type max -sort_by slack.
report_timing: Time (s): cpu = 00:07:17 ; elapsed = 00:00:48 . Memory (MB): peak = 19846.523 ; gain = 0.000 ; free physical = 226321 ; free virtual = 235699
CRITICAL WARNING: [Vivado 12-4439] The number of objects collected by the 'to' option of 'report_timing' is very large: 317205. This may lead to serious performance issues and out-of-memory conditions in handling the results.
Resolution: Further filtering of the command results, or narrowing the scope of the command is recommended.
CRITICAL WARNING: [Vivado 12-4439] The number of objects collected by the 'from' option of 'report_timing' is very large: 317205. This may lead to serious performance issues and out-of-memory conditions in handling the results.
Resolution: Further filtering of the command results, or narrowing the scope of the command is recommended.
INFO: [Timing 38-78] ReportTimingParams: -from_pins  -to_pins  -max_paths 100 -nworst 1 -delay_type min -sort_by slack.
report_timing: Time (s): cpu = 00:05:32 ; elapsed = 00:00:33 . Memory (MB): peak = 19846.523 ; gain = 0.000 ; free physical = 226313 ; free virtual = 235691
post_route_physopt_INTERNAL_SETUP_WNS_NS=-1.958
post_route_physopt_INTERNAL_HOLD_WNS_NS=0.010
# report_timing_summary \
#     -delay_type min_max \
#     -max_paths 100 \
#     -report_unconstrained \
#     -check_timing_verbose \
#     -file [file join $reports_dir timing_final.rpt]
report_timing_summary: Time (s): cpu = 00:04:20 ; elapsed = 00:00:36 . Memory (MB): peak = 19846.523 ; gain = 0.000 ; free physical = 226302 ; free virtual = 235680
# report_route_status -file [file join $reports_dir route_status.rpt]
report_route_status: Time (s): cpu = 00:02:09 ; elapsed = 00:00:29 . Memory (MB): peak = 19846.523 ; gain = 0.000 ; free physical = 226291 ; free virtual = 235670
# report_utilization -file [file join $reports_dir utilization_final.rpt]
report_utilization: Time (s): cpu = 00:00:25 ; elapsed = 00:00:26 . Memory (MB): peak = 19846.523 ; gain = 0.000 ; free physical = 226293 ; free virtual = 235672
# report_utilization -slr -file [file join $reports_dir utilization_slr_final.rpt]
report_utilization: Time (s): cpu = 00:00:46 ; elapsed = 00:00:47 . Memory (MB): peak = 19846.523 ; gain = 0.000 ; free physical = 226295 ; free virtual = 235674
# report_design_analysis -congestion -file [file join $reports_dir congestion_final.rpt]
report_design_analysis: Time (s): cpu = 00:00:09 ; elapsed = 00:00:08 . Memory (MB): peak = 19846.523 ; gain = 0.000 ; free physical = 226287 ; free virtual = 235666
# close $summary
# set metadata [open [file join $output_dir metadata.txt] w]
# puts $metadata "run_name=route_$finalist_name"
# puts $metadata "source_run=$source_run"
# puts $metadata "route_directive=Default"
# puts $metadata "postroute_physopt=1"
# puts $metadata "clock_period_ns=2.77"
# puts $metadata "runtime_seconds=[expr {[clock seconds] - $start_time}]"
# puts $metadata "status=implementation_complete"
# close $metadata
# puts "FINALIST_IMPLEMENTATION_COMPLETE=$finalist_name"
FINALIST_IMPLEMENTATION_COMPLETE=ssi_spread_sll
# close_design
close_design: Time (s): cpu = 00:00:09 ; elapsed = 00:00:10 . Memory (MB): peak = 19846.523 ; gain = 0.000 ; free physical = 226265 ; free virtual = 235645
# exit 0
INFO: [Common 17-206] Exiting Vivado at Tue Aug 18 23:26:11 2026...
