
****** vitis-run v2025.2 (64-bit)
  **** SW Build 6295257 on 2025-11-13-01:29:13
  **** Start of session at: Fri Aug 21 03:06:43 2026
    ** Copyright 1986-2022 Xilinx, Inc. All Rights Reserved.
    ** Copyright 2022-2025 Advanced Micro Devices, Inc. All Rights Reserved.

  **** HLS Build v2025.2 6295257
Sourcing Tcl script '/mnt_pool/c3_users/user/pleguina/graphsage_vivado_2024_1_sweep/hls/run_graphsage_19c_const.tcl'
HLS_PROJECT_DIR=/mnt_pool/c3_users/user/pleguina/graphsage_vivado_2024_1_sweep/build/hls/graphsage_int8_po2_19c_const_adj
HLS_CONST_MODE=adj
HLS_ACTION=csynth
HLS_PART=xcvu13p-fsga2577-1-e
HLS_CLOCK_PERIOD_NS=2.77
INFO: [HLS 200-1510] Running: open_project -reset /mnt_pool/c3_users/user/pleguina/graphsage_vivado_2024_1_sweep/build/hls/graphsage_int8_po2_19c_const_adj 
WARNING: [HLS 200-2182] The 'graphsage_int8_po2_19c_const_adj' project will not automatically appear within Vitis IDE workspaces and is meant only for TCL batch use.  Please use open_component instead of open_project/open_solution to generate Vitis IDE compatible component files and directory structure.
Resolution: For help on HLS 200-2182 see docs.amd.com/access/sources/dita/topic?Doc_Version=2025.2%20English&url=ug1448-hls-guidance&resourceid=200-2182.html
INFO: [HLS 200-10] Opening and resetting solution '/mnt_pool/c3_users/user/pleguina/graphsage_vivado_2024_1_sweep/build/hls/graphsage_int8_po2_19c_const_adj'.
INFO: [HLS 200-1510] Running: set_top graphsage_int8_po2 
INFO: [HLS 200-1510] Running: add_files /mnt_pool/c3_users/user/pleguina/graphsage_vivado_2024_1_sweep/hls/graphsage_layer_int8_po2_19c_const.cpp -cflags -std=c++17 -I/mnt_pool/c3_users/user/pleguina/graphsage_vivado_2024_1_sweep/hls -DUSE_CONST_ADJ=1 -DDSE_TOP_II=1 -DM_BITS=24 -DK_BITS=12 -DADJ_BITS=16 -DACC_BITS=22 -DBETA1_SHIFT=17 -DBETA2_SHIFT=12 -DEFF_SCALE1_SHIFT=6 -DEFF_SCALE2_SHIFT=6 
INFO: [HLS 200-10] Adding design file '/mnt_pool/c3_users/user/pleguina/graphsage_vivado_2024_1_sweep/hls/graphsage_layer_int8_po2_19c_const.cpp' to the project
INFO: [HLS 200-1510] Running: add_files -tb /mnt_pool/c3_users/user/pleguina/graphsage_vivado_2024_1_sweep/hls/testbench_graphsage_19c_const.cpp -cflags -std=c++17 -I/mnt_pool/c3_users/user/pleguina/graphsage_vivado_2024_1_sweep/hls -DUSE_CONST_ADJ=1 -DDSE_TOP_II=1 -DM_BITS=24 -DK_BITS=12 -DADJ_BITS=16 -DACC_BITS=22 -DBETA1_SHIFT=17 -DBETA2_SHIFT=12 -DEFF_SCALE1_SHIFT=6 -DEFF_SCALE2_SHIFT=6 
INFO: [HLS 200-10] Adding test bench file '/mnt_pool/c3_users/user/pleguina/graphsage_vivado_2024_1_sweep/hls/testbench_graphsage_19c_const.cpp' to the project
INFO: [HLS 200-1510] Running: open_solution -reset solution1 -flow_target vivado 
INFO: [HLS 200-10] Creating and opening solution '/mnt_pool/c3_users/user/pleguina/graphsage_vivado_2024_1_sweep/build/hls/graphsage_int8_po2_19c_const_adj/solution1'.
INFO: [HLS 200-10] Cleaning up the solution database.
INFO: [HLS 200-1505] Using flow_target 'vivado'
Resolution: For help on HLS 200-1505 see docs.amd.com/access/sources/dita/topic?Doc_Version=2025.2%20English&url=ug1448-hls-guidance&resourceid=200-1505.html
INFO: [HLS 200-1510] Running: set_part xcvu13p-fsga2577-1-e 
INFO: [HLS 200-1611] Setting target device to 'xcvu13p-fsga2577-1-e'
INFO: [HLS 200-1510] Running: create_clock -period 2.77 -name default 
INFO: [SYN 201-201] Setting up clock 'default' with a period of 2.77ns.
INFO: [HLS 200-1510] Running: set_clock_uncertainty 1.0 
INFO: [SYN 201-201] Setting up clock 'default' with an uncertainty of 1ns.
INFO: [HLS 200-1510] Running: config_op mul -impl dsp -latency 3 
INFO: [HLS 200-1445] Configure operator 'mul' with implementation style 'dsp'.
INFO: [HLS 200-1446] Configure operator 'mul' with latency 3.
INFO: [HLS 200-1510] Running: config_schedule -enable_dsp_full_reg 
INFO: [HLS 200-1510] Running: csynth_design 
INFO: [HLS 200-111] Finished File checks and directory preparation: CPU user time: 0.5 seconds. CPU system time: 0.07 seconds. Elapsed time: 17.2 seconds; current allocated memory: 609.844 MB.
INFO: [HLS 200-2191] C-Synthesis will use clang-16 as the compiler
INFO: [HLS 200-10] Analyzing design file '/mnt_pool/c3_users/user/pleguina/graphsage_vivado_2024_1_sweep/hls/graphsage_layer_int8_po2_19c_const.cpp' ... 
INFO: [HLS 200-111] Finished Source Code Analysis and Preprocessing: CPU user time: 3.16 seconds. CPU system time: 0.38 seconds. Elapsed time: 44.16 seconds; current allocated memory: 612.043 MB.
INFO: [HLS 200-777] Using interface defaults for 'Vivado' flow target.
INFO: [HLS 200-1995] There were 10,035 instructions in the design after the 'Compile/Link' phase of compilation. See the Design Size Report for more details (/mnt_pool/c3_users/user/pleguina/graphsage_vivado_2024_1_sweep/build/hls/graphsage_int8_po2_19c_const_adj/solution1/syn/report/csynth_design_size.rpt:2)
INFO: [HLS 200-1995] There were 78,010 instructions in the design after the 'Unroll/Inline (step 1)' phase of compilation. See the Design Size Report for more details (/mnt_pool/c3_users/user/pleguina/graphsage_vivado_2024_1_sweep/build/hls/graphsage_int8_po2_19c_const_adj/solution1/syn/report/csynth_design_size.rpt:2)
INFO: [HLS 200-1995] There were 53,059 instructions in the design after the 'Unroll/Inline (step 2)' phase of compilation. See the Design Size Report for more details (/mnt_pool/c3_users/user/pleguina/graphsage_vivado_2024_1_sweep/build/hls/graphsage_int8_po2_19c_const_adj/solution1/syn/report/csynth_design_size.rpt:2)
INFO: [HLS 200-1995] There were 53,059 instructions in the design after the 'Unroll/Inline (step 3)' phase of compilation. See the Design Size Report for more details (/mnt_pool/c3_users/user/pleguina/graphsage_vivado_2024_1_sweep/build/hls/graphsage_int8_po2_19c_const_adj/solution1/syn/report/csynth_design_size.rpt:2)
INFO: [HLS 200-1995] There were 53,059 instructions in the design after the 'Unroll/Inline (step 4)' phase of compilation. See the Design Size Report for more details (/mnt_pool/c3_users/user/pleguina/graphsage_vivado_2024_1_sweep/build/hls/graphsage_int8_po2_19c_const_adj/solution1/syn/report/csynth_design_size.rpt:2)
INFO: [HLS 200-1995] There were 63,604 instructions in the design after the 'Array/Struct (step 1)' phase of compilation. See the Design Size Report for more details (/mnt_pool/c3_users/user/pleguina/graphsage_vivado_2024_1_sweep/build/hls/graphsage_int8_po2_19c_const_adj/solution1/syn/report/csynth_design_size.rpt:2)
INFO: [HLS 200-1995] There were 40,868 instructions in the design after the 'Array/Struct (step 2)' phase of compilation. See the Design Size Report for more details (/mnt_pool/c3_users/user/pleguina/graphsage_vivado_2024_1_sweep/build/hls/graphsage_int8_po2_19c_const_adj/solution1/syn/report/csynth_design_size.rpt:2)
INFO: [HLS 200-1995] There were 41,604 instructions in the design after the 'Array/Struct (step 3)' phase of compilation. See the Design Size Report for more details (/mnt_pool/c3_users/user/pleguina/graphsage_vivado_2024_1_sweep/build/hls/graphsage_int8_po2_19c_const_adj/solution1/syn/report/csynth_design_size.rpt:2)
INFO: [HLS 200-1995] There were 42,340 instructions in the design after the 'Array/Struct (step 4)' phase of compilation. See the Design Size Report for more details (/mnt_pool/c3_users/user/pleguina/graphsage_vivado_2024_1_sweep/build/hls/graphsage_int8_po2_19c_const_adj/solution1/syn/report/csynth_design_size.rpt:2)
INFO: [HLS 200-1995] There were 42,340 instructions in the design after the 'Array/Struct (step 5)' phase of compilation. See the Design Size Report for more details (/mnt_pool/c3_users/user/pleguina/graphsage_vivado_2024_1_sweep/build/hls/graphsage_int8_po2_19c_const_adj/solution1/syn/report/csynth_design_size.rpt:2)
INFO: [HLS 200-1995] There were 40,868 instructions in the design after the 'Performance' phase of compilation. See the Design Size Report for more details (/mnt_pool/c3_users/user/pleguina/graphsage_vivado_2024_1_sweep/build/hls/graphsage_int8_po2_19c_const_adj/solution1/syn/report/csynth_design_size.rpt:2)
INFO: [HLS 200-1995] There were 40,868 instructions in the design after the 'Performance (step 2)' phase of compilation. See the Design Size Report for more details (/mnt_pool/c3_users/user/pleguina/graphsage_vivado_2024_1_sweep/build/hls/graphsage_int8_po2_19c_const_adj/solution1/syn/report/csynth_design_size.rpt:2)
INFO: [HLS 200-1995] There were 40,820 instructions in the design after the 'Performance (step 3)' phase of compilation. See the Design Size Report for more details (/mnt_pool/c3_users/user/pleguina/graphsage_vivado_2024_1_sweep/build/hls/graphsage_int8_po2_19c_const_adj/solution1/syn/report/csynth_design_size.rpt:2)
INFO: [HLS 200-1995] There were 38,979 instructions in the design after the 'Performance (step 4)' phase of compilation. See the Design Size Report for more details (/mnt_pool/c3_users/user/pleguina/graphsage_vivado_2024_1_sweep/build/hls/graphsage_int8_po2_19c_const_adj/solution1/syn/report/csynth_design_size.rpt:2)
INFO: [HLS 200-1995] There were 38,056 instructions in the design after the 'HW Transforms (step 1)' phase of compilation. See the Design Size Report for more details (/mnt_pool/c3_users/user/pleguina/graphsage_vivado_2024_1_sweep/build/hls/graphsage_int8_po2_19c_const_adj/solution1/syn/report/csynth_design_size.rpt:2)
INFO: [HLS 200-1995] There were 38,049 instructions in the design after the 'HW Transforms (step 2)' phase of compilation. See the Design Size Report for more details (/mnt_pool/c3_users/user/pleguina/graphsage_vivado_2024_1_sweep/build/hls/graphsage_int8_po2_19c_const_adj/solution1/syn/report/csynth_design_size.rpt:2)
INFO: [HLS 214-131] Inlining function 'int8_clamp(ap_int<22>)' into 'void aggregate_const_row<0, 16, 17>(ap_int<8> const (*) [16], ap_int<8> (*) [16])' (hls/graphsage_layer_int8_po2_19c_const.h:51:33)
INFO: [HLS 214-131] Inlining function 'int8_clamp(ap_int<22>)' into 'void aggregate_const_row<1, 16, 17>(ap_int<8> const (*) [16], ap_int<8> (*) [16])' (hls/graphsage_layer_int8_po2_19c_const.h:51:33)
INFO: [HLS 214-131] Inlining function 'int8_clamp(ap_int<22>)' into 'void aggregate_const_row<2, 16, 17>(ap_int<8> const (*) [16], ap_int<8> (*) [16])' (hls/graphsage_layer_int8_po2_19c_const.h:51:33)
INFO: [HLS 214-131] Inlining function 'int8_clamp(ap_int<22>)' into 'void aggregate_const_row<3, 16, 17>(ap_int<8> const (*) [16], ap_int<8> (*) [16])' (hls/graphsage_layer_int8_po2_19c_const.h:51:33)
INFO: [HLS 214-131] Inlining function 'int8_clamp(ap_int<22>)' into 'void aggregate_const_row<4, 16, 17>(ap_int<8> const (*) [16], ap_int<8> (*) [16])' (hls/graphsage_layer_int8_po2_19c_const.h:51:33)
INFO: [HLS 214-131] Inlining function 'int8_clamp(ap_int<22>)' into 'void aggregate_const_row<5, 16, 17>(ap_int<8> const (*) [16], ap_int<8> (*) [16])' (hls/graphsage_layer_int8_po2_19c_const.h:51:33)
INFO: [HLS 214-131] Inlining function 'int8_clamp(ap_int<22>)' into 'void aggregate_const_row<6, 16, 17>(ap_int<8> const (*) [16], ap_int<8> (*) [16])' (hls/graphsage_layer_int8_po2_19c_const.h:51:33)
INFO: [HLS 214-131] Inlining function 'int8_clamp(ap_int<22>)' into 'void aggregate_const_row<7, 16, 17>(ap_int<8> const (*) [16], ap_int<8> (*) [16])' (hls/graphsage_layer_int8_po2_19c_const.h:51:33)
INFO: [HLS 214-131] Inlining function 'void aggregate_const_row<0, 16, 17>(ap_int<8> const (*) [16], ap_int<8> (*) [16])' into 'void aggregate_int8_po2_const<16, 17>(ap_int<8> const (*) [16], ap_int<8> (*) [16])' (hls/graphsage_layer_int8_po2_19c_const.h:69:5)
INFO: [HLS 214-131] Inlining function 'void aggregate_const_row<7, 16, 17>(ap_int<8> const (*) [16], ap_int<8> (*) [16])' into 'void aggregate_int8_po2_const<16, 17>(ap_int<8> const (*) [16], ap_int<8> (*) [16])' (hls/graphsage_layer_int8_po2_19c_const.h:76:5)
INFO: [HLS 214-131] Inlining function 'void aggregate_const_row<6, 16, 17>(ap_int<8> const (*) [16], ap_int<8> (*) [16])' into 'void aggregate_int8_po2_const<16, 17>(ap_int<8> const (*) [16], ap_int<8> (*) [16])' (hls/graphsage_layer_int8_po2_19c_const.h:75:5)
INFO: [HLS 214-131] Inlining function 'void aggregate_const_row<5, 16, 17>(ap_int<8> const (*) [16], ap_int<8> (*) [16])' into 'void aggregate_int8_po2_const<16, 17>(ap_int<8> const (*) [16], ap_int<8> (*) [16])' (hls/graphsage_layer_int8_po2_19c_const.h:74:5)
INFO: [HLS 214-131] Inlining function 'void aggregate_const_row<4, 16, 17>(ap_int<8> const (*) [16], ap_int<8> (*) [16])' into 'void aggregate_int8_po2_const<16, 17>(ap_int<8> const (*) [16], ap_int<8> (*) [16])' (hls/graphsage_layer_int8_po2_19c_const.h:73:5)
INFO: [HLS 214-131] Inlining function 'void aggregate_const_row<3, 16, 17>(ap_int<8> const (*) [16], ap_int<8> (*) [16])' into 'void aggregate_int8_po2_const<16, 17>(ap_int<8> const (*) [16], ap_int<8> (*) [16])' (hls/graphsage_layer_int8_po2_19c_const.h:72:5)
INFO: [HLS 214-131] Inlining function 'void aggregate_const_row<2, 16, 17>(ap_int<8> const (*) [16], ap_int<8> (*) [16])' into 'void aggregate_int8_po2_const<16, 17>(ap_int<8> const (*) [16], ap_int<8> (*) [16])' (hls/graphsage_layer_int8_po2_19c_const.h:71:5)
INFO: [HLS 214-131] Inlining function 'void aggregate_const_row<1, 16, 17>(ap_int<8> const (*) [16], ap_int<8> (*) [16])' into 'void aggregate_int8_po2_const<16, 17>(ap_int<8> const (*) [16], ap_int<8> (*) [16])' (hls/graphsage_layer_int8_po2_19c_const.h:70:5)
INFO: [HLS 214-131] Inlining function 'int8_clamp(ap_int<22>)' into 'void linear_int8_po2<8, 16, 24>(ap_int<8> const (*) [16], ap_int<8> const (*) [16], ap_int<22> const*, ap_int<8> (*) [24], int)' (hls/graphsage_layer_int8_po2_19c_base.h:346:28)
INFO: [HLS 214-131] Inlining function 'int8_clamp(ap_int<22>)' into 'void aggregate_const_row<0, 24, 12>(ap_int<8> const (*) [24], ap_int<8> (*) [24])' (hls/graphsage_layer_int8_po2_19c_const.h:51:33)
INFO: [HLS 214-131] Inlining function 'int8_clamp(ap_int<22>)' into 'void aggregate_const_row<1, 24, 12>(ap_int<8> const (*) [24], ap_int<8> (*) [24])' (hls/graphsage_layer_int8_po2_19c_const.h:51:33)
INFO: [HLS 214-131] Inlining function 'int8_clamp(ap_int<22>)' into 'void aggregate_const_row<2, 24, 12>(ap_int<8> const (*) [24], ap_int<8> (*) [24])' (hls/graphsage_layer_int8_po2_19c_const.h:51:33)
INFO: [HLS 214-131] Inlining function 'int8_clamp(ap_int<22>)' into 'void aggregate_const_row<3, 24, 12>(ap_int<8> const (*) [24], ap_int<8> (*) [24])' (hls/graphsage_layer_int8_po2_19c_const.h:51:33)
INFO: [HLS 214-131] Inlining function 'int8_clamp(ap_int<22>)' into 'void aggregate_const_row<4, 24, 12>(ap_int<8> const (*) [24], ap_int<8> (*) [24])' (hls/graphsage_layer_int8_po2_19c_const.h:51:33)
INFO: [HLS 214-131] Inlining function 'int8_clamp(ap_int<22>)' into 'void aggregate_const_row<5, 24, 12>(ap_int<8> const (*) [24], ap_int<8> (*) [24])' (hls/graphsage_layer_int8_po2_19c_const.h:51:33)
INFO: [HLS 214-131] Inlining function 'int8_clamp(ap_int<22>)' into 'void aggregate_const_row<6, 24, 12>(ap_int<8> const (*) [24], ap_int<8> (*) [24])' (hls/graphsage_layer_int8_po2_19c_const.h:51:33)
INFO: [HLS 214-131] Inlining function 'int8_clamp(ap_int<22>)' into 'void aggregate_const_row<7, 24, 12>(ap_int<8> const (*) [24], ap_int<8> (*) [24])' (hls/graphsage_layer_int8_po2_19c_const.h:51:33)
INFO: [HLS 214-131] Inlining function 'void aggregate_const_row<0, 24, 12>(ap_int<8> const (*) [24], ap_int<8> (*) [24])' into 'void aggregate_int8_po2_const<24, 12>(ap_int<8> const (*) [24], ap_int<8> (*) [24])' (hls/graphsage_layer_int8_po2_19c_const.h:69:5)
INFO: [HLS 214-131] Inlining function 'void aggregate_const_row<7, 24, 12>(ap_int<8> const (*) [24], ap_int<8> (*) [24])' into 'void aggregate_int8_po2_const<24, 12>(ap_int<8> const (*) [24], ap_int<8> (*) [24])' (hls/graphsage_layer_int8_po2_19c_const.h:76:5)
INFO: [HLS 214-131] Inlining function 'void aggregate_const_row<6, 24, 12>(ap_int<8> const (*) [24], ap_int<8> (*) [24])' into 'void aggregate_int8_po2_const<24, 12>(ap_int<8> const (*) [24], ap_int<8> (*) [24])' (hls/graphsage_layer_int8_po2_19c_const.h:75:5)
INFO: [HLS 214-131] Inlining function 'void aggregate_const_row<5, 24, 12>(ap_int<8> const (*) [24], ap_int<8> (*) [24])' into 'void aggregate_int8_po2_const<24, 12>(ap_int<8> const (*) [24], ap_int<8> (*) [24])' (hls/graphsage_layer_int8_po2_19c_const.h:74:5)
INFO: [HLS 214-131] Inlining function 'void aggregate_const_row<4, 24, 12>(ap_int<8> const (*) [24], ap_int<8> (*) [24])' into 'void aggregate_int8_po2_const<24, 12>(ap_int<8> const (*) [24], ap_int<8> (*) [24])' (hls/graphsage_layer_int8_po2_19c_const.h:73:5)
INFO: [HLS 214-131] Inlining function 'void aggregate_const_row<3, 24, 12>(ap_int<8> const (*) [24], ap_int<8> (*) [24])' into 'void aggregate_int8_po2_const<24, 12>(ap_int<8> const (*) [24], ap_int<8> (*) [24])' (hls/graphsage_layer_int8_po2_19c_const.h:72:5)
INFO: [HLS 214-131] Inlining function 'void aggregate_const_row<2, 24, 12>(ap_int<8> const (*) [24], ap_int<8> (*) [24])' into 'void aggregate_int8_po2_const<24, 12>(ap_int<8> const (*) [24], ap_int<8> (*) [24])' (hls/graphsage_layer_int8_po2_19c_const.h:71:5)
INFO: [HLS 214-131] Inlining function 'void aggregate_const_row<1, 24, 12>(ap_int<8> const (*) [24], ap_int<8> (*) [24])' into 'void aggregate_int8_po2_const<24, 12>(ap_int<8> const (*) [24], ap_int<8> (*) [24])' (hls/graphsage_layer_int8_po2_19c_const.h:70:5)
INFO: [HLS 214-131] Inlining function 'int8_clamp(ap_int<22>)' into 'void linear_int8_po2<8, 24, 7>(ap_int<8> const (*) [24], ap_int<8> const (*) [24], ap_int<22> const*, ap_int<8> (*) [7], int)' (hls/graphsage_layer_int8_po2_19c_base.h:346:28)
INFO: [HLS 214-131] Inlining function 'void aggregate_int8_po2_const<16, 17>(ap_int<8> const (*) [16], ap_int<8> (*) [16])' into 'void graphsage_int8_po2_const_adj_template<8, 16, 24, 7>(ap_int<8> const (*) [16], ap_int<8> const (*) [16], ap_int<22> const*, ap_int<8> const (*) [24], ap_int<22> const*, ap_int<8> (*) [7])' (hls/graphsage_layer_int8_po2_19c_const.h:100:5)
INFO: [HLS 214-131] Inlining function 'void linear_int8_po2<8, 24, 7>(ap_int<8> const (*) [24], ap_int<8> const (*) [24], ap_int<22> const*, ap_int<8> (*) [7], int)' into 'void graphsage_int8_po2_const_adj_template<8, 16, 24, 7>(ap_int<8> const (*) [16], ap_int<8> const (*) [16], ap_int<22> const*, ap_int<8> const (*) [24], ap_int<22> const*, ap_int<8> (*) [7])' (hls/graphsage_layer_int8_po2_19c_const.h:109:5)
INFO: [HLS 214-131] Inlining function 'void aggregate_int8_po2_const<24, 12>(ap_int<8> const (*) [24], ap_int<8> (*) [24])' into 'void graphsage_int8_po2_const_adj_template<8, 16, 24, 7>(ap_int<8> const (*) [16], ap_int<8> const (*) [16], ap_int<22> const*, ap_int<8> const (*) [24], ap_int<22> const*, ap_int<8> (*) [7])' (hls/graphsage_layer_int8_po2_19c_const.h:108:5)
INFO: [HLS 214-131] Inlining function 'void relu_int8<8, 24>(ap_int<8> (*) [24])' into 'void graphsage_int8_po2_const_adj_template<8, 16, 24, 7>(ap_int<8> const (*) [16], ap_int<8> const (*) [16], ap_int<22> const*, ap_int<8> const (*) [24], ap_int<22> const*, ap_int<8> (*) [7])' (hls/graphsage_layer_int8_po2_19c_const.h:103:5)
INFO: [HLS 214-131] Inlining function 'void linear_int8_po2<8, 16, 24>(ap_int<8> const (*) [16], ap_int<8> const (*) [16], ap_int<22> const*, ap_int<8> (*) [24], int)' into 'void graphsage_int8_po2_const_adj_template<8, 16, 24, 7>(ap_int<8> const (*) [16], ap_int<8> const (*) [16], ap_int<22> const*, ap_int<8> const (*) [24], ap_int<22> const*, ap_int<8> (*) [7])' (hls/graphsage_layer_int8_po2_19c_const.h:101:5)
INFO: [HLS 214-291] Loop 'LIN_N' is marked as complete unroll implied by the pipeline pragma (hls/graphsage_layer_int8_po2_19c_base.h:306:5)
INFO: [HLS 214-291] Loop 'LIN_O' is marked as complete unroll implied by the pipeline pragma (hls/graphsage_layer_int8_po2_19c_base.h:313:9)
INFO: [HLS 214-291] Loop 'LIN_F' is marked as complete unroll implied by the pipeline pragma (hls/graphsage_layer_int8_po2_19c_base.h:326:13)
INFO: [HLS 214-291] Loop 'ROW_FEATURE' is marked as complete unroll implied by the pipeline pragma (hls/graphsage_layer_int8_po2_19c_const.h:22:5)
INFO: [HLS 214-291] Loop 'RELU_N' is marked as complete unroll implied by the pipeline pragma (hls/graphsage_layer_int8_po2_19c_base.h:367:5)
INFO: [HLS 214-291] Loop 'RELU_F' is marked as complete unroll implied by the pipeline pragma (hls/graphsage_layer_int8_po2_19c_base.h:374:9)
INFO: [HLS 214-186] Unrolling loop 'LIN_N' (hls/graphsage_layer_int8_po2_19c_base.h:306:5) in function 'graphsage_int8_po2_const_adj_template<8, 16, 24, 7>' completely with a factor of 8 (hls/graphsage_layer_int8_po2_19c_const.h:87:0)
INFO: [HLS 214-186] Unrolling loop 'LIN_O' (hls/graphsage_layer_int8_po2_19c_base.h:313:9) in function 'graphsage_int8_po2_const_adj_template<8, 16, 24, 7>' completely with a factor of 7 (hls/graphsage_layer_int8_po2_19c_const.h:87:0)
WARNING: [HLS 214-189] Pipeline directive for loop 'LIN_O' (hls/graphsage_layer_int8_po2_19c_base.h:313:9) in function 'graphsage_int8_po2_const_adj_template<8, 16, 24, 7>' has been removed because the loop is unrolled completely (hls/graphsage_layer_int8_po2_19c_base.h:319:1)
INFO: [HLS 214-186] Unrolling loop 'LIN_F' (hls/graphsage_layer_int8_po2_19c_base.h:326:13) in function 'graphsage_int8_po2_const_adj_template<8, 16, 24, 7>' completely with a factor of 24 (hls/graphsage_layer_int8_po2_19c_const.h:87:0)
INFO: [HLS 214-186] Unrolling loop 'ROW_FEATURE' (hls/graphsage_layer_int8_po2_19c_const.h:22:5) in function 'graphsage_int8_po2_const_adj_template<8, 16, 24, 7>' completely with a factor of 24 (hls/graphsage_layer_int8_po2_19c_const.h:87:0)
INFO: [HLS 214-186] Unrolling loop 'RELU_N' (hls/graphsage_layer_int8_po2_19c_base.h:367:5) in function 'graphsage_int8_po2_const_adj_template<8, 16, 24, 7>' completely with a factor of 8 (hls/graphsage_layer_int8_po2_19c_const.h:87:0)
INFO: [HLS 214-186] Unrolling loop 'RELU_F' (hls/graphsage_layer_int8_po2_19c_base.h:374:9) in function 'graphsage_int8_po2_const_adj_template<8, 16, 24, 7>' completely with a factor of 24 (hls/graphsage_layer_int8_po2_19c_const.h:87:0)
INFO: [HLS 214-186] Unrolling loop 'LIN_O' (hls/graphsage_layer_int8_po2_19c_base.h:313:9) in function 'graphsage_int8_po2_const_adj_template<8, 16, 24, 7>' completely with a factor of 24 (hls/graphsage_layer_int8_po2_19c_const.h:87:0)
INFO: [HLS 214-186] Unrolling loop 'LIN_F' (hls/graphsage_layer_int8_po2_19c_base.h:326:13) in function 'graphsage_int8_po2_const_adj_template<8, 16, 24, 7>' completely with a factor of 16 (hls/graphsage_layer_int8_po2_19c_const.h:87:0)
INFO: [HLS 214-186] Unrolling loop 'ROW_FEATURE' (hls/graphsage_layer_int8_po2_19c_const.h:22:5) in function 'graphsage_int8_po2_const_adj_template<8, 16, 24, 7>' completely with a factor of 16 (hls/graphsage_layer_int8_po2_19c_const.h:87:0)
INFO: [HLS 214-248] Applying array_partition to 'agg1': Complete partitioning on dimension 1. (hls/graphsage_layer_int8_po2_19c_const.h:90:12)
INFO: [HLS 214-248] Applying array_partition to 'hidden': Complete partitioning on dimension 1. (hls/graphsage_layer_int8_po2_19c_const.h:91:12)
INFO: [HLS 214-248] Applying array_partition to 'agg2': Complete partitioning on dimension 1. (hls/graphsage_layer_int8_po2_19c_const.h:92:12)
INFO: [HLS 214-248] Applying array_partition to 'input': Complete partitioning on dimension 1. (hls/graphsage_layer_int8_po2_19c_const.cpp:52:0)
INFO: [HLS 214-248] Applying array_partition to 'weights1': Complete partitioning on dimension 1. (hls/graphsage_layer_int8_po2_19c_const.cpp:52:0)
INFO: [HLS 214-248] Applying array_partition to 'bias1': Complete partitioning on dimension 1. (hls/graphsage_layer_int8_po2_19c_const.cpp:52:0)
INFO: [HLS 214-248] Applying array_partition to 'weights2': Complete partitioning on dimension 1. (hls/graphsage_layer_int8_po2_19c_const.cpp:52:0)
INFO: [HLS 214-248] Applying array_partition to 'bias2': Complete partitioning on dimension 1. (hls/graphsage_layer_int8_po2_19c_const.cpp:52:0)
INFO: [HLS 214-248] Applying array_partition to 'output': Complete partitioning on dimension 1. (hls/graphsage_layer_int8_po2_19c_const.cpp:52:0)
INFO: [HLS 214-241] Aggregating scalar variable 'output_7' with compact=bit mode in 8-bits (hls/graphsage_layer_int8_po2_19c_const.cpp:52:0)
INFO: [HLS 214-241] Aggregating scalar variable 'output_6' with compact=bit mode in 8-bits (hls/graphsage_layer_int8_po2_19c_const.cpp:52:0)
INFO: [HLS 214-241] Aggregating scalar variable 'output_5' with compact=bit mode in 8-bits (hls/graphsage_layer_int8_po2_19c_const.cpp:52:0)
INFO: [HLS 214-241] Aggregating scalar variable 'output_4' with compact=bit mode in 8-bits (hls/graphsage_layer_int8_po2_19c_const.cpp:52:0)
INFO: [HLS 214-241] Aggregating scalar variable 'output_3' with compact=bit mode in 8-bits (hls/graphsage_layer_int8_po2_19c_const.cpp:52:0)
INFO: [HLS 214-241] Aggregating scalar variable 'output_2' with compact=bit mode in 8-bits (hls/graphsage_layer_int8_po2_19c_const.cpp:52:0)
INFO: [HLS 214-241] Aggregating scalar variable 'output_1' with compact=bit mode in 8-bits (hls/graphsage_layer_int8_po2_19c_const.cpp:52:0)
INFO: [HLS 214-241] Aggregating scalar variable 'output_0' with compact=bit mode in 8-bits (hls/graphsage_layer_int8_po2_19c_const.cpp:52:0)
INFO: [HLS 214-241] Aggregating scalar variable 'weights2_6' with compact=bit mode in 8-bits (hls/graphsage_layer_int8_po2_19c_const.cpp:52:0)
INFO: [HLS 214-241] Aggregating scalar variable 'weights2_5' with compact=bit mode in 8-bits (hls/graphsage_layer_int8_po2_19c_const.cpp:52:0)
INFO: [HLS 214-241] Aggregating scalar variable 'weights2_4' with compact=bit mode in 8-bits (hls/graphsage_layer_int8_po2_19c_const.cpp:52:0)
INFO: [HLS 214-241] Aggregating scalar variable 'weights2_3' with compact=bit mode in 8-bits (hls/graphsage_layer_int8_po2_19c_const.cpp:52:0)
INFO: [HLS 214-241] Aggregating scalar variable 'weights2_2' with compact=bit mode in 8-bits (hls/graphsage_layer_int8_po2_19c_const.cpp:52:0)
INFO: [HLS 214-241] Aggregating scalar variable 'weights2_1' with compact=bit mode in 8-bits (hls/graphsage_layer_int8_po2_19c_const.cpp:52:0)
INFO: [HLS 214-241] Aggregating scalar variable 'weights2_0' with compact=bit mode in 8-bits (hls/graphsage_layer_int8_po2_19c_const.cpp:52:0)
INFO: [HLS 214-241] Aggregating scalar variable 'weights1_23' with compact=bit mode in 8-bits (hls/graphsage_layer_int8_po2_19c_const.cpp:52:0)
INFO: [HLS 214-241] Aggregating scalar variable 'weights1_22' with compact=bit mode in 8-bits (hls/graphsage_layer_int8_po2_19c_const.cpp:52:0)
INFO: [HLS 214-241] Aggregating scalar variable 'weights1_21' with compact=bit mode in 8-bits (hls/graphsage_layer_int8_po2_19c_const.cpp:52:0)
INFO: [HLS 214-241] Aggregating scalar variable 'weights1_20' with compact=bit mode in 8-bits (hls/graphsage_layer_int8_po2_19c_const.cpp:52:0)
INFO: [HLS 214-241] Aggregating scalar variable 'weights1_19' with compact=bit mode in 8-bits (hls/graphsage_layer_int8_po2_19c_const.cpp:52:0)
INFO: [HLS 214-241] Aggregating scalar variable 'weights1_18' with compact=bit mode in 8-bits (hls/graphsage_layer_int8_po2_19c_const.cpp:52:0)
INFO: [HLS 214-241] Aggregating scalar variable 'weights1_17' with compact=bit mode in 8-bits (hls/graphsage_layer_int8_po2_19c_const.cpp:52:0)
INFO: [HLS 214-241] Aggregating scalar variable 'weights1_16' with compact=bit mode in 8-bits (hls/graphsage_layer_int8_po2_19c_const.cpp:52:0)
INFO: [HLS 214-241] Aggregating scalar variable 'weights1_15' with compact=bit mode in 8-bits (hls/graphsage_layer_int8_po2_19c_const.cpp:52:0)
INFO: [HLS 214-241] Aggregating scalar variable 'weights1_14' with compact=bit mode in 8-bits (hls/graphsage_layer_int8_po2_19c_const.cpp:52:0)
INFO: [HLS 214-241] Aggregating scalar variable 'weights1_13' with compact=bit mode in 8-bits (hls/graphsage_layer_int8_po2_19c_const.cpp:52:0)
INFO: [HLS 214-241] Aggregating scalar variable 'weights1_12' with compact=bit mode in 8-bits (hls/graphsage_layer_int8_po2_19c_const.cpp:52:0)
INFO: [HLS 214-241] Aggregating scalar variable 'weights1_11' with compact=bit mode in 8-bits (hls/graphsage_layer_int8_po2_19c_const.cpp:52:0)
INFO: [HLS 214-241] Aggregating scalar variable 'weights1_10' with compact=bit mode in 8-bits (hls/graphsage_layer_int8_po2_19c_const.cpp:52:0)
INFO: [HLS 214-241] Aggregating scalar variable 'weights1_9' with compact=bit mode in 8-bits (hls/graphsage_layer_int8_po2_19c_const.cpp:52:0)
INFO: [HLS 214-241] Aggregating scalar variable 'weights1_8' with compact=bit mode in 8-bits (hls/graphsage_layer_int8_po2_19c_const.cpp:52:0)
INFO: [HLS 214-241] Aggregating scalar variable 'weights1_7' with compact=bit mode in 8-bits (hls/graphsage_layer_int8_po2_19c_const.cpp:52:0)
INFO: [HLS 214-241] Aggregating scalar variable 'weights1_6' with compact=bit mode in 8-bits (hls/graphsage_layer_int8_po2_19c_const.cpp:52:0)
INFO: [HLS 214-241] Aggregating scalar variable 'weights1_5' with compact=bit mode in 8-bits (hls/graphsage_layer_int8_po2_19c_const.cpp:52:0)
INFO: [HLS 214-241] Aggregating scalar variable 'weights1_4' with compact=bit mode in 8-bits (hls/graphsage_layer_int8_po2_19c_const.cpp:52:0)
INFO: [HLS 214-241] Aggregating scalar variable 'weights1_3' with compact=bit mode in 8-bits (hls/graphsage_layer_int8_po2_19c_const.cpp:52:0)
INFO: [HLS 214-241] Aggregating scalar variable 'weights1_2' with compact=bit mode in 8-bits (hls/graphsage_layer_int8_po2_19c_const.cpp:52:0)
INFO: [HLS 214-241] Aggregating scalar variable 'weights1_1' with compact=bit mode in 8-bits (hls/graphsage_layer_int8_po2_19c_const.cpp:52:0)
INFO: [HLS 214-241] Aggregating scalar variable 'weights1_0' with compact=bit mode in 8-bits (hls/graphsage_layer_int8_po2_19c_const.cpp:52:0)
INFO: [HLS 214-241] Aggregating scalar variable 'input_7' with compact=bit mode in 8-bits (hls/graphsage_layer_int8_po2_19c_const.cpp:52:0)
INFO: [HLS 214-241] Aggregating scalar variable 'input_6' with compact=bit mode in 8-bits (hls/graphsage_layer_int8_po2_19c_const.cpp:52:0)
INFO: [HLS 214-241] Aggregating scalar variable 'input_5' with compact=bit mode in 8-bits (hls/graphsage_layer_int8_po2_19c_const.cpp:52:0)
INFO: [HLS 214-241] Aggregating scalar variable 'input_4' with compact=bit mode in 8-bits (hls/graphsage_layer_int8_po2_19c_const.cpp:52:0)
INFO: [HLS 214-241] Aggregating scalar variable 'input_3' with compact=bit mode in 8-bits (hls/graphsage_layer_int8_po2_19c_const.cpp:52:0)
INFO: [HLS 214-241] Aggregating scalar variable 'input_2' with compact=bit mode in 8-bits (hls/graphsage_layer_int8_po2_19c_const.cpp:52:0)
INFO: [HLS 214-241] Aggregating scalar variable 'input_1' with compact=bit mode in 8-bits (hls/graphsage_layer_int8_po2_19c_const.cpp:52:0)
INFO: [HLS 214-241] Aggregating scalar variable 'input_0' with compact=bit mode in 8-bits (hls/graphsage_layer_int8_po2_19c_const.cpp:52:0)
INFO: [HLS 214-449] Partitioning array 'agg1_0' dimension 1 due to constant index. (hls/graphsage_layer_int8_po2_19c_const.h:90:12)
INFO: [HLS 214-449] Partitioning array 'agg1_1' dimension 1 due to constant index. (hls/graphsage_layer_int8_po2_19c_const.h:90:12)
INFO: [HLS 214-449] Partitioning array 'agg1_2' dimension 1 due to constant index. (hls/graphsage_layer_int8_po2_19c_const.h:90:12)
INFO: [HLS 214-449] Partitioning array 'agg1_3' dimension 1 due to constant index. (hls/graphsage_layer_int8_po2_19c_const.h:90:12)
INFO: [HLS 214-449] Partitioning array 'agg1_4' dimension 1 due to constant index. (hls/graphsage_layer_int8_po2_19c_const.h:90:12)
INFO: [HLS 214-449] Partitioning array 'agg1_5' dimension 1 due to constant index. (hls/graphsage_layer_int8_po2_19c_const.h:90:12)
INFO: [HLS 214-449] Partitioning array 'agg1_6' dimension 1 due to constant index. (hls/graphsage_layer_int8_po2_19c_const.h:90:12)
INFO: [HLS 214-449] Partitioning array 'agg1_7' dimension 1 due to constant index. (hls/graphsage_layer_int8_po2_19c_const.h:90:12)
INFO: [HLS 214-449] Partitioning array 'hidden_0' dimension 1 due to constant index. (hls/graphsage_layer_int8_po2_19c_const.h:91:12)
INFO: [HLS 214-449] Partitioning array 'hidden_1' dimension 1 due to constant index. (hls/graphsage_layer_int8_po2_19c_const.h:91:12)
INFO: [HLS 214-449] Partitioning array 'hidden_2' dimension 1 due to constant index. (hls/graphsage_layer_int8_po2_19c_const.h:91:12)
INFO: [HLS 214-449] Partitioning array 'hidden_3' dimension 1 due to constant index. (hls/graphsage_layer_int8_po2_19c_const.h:91:12)
INFO: [HLS 214-449] Partitioning array 'hidden_4' dimension 1 due to constant index. (hls/graphsage_layer_int8_po2_19c_const.h:91:12)
INFO: [HLS 214-449] Partitioning array 'hidden_5' dimension 1 due to constant index. (hls/graphsage_layer_int8_po2_19c_const.h:91:12)
INFO: [HLS 214-449] Partitioning array 'hidden_6' dimension 1 due to constant index. (hls/graphsage_layer_int8_po2_19c_const.h:91:12)
INFO: [HLS 214-449] Partitioning array 'hidden_7' dimension 1 due to constant index. (hls/graphsage_layer_int8_po2_19c_const.h:91:12)
INFO: [HLS 214-449] Partitioning array 'agg2_0' dimension 1 due to constant index. (hls/graphsage_layer_int8_po2_19c_const.h:92:12)
INFO: [HLS 214-449] Partitioning array 'agg2_1' dimension 1 due to constant index. (hls/graphsage_layer_int8_po2_19c_const.h:92:12)
INFO: [HLS 214-449] Partitioning array 'agg2_2' dimension 1 due to constant index. (hls/graphsage_layer_int8_po2_19c_const.h:92:12)
INFO: [HLS 214-449] Partitioning array 'agg2_3' dimension 1 due to constant index. (hls/graphsage_layer_int8_po2_19c_const.h:92:12)
INFO: [HLS 214-449] Partitioning array 'agg2_4' dimension 1 due to constant index. (hls/graphsage_layer_int8_po2_19c_const.h:92:12)
INFO: [HLS 214-449] Partitioning array 'agg2_5' dimension 1 due to constant index. (hls/graphsage_layer_int8_po2_19c_const.h:92:12)
INFO: [HLS 214-449] Partitioning array 'agg2_6' dimension 1 due to constant index. (hls/graphsage_layer_int8_po2_19c_const.h:92:12)
INFO: [HLS 214-449] Partitioning array 'agg2_7' dimension 1 due to constant index. (hls/graphsage_layer_int8_po2_19c_const.h:92:12)
INFO: [HLS 214-248] Applying array_partition to 'agg1_0': Complete partitioning on dimension 1. (hls/graphsage_layer_int8_po2_19c_const.h:90:12)
INFO: [HLS 214-248] Applying array_partition to 'agg1_1': Complete partitioning on dimension 1. (hls/graphsage_layer_int8_po2_19c_const.h:90:12)
INFO: [HLS 214-248] Applying array_partition to 'agg1_2': Complete partitioning on dimension 1. (hls/graphsage_layer_int8_po2_19c_const.h:90:12)
INFO: [HLS 214-248] Applying array_partition to 'agg1_3': Complete partitioning on dimension 1. (hls/graphsage_layer_int8_po2_19c_const.h:90:12)
INFO: [HLS 214-248] Applying array_partition to 'agg1_4': Complete partitioning on dimension 1. (hls/graphsage_layer_int8_po2_19c_const.h:90:12)
INFO: [HLS 214-248] Applying array_partition to 'agg1_5': Complete partitioning on dimension 1. (hls/graphsage_layer_int8_po2_19c_const.h:90:12)
INFO: [HLS 214-248] Applying array_partition to 'agg1_6': Complete partitioning on dimension 1. (hls/graphsage_layer_int8_po2_19c_const.h:90:12)
INFO: [HLS 214-248] Applying array_partition to 'agg1_7': Complete partitioning on dimension 1. (hls/graphsage_layer_int8_po2_19c_const.h:90:12)
INFO: [HLS 214-248] Applying array_partition to 'hidden_0': Complete partitioning on dimension 1. (hls/graphsage_layer_int8_po2_19c_const.h:91:12)
INFO: [HLS 214-248] Applying array_partition to 'hidden_1': Complete partitioning on dimension 1. (hls/graphsage_layer_int8_po2_19c_const.h:91:12)
INFO: [HLS 214-248] Applying array_partition to 'hidden_2': Complete partitioning on dimension 1. (hls/graphsage_layer_int8_po2_19c_const.h:91:12)
INFO: [HLS 214-248] Applying array_partition to 'hidden_3': Complete partitioning on dimension 1. (hls/graphsage_layer_int8_po2_19c_const.h:91:12)
INFO: [HLS 214-248] Applying array_partition to 'hidden_4': Complete partitioning on dimension 1. (hls/graphsage_layer_int8_po2_19c_const.h:91:12)
INFO: [HLS 214-248] Applying array_partition to 'hidden_5': Complete partitioning on dimension 1. (hls/graphsage_layer_int8_po2_19c_const.h:91:12)
INFO: [HLS 214-248] Applying array_partition to 'hidden_6': Complete partitioning on dimension 1. (hls/graphsage_layer_int8_po2_19c_const.h:91:12)
INFO: [HLS 214-248] Applying array_partition to 'hidden_7': Complete partitioning on dimension 1. (hls/graphsage_layer_int8_po2_19c_const.h:91:12)
INFO: [HLS 214-248] Applying array_partition to 'agg2_0': Complete partitioning on dimension 1. (hls/graphsage_layer_int8_po2_19c_const.h:92:12)
INFO: [HLS 214-248] Applying array_partition to 'agg2_1': Complete partitioning on dimension 1. (hls/graphsage_layer_int8_po2_19c_const.h:92:12)
INFO: [HLS 214-248] Applying array_partition to 'agg2_2': Complete partitioning on dimension 1. (hls/graphsage_layer_int8_po2_19c_const.h:92:12)
INFO: [HLS 214-248] Applying array_partition to 'agg2_3': Complete partitioning on dimension 1. (hls/graphsage_layer_int8_po2_19c_const.h:92:12)
INFO: [HLS 214-248] Applying array_partition to 'agg2_4': Complete partitioning on dimension 1. (hls/graphsage_layer_int8_po2_19c_const.h:92:12)
INFO: [HLS 214-248] Applying array_partition to 'agg2_5': Complete partitioning on dimension 1. (hls/graphsage_layer_int8_po2_19c_const.h:92:12)
INFO: [HLS 214-248] Applying array_partition to 'agg2_6': Complete partitioning on dimension 1. (hls/graphsage_layer_int8_po2_19c_const.h:92:12)
INFO: [HLS 214-248] Applying array_partition to 'agg2_7': Complete partitioning on dimension 1. (hls/graphsage_layer_int8_po2_19c_const.h:92:12)
INFO: [HLS 200-111] Finished Compiling Optimization and Transform: CPU user time: 44.58 seconds. CPU system time: 0.36 seconds. Elapsed time: 91.81 seconds; current allocated memory: 628.465 MB.
INFO: [HLS 200-111] Finished Checking Pragmas: CPU user time: 0 seconds. CPU system time: 0 seconds. Elapsed time: 0.03 seconds; current allocated memory: 628.465 MB.
INFO: [HLS 200-10] Starting code transformations ...
INFO: [HLS 200-111] Finished Standard Transforms: CPU user time: 4.89 seconds. CPU system time: 0.02 seconds. Elapsed time: 12.28 seconds; current allocated memory: 668.680 MB.
INFO: [HLS 200-10] Checking synthesizability ...
INFO: [HLS 200-111] Finished Checking Synthesizability: CPU user time: 80.96 seconds. CPU system time: 0.01 seconds. Elapsed time: 84.34 seconds; current allocated memory: 695.355 MB.
INFO: [XFORM 203-11] Balancing expressions in function 'graphsage_int8_po2_const_adj_template<8, 16, 24, 7>' (hls/graphsage_layer_int8_po2_19c_const.h:26:60)...4576 expression(s) balanced.
INFO: [HLS 200-111] Finished Loop, function and other optimizations: CPU user time: 88.39 seconds. CPU system time: 0.03 seconds. Elapsed time: 93.63 seconds; current allocated memory: 821.852 MB.
INFO: [HLS 200-111] Finished Architecture Synthesis: CPU user time: 24.72 seconds. CPU system time: 0.04 seconds. Elapsed time: 29.31 seconds; current allocated memory: 928.277 MB.
INFO: [HLS 200-10] Starting hardware synthesis ...
INFO: [HLS 200-10] Synthesizing 'graphsage_int8_po2' ...
WARNING: [SYN 201-103] Legalizing function name 'graphsage_int8_po2_const_adj_template<8, 16, 24, 7>' to 'graphsage_int8_po2_const_adj_template_8_16_24_7_s'.
INFO: [HLS 200-10] ----------------------------------------------------------------
INFO: [HLS 200-42] -- Implementing module 'graphsage_int8_po2_const_adj_template_8_16_24_7_s' 
INFO: [HLS 200-10] ----------------------------------------------------------------
INFO: [SCHED 204-11] Starting scheduling ...
INFO: [SCHED 204-61] Pipelining function 'graphsage_int8_po2_const_adj_template<8, 16, 24, 7>'.
WARNING: [HLS 200-448] Lower bound of II is 12 due to multiple 'load' operation 8 bit ('weights2_0_load', hls/graphsage_layer_int8_po2_19c_base.h:338->hls/graphsage_layer_int8_po2_19c_const.h:109) on array 'weights2_0', 'load' operation 8 bit ('weights2_0_load_1', hls/graphsage_layer_int8_po2_19c_base.h:338->hls/graphsage_layer_int8_po2_19c_const.h:109) on array 'weights2_0', 'load' operation 8 bit ('weights2_0_load_2', hls/graphsage_layer_int8_po2_19c_base.h:338->hls/graphsage_layer_int8_po2_19c_const.h:109) on array 'weights2_0', 'load' operation 8 bit ('weights2_0_load_3', hls/graphsage_layer_int8_po2_19c_base.h:338->hls/graphsage_layer_int8_po2_19c_const.h:109) on array 'weights2_0', 'load' operation 8 bit ('weights2_0_load_4', hls/graphsage_layer_int8_po2_19c_base.h:338->hls/graphsage_layer_int8_po2_19c_const.h:109) on array 'weights2_0', 'load' operation 8 bit ('weights2_0_load_5', hls/graphsage_layer_int8_po2_19c_base.h:338->hls/graphsage_layer_int8_po2_19c_const.h:109) on array 'weights2_0', 'load' operation 8 bit ('weights2_0_load_6', hls/graphsage_layer_int8_po2_19c_base.h:338->hls/graphsage_layer_int8_po2_19c_const.h:109) on array 'weights2_0', 'load' operation 8 bit ('weights2_0_load_7', hls/graphsage_layer_int8_po2_19c_base.h:338->hls/graphsage_layer_int8_po2_19c_const.h:109) on array 'weights2_0', 'load' operation 8 bit ('weights2_0_load_8', hls/graphsage_layer_int8_po2_19c_base.h:338->hls/graphsage_layer_int8_po2_19c_const.h:109) on array 'weights2_0', 'load' operation 8 bit ('weights2_0_load_9', hls/graphsage_layer_int8_po2_19c_base.h:338->hls/graphsage_layer_int8_po2_19c_const.h:109) on array 'weights2_0', 'load' operation 8 bit ('weights2_0_load_10', hls/graphsage_layer_int8_po2_19c_base.h:338->hls/graphsage_layer_int8_po2_19c_const.h:109) on array 'weights2_0', 'load' operation 8 bit ('weights2_0_load_11', hls/graphsage_layer_int8_po2_19c_base.h:338->hls/graphsage_layer_int8_po2_19c_const.h:109) on array 'weights2_0', 'load' operation 8 bit ('weights2_0_load_12', hls/graphsage_layer_int8_po2_19c_base.h:338->hls/graphsage_layer_int8_po2_19c_const.h:109) on array 'weights2_0', 'load' operation 8 bit ('weights2_0_load_13', hls/graphsage_layer_int8_po2_19c_base.h:338->hls/graphsage_layer_int8_po2_19c_const.h:109) on array 'weights2_0', 'load' operation 8 bit ('weights2_0_load_14', hls/graphsage_layer_int8_po2_19c_base.h:338->hls/graphsage_layer_int8_po2_19c_const.h:109) on array 'weights2_0', 'load' operation 8 bit ('weights2_0_load_15', hls/graphsage_layer_int8_po2_19c_base.h:338->hls/graphsage_layer_int8_po2_19c_const.h:109) on array 'weights2_0', 'load' operation 8 bit ('weights2_0_load_16', hls/graphsage_layer_int8_po2_19c_base.h:338->hls/graphsage_layer_int8_po2_19c_const.h:109) on array 'weights2_0', 'load' operation 8 bit ('weights2_0_load_17', hls/graphsage_layer_int8_po2_19c_base.h:338->hls/graphsage_layer_int8_po2_19c_const.h:109) on array 'weights2_0', 'load' operation 8 bit ('weights2_0_load_18', hls/graphsage_layer_int8_po2_19c_base.h:338->hls/graphsage_layer_int8_po2_19c_const.h:109) on array 'weights2_0', 'load' operation 8 bit ('weights2_0_load_19', hls/graphsage_layer_int8_po2_19c_base.h:338->hls/graphsage_layer_int8_po2_19c_const.h:109) on array 'weights2_0', 'load' operation 8 bit ('weights2_0_load_20', hls/graphsage_layer_int8_po2_19c_base.h:338->hls/graphsage_layer_int8_po2_19c_const.h:109) on array 'weights2_0', 'load' operation 8 bit ('weights2_0_load_21', hls/graphsage_layer_int8_po2_19c_base.h:338->hls/graphsage_layer_int8_po2_19c_const.h:109) on array 'weights2_0', 'load' operation 8 bit ('weights2_0_load_22', hls/graphsage_layer_int8_po2_19c_base.h:338->hls/graphsage_layer_int8_po2_19c_const.h:109) on array 'weights2_0', 'load' operation 8 bit ('weights2_0_load_23', hls/graphsage_layer_int8_po2_19c_base.h:338->hls/graphsage_layer_int8_po2_19c_const.h:109) on array 'weights2_0' accessing core:RAM:weights2_0
WARNING: [HLS 200-448] Lower bound of II is 12 due to multiple 'load' operation 8 bit ('weights2_1_load', hls/graphsage_layer_int8_po2_19c_base.h:338->hls/graphsage_layer_int8_po2_19c_const.h:109) on array 'weights2_1', 'load' operation 8 bit ('weights2_1_load_1', hls/graphsage_layer_int8_po2_19c_base.h:338->hls/graphsage_layer_int8_po2_19c_const.h:109) on array 'weights2_1', 'load' operation 8 bit ('weights2_1_load_2', hls/graphsage_layer_int8_po2_19c_base.h:338->hls/graphsage_layer_int8_po2_19c_const.h:109) on array 'weights2_1', 'load' operation 8 bit ('weights2_1_load_3', hls/graphsage_layer_int8_po2_19c_base.h:338->hls/graphsage_layer_int8_po2_19c_const.h:109) on array 'weights2_1', 'load' operation 8 bit ('weights2_1_load_4', hls/graphsage_layer_int8_po2_19c_base.h:338->hls/graphsage_layer_int8_po2_19c_const.h:109) on array 'weights2_1', 'load' operation 8 bit ('weights2_1_load_5', hls/graphsage_layer_int8_po2_19c_base.h:338->hls/graphsage_layer_int8_po2_19c_const.h:109) on array 'weights2_1', 'load' operation 8 bit ('weights2_1_load_6', hls/graphsage_layer_int8_po2_19c_base.h:338->hls/graphsage_layer_int8_po2_19c_const.h:109) on array 'weights2_1', 'load' operation 8 bit ('weights2_1_load_7', hls/graphsage_layer_int8_po2_19c_base.h:338->hls/graphsage_layer_int8_po2_19c_const.h:109) on array 'weights2_1', 'load' operation 8 bit ('weights2_1_load_8', hls/graphsage_layer_int8_po2_19c_base.h:338->hls/graphsage_layer_int8_po2_19c_const.h:109) on array 'weights2_1', 'load' operation 8 bit ('weights2_1_load_9', hls/graphsage_layer_int8_po2_19c_base.h:338->hls/graphsage_layer_int8_po2_19c_const.h:109) on array 'weights2_1', 'load' operation 8 bit ('weights2_1_load_10', hls/graphsage_layer_int8_po2_19c_base.h:338->hls/graphsage_layer_int8_po2_19c_const.h:109) on array 'weights2_1', 'load' operation 8 bit ('weights2_1_load_11', hls/graphsage_layer_int8_po2_19c_base.h:338->hls/graphsage_layer_int8_po2_19c_const.h:109) on array 'weights2_1', 'load' operation 8 bit ('weights2_1_load_12', hls/graphsage_layer_int8_po2_19c_base.h:338->hls/graphsage_layer_int8_po2_19c_const.h:109) on array 'weights2_1', 'load' operation 8 bit ('weights2_1_load_13', hls/graphsage_layer_int8_po2_19c_base.h:338->hls/graphsage_layer_int8_po2_19c_const.h:109) on array 'weights2_1', 'load' operation 8 bit ('weights2_1_load_14', hls/graphsage_layer_int8_po2_19c_base.h:338->hls/graphsage_layer_int8_po2_19c_const.h:109) on array 'weights2_1', 'load' operation 8 bit ('weights2_1_load_15', hls/graphsage_layer_int8_po2_19c_base.h:338->hls/graphsage_layer_int8_po2_19c_const.h:109) on array 'weights2_1', 'load' operation 8 bit ('weights2_1_load_16', hls/graphsage_layer_int8_po2_19c_base.h:338->hls/graphsage_layer_int8_po2_19c_const.h:109) on array 'weights2_1', 'load' operation 8 bit ('weights2_1_load_17', hls/graphsage_layer_int8_po2_19c_base.h:338->hls/graphsage_layer_int8_po2_19c_const.h:109) on array 'weights2_1', 'load' operation 8 bit ('weights2_1_load_18', hls/graphsage_layer_int8_po2_19c_base.h:338->hls/graphsage_layer_int8_po2_19c_const.h:109) on array 'weights2_1', 'load' operation 8 bit ('weights2_1_load_19', hls/graphsage_layer_int8_po2_19c_base.h:338->hls/graphsage_layer_int8_po2_19c_const.h:109) on array 'weights2_1', 'load' operation 8 bit ('weights2_1_load_20', hls/graphsage_layer_int8_po2_19c_base.h:338->hls/graphsage_layer_int8_po2_19c_const.h:109) on array 'weights2_1', 'load' operation 8 bit ('weights2_1_load_21', hls/graphsage_layer_int8_po2_19c_base.h:338->hls/graphsage_layer_int8_po2_19c_const.h:109) on array 'weights2_1', 'load' operation 8 bit ('weights2_1_load_22', hls/graphsage_layer_int8_po2_19c_base.h:338->hls/graphsage_layer_int8_po2_19c_const.h:109) on array 'weights2_1', 'load' operation 8 bit ('weights2_1_load_23', hls/graphsage_layer_int8_po2_19c_base.h:338->hls/graphsage_layer_int8_po2_19c_const.h:109) on array 'weights2_1' accessing core:RAM:weights2_1
WARNING: [HLS 200-448] Lower bound of II is 12 due to multiple 'load' operation 8 bit ('weights2_2_load', hls/graphsage_layer_int8_po2_19c_base.h:338->hls/graphsage_layer_int8_po2_19c_const.h:109) on array 'weights2_2', 'load' operation 8 bit ('weights2_2_load_1', hls/graphsage_layer_int8_po2_19c_base.h:338->hls/graphsage_layer_int8_po2_19c_const.h:109) on array 'weights2_2', 'load' operation 8 bit ('weights2_2_load_2', hls/graphsage_layer_int8_po2_19c_base.h:338->hls/graphsage_layer_int8_po2_19c_const.h:109) on array 'weights2_2', 'load' operation 8 bit ('weights2_2_load_3', hls/graphsage_layer_int8_po2_19c_base.h:338->hls/graphsage_layer_int8_po2_19c_const.h:109) on array 'weights2_2', 'load' operation 8 bit ('weights2_2_load_4', hls/graphsage_layer_int8_po2_19c_base.h:338->hls/graphsage_layer_int8_po2_19c_const.h:109) on array 'weights2_2', 'load' operation 8 bit ('weights2_2_load_5', hls/graphsage_layer_int8_po2_19c_base.h:338->hls/graphsage_layer_int8_po2_19c_const.h:109) on array 'weights2_2', 'load' operation 8 bit ('weights2_2_load_6', hls/graphsage_layer_int8_po2_19c_base.h:338->hls/graphsage_layer_int8_po2_19c_const.h:109) on array 'weights2_2', 'load' operation 8 bit ('weights2_2_load_7', hls/graphsage_layer_int8_po2_19c_base.h:338->hls/graphsage_layer_int8_po2_19c_const.h:109) on array 'weights2_2', 'load' operation 8 bit ('weights2_2_load_8', hls/graphsage_layer_int8_po2_19c_base.h:338->hls/graphsage_layer_int8_po2_19c_const.h:109) on array 'weights2_2', 'load' operation 8 bit ('weights2_2_load_9', hls/graphsage_layer_int8_po2_19c_base.h:338->hls/graphsage_layer_int8_po2_19c_const.h:109) on array 'weights2_2', 'load' operation 8 bit ('weights2_2_load_10', hls/graphsage_layer_int8_po2_19c_base.h:338->hls/graphsage_layer_int8_po2_19c_const.h:109) on array 'weights2_2', 'load' operation 8 bit ('weights2_2_load_11', hls/graphsage_layer_int8_po2_19c_base.h:338->hls/graphsage_layer_int8_po2_19c_const.h:109) on array 'weights2_2', 'load' operation 8 bit ('weights2_2_load_12', hls/graphsage_layer_int8_po2_19c_base.h:338->hls/graphsage_layer_int8_po2_19c_const.h:109) on array 'weights2_2', 'load' operation 8 bit ('weights2_2_load_13', hls/graphsage_layer_int8_po2_19c_base.h:338->hls/graphsage_layer_int8_po2_19c_const.h:109) on array 'weights2_2', 'load' operation 8 bit ('weights2_2_load_14', hls/graphsage_layer_int8_po2_19c_base.h:338->hls/graphsage_layer_int8_po2_19c_const.h:109) on array 'weights2_2', 'load' operation 8 bit ('weights2_2_load_15', hls/graphsage_layer_int8_po2_19c_base.h:338->hls/graphsage_layer_int8_po2_19c_const.h:109) on array 'weights2_2', 'load' operation 8 bit ('weights2_2_load_16', hls/graphsage_layer_int8_po2_19c_base.h:338->hls/graphsage_layer_int8_po2_19c_const.h:109) on array 'weights2_2', 'load' operation 8 bit ('weights2_2_load_17', hls/graphsage_layer_int8_po2_19c_base.h:338->hls/graphsage_layer_int8_po2_19c_const.h:109) on array 'weights2_2', 'load' operation 8 bit ('weights2_2_load_18', hls/graphsage_layer_int8_po2_19c_base.h:338->hls/graphsage_layer_int8_po2_19c_const.h:109) on array 'weights2_2', 'load' operation 8 bit ('weights2_2_load_19', hls/graphsage_layer_int8_po2_19c_base.h:338->hls/graphsage_layer_int8_po2_19c_const.h:109) on array 'weights2_2', 'load' operation 8 bit ('weights2_2_load_20', hls/graphsage_layer_int8_po2_19c_base.h:338->hls/graphsage_layer_int8_po2_19c_const.h:109) on array 'weights2_2', 'load' operation 8 bit ('weights2_2_load_21', hls/graphsage_layer_int8_po2_19c_base.h:338->hls/graphsage_layer_int8_po2_19c_const.h:109) on array 'weights2_2', 'load' operation 8 bit ('weights2_2_load_22', hls/graphsage_layer_int8_po2_19c_base.h:338->hls/graphsage_layer_int8_po2_19c_const.h:109) on array 'weights2_2', 'load' operation 8 bit ('weights2_2_load_23', hls/graphsage_layer_int8_po2_19c_base.h:338->hls/graphsage_layer_int8_po2_19c_const.h:109) on array 'weights2_2' accessing core:RAM:weights2_2
WARNING: [HLS 200-448] Lower bound of II is 12 due to multiple 'load' operation 8 bit ('weights2_3_load', hls/graphsage_layer_int8_po2_19c_base.h:338->hls/graphsage_layer_int8_po2_19c_const.h:109) on array 'weights2_3', 'load' operation 8 bit ('weights2_3_load_1', hls/graphsage_layer_int8_po2_19c_base.h:338->hls/graphsage_layer_int8_po2_19c_const.h:109) on array 'weights2_3', 'load' operation 8 bit ('weights2_3_load_2', hls/graphsage_layer_int8_po2_19c_base.h:338->hls/graphsage_layer_int8_po2_19c_const.h:109) on array 'weights2_3', 'load' operation 8 bit ('weights2_3_load_3', hls/graphsage_layer_int8_po2_19c_base.h:338->hls/graphsage_layer_int8_po2_19c_const.h:109) on array 'weights2_3', 'load' operation 8 bit ('weights2_3_load_4', hls/graphsage_layer_int8_po2_19c_base.h:338->hls/graphsage_layer_int8_po2_19c_const.h:109) on array 'weights2_3', 'load' operation 8 bit ('weights2_3_load_5', hls/graphsage_layer_int8_po2_19c_base.h:338->hls/graphsage_layer_int8_po2_19c_const.h:109) on array 'weights2_3', 'load' operation 8 bit ('weights2_3_load_6', hls/graphsage_layer_int8_po2_19c_base.h:338->hls/graphsage_layer_int8_po2_19c_const.h:109) on array 'weights2_3', 'load' operation 8 bit ('weights2_3_load_7', hls/graphsage_layer_int8_po2_19c_base.h:338->hls/graphsage_layer_int8_po2_19c_const.h:109) on array 'weights2_3', 'load' operation 8 bit ('weights2_3_load_8', hls/graphsage_layer_int8_po2_19c_base.h:338->hls/graphsage_layer_int8_po2_19c_const.h:109) on array 'weights2_3', 'load' operation 8 bit ('weights2_3_load_9', hls/graphsage_layer_int8_po2_19c_base.h:338->hls/graphsage_layer_int8_po2_19c_const.h:109) on array 'weights2_3', 'load' operation 8 bit ('weights2_3_load_10', hls/graphsage_layer_int8_po2_19c_base.h:338->hls/graphsage_layer_int8_po2_19c_const.h:109) on array 'weights2_3', 'load' operation 8 bit ('weights2_3_load_11', hls/graphsage_layer_int8_po2_19c_base.h:338->hls/graphsage_layer_int8_po2_19c_const.h:109) on array 'weights2_3', 'load' operation 8 bit ('weights2_3_load_12', hls/graphsage_layer_int8_po2_19c_base.h:338->hls/graphsage_layer_int8_po2_19c_const.h:109) on array 'weights2_3', 'load' operation 8 bit ('weights2_3_load_13', hls/graphsage_layer_int8_po2_19c_base.h:338->hls/graphsage_layer_int8_po2_19c_const.h:109) on array 'weights2_3', 'load' operation 8 bit ('weights2_3_load_14', hls/graphsage_layer_int8_po2_19c_base.h:338->hls/graphsage_layer_int8_po2_19c_const.h:109) on array 'weights2_3', 'load' operation 8 bit ('weights2_3_load_15', hls/graphsage_layer_int8_po2_19c_base.h:338->hls/graphsage_layer_int8_po2_19c_const.h:109) on array 'weights2_3', 'load' operation 8 bit ('weights2_3_load_16', hls/graphsage_layer_int8_po2_19c_base.h:338->hls/graphsage_layer_int8_po2_19c_const.h:109) on array 'weights2_3', 'load' operation 8 bit ('weights2_3_load_17', hls/graphsage_layer_int8_po2_19c_base.h:338->hls/graphsage_layer_int8_po2_19c_const.h:109) on array 'weights2_3', 'load' operation 8 bit ('weights2_3_load_18', hls/graphsage_layer_int8_po2_19c_base.h:338->hls/graphsage_layer_int8_po2_19c_const.h:109) on array 'weights2_3', 'load' operation 8 bit ('weights2_3_load_19', hls/graphsage_layer_int8_po2_19c_base.h:338->hls/graphsage_layer_int8_po2_19c_const.h:109) on array 'weights2_3', 'load' operation 8 bit ('weights2_3_load_20', hls/graphsage_layer_int8_po2_19c_base.h:338->hls/graphsage_layer_int8_po2_19c_const.h:109) on array 'weights2_3', 'load' operation 8 bit ('weights2_3_load_21', hls/graphsage_layer_int8_po2_19c_base.h:338->hls/graphsage_layer_int8_po2_19c_const.h:109) on array 'weights2_3', 'load' operation 8 bit ('weights2_3_load_22', hls/graphsage_layer_int8_po2_19c_base.h:338->hls/graphsage_layer_int8_po2_19c_const.h:109) on array 'weights2_3', 'load' operation 8 bit ('weights2_3_load_23', hls/graphsage_layer_int8_po2_19c_base.h:338->hls/graphsage_layer_int8_po2_19c_const.h:109) on array 'weights2_3' accessing core:RAM:weights2_3
WARNING: [HLS 200-448] Lower bound of II is 12 due to multiple 'load' operation 8 bit ('weights2_4_load', hls/graphsage_layer_int8_po2_19c_base.h:338->hls/graphsage_layer_int8_po2_19c_const.h:109) on array 'weights2_4', 'load' operation 8 bit ('weights2_4_load_1', hls/graphsage_layer_int8_po2_19c_base.h:338->hls/graphsage_layer_int8_po2_19c_const.h:109) on array 'weights2_4', 'load' operation 8 bit ('weights2_4_load_2', hls/graphsage_layer_int8_po2_19c_base.h:338->hls/graphsage_layer_int8_po2_19c_const.h:109) on array 'weights2_4', 'load' operation 8 bit ('weights2_4_load_3', hls/graphsage_layer_int8_po2_19c_base.h:338->hls/graphsage_layer_int8_po2_19c_const.h:109) on array 'weights2_4', 'load' operation 8 bit ('weights2_4_load_4', hls/graphsage_layer_int8_po2_19c_base.h:338->hls/graphsage_layer_int8_po2_19c_const.h:109) on array 'weights2_4', 'load' operation 8 bit ('weights2_4_load_5', hls/graphsage_layer_int8_po2_19c_base.h:338->hls/graphsage_layer_int8_po2_19c_const.h:109) on array 'weights2_4', 'load' operation 8 bit ('weights2_4_load_6', hls/graphsage_layer_int8_po2_19c_base.h:338->hls/graphsage_layer_int8_po2_19c_const.h:109) on array 'weights2_4', 'load' operation 8 bit ('weights2_4_load_7', hls/graphsage_layer_int8_po2_19c_base.h:338->hls/graphsage_layer_int8_po2_19c_const.h:109) on array 'weights2_4', 'load' operation 8 bit ('weights2_4_load_8', hls/graphsage_layer_int8_po2_19c_base.h:338->hls/graphsage_layer_int8_po2_19c_const.h:109) on array 'weights2_4', 'load' operation 8 bit ('weights2_4_load_9', hls/graphsage_layer_int8_po2_19c_base.h:338->hls/graphsage_layer_int8_po2_19c_const.h:109) on array 'weights2_4', 'load' operation 8 bit ('weights2_4_load_10', hls/graphsage_layer_int8_po2_19c_base.h:338->hls/graphsage_layer_int8_po2_19c_const.h:109) on array 'weights2_4', 'load' operation 8 bit ('weights2_4_load_11', hls/graphsage_layer_int8_po2_19c_base.h:338->hls/graphsage_layer_int8_po2_19c_const.h:109) on array 'weights2_4', 'load' operation 8 bit ('weights2_4_load_12', hls/graphsage_layer_int8_po2_19c_base.h:338->hls/graphsage_layer_int8_po2_19c_const.h:109) on array 'weights2_4', 'load' operation 8 bit ('weights2_4_load_13', hls/graphsage_layer_int8_po2_19c_base.h:338->hls/graphsage_layer_int8_po2_19c_const.h:109) on array 'weights2_4', 'load' operation 8 bit ('weights2_4_load_14', hls/graphsage_layer_int8_po2_19c_base.h:338->hls/graphsage_layer_int8_po2_19c_const.h:109) on array 'weights2_4', 'load' operation 8 bit ('weights2_4_load_15', hls/graphsage_layer_int8_po2_19c_base.h:338->hls/graphsage_layer_int8_po2_19c_const.h:109) on array 'weights2_4', 'load' operation 8 bit ('weights2_4_load_16', hls/graphsage_layer_int8_po2_19c_base.h:338->hls/graphsage_layer_int8_po2_19c_const.h:109) on array 'weights2_4', 'load' operation 8 bit ('weights2_4_load_17', hls/graphsage_layer_int8_po2_19c_base.h:338->hls/graphsage_layer_int8_po2_19c_const.h:109) on array 'weights2_4', 'load' operation 8 bit ('weights2_4_load_18', hls/graphsage_layer_int8_po2_19c_base.h:338->hls/graphsage_layer_int8_po2_19c_const.h:109) on array 'weights2_4', 'load' operation 8 bit ('weights2_4_load_19', hls/graphsage_layer_int8_po2_19c_base.h:338->hls/graphsage_layer_int8_po2_19c_const.h:109) on array 'weights2_4', 'load' operation 8 bit ('weights2_4_load_20', hls/graphsage_layer_int8_po2_19c_base.h:338->hls/graphsage_layer_int8_po2_19c_const.h:109) on array 'weights2_4', 'load' operation 8 bit ('weights2_4_load_21', hls/graphsage_layer_int8_po2_19c_base.h:338->hls/graphsage_layer_int8_po2_19c_const.h:109) on array 'weights2_4', 'load' operation 8 bit ('weights2_4_load_22', hls/graphsage_layer_int8_po2_19c_base.h:338->hls/graphsage_layer_int8_po2_19c_const.h:109) on array 'weights2_4', 'load' operation 8 bit ('weights2_4_load_23', hls/graphsage_layer_int8_po2_19c_base.h:338->hls/graphsage_layer_int8_po2_19c_const.h:109) on array 'weights2_4' accessing core:RAM:weights2_4
WARNING: [HLS 200-448] Lower bound of II is 12 due to multiple 'load' operation 8 bit ('weights2_5_load', hls/graphsage_layer_int8_po2_19c_base.h:338->hls/graphsage_layer_int8_po2_19c_const.h:109) on array 'weights2_5', 'load' operation 8 bit ('weights2_5_load_1', hls/graphsage_layer_int8_po2_19c_base.h:338->hls/graphsage_layer_int8_po2_19c_const.h:109) on array 'weights2_5', 'load' operation 8 bit ('weights2_5_load_2', hls/graphsage_layer_int8_po2_19c_base.h:338->hls/graphsage_layer_int8_po2_19c_const.h:109) on array 'weights2_5', 'load' operation 8 bit ('weights2_5_load_3', hls/graphsage_layer_int8_po2_19c_base.h:338->hls/graphsage_layer_int8_po2_19c_const.h:109) on array 'weights2_5', 'load' operation 8 bit ('weights2_5_load_4', hls/graphsage_layer_int8_po2_19c_base.h:338->hls/graphsage_layer_int8_po2_19c_const.h:109) on array 'weights2_5', 'load' operation 8 bit ('weights2_5_load_5', hls/graphsage_layer_int8_po2_19c_base.h:338->hls/graphsage_layer_int8_po2_19c_const.h:109) on array 'weights2_5', 'load' operation 8 bit ('weights2_5_load_6', hls/graphsage_layer_int8_po2_19c_base.h:338->hls/graphsage_layer_int8_po2_19c_const.h:109) on array 'weights2_5', 'load' operation 8 bit ('weights2_5_load_7', hls/graphsage_layer_int8_po2_19c_base.h:338->hls/graphsage_layer_int8_po2_19c_const.h:109) on array 'weights2_5', 'load' operation 8 bit ('weights2_5_load_8', hls/graphsage_layer_int8_po2_19c_base.h:338->hls/graphsage_layer_int8_po2_19c_const.h:109) on array 'weights2_5', 'load' operation 8 bit ('weights2_5_load_9', hls/graphsage_layer_int8_po2_19c_base.h:338->hls/graphsage_layer_int8_po2_19c_const.h:109) on array 'weights2_5', 'load' operation 8 bit ('weights2_5_load_10', hls/graphsage_layer_int8_po2_19c_base.h:338->hls/graphsage_layer_int8_po2_19c_const.h:109) on array 'weights2_5', 'load' operation 8 bit ('weights2_5_load_11', hls/graphsage_layer_int8_po2_19c_base.h:338->hls/graphsage_layer_int8_po2_19c_const.h:109) on array 'weights2_5', 'load' operation 8 bit ('weights2_5_load_12', hls/graphsage_layer_int8_po2_19c_base.h:338->hls/graphsage_layer_int8_po2_19c_const.h:109) on array 'weights2_5', 'load' operation 8 bit ('weights2_5_load_13', hls/graphsage_layer_int8_po2_19c_base.h:338->hls/graphsage_layer_int8_po2_19c_const.h:109) on array 'weights2_5', 'load' operation 8 bit ('weights2_5_load_14', hls/graphsage_layer_int8_po2_19c_base.h:338->hls/graphsage_layer_int8_po2_19c_const.h:109) on array 'weights2_5', 'load' operation 8 bit ('weights2_5_load_15', hls/graphsage_layer_int8_po2_19c_base.h:338->hls/graphsage_layer_int8_po2_19c_const.h:109) on array 'weights2_5', 'load' operation 8 bit ('weights2_5_load_16', hls/graphsage_layer_int8_po2_19c_base.h:338->hls/graphsage_layer_int8_po2_19c_const.h:109) on array 'weights2_5', 'load' operation 8 bit ('weights2_5_load_17', hls/graphsage_layer_int8_po2_19c_base.h:338->hls/graphsage_layer_int8_po2_19c_const.h:109) on array 'weights2_5', 'load' operation 8 bit ('weights2_5_load_18', hls/graphsage_layer_int8_po2_19c_base.h:338->hls/graphsage_layer_int8_po2_19c_const.h:109) on array 'weights2_5', 'load' operation 8 bit ('weights2_5_load_19', hls/graphsage_layer_int8_po2_19c_base.h:338->hls/graphsage_layer_int8_po2_19c_const.h:109) on array 'weights2_5', 'load' operation 8 bit ('weights2_5_load_20', hls/graphsage_layer_int8_po2_19c_base.h:338->hls/graphsage_layer_int8_po2_19c_const.h:109) on array 'weights2_5', 'load' operation 8 bit ('weights2_5_load_21', hls/graphsage_layer_int8_po2_19c_base.h:338->hls/graphsage_layer_int8_po2_19c_const.h:109) on array 'weights2_5', 'load' operation 8 bit ('weights2_5_load_22', hls/graphsage_layer_int8_po2_19c_base.h:338->hls/graphsage_layer_int8_po2_19c_const.h:109) on array 'weights2_5', 'load' operation 8 bit ('weights2_5_load_23', hls/graphsage_layer_int8_po2_19c_base.h:338->hls/graphsage_layer_int8_po2_19c_const.h:109) on array 'weights2_5' accessing core:RAM:weights2_5
WARNING: [HLS 200-448] Lower bound of II is 12 due to multiple 'load' operation 8 bit ('weights2_6_load', hls/graphsage_layer_int8_po2_19c_base.h:338->hls/graphsage_layer_int8_po2_19c_const.h:109) on array 'weights2_6', 'load' operation 8 bit ('weights2_6_load_1', hls/graphsage_layer_int8_po2_19c_base.h:338->hls/graphsage_layer_int8_po2_19c_const.h:109) on array 'weights2_6', 'load' operation 8 bit ('weights2_6_load_2', hls/graphsage_layer_int8_po2_19c_base.h:338->hls/graphsage_layer_int8_po2_19c_const.h:109) on array 'weights2_6', 'load' operation 8 bit ('weights2_6_load_3', hls/graphsage_layer_int8_po2_19c_base.h:338->hls/graphsage_layer_int8_po2_19c_const.h:109) on array 'weights2_6', 'load' operation 8 bit ('weights2_6_load_4', hls/graphsage_layer_int8_po2_19c_base.h:338->hls/graphsage_layer_int8_po2_19c_const.h:109) on array 'weights2_6', 'load' operation 8 bit ('weights2_6_load_5', hls/graphsage_layer_int8_po2_19c_base.h:338->hls/graphsage_layer_int8_po2_19c_const.h:109) on array 'weights2_6', 'load' operation 8 bit ('weights2_6_load_6', hls/graphsage_layer_int8_po2_19c_base.h:338->hls/graphsage_layer_int8_po2_19c_const.h:109) on array 'weights2_6', 'load' operation 8 bit ('weights2_6_load_7', hls/graphsage_layer_int8_po2_19c_base.h:338->hls/graphsage_layer_int8_po2_19c_const.h:109) on array 'weights2_6', 'load' operation 8 bit ('weights2_6_load_8', hls/graphsage_layer_int8_po2_19c_base.h:338->hls/graphsage_layer_int8_po2_19c_const.h:109) on array 'weights2_6', 'load' operation 8 bit ('weights2_6_load_9', hls/graphsage_layer_int8_po2_19c_base.h:338->hls/graphsage_layer_int8_po2_19c_const.h:109) on array 'weights2_6', 'load' operation 8 bit ('weights2_6_load_10', hls/graphsage_layer_int8_po2_19c_base.h:338->hls/graphsage_layer_int8_po2_19c_const.h:109) on array 'weights2_6', 'load' operation 8 bit ('weights2_6_load_11', hls/graphsage_layer_int8_po2_19c_base.h:338->hls/graphsage_layer_int8_po2_19c_const.h:109) on array 'weights2_6', 'load' operation 8 bit ('weights2_6_load_12', hls/graphsage_layer_int8_po2_19c_base.h:338->hls/graphsage_layer_int8_po2_19c_const.h:109) on array 'weights2_6', 'load' operation 8 bit ('weights2_6_load_13', hls/graphsage_layer_int8_po2_19c_base.h:338->hls/graphsage_layer_int8_po2_19c_const.h:109) on array 'weights2_6', 'load' operation 8 bit ('weights2_6_load_14', hls/graphsage_layer_int8_po2_19c_base.h:338->hls/graphsage_layer_int8_po2_19c_const.h:109) on array 'weights2_6', 'load' operation 8 bit ('weights2_6_load_15', hls/graphsage_layer_int8_po2_19c_base.h:338->hls/graphsage_layer_int8_po2_19c_const.h:109) on array 'weights2_6', 'load' operation 8 bit ('weights2_6_load_16', hls/graphsage_layer_int8_po2_19c_base.h:338->hls/graphsage_layer_int8_po2_19c_const.h:109) on array 'weights2_6', 'load' operation 8 bit ('weights2_6_load_17', hls/graphsage_layer_int8_po2_19c_base.h:338->hls/graphsage_layer_int8_po2_19c_const.h:109) on array 'weights2_6', 'load' operation 8 bit ('weights2_6_load_18', hls/graphsage_layer_int8_po2_19c_base.h:338->hls/graphsage_layer_int8_po2_19c_const.h:109) on array 'weights2_6', 'load' operation 8 bit ('weights2_6_load_19', hls/graphsage_layer_int8_po2_19c_base.h:338->hls/graphsage_layer_int8_po2_19c_const.h:109) on array 'weights2_6', 'load' operation 8 bit ('weights2_6_load_20', hls/graphsage_layer_int8_po2_19c_base.h:338->hls/graphsage_layer_int8_po2_19c_const.h:109) on array 'weights2_6', 'load' operation 8 bit ('weights2_6_load_21', hls/graphsage_layer_int8_po2_19c_base.h:338->hls/graphsage_layer_int8_po2_19c_const.h:109) on array 'weights2_6', 'load' operation 8 bit ('weights2_6_load_22', hls/graphsage_layer_int8_po2_19c_base.h:338->hls/graphsage_layer_int8_po2_19c_const.h:109) on array 'weights2_6', 'load' operation 8 bit ('weights2_6_load_23', hls/graphsage_layer_int8_po2_19c_base.h:338->hls/graphsage_layer_int8_po2_19c_const.h:109) on array 'weights2_6' accessing core:RAM:weights2_6
INFO: [HLS 200-1470] Pipelining result : Target II = 1, Final II = 12, Depth = 40, function 'graphsage_int8_po2_const_adj_template<8, 16, 24, 7>'
WARNING: [HLS 200-871] Estimated clock period (2.770 ns) exceeds the target (target clock period: 2.770 ns, clock uncertainty: 1.000 ns, effective delay budget: 1.770 ns).
Resolution: For help on HLS 200-871 see docs.amd.com/access/sources/dita/topic?Doc_Version=2025.2%20English&url=ug1448-hls-guidance&resourceid=200-871.html
WARNING: [HLS 200-1016] The critical path in module 'graphsage_int8_po2_const_adj_template_8_16_24_7_s' consists of the following:
	'add' operation 10 bit of DSP[307] ('neighbor_sum', hls/graphsage_layer_int8_po2_19c_const.h:33->hls/graphsage_layer_int8_po2_19c_const.h:69->hls/graphsage_layer_int8_po2_19c_const.h:100) [303]  (1.682 ns)
	'mul' operation 20 bit of DSP[307] ('mul_ln48_7', hls/graphsage_layer_int8_po2_19c_const.h:48->hls/graphsage_layer_int8_po2_19c_const.h:69->hls/graphsage_layer_int8_po2_19c_const.h:100) [305]  (1.088 ns)

Resolution: For help on HLS 200-1016 see docs.amd.com/access/sources/dita/topic?Doc_Version=2025.2%20English&url=ug1448-hls-guidance&resourceid=200-1016.html
INFO: [SCHED 204-11] Finished scheduling.
INFO: [HLS 200-111] Finished Scheduling: CPU user time: 75.17 seconds. CPU system time: 0.1 seconds. Elapsed time: 78.61 seconds; current allocated memory: 1.154 GB.
INFO: [BIND 205-100] Starting micro-architecture generation ...
INFO: [BIND 205-101] Performing variable lifetime analysis.
INFO: [BIND 205-101] Exploring resource sharing.
INFO: [BIND 205-101] Binding ...
INFO: [BIND 205-100] Finished micro-architecture generation.
INFO: [HLS 200-111] Finished Binding: CPU user time: 18.76 seconds. CPU system time: 0.06 seconds. Elapsed time: 146.59 seconds; current allocated memory: 1.154 GB.
INFO: [HLS 200-10] ----------------------------------------------------------------
INFO: [HLS 200-42] -- Implementing module 'graphsage_int8_po2' 
INFO: [HLS 200-10] ----------------------------------------------------------------
INFO: [SCHED 204-11] Starting scheduling ...
INFO: [SCHED 204-61] Pipelining function 'graphsage_int8_po2'.
INFO: [HLS 200-1470] Pipelining result : Target II = 1, Final II = 12, Depth = 40, function 'graphsage_int8_po2'
INFO: [SCHED 204-11] Finished scheduling.
INFO: [HLS 200-111] Finished Scheduling: CPU user time: 2.05 seconds. CPU system time: 0.08 seconds. Elapsed time: 184.12 seconds; current allocated memory: 1.154 GB.
INFO: [BIND 205-100] Starting micro-architecture generation ...
INFO: [BIND 205-101] Performing variable lifetime analysis.
INFO: [BIND 205-101] Exploring resource sharing.
INFO: [BIND 205-101] Binding ...
INFO: [BIND 205-100] Finished micro-architecture generation.
INFO: [HLS 200-111] Finished Binding: CPU user time: 0.14 seconds. CPU system time: 0 seconds. Elapsed time: 1.37 seconds; current allocated memory: 1.154 GB.
INFO: [HLS 200-10] ----------------------------------------------------------------
INFO: [HLS 200-10] -- Generating RTL for module 'graphsage_int8_po2_const_adj_template_8_16_24_7_s' 
INFO: [HLS 200-10] ----------------------------------------------------------------
INFO: [HLS 200-1030] Apply Unified Pipeline Control on module 'graphsage_int8_po2_const_adj_template_8_16_24_7_s' pipeline 'graphsage_int8_po2_const_adj_template<8, 16, 24, 7>' pipeline type 'function pipeline'
INFO: [RTGEN 206-104] Estimated max fanout for 'graphsage_int8_po2_const_adj_template_8_16_24_7_s' is 15090 from HDL expression: ((1'b0 == ap_block_pp0_stage6_11001) & (1'b1 == ap_CS_fsm_pp0_stage6))
INFO: [RTGEN 206-100] Generating core module 'ama_addmuladd_8ns_7ns_11ns_12ns_19_4_1': 96 instance(s).
INFO: [RTGEN 206-100] Generating core module 'ama_addmuladd_9s_8s_11ns_17ns_21_4_1': 64 instance(s).
INFO: [RTGEN 206-100] Generating core module 'mul_8s_4s_12_4_1': 3072 instance(s).
INFO: [RTGEN 206-100] Generating core module 'mul_8s_7ns_15_4_1': 1344 instance(s).
INFO: [RTGEN 206-100] Finished creating RTL model for 'graphsage_int8_po2_const_adj_template_8_16_24_7_s'.
INFO: [HLS 200-111] Finished Creating RTL model: CPU user time: 10.49 seconds. CPU system time: 0.08 seconds. Elapsed time: 13.82 seconds; current allocated memory: 1.339 GB.
INFO: [HLS 200-10] ----------------------------------------------------------------
INFO: [HLS 200-10] -- Generating RTL for module 'graphsage_int8_po2' 
INFO: [HLS 200-10] ----------------------------------------------------------------
INFO: [RTGEN 206-500] Setting interface mode on port 'graphsage_int8_po2/input_0' to 'ap_memory'.
INFO: [RTGEN 206-500] Setting interface mode on port 'graphsage_int8_po2/input_1' to 'ap_memory'.
INFO: [RTGEN 206-500] Setting interface mode on port 'graphsage_int8_po2/input_2' to 'ap_memory'.
INFO: [RTGEN 206-500] Setting interface mode on port 'graphsage_int8_po2/input_3' to 'ap_memory'.
INFO: [RTGEN 206-500] Setting interface mode on port 'graphsage_int8_po2/input_4' to 'ap_memory'.
INFO: [RTGEN 206-500] Setting interface mode on port 'graphsage_int8_po2/input_5' to 'ap_memory'.
INFO: [RTGEN 206-500] Setting interface mode on port 'graphsage_int8_po2/input_6' to 'ap_memory'.
INFO: [RTGEN 206-500] Setting interface mode on port 'graphsage_int8_po2/input_7' to 'ap_memory'.
INFO: [RTGEN 206-500] Setting interface mode on port 'graphsage_int8_po2/weights1_0' to 'ap_memory'.
INFO: [RTGEN 206-500] Setting interface mode on port 'graphsage_int8_po2/weights1_1' to 'ap_memory'.
INFO: [RTGEN 206-500] Setting interface mode on port 'graphsage_int8_po2/weights1_2' to 'ap_memory'.
INFO: [RTGEN 206-500] Setting interface mode on port 'graphsage_int8_po2/weights1_3' to 'ap_memory'.
INFO: [RTGEN 206-500] Setting interface mode on port 'graphsage_int8_po2/weights1_4' to 'ap_memory'.
INFO: [RTGEN 206-500] Setting interface mode on port 'graphsage_int8_po2/weights1_5' to 'ap_memory'.
INFO: [RTGEN 206-500] Setting interface mode on port 'graphsage_int8_po2/weights1_6' to 'ap_memory'.
INFO: [RTGEN 206-500] Setting interface mode on port 'graphsage_int8_po2/weights1_7' to 'ap_memory'.
INFO: [RTGEN 206-500] Setting interface mode on port 'graphsage_int8_po2/weights1_8' to 'ap_memory'.
INFO: [RTGEN 206-500] Setting interface mode on port 'graphsage_int8_po2/weights1_9' to 'ap_memory'.
INFO: [RTGEN 206-500] Setting interface mode on port 'graphsage_int8_po2/weights1_10' to 'ap_memory'.
INFO: [RTGEN 206-500] Setting interface mode on port 'graphsage_int8_po2/weights1_11' to 'ap_memory'.
INFO: [RTGEN 206-500] Setting interface mode on port 'graphsage_int8_po2/weights1_12' to 'ap_memory'.
INFO: [RTGEN 206-500] Setting interface mode on port 'graphsage_int8_po2/weights1_13' to 'ap_memory'.
INFO: [RTGEN 206-500] Setting interface mode on port 'graphsage_int8_po2/weights1_14' to 'ap_memory'.
INFO: [RTGEN 206-500] Setting interface mode on port 'graphsage_int8_po2/weights1_15' to 'ap_memory'.
INFO: [RTGEN 206-500] Setting interface mode on port 'graphsage_int8_po2/weights1_16' to 'ap_memory'.
INFO: [RTGEN 206-500] Setting interface mode on port 'graphsage_int8_po2/weights1_17' to 'ap_memory'.
INFO: [RTGEN 206-500] Setting interface mode on port 'graphsage_int8_po2/weights1_18' to 'ap_memory'.
INFO: [RTGEN 206-500] Setting interface mode on port 'graphsage_int8_po2/weights1_19' to 'ap_memory'.
INFO: [RTGEN 206-500] Setting interface mode on port 'graphsage_int8_po2/weights1_20' to 'ap_memory'.
INFO: [RTGEN 206-500] Setting interface mode on port 'graphsage_int8_po2/weights1_21' to 'ap_memory'.
INFO: [RTGEN 206-500] Setting interface mode on port 'graphsage_int8_po2/weights1_22' to 'ap_memory'.
INFO: [RTGEN 206-500] Setting interface mode on port 'graphsage_int8_po2/weights1_23' to 'ap_memory'.
INFO: [RTGEN 206-500] Setting interface mode on port 'graphsage_int8_po2/bias1_0' to 'ap_none'.
INFO: [RTGEN 206-500] Setting interface mode on port 'graphsage_int8_po2/bias1_1' to 'ap_none'.
INFO: [RTGEN 206-500] Setting interface mode on port 'graphsage_int8_po2/bias1_2' to 'ap_none'.
INFO: [RTGEN 206-500] Setting interface mode on port 'graphsage_int8_po2/bias1_3' to 'ap_none'.
INFO: [RTGEN 206-500] Setting interface mode on port 'graphsage_int8_po2/bias1_4' to 'ap_none'.
INFO: [RTGEN 206-500] Setting interface mode on port 'graphsage_int8_po2/bias1_5' to 'ap_none'.
INFO: [RTGEN 206-500] Setting interface mode on port 'graphsage_int8_po2/bias1_6' to 'ap_none'.
INFO: [RTGEN 206-500] Setting interface mode on port 'graphsage_int8_po2/bias1_7' to 'ap_none'.
INFO: [RTGEN 206-500] Setting interface mode on port 'graphsage_int8_po2/bias1_8' to 'ap_none'.
INFO: [RTGEN 206-500] Setting interface mode on port 'graphsage_int8_po2/bias1_9' to 'ap_none'.
INFO: [RTGEN 206-500] Setting interface mode on port 'graphsage_int8_po2/bias1_10' to 'ap_none'.
INFO: [RTGEN 206-500] Setting interface mode on port 'graphsage_int8_po2/bias1_11' to 'ap_none'.
INFO: [RTGEN 206-500] Setting interface mode on port 'graphsage_int8_po2/bias1_12' to 'ap_none'.
INFO: [RTGEN 206-500] Setting interface mode on port 'graphsage_int8_po2/bias1_13' to 'ap_none'.
INFO: [RTGEN 206-500] Setting interface mode on port 'graphsage_int8_po2/bias1_14' to 'ap_none'.
INFO: [RTGEN 206-500] Setting interface mode on port 'graphsage_int8_po2/bias1_15' to 'ap_none'.
INFO: [RTGEN 206-500] Setting interface mode on port 'graphsage_int8_po2/bias1_16' to 'ap_none'.
INFO: [RTGEN 206-500] Setting interface mode on port 'graphsage_int8_po2/bias1_17' to 'ap_none'.
INFO: [RTGEN 206-500] Setting interface mode on port 'graphsage_int8_po2/bias1_18' to 'ap_none'.
INFO: [RTGEN 206-500] Setting interface mode on port 'graphsage_int8_po2/bias1_19' to 'ap_none'.
INFO: [RTGEN 206-500] Setting interface mode on port 'graphsage_int8_po2/bias1_20' to 'ap_none'.
INFO: [RTGEN 206-500] Setting interface mode on port 'graphsage_int8_po2/bias1_21' to 'ap_none'.
INFO: [RTGEN 206-500] Setting interface mode on port 'graphsage_int8_po2/bias1_22' to 'ap_none'.
INFO: [RTGEN 206-500] Setting interface mode on port 'graphsage_int8_po2/bias1_23' to 'ap_none'.
INFO: [RTGEN 206-500] Setting interface mode on port 'graphsage_int8_po2/weights2_0' to 'ap_memory'.
INFO: [RTGEN 206-500] Setting interface mode on port 'graphsage_int8_po2/weights2_1' to 'ap_memory'.
INFO: [RTGEN 206-500] Setting interface mode on port 'graphsage_int8_po2/weights2_2' to 'ap_memory'.
INFO: [RTGEN 206-500] Setting interface mode on port 'graphsage_int8_po2/weights2_3' to 'ap_memory'.
INFO: [RTGEN 206-500] Setting interface mode on port 'graphsage_int8_po2/weights2_4' to 'ap_memory'.
INFO: [RTGEN 206-500] Setting interface mode on port 'graphsage_int8_po2/weights2_5' to 'ap_memory'.
INFO: [RTGEN 206-500] Setting interface mode on port 'graphsage_int8_po2/weights2_6' to 'ap_memory'.
INFO: [RTGEN 206-500] Setting interface mode on port 'graphsage_int8_po2/bias2_0' to 'ap_none'.
INFO: [RTGEN 206-500] Setting interface mode on port 'graphsage_int8_po2/bias2_1' to 'ap_none'.
INFO: [RTGEN 206-500] Setting interface mode on port 'graphsage_int8_po2/bias2_2' to 'ap_none'.
INFO: [RTGEN 206-500] Setting interface mode on port 'graphsage_int8_po2/bias2_3' to 'ap_none'.
INFO: [RTGEN 206-500] Setting interface mode on port 'graphsage_int8_po2/bias2_4' to 'ap_none'.
INFO: [RTGEN 206-500] Setting interface mode on port 'graphsage_int8_po2/bias2_5' to 'ap_none'.
INFO: [RTGEN 206-500] Setting interface mode on port 'graphsage_int8_po2/bias2_6' to 'ap_none'.
INFO: [RTGEN 206-500] Setting interface mode on port 'graphsage_int8_po2/output_0' to 'ap_memory'.
INFO: [RTGEN 206-500] Setting interface mode on port 'graphsage_int8_po2/output_1' to 'ap_memory'.
INFO: [RTGEN 206-500] Setting interface mode on port 'graphsage_int8_po2/output_2' to 'ap_memory'.
INFO: [RTGEN 206-500] Setting interface mode on port 'graphsage_int8_po2/output_3' to 'ap_memory'.
INFO: [RTGEN 206-500] Setting interface mode on port 'graphsage_int8_po2/output_4' to 'ap_memory'.
INFO: [RTGEN 206-500] Setting interface mode on port 'graphsage_int8_po2/output_5' to 'ap_memory'.
INFO: [RTGEN 206-500] Setting interface mode on port 'graphsage_int8_po2/output_6' to 'ap_memory'.
INFO: [RTGEN 206-500] Setting interface mode on port 'graphsage_int8_po2/output_7' to 'ap_memory'.
INFO: [RTGEN 206-500] Setting interface mode on function 'graphsage_int8_po2' to 'ap_ctrl_hs'.
INFO: [HLS 200-1030] Apply Unified Pipeline Control on module 'graphsage_int8_po2' pipeline 'graphsage_int8_po2' pipeline type 'function pipeline'
INFO: [RTGEN 206-100] Finished creating RTL model for 'graphsage_int8_po2'.
INFO: [HLS 200-111] Finished Creating RTL model: CPU user time: 25.48 seconds. CPU system time: 0.56 seconds. Elapsed time: 397.71 seconds; current allocated memory: 1.788 GB.
INFO: [HLS 200-111] Finished Generating all RTL models: CPU user time: 1.37 seconds. CPU system time: 0.03 seconds. Elapsed time: 37.28 seconds; current allocated memory: 1.802 GB.
INFO: [HLS 200-2225] Wrote inferred directives to file /mnt_pool/c3_users/user/pleguina/graphsage_vivado_2024_1_sweep/build/hls/graphsage_int8_po2_19c_const_adj/solution1/syn/inferred_directives.ini
INFO: [HLS 200-111] Finished Updating report files: CPU user time: 2.51 seconds. CPU system time: 0.06 seconds. Elapsed time: 14.79 seconds; current allocated memory: 1.914 GB.
INFO: [VHDL 208-304] Generating VHDL RTL for graphsage_int8_po2.
INFO: [VLOG 209-307] Generating Verilog RTL for graphsage_int8_po2.
INFO: [HLS 200-789] **** Estimated Fmax: 361.01 MHz
INFO: [HLS 200-2161] Finished Command csynth_design Elapsed time: 00:20:47; Allocated memory: 1.319 GB.
HLS_CONST_FLOW_COMPLETE=1
INFO: [HLS 200-1510] Running: close_project 
INFO: [HLS 200-112] Total CPU user time: 385.52 seconds. Total CPU system time: 2.62 seconds. Total elapsed time: 1568.57 seconds; peak allocated memory: 1.914 GB.
INFO: [vitis-run 60-791] Total elapsed time: 0h 26m 13s
INFO: [vitis-run 60-1662] Stopping dispatch session having empty uuid.
