
****** Vivado v2025.2 (64-bit)
  **** SW Build 6299465 on Fri Nov 14 12:34:56 MST 2025
  **** IP Build 6300035 on Fri Nov 14 10:48:45 MST 2025
  **** SharedData Build 6298862 on Thu Nov 13 04:50:51 MST 2025
  **** Start of session at: Sun Aug 23 19:59:04 2026
    ** Copyright 1986-2022 Xilinx, Inc. All Rights Reserved.
    ** Copyright 2022-2025 Advanced Micro Devices, Inc. All Rights Reserved.

source hls/audit_l2_channel_criticality.tcl
# if {$argc != 2} {
#     error "Usage: vivado -mode batch -source audit_l2_channel_criticality.tcl -tclargs <checkpoint> <output.csv>"
# }
# set checkpoint [lindex $argv 0]
# set output_csv [lindex $argv 1]
# open_checkpoint $checkpoint
Command: open_checkpoint /mnt_pool/c3_users/user/pleguina/graphsage_vivado_2024_1_sweep/build/vivado_sweep/updated_qat_partitioned_baseline_route_default/final.dcp

Starting open_checkpoint Task

Time (s): cpu = 00:00:00.03 ; elapsed = 00:00:00.03 . Memory (MB): peak = 1474.852 ; gain = 8.906 ; free physical = 190052 ; free virtual = 252528
INFO: [Device 21-403] Loading part xcvu13p-fsga2577-1-e
Netlist sorting complete. Time (s): cpu = 00:00:04 ; elapsed = 00:00:04 . Memory (MB): peak = 3543.539 ; gain = 17.039 ; free physical = 187740 ; free virtual = 250478
INFO: [Netlist 29-17] Analyzing 48257 Unisim elements for replacement
INFO: [Netlist 29-28] Unisim Transformation completed in 2 CPU seconds
INFO: [Project 1-479] Netlist was created with Vivado 2025.2
INFO: [Project 1-570] Preparing netlist for logic optimization
Read ShapeDB Complete: Time (s): cpu = 00:00:00.41 ; elapsed = 00:00:00.44 . Memory (MB): peak = 3887.109 ; gain = 24.422 ; free physical = 187377 ; free virtual = 250136
INFO: [Timing 38-478] Restoring timing data from binary archive.
INFO: [Timing 38-479] Binary timing data restore complete.
INFO: [Project 1-856] Restoring constraints from binary archive.
INFO: [Constraints 18-5170] The checkpoint was created with non-default parameter values which do not match the current Vivado settings.  Mismatching parameters are:
  general.maxThreads
INFO: [Project 1-853] Binary constraint restore complete.
INFO: [Designutils 20-5722] Start Reading Physical Databases.
Reading placement.
Read Netlist Cache: Time (s): cpu = 00:00:00.75 ; elapsed = 00:00:00.78 . Memory (MB): peak = 5439.785 ; gain = 0.000 ; free physical = 185884 ; free virtual = 248663
Reading placer database...
Read Device Cache: Time (s): cpu = 00:00:00.02 ; elapsed = 00:00:00.02 . Memory (MB): peak = 5439.785 ; gain = 0.000 ; free physical = 185884 ; free virtual = 248663
Read PlaceDB: Time (s): cpu = 00:00:18 ; elapsed = 00:00:18 . Memory (MB): peak = 5918.676 ; gain = 478.891 ; free physical = 185397 ; free virtual = 248176
Read PulsedLatchDB: Time (s): cpu = 00:00:00 ; elapsed = 00:00:00 . Memory (MB): peak = 5918.676 ; gain = 0.000 ; free physical = 185397 ; free virtual = 248176
Reading routing.
Read RouteStorage: Time (s): cpu = 00:00:18 ; elapsed = 00:00:08 . Memory (MB): peak = 6475.895 ; gain = 557.219 ; free physical = 184807 ; free virtual = 247622
Read Physdb Files: Time (s): cpu = 00:00:36 ; elapsed = 00:00:27 . Memory (MB): peak = 6475.895 ; gain = 1036.109 ; free physical = 184807 ; free virtual = 247622
Restored from archive | CPU: 37.310000 secs | Memory: 968.467667 MB |
Finished XDEF File Restore: Time (s): cpu = 00:00:36 ; elapsed = 00:00:27 . Memory (MB): peak = 6475.895 ; gain = 1036.109 ; free physical = 184808 ; free virtual = 247623
Netlist sorting complete. Time (s): cpu = 00:00:00.13 ; elapsed = 00:00:00.13 . Memory (MB): peak = 6475.895 ; gain = 0.000 ; free physical = 184807 ; free virtual = 247622
INFO: [Project 1-111] Unisim Transformation Summary:
  A total of 306 instances were transformed.
  DSP48E2 => DSP48E2 (DSP_ALU, DSP_A_B_DATA, DSP_C_DATA, DSP_MULTIPLIER, DSP_M_DATA, DSP_OUTPUT, DSP_PREADD, DSP_PREADD_DATA): 306 instances

INFO: [Project 1-604] Checkpoint was created with Vivado v2025.2 (64-bit) build 6299465
open_checkpoint: Time (s): cpu = 00:02:10 ; elapsed = 00:02:05 . Memory (MB): peak = 6475.930 ; gain = 5012.953 ; free physical = 184809 ; free virtual = 247625
CRITICAL WARNING: [Vivado 12-4439] The number of objects collected by the 'to' option of 'get_timing_paths' is very large: 389393. This may lead to serious performance issues and out-of-memory conditions in handling the results.
Resolution: Further filtering of the command results, or narrowing the scope of the command is recommended.
CRITICAL WARNING: [Vivado 12-4439] The number of objects collected by the 'from' option of 'get_timing_paths' is very large: 389393. This may lead to serious performance issues and out-of-memory conditions in handling the results.
Resolution: Further filtering of the command results, or narrowing the scope of the command is recommended.
get_timing_paths: Time (s): cpu = 00:11:05 ; elapsed = 00:05:34 . Memory (MB): peak = 7561.988 ; gain = 1086.059 ; free physical = 183737 ; free virtual = 246556
# set paths [get_timing_paths \
#     -from [all_registers] \
#     -to [all_registers] \
#     -delay_type max \
#     -max_paths 1000 \
#     -unique_pins \
#     -nworst 1]
# file mkdir [file dirname $output_csv]
# set output [open $output_csv w]
# puts $output "rank,slack_ns,start_cell,end_cell"
# set rank 0
# foreach path $paths {
#     incr rank
#     set start_pin [get_property STARTPOINT_PIN $path]
#     set end_pin [get_property ENDPOINT_PIN $path]
#     set start_cell [get_cells -quiet -of_objects $start_pin]
#     set end_cell [get_cells -quiet -of_objects $end_pin]
#     puts $output [join [list \
#         $rank \
#         [get_property SLACK $path] \
#         $start_cell \
#         $end_cell] ","]
# }
# close $output
# puts "L2_CHANNEL_AUDIT=$output_csv"
L2_CHANNEL_AUDIT=/mnt_pool/c3_users/user/pleguina/graphsage_vivado_2024_1_sweep/build/vivado_sweep/updated_qat_partitioned_baseline_route_default/reports/l2_channel_criticality_paths.csv
# puts "L2_CHANNEL_AUDIT_COUNT=$rank"
L2_CHANNEL_AUDIT_COUNT=1000
# exit 0
INFO: [Common 17-206] Exiting Vivado at Sun Aug 23 20:06:52 2026...
branch    ch  endpoints   worst_ns     TNS_ns  dsp_est  rank(T/DSP)
neighbor   3          9     -0.752      6.420       21       0.3057
neighbor   2          8     -0.928      6.053       21       0.2882
root       0          4     -0.700      2.734       19       0.1439
root       6          3     -0.927      2.308       21       0.1099
root       4          3     -0.805      2.143       21       0.1020
neighbor   5          3     -0.700      2.064       21       0.0983
UNCLASSIFIED_PATHS=970/1000
L2_CHANNEL_CRITICALITY_TABLE=/mnt_pool/c3_users/user/pleguina/graphsage_vivado_2024_1_sweep/build/vivado_sweep/l2_channel_criticality_table.json
