
****** Vivado v2025.2 (64-bit)
  **** SW Build 6299465 on Fri Nov 14 12:34:56 MST 2025
  **** IP Build 6300035 on Fri Nov 14 10:48:45 MST 2025
  **** SharedData Build 6298862 on Thu Nov 13 04:50:51 MST 2025
  **** Start of session at: Tue Aug 18 12:34:58 2026
    ** Copyright 1986-2022 Xilinx, Inc. All Rights Reserved.
    ** Copyright 2022-2025 Advanced Micro Devices, Inc. All Rights Reserved.

source /mnt_pool/c3_users/user/pleguina/graphsage_vivado_2024_1_sweep/hls/run_vivado_int8_po2_strategy.tcl
# set script_dir [file dirname [file normalize [info script]]]
# set repo_root [file normalize [file join $script_dir ..]]
# set sweep_dir [file join $repo_root build vivado_sweep]
# foreach required_env {RUN_NAME PLACE_DIRECTIVE} {
#     if {![info exists ::env($required_env)] || $::env($required_env) eq ""} {
#         error "Missing required environment variable $required_env"
#     }
# }
# set run_name $::env(RUN_NAME)
# set place_directive $::env(PLACE_DIRECTIVE)
# set route_directive [expr {
#     [info exists ::env(ROUTE_DIRECTIVE)]
#         ? $::env(ROUTE_DIRECTIVE)
#         : "Default"
# }]
# set screen_only [expr {
#     [info exists ::env(SCREEN_ONLY)]
#         ? $::env(SCREEN_ONLY)
#         : 1
# }]
# set use_tns_cleanup [expr {
#     [info exists ::env(USE_TNS_CLEANUP)]
#         ? $::env(USE_TNS_CLEANUP)
#         : 1
# }]
# set use_post_phys [expr {
#     [info exists ::env(USE_POST_PHYS)]
#         ? $::env(USE_POST_PHYS)
#         : 1
# }]
# set output_dir [file join $sweep_dir $run_name]
# set reports_dir [file join $output_dir reports]
# set start_time [clock seconds]
# file mkdir $output_dir
# file mkdir $reports_dir
# set vivado_threads [expr {
#     [info exists ::env(SLURM_CPUS_PER_TASK)]
#         ? $::env(SLURM_CPUS_PER_TASK)
#         : 4
# }]
# set_param general.maxThreads $vivado_threads
# puts "============================================================"
============================================================
# puts "RUN_NAME=$run_name"
RUN_NAME=screen_altspread_high
# puts "PLACE_DIRECTIVE=$place_directive"
PLACE_DIRECTIVE=AltSpreadLogic_high
# puts "ROUTE_DIRECTIVE=$route_directive"
ROUTE_DIRECTIVE=Default
# puts "SCREEN_ONLY=$screen_only"
SCREEN_ONLY=1
# puts "USE_TNS_CLEANUP=$use_tns_cleanup"
USE_TNS_CLEANUP=1
# puts "USE_POST_PHYS=$use_post_phys"
USE_POST_PHYS=0
# puts "VIVADO_MAX_THREADS=$vivado_threads"
VIVADO_MAX_THREADS=32
# puts "============================================================"
============================================================
# proc timing_slack {delay_type} {
# 
#     set paths [
#         get_timing_paths \
#             -delay_type $delay_type \
#             -max_paths 1 \
#             -quiet
#     ]
# 
#     if {[llength $paths] == 0} {
#         return "NA"
#     }
# 
#     return [get_property SLACK [lindex $paths 0]]
# }
# proc write_metadata {
#     path
#     status
#     run_name
#     place_directive
#     route_directive
#     screen_only
#     use_tns_cleanup
#     use_post_phys
#     start_time
# } {
# 
#     set metadata [open $path w]
# 
#     puts $metadata "run_name=$run_name"
#     puts $metadata "place_directive=$place_directive"
#     puts $metadata "route_directive=$route_directive"
#     puts $metadata "screen_only=$screen_only"
#     puts $metadata "tns_cleanup=$use_tns_cleanup"
#     puts $metadata "postroute_physopt=$use_post_phys"
# 
#     puts $metadata "clock_period_ns=2.77"
# 
#     puts $metadata \
#         "post_stage_setup_wns_ns=[timing_slack max]"
# 
#     puts $metadata \
#         "post_stage_hold_wns_ns=[timing_slack min]"
# 
#     puts $metadata \
#         "runtime_seconds=[expr {[clock seconds] - $start_time}]"
# 
#     puts $metadata "status=$status"
# 
#     close $metadata
# }
# open_checkpoint [
#     file join \
#         $sweep_dir \
#         baseline_post_synth.dcp
# ]
Command: open_checkpoint /mnt_pool/c3_users/user/pleguina/graphsage_vivado_2024_1_sweep/build/vivado_sweep/baseline_post_synth.dcp

Starting open_checkpoint Task

Time (s): cpu = 00:00:00.04 ; elapsed = 00:00:00.04 . Memory (MB): peak = 1545.355 ; gain = 0.000 ; free physical = 129958 ; free virtual = 239726
INFO: [Device 21-403] Loading part xcvu13p-fsga2577-1-e
Netlist sorting complete. Time (s): cpu = 00:00:06 ; elapsed = 00:00:06 . Memory (MB): peak = 3857.191 ; gain = 23.398 ; free physical = 117732 ; free virtual = 237000
INFO: [Netlist 29-17] Analyzing 37864 Unisim elements for replacement
INFO: [Netlist 29-28] Unisim Transformation completed in 29 CPU seconds
INFO: [Project 1-479] Netlist was created with Vivado 2024.1
INFO: [Project 1-570] Preparing netlist for logic optimization
INFO: [Constraints 18-4397] Generator change detected checking ShapeConfig Enum. shapeDB will be regenerated.
Read ShapeDB Complete: Time (s): cpu = 00:00:00.81 ; elapsed = 00:00:00.83 . Memory (MB): peak = 5160.629 ; gain = 61.836 ; free physical = 109702 ; free virtual = 235316
INFO: [Constraints 18-5435] Cannot read file, the software version for the checkpoint (2024.1.5076996) does not match the current software version (2025.2.6299465).
  File : /mnt_pool/c3_users/user/pleguina/graphsage_vivado_2024_1_sweep/build/vivado_sweep/baseline_post_synth/graphsage_int8_po2.xbdc.
Parsing XDC File [/mnt_pool/c3_users/user/pleguina/graphsage_vivado_2024_1_sweep/build/vivado_sweep/baseline_post_synth/graphsage_int8_po2.xdc]
create_clock: Time (s): cpu = 00:00:06 ; elapsed = 00:00:06 . Memory (MB): peak = 5418.703 ; gain = 12.109 ; free physical = 101941 ; free virtual = 234810
INFO: [Vivado 12-4761] HD.CLK_SRC property is set on port ap_clk. The net connecting to the port drives either clock PIN or hierarchical black box. Use the create_clock constraint to create a clock on this port prior to setting HD.CLK_SRC.  [/home/pelayo/work/simple-gnn/hls/graphsage_int8_po2_ooc.xdc:2]
Finished Parsing XDC File [/mnt_pool/c3_users/user/pleguina/graphsage_vivado_2024_1_sweep/build/vivado_sweep/baseline_post_synth/graphsage_int8_po2.xdc]
INFO: [Opt 31-138] Pushed 0 inverter(s) to 0 load pin(s).
Netlist sorting complete. Time (s): cpu = 00:00:00.14 ; elapsed = 00:00:00.14 . Memory (MB): peak = 5541.672 ; gain = 0.000 ; free physical = 99558 ; free virtual = 234532
INFO: [Project 1-111] Unisim Transformation Summary:
  A total of 4216 instances were transformed.
  DSP48E2 => DSP48E2 (DSP_ALU, DSP_A_B_DATA, DSP_C_DATA, DSP_MULTIPLIER, DSP_M_DATA, DSP_OUTPUT, DSP_PREADD, DSP_PREADD_DATA): 4216 instances

INFO: [Project 1-604] Checkpoint was created with Vivado v2024.1 (64-bit) build 5076996
open_checkpoint: Time (s): cpu = 00:02:56 ; elapsed = 00:03:02 . Memory (MB): peak = 5541.707 ; gain = 3996.352 ; free physical = 99468 ; free virtual = 234528
# report_property \
#     [get_ports ap_clk] \
#     -file [
#         file join \
#             $reports_dir \
#             ap_clk_properties.rpt
#     ]
# opt_design -directive Explore
Command: opt_design -directive Explore
INFO: [Vivado_Tcl 4-136] Directive used for opt_design is: Explore
Attempting to get a license for feature 'Implementation' and/or device 'xcvu13p'
INFO: [Common 17-349] Got license for feature 'Implementation' and/or device 'xcvu13p'
INFO: [Common 17-1540] The version limit for your license is '2026.02' and has expired for new software. A version limit expiration means that, although you may be able to continue to use the current version of tools or IP with this license, you will not be eligible for new releases.
Running DRC as a precondition to command opt_design

Starting DRC Task
INFO: [DRC 23-27] Running DRC with 32 threads
WARNING: [DRC 23-814] Not all possible (connectivity based) DRCs may have been run because this design is seen as Out of Context.
INFO: [Project 1-461] DRC finished with 0 Errors
INFO: [Project 1-462] Please refer to the DRC report (report_drc) for more information.

Time (s): cpu = 00:00:14 ; elapsed = 00:00:05 . Memory (MB): peak = 6439.441 ; gain = 603.828 ; free physical = 95119 ; free virtual = 233614

Starting Logic Optimization Task

Phase 1 Initialization

Phase 1.1 Core Generation And Design Setup
Phase 1.1 Core Generation And Design Setup | Checksum: 1d92fb46c

Time (s): cpu = 00:00:02 ; elapsed = 00:00:02 . Memory (MB): peak = 6439.441 ; gain = 0.000 ; free physical = 94113 ; free virtual = 233538

Phase 1.2 Setup Constraints And Sort Netlist
Phase 1.2 Setup Constraints And Sort Netlist | Checksum: 1d92fb46c

Time (s): cpu = 00:00:02 ; elapsed = 00:00:02 . Memory (MB): peak = 6439.441 ; gain = 0.000 ; free physical = 94037 ; free virtual = 233531
Phase 1 Initialization | Checksum: 1d92fb46c

Time (s): cpu = 00:00:02 ; elapsed = 00:00:02 . Memory (MB): peak = 6439.441 ; gain = 0.000 ; free physical = 94034 ; free virtual = 233531

Phase 2 Timer Update And Timing Data Collection

Phase 2.1 Detect if minReqCache needed
Phase 2.1 Detect if minReqCache needed | Checksum: 1d92fb46c

Time (s): cpu = 00:00:04 ; elapsed = 00:00:04 . Memory (MB): peak = 6887.441 ; gain = 448.000 ; free physical = 93268 ; free virtual = 233173

Phase 2.2 Timer Update
INFO: [Timing 38-35] Done setting XDC timing constraints.
Phase 2.2 Timer Update | Checksum: 1d92fb46c

Time (s): cpu = 00:07:10 ; elapsed = 00:00:54 . Memory (MB): peak = 9505.266 ; gain = 3065.824 ; free physical = 117903 ; free virtual = 232105
Phase 2 Timer Update And Timing Data Collection | Checksum: 1d92fb46c

Time (s): cpu = 00:07:10 ; elapsed = 00:00:54 . Memory (MB): peak = 9505.266 ; gain = 3065.824 ; free physical = 117882 ; free virtual = 232107

Phase 3 Retarget
INFO: [Opt 31-1851] Number of loadless carry chains removed were: 0
INFO: [Opt 31-1834] Total Chains To Be Transformed Were: 0 AND Number of Transformed insts Created are: 0
INFO: [Opt 31-138] Pushed 0 inverter(s) to 0 load pin(s).
INFO: [Opt 31-49] Retargeted 0 cell(s).
Phase 3 Retarget | Checksum: 141bf1725

Time (s): cpu = 00:07:20 ; elapsed = 00:01:04 . Memory (MB): peak = 9505.266 ; gain = 3065.824 ; free physical = 116367 ; free virtual = 232045
Retarget | Checksum: 141bf1725
INFO: [Opt 31-389] Phase Retarget created 154 cells and removed 154 cells

Phase 4 Constant propagation
INFO: [Opt 31-138] Pushed 0 inverter(s) to 0 load pin(s).
Phase 4 Constant propagation | Checksum: 1527fdd32

Time (s): cpu = 00:07:25 ; elapsed = 00:01:09 . Memory (MB): peak = 9505.266 ; gain = 3065.824 ; free physical = 115673 ; free virtual = 232006
Constant propagation | Checksum: 1527fdd32
INFO: [Opt 31-389] Phase Constant propagation created 0 cells and removed 0 cells

Phase 5 Sweep
INFO: [Constraints 18-11670] Building netlist checker database with flags, 0x8
Done building netlist checker database: Time (s): cpu = 00:00:00.65 ; elapsed = 00:00:00.66 . Memory (MB): peak = 9505.266 ; gain = 0.000 ; free physical = 114003 ; free virtual = 231903
Phase 5 Sweep | Checksum: 19b69a6bd

Time (s): cpu = 00:07:40 ; elapsed = 00:01:24 . Memory (MB): peak = 9505.266 ; gain = 3065.824 ; free physical = 113603 ; free virtual = 231879
Sweep | Checksum: 19b69a6bd
INFO: [Opt 31-389] Phase Sweep created 0 cells and removed 0 cells

Phase 6 BUFG optimization
INFO: [Opt 31-1077] Phase BUFG optimization inserted 0 global clock buffer(s) for CLOCK_LOW_FANOUT.
Phase 6 BUFG optimization | Checksum: 19b69a6bd

Time (s): cpu = 00:07:45 ; elapsed = 00:01:29 . Memory (MB): peak = 9537.281 ; gain = 3097.840 ; free physical = 112652 ; free virtual = 231815
BUFG optimization | Checksum: 19b69a6bd
INFO: [Opt 31-662] Phase BUFG optimization created 0 cells of which 0 are BUFGs and removed 0 cells.

Phase 7 Shift Register Optimization
INFO: [Opt 31-1064] SRL Remap converted 0 SRLs to 0 registers and converted 0 registers of register chains to 0 SRLs
Phase 7 Shift Register Optimization | Checksum: fa3edf2b

Time (s): cpu = 00:07:47 ; elapsed = 00:01:32 . Memory (MB): peak = 9537.281 ; gain = 3097.840 ; free physical = 112246 ; free virtual = 231801
Shift Register Optimization | Checksum: fa3edf2b
INFO: [Opt 31-389] Phase Shift Register Optimization created 2971 cells and removed 0 cells
INFO: [Opt 31-1555] control_set_opt supports Versal devices only, and device xcvu13p is unsupported

Phase 8 Post Processing Netlist
Phase 8 Post Processing Netlist | Checksum: fa3edf2b

Time (s): cpu = 00:07:53 ; elapsed = 00:01:38 . Memory (MB): peak = 9537.281 ; gain = 3097.840 ; free physical = 111415 ; free virtual = 231734
Post Processing Netlist | Checksum: fa3edf2b
INFO: [Opt 31-389] Phase Post Processing Netlist created 0 cells and removed 0 cells

Phase 9 Finalization

Phase 9.1 Finalizing Design Cores and Updating Shapes
Phase 9.1 Finalizing Design Cores and Updating Shapes | Checksum: 171584779

Time (s): cpu = 00:08:35 ; elapsed = 00:02:15 . Memory (MB): peak = 9537.281 ; gain = 3097.840 ; free physical = 105925 ; free virtual = 231428

Phase 9.2 Verifying Netlist Connectivity

Starting Connectivity Check Task

Time (s): cpu = 00:00:00.91 ; elapsed = 00:00:00.93 . Memory (MB): peak = 9537.281 ; gain = 0.000 ; free physical = 105786 ; free virtual = 231425
Phase 9.2 Verifying Netlist Connectivity | Checksum: 171584779

Time (s): cpu = 00:08:36 ; elapsed = 00:02:16 . Memory (MB): peak = 9537.281 ; gain = 3097.840 ; free physical = 105779 ; free virtual = 231423
Phase 9 Finalization | Checksum: 171584779

Time (s): cpu = 00:08:36 ; elapsed = 00:02:16 . Memory (MB): peak = 9537.281 ; gain = 3097.840 ; free physical = 105768 ; free virtual = 231423
Opt_design Change Summary
=========================


-------------------------------------------------------------------------------------------------------------------------
|  Phase                        |  #Cells created  |  #Cells Removed  |  #Constrained objects preventing optimizations  |
-------------------------------------------------------------------------------------------------------------------------
|  Retarget                     |             154  |             154  |                                              0  |
|  Constant propagation         |               0  |               0  |                                              0  |
|  Sweep                        |               0  |               0  |                                              0  |
|  BUFG optimization            |               0  |               0  |                                              0  |
|  Shift Register Optimization  |            2971  |               0  |                                              0  |
|  Post Processing Netlist      |               0  |               0  |                                              0  |
-------------------------------------------------------------------------------------------------------------------------


Ending Logic Optimization Task | Checksum: 171584779

Time (s): cpu = 00:08:37 ; elapsed = 00:02:16 . Memory (MB): peak = 9537.281 ; gain = 3097.840 ; free physical = 105761 ; free virtual = 231423
Netlist sorting complete. Time (s): cpu = 00:00:00.16 ; elapsed = 00:00:00.17 . Memory (MB): peak = 9537.281 ; gain = 0.000 ; free physical = 105587 ; free virtual = 231413
INFO: [Common 17-83] Releasing license: Implementation
23 Infos, 1 Warnings, 0 Critical Warnings and 0 Errors encountered.
opt_design completed successfully
opt_design: Time (s): cpu = 00:08:55 ; elapsed = 00:02:46 . Memory (MB): peak = 9537.281 ; gain = 3732.484 ; free physical = 105542 ; free virtual = 231411
# write_checkpoint \
#     -force \
#     [
#         file join \
#             $output_dir \
#             post_opt.dcp
#     ]
INFO: [Timing 38-35] Done setting XDC timing constraints.
INFO: [Timing 38-480] Writing timing data to binary archive.
Write ShapeDB Complete: Time (s): cpu = 00:00:05 ; elapsed = 00:00:01 . Memory (MB): peak = 9545.285 ; gain = 0.000 ; free physical = 97493 ; free virtual = 230909
INFO: [Common 17-1381] The checkpoint '/mnt_pool/c3_users/user/pleguina/graphsage_vivado_2024_1_sweep/build/vivado_sweep/screen_altspread_high/post_opt.dcp' has been generated.
write_checkpoint: Time (s): cpu = 00:08:32 ; elapsed = 00:01:26 . Memory (MB): peak = 9545.285 ; gain = 8.004 ; free physical = 92070 ; free virtual = 230498
# puts "============================================================"
============================================================
# puts "STARTING_PLACEMENT=$place_directive"
STARTING_PLACEMENT=AltSpreadLogic_high
# puts "============================================================"
============================================================
# place_design \
#     -directive $place_directive \
#     -timing_summary
Command: place_design -directive AltSpreadLogic_high -timing_summary
Attempting to get a license for feature 'Implementation' and/or device 'xcvu13p'
INFO: [Common 17-349] Got license for feature 'Implementation' and/or device 'xcvu13p'
INFO: [Common 17-1540] The version limit for your license is '2026.02' and has expired for new software. A version limit expiration means that, although you may be able to continue to use the current version of tools or IP with this license, you will not be eligible for new releases.
INFO: [Common 17-83] Releasing license: Implementation
INFO: [DRC 23-27] Running DRC with 32 threads
WARNING: [DRC 23-814] Not all possible (connectivity based) DRCs may have been run because this design is seen as Out of Context.
INFO: [Vivado_Tcl 4-198] DRC finished with 0 Errors
INFO: [Vivado_Tcl 4-199] Please refer to the DRC report (report_drc) for more information.
INFO: [Vivado_Tcl 4-2302] The placer was invoked with the 'AltSpreadLogic_high' directive.
Running DRC as a precondition to command place_design
INFO: [DRC 23-27] Running DRC with 32 threads
WARNING: [DRC 23-814] Not all possible (connectivity based) DRCs may have been run because this design is seen as Out of Context.
INFO: [Vivado_Tcl 4-198] DRC finished with 0 Errors
INFO: [Vivado_Tcl 4-199] Please refer to the DRC report (report_drc) for more information.
INFO: [Place 30-611] Multithreading enabled for place_design using a maximum of 32 CPUs

Starting Placer Task

Phase 1 Placer Initialization

Phase 1.1 Placer Initialization Netlist Sorting
Netlist sorting complete. Time (s): cpu = 00:00:00.16 ; elapsed = 00:00:00.17 . Memory (MB): peak = 9716.621 ; gain = 0.000 ; free physical = 118290 ; free virtual = 231618
Phase 1.1 Placer Initialization Netlist Sorting | Checksum: edab7f05

Time (s): cpu = 00:00:00.28 ; elapsed = 00:00:00.29 . Memory (MB): peak = 9716.621 ; gain = 0.000 ; free physical = 118286 ; free virtual = 231618
Netlist sorting complete. Time (s): cpu = 00:00:00.15 ; elapsed = 00:00:00.16 . Memory (MB): peak = 9716.621 ; gain = 0.000 ; free physical = 118239 ; free virtual = 231620

Phase 1.2 IO Placement/ Clock Placement/ Build Placer Device
Phase 1.2 IO Placement/ Clock Placement/ Build Placer Device | Checksum: 7041334a

Time (s): cpu = 00:01:00 ; elapsed = 00:00:45 . Memory (MB): peak = 9973.996 ; gain = 257.375 ; free physical = 110130 ; free virtual = 230934

Phase 1.3 Build Placer Netlist Model
Phase 1.3 Build Placer Netlist Model | Checksum: e5d53cc0

Time (s): cpu = 00:13:43 ; elapsed = 00:04:12 . Memory (MB): peak = 15431.391 ; gain = 5714.770 ; free physical = 108772 ; free virtual = 226472

Phase 1.4 Constrain Clocks/Macros
Phase 1.4 Constrain Clocks/Macros | Checksum: e5d53cc0

Time (s): cpu = 00:13:44 ; elapsed = 00:04:12 . Memory (MB): peak = 15431.391 ; gain = 5714.770 ; free physical = 108706 ; free virtual = 226462
Phase 1 Placer Initialization | Checksum: e5d53cc0

Time (s): cpu = 00:13:46 ; elapsed = 00:04:14 . Memory (MB): peak = 15431.391 ; gain = 5714.770 ; free physical = 108406 ; free virtual = 226421

Phase 2 Global Placement

Phase 2.1 Floorplanning

Phase 2.1.1 Partition Driven Placement

Phase 2.1.1.1 PBP: Partition Driven Placement
Phase 2.1.1.1 PBP: Partition Driven Placement | Checksum: 10bfad6bd

Time (s): cpu = 00:21:28 ; elapsed = 00:07:04 . Memory (MB): peak = 15703.523 ; gain = 5986.902 ; free physical = 118011 ; free virtual = 226686

Phase 2.1.1.2 PBP: Clock Region Placement
Phase 2.1.1.2 PBP: Clock Region Placement | Checksum: 10bfad6bd

Time (s): cpu = 00:21:46 ; elapsed = 00:07:21 . Memory (MB): peak = 15703.523 ; gain = 5986.902 ; free physical = 116671 ; free virtual = 226696

Phase 2.1.1.3 PBP: Compute Congestion
Phase 2.1.1.3 PBP: Compute Congestion | Checksum: 10bfad6bd

Time (s): cpu = 00:23:11 ; elapsed = 00:07:39 . Memory (MB): peak = 15703.523 ; gain = 5986.902 ; free physical = 115627 ; free virtual = 226663

Phase 2.1.1.4 PBP: UpdateTiming
Phase 2.1.1.4 PBP: UpdateTiming | Checksum: 924d5735

Time (s): cpu = 00:24:33 ; elapsed = 00:08:02 . Memory (MB): peak = 15895.617 ; gain = 6178.996 ; free physical = 114860 ; free virtual = 226803

Phase 2.1.1.5 PBP: Add part constraints
Phase 2.1.1.5 PBP: Add part constraints | Checksum: 924d5735

Time (s): cpu = 00:24:36 ; elapsed = 00:08:05 . Memory (MB): peak = 15895.617 ; gain = 6178.996 ; free physical = 114736 ; free virtual = 226786
Phase 2.1.1 Partition Driven Placement | Checksum: 924d5735

Time (s): cpu = 00:24:37 ; elapsed = 00:08:05 . Memory (MB): peak = 15895.617 ; gain = 6178.996 ; free physical = 114717 ; free virtual = 226783
Phase 2.1 Floorplanning | Checksum: 924d5735

Time (s): cpu = 00:24:37 ; elapsed = 00:08:05 . Memory (MB): peak = 15895.617 ; gain = 6178.996 ; free physical = 114708 ; free virtual = 226782

Phase 2.2 Physical Synthesis After Floorplan
INFO: [Physopt 32-46] Identified 49 candidate nets for critical-cell optimization.
INFO: [Physopt 32-81] Processed net weights2_0_3_read_reg_152675_pp0_iter26_reg[7]. Replicated 1 times.
INFO: [Physopt 32-81] Processed net weights2_0_13_read_reg_152725_pp0_iter25_reg[7]. Replicated 1 times.
INFO: [Physopt 32-775] End 1 Pass. Optimized 2 nets or cells. Created 2 new cells, deleted 0 existing cell and moved 0 existing cell
Netlist sorting complete. Time (s): cpu = 00:00:03 ; elapsed = 00:00:03 . Memory (MB): peak = 15895.617 ; gain = 0.000 ; free physical = 114192 ; free virtual = 226741
Netlist sorting complete. Time (s): cpu = 00:00:00.13 ; elapsed = 00:00:00.14 . Memory (MB): peak = 15895.617 ; gain = 0.000 ; free physical = 114192 ; free virtual = 226741

Summary of Physical Synthesis Optimizations
============================================


-----------------------------------------------------------------------------------------------------------------------------------------------
|  Optimization                         |  Added Cells  |  Removed Cells  |  Optimized Cells/Nets  |  Dont Touch  |  Iterations  |  Elapsed   |
-----------------------------------------------------------------------------------------------------------------------------------------------
|  PSIP Post Floorplan SLR Replication  |            2  |              0  |                     2  |           0  |           1  |  00:00:21  |
|  Total                                |            2  |              0  |                     2  |           0  |           1  |  00:00:21  |
-----------------------------------------------------------------------------------------------------------------------------------------------


Phase 2.2 Physical Synthesis After Floorplan | Checksum: 14fba5605

Time (s): cpu = 00:27:30 ; elapsed = 00:08:35 . Memory (MB): peak = 15895.617 ; gain = 6178.996 ; free physical = 114015 ; free virtual = 226730

Phase 2.3 Update Timing before SLR Path Opt
Phase 2.3 Update Timing before SLR Path Opt | Checksum: b5ba78af

Time (s): cpu = 00:27:32 ; elapsed = 00:08:37 . Memory (MB): peak = 15895.617 ; gain = 6178.996 ; free physical = 113976 ; free virtual = 226727

Phase 2.4 Post-Processing in Floorplanning
Phase 2.4 Post-Processing in Floorplanning | Checksum: 159726c7f

Time (s): cpu = 00:27:33 ; elapsed = 00:08:38 . Memory (MB): peak = 15895.617 ; gain = 6178.996 ; free physical = 113976 ; free virtual = 226727

Phase 2.5 Global Place Phase1
Phase 2.5 Global Place Phase1 | Checksum: b7d359e4

Time (s): cpu = 00:50:18 ; elapsed = 00:15:01 . Memory (MB): peak = 15927.633 ; gain = 6211.012 ; free physical = 120290 ; free virtual = 233283

Phase 2.6 Global Place Phase2

Phase 2.6.1 UpdateTiming Before Physical Synthesis
Phase 2.6.1 UpdateTiming Before Physical Synthesis | Checksum: b5a979fa

Time (s): cpu = 00:53:39 ; elapsed = 00:15:19 . Memory (MB): peak = 15927.633 ; gain = 6211.012 ; free physical = 120327 ; free virtual = 233320

Phase 2.6.2 Physical Synthesis In Placer
INFO: [Physopt 32-1035] Found 8 LUTNM shape to break, 5242 LUT instances to create LUTNM shape
INFO: [Physopt 32-1044] Break lutnm for timing: one critical 7, two critical 1, total 8, new lutff created 0
INFO: [Physopt 32-1138] End 1 Pass. Optimized 2010 nets or LUTs. Breaked 8 LUTs, combined 2002 existing LUTs and moved 0 existing LUT
INFO: [Physopt 32-1030] Pass 1. Identified 381 candidate driver sets for equivalent driver rewiring.
INFO: [Physopt 32-661] Optimized 125 nets.  Re-placed 410 instances.
INFO: [Physopt 32-775] End 1 Pass. Optimized 125 nets or cells. Created 0 new cell, deleted 0 existing cell and moved 410 existing cells
Netlist sorting complete. Time (s): cpu = 00:00:01 ; elapsed = 00:00:01 . Memory (MB): peak = 15927.633 ; gain = 0.000 ; free physical = 120330 ; free virtual = 233323
INFO: [Physopt 32-1408] Pass 1. Identified 8 candidate nets for high-fanout optimization.
INFO: [Physopt 32-81] Processed net ap_enable_reg_pp0_iter11. Replicated 7 times.
INFO: [Physopt 32-81] Processed net ap_enable_reg_pp0_iter13. Replicated 65 times.
INFO: [Physopt 32-81] Processed net ap_enable_reg_pp0_iter12. Replicated 15 times.
INFO: [Physopt 32-81] Processed net ap_enable_reg_pp0_iter14. Replicated 79 times.
INFO: [Physopt 32-81] Processed net ap_enable_reg_pp0_iter34. Replicated 17 times.
INFO: [Physopt 32-81] Processed net ap_enable_reg_pp0_iter33. Replicated 23 times.
INFO: [Physopt 32-81] Processed net ap_enable_reg_pp0_iter32. Replicated 22 times.
INFO: [Physopt 32-81] Processed net ap_enable_reg_pp0_iter35. Replicated 27 times.
INFO: [Physopt 32-232] Optimized 8 nets. Created 255 new instances.
INFO: [Physopt 32-775] End 1 Pass. Optimized 8 nets or cells. Created 255 new cells, deleted 0 existing cell and moved 0 existing cell
Netlist sorting complete. Time (s): cpu = 00:00:03 ; elapsed = 00:00:03 . Memory (MB): peak = 15927.633 ; gain = 0.000 ; free physical = 120333 ; free virtual = 233326
INFO: [Physopt 32-76] Pass 1. Identified 6 candidate nets for fanout optimization.
INFO: [Physopt 32-81] Processed net ap_enable_reg_pp0_iter11. Replicated 13 times.
INFO: [Physopt 32-81] Processed net ap_enable_reg_pp0_iter13_repN. Replicated 10 times.
INFO: [Physopt 32-81] Processed net trunc_ln269_89_reg_164530[4]. Replicated 9 times.
INFO: [Physopt 32-81] Processed net ap_enable_reg_pp0_iter34_repN. Replicated 9 times.
INFO: [Physopt 32-81] Processed net trunc_ln269_121_reg_164690[4]. Replicated 9 times.
INFO: [Physopt 32-232] Optimized 5 nets. Created 50 new instances.
INFO: [Physopt 32-775] End 1 Pass. Optimized 5 nets or cells. Created 50 new cells, deleted 0 existing cell and moved 0 existing cell
Netlist sorting complete. Time (s): cpu = 00:00:03 ; elapsed = 00:00:03 . Memory (MB): peak = 15927.633 ; gain = 0.000 ; free physical = 120339 ; free virtual = 233332
INFO: [Physopt 32-46] Identified 198 candidate nets for critical-cell optimization.
INFO: [Physopt 32-81] Processed net hidden_317_reg_205409[0]. Replicated 3 times.
INFO: [Physopt 32-81] Processed net trunc_ln269_89_reg_164530[3]. Replicated 10 times.
INFO: [Physopt 32-81] Processed net trunc_ln269_89_reg_164530[0]. Replicated 10 times.
INFO: [Physopt 32-81] Processed net hidden_317_reg_205409[3]. Replicated 3 times.
INFO: [Physopt 32-81] Processed net trunc_ln269_89_reg_164530[1]. Replicated 10 times.
INFO: [Physopt 32-81] Processed net hidden_338_reg_205514[3]. Replicated 3 times.
INFO: [Physopt 32-81] Processed net hidden_338_reg_205514[4]. Replicated 3 times.
INFO: [Physopt 32-81] Processed net trunc_ln269_89_reg_164530[2]. Replicated 10 times.
INFO: [Physopt 32-81] Processed net hidden_242_reg_205034[0]. Replicated 3 times.
INFO: [Physopt 32-81] Processed net hidden_293_reg_205289[3]. Replicated 4 times.
INFO: [Physopt 32-81] Processed net hidden_317_reg_205409[1]. Replicated 3 times.
INFO: [Physopt 32-81] Processed net hidden_293_reg_205289[4]. Replicated 4 times.
INFO: [Physopt 32-81] Processed net hidden_269_reg_205169[0]. Replicated 3 times.
INFO: [Physopt 32-81] Processed net hidden_242_reg_205034[3]. Replicated 3 times.
INFO: [Physopt 32-81] Processed net hidden_245_reg_205049[6]. Replicated 4 times.
INFO: [Physopt 32-81] Processed net hidden_293_reg_205289[2]. Replicated 4 times.
INFO: [Physopt 32-81] Processed net hidden_242_reg_205034[4]. Replicated 3 times.
INFO: [Physopt 32-81] Processed net hidden_197_reg_204809[0]. Replicated 4 times.
INFO: [Physopt 32-81] Processed net hidden_197_reg_204809[1]. Replicated 4 times.
INFO: [Physopt 32-81] Processed net hidden_245_reg_205049[0]. Replicated 4 times.
INFO: [Physopt 32-81] Processed net hidden_293_reg_205289[5]. Replicated 4 times.
INFO: [Physopt 32-81] Processed net hidden_197_reg_204809[2]. Replicated 4 times.
INFO: [Physopt 32-81] Processed net hidden_197_reg_204809[4]. Replicated 4 times.
INFO: [Physopt 32-81] Processed net hidden_317_reg_205409[2]. Replicated 3 times.
INFO: [Physopt 32-81] Processed net hidden_317_reg_205409[5]. Replicated 3 times.
INFO: [Physopt 32-81] Processed net hidden_197_reg_204809[3]. Replicated 4 times.
INFO: [Physopt 32-81] Processed net hidden_293_reg_205289[0]. Replicated 4 times.
INFO: [Physopt 32-81] Processed net hidden_197_reg_204809[5]. Replicated 4 times.
INFO: [Physopt 32-81] Processed net hidden_364_reg_205644[3]. Replicated 5 times.
INFO: [Physopt 32-81] Processed net hidden_269_reg_205169[3]. Replicated 3 times.
INFO: [Physopt 32-81] Processed net hidden_269_reg_205169[6]. Replicated 3 times.
INFO: [Physopt 32-81] Processed net hidden_269_reg_205169[4]. Replicated 3 times.
INFO: [Physopt 32-81] Processed net hidden_317_reg_205409[6]. Replicated 3 times.
INFO: [Physopt 32-81] Processed net hidden_248_reg_205064[3]. Replicated 2 times.
INFO: [Physopt 32-81] Processed net hidden_248_reg_205064[4]. Replicated 2 times.
INFO: [Physopt 32-81] Processed net hidden_293_reg_205289[6]. Replicated 4 times.
INFO: [Physopt 32-81] Processed net hidden_310_reg_205374[3]. Replicated 4 times.
INFO: [Physopt 32-81] Processed net hidden_293_reg_205289[1]. Replicated 4 times.
INFO: [Physopt 32-81] Processed net hidden_364_reg_205644[4]. Replicated 5 times.
INFO: [Physopt 32-81] Processed net hidden_338_reg_205514[5]. Replicated 3 times.
INFO: [Physopt 32-81] Processed net hidden_310_reg_205374[4]. Replicated 4 times.
INFO: [Physopt 32-81] Processed net hidden_269_reg_205169[1]. Replicated 3 times.
INFO: [Physopt 32-81] Processed net hidden_269_reg_205169[5]. Replicated 3 times.
INFO: [Physopt 32-81] Processed net hidden_338_reg_205514[6]. Replicated 3 times.
INFO: [Physopt 32-81] Processed net trunc_ln269_121_reg_164690[0]. Replicated 8 times.
INFO: [Physopt 32-81] Processed net hidden_245_reg_205049[4]. Replicated 4 times.
INFO: [Physopt 32-81] Processed net hidden_248_reg_205064[1]. Replicated 2 times.
INFO: [Physopt 32-81] Processed net hidden_248_reg_205064[2]. Replicated 2 times.
INFO: [Physopt 32-81] Processed net hidden_269_reg_205169[2]. Replicated 3 times.
INFO: [Physopt 32-81] Processed net hidden_197_reg_204809[6]. Replicated 4 times.
INFO: [Physopt 32-81] Processed net hidden_317_reg_205409[4]. Replicated 3 times.
INFO: [Physopt 32-81] Processed net hidden_245_reg_205049[3]. Replicated 4 times.
INFO: [Physopt 32-81] Processed net hidden_245_reg_205049[1]. Replicated 4 times.
INFO: [Physopt 32-81] Processed net hidden_338_reg_205514[0]. Replicated 3 times.
INFO: [Physopt 32-81] Processed net trunc_ln269_121_reg_164690[2]. Replicated 7 times.
INFO: [Physopt 32-81] Processed net hidden_245_reg_205049[5]. Replicated 4 times.
INFO: [Physopt 32-81] Processed net hidden_364_reg_205644[2]. Replicated 4 times.
INFO: [Physopt 32-81] Processed net hidden_332_reg_205484[4]. Replicated 2 times.
INFO: [Physopt 32-81] Processed net hidden_310_reg_205374[0]. Replicated 4 times.
INFO: [Physopt 32-81] Processed net hidden_248_reg_205064[6]. Replicated 2 times.
INFO: [Physopt 32-81] Processed net hidden_272_reg_205184[1]. Replicated 2 times.
INFO: [Physopt 32-81] Processed net hidden_382_reg_205734[0]. Replicated 4 times.
INFO: [Physopt 32-81] Processed net hidden_214_reg_204894[1]. Replicated 4 times.
INFO: [Physopt 32-81] Processed net hidden_332_reg_205484[6]. Replicated 2 times.
INFO: [Physopt 32-81] Processed net hidden_286_reg_205254[0]. Replicated 2 times.
INFO: [Physopt 32-81] Processed net hidden_245_reg_205049[2]. Replicated 4 times.
INFO: [Physopt 32-81] Processed net hidden_248_reg_205064[5]. Replicated 2 times.
INFO: [Physopt 32-81] Processed net hidden_332_reg_205484[3]. Replicated 2 times.
INFO: [Physopt 32-81] Processed net hidden_272_reg_205184[2]. Replicated 2 times.
INFO: [Physopt 32-81] Processed net trunc_ln269_121_reg_164690[1]. Replicated 8 times.
INFO: [Physopt 32-81] Processed net hidden_214_reg_204894[2]. Replicated 4 times.
INFO: [Physopt 32-81] Processed net hidden_272_reg_205184[3]. Replicated 2 times.
INFO: [Physopt 32-81] Processed net hidden_262_reg_205134[3]. Replicated 3 times.
INFO: [Physopt 32-81] Processed net hidden_272_reg_205184[4]. Replicated 2 times.
INFO: [Physopt 32-81] Processed net hidden_214_reg_204894[0]. Replicated 4 times.
INFO: [Physopt 32-81] Processed net hidden_364_reg_205644[1]. Replicated 4 times.
INFO: [Physopt 32-81] Processed net hidden_344_reg_205544[3]. Replicated 4 times.
INFO: [Physopt 32-81] Processed net hidden_267_reg_205159[0]. Replicated 2 times.
INFO: [Physopt 32-81] Processed net trunc_ln269_121_reg_164690[3]. Replicated 7 times.
INFO: [Physopt 32-81] Processed net hidden_344_reg_205544[4]. Replicated 5 times.
INFO: [Physopt 32-81] Processed net hidden_334_reg_205494[0]. Replicated 3 times.
INFO: [Physopt 32-81] Processed net hidden_332_reg_205484[5]. Replicated 2 times.
INFO: [Physopt 32-81] Processed net hidden_238_reg_205014[0]. Replicated 3 times.
INFO: [Physopt 32-81] Processed net hidden_286_reg_205254[5]. Replicated 2 times.
INFO: [Physopt 32-81] Processed net hidden_262_reg_205134[0]. Replicated 3 times.
INFO: [Common 17-14] Message 'Physopt 32-81' appears 100 times and further instances of the messages will be disabled. Use the Tcl command set_msg_config to change the current settings.
INFO: [Physopt 32-232] Optimized 85 nets. Created 321 new instances.
INFO: [Physopt 32-775] End 1 Pass. Optimized 85 nets or cells. Created 321 new cells, deleted 0 existing cell and moved 0 existing cell
Netlist sorting complete. Time (s): cpu = 00:00:04 ; elapsed = 00:00:04 . Memory (MB): peak = 15927.633 ; gain = 0.000 ; free physical = 120362 ; free virtual = 233355
INFO: [Physopt 32-457] Pass 1. Identified 50 candidate cells for DSP register optimization.
INFO: [Physopt 32-665] Processed cell mul_16s_7ns_23_4_1_U2966/buff1_reg. 7 registers were pushed out.
INFO: [Physopt 32-665] Processed cell mul_16s_7ns_23_4_1_U3028/buff1_reg. 7 registers were pushed out.
INFO: [Physopt 32-665] Processed cell mul_16s_7ns_23_4_1_U3116/buff1_reg. 7 registers were pushed out.
INFO: [Physopt 32-665] Processed cell mul_16s_7ns_23_4_1_U3109/buff1_reg. 7 registers were pushed out.
INFO: [Physopt 32-665] Processed cell mul_16s_7ns_23_4_1_U2805/buff1_reg. 7 registers were pushed out.
INFO: [Physopt 32-665] Processed cell mul_16s_7ns_23_4_1_U2277/buff1_reg. 7 registers were pushed out.
INFO: [Physopt 32-665] Processed cell mul_16s_7ns_23_4_1_U3144/buff1_reg. 7 registers were pushed out.
INFO: [Physopt 32-665] Processed cell mul_16s_7ns_23_4_1_U3439/buff1_reg. 7 registers were pushed out.
INFO: [Physopt 32-665] Processed cell mul_16s_7ns_23_4_1_U2595/buff1_reg. 7 registers were pushed out.
INFO: [Physopt 32-665] Processed cell mul_16s_7ns_23_4_1_U3007/buff1_reg. 7 registers were pushed out.
INFO: [Physopt 32-665] Processed cell mul_16s_7ns_23_4_1_U2881/buff1_reg. 7 registers were pushed out.
INFO: [Physopt 32-665] Processed cell mul_16s_7ns_23_4_1_U2258/buff1_reg. 7 registers were pushed out.
INFO: [Physopt 32-665] Processed cell mul_16s_7ns_23_4_1_U2879/buff1_reg. 7 registers were pushed out.
INFO: [Physopt 32-665] Processed cell mul_16s_7ns_23_4_1_U3020/buff1_reg. 7 registers were pushed out.
INFO: [Physopt 32-665] Processed cell mul_16s_7ns_23_4_1_U3527/buff1_reg. 7 registers were pushed out.
INFO: [Physopt 32-665] Processed cell mul_16s_7ns_23_4_1_U3025/buff1_reg. 7 registers were pushed out.
INFO: [Physopt 32-665] Processed cell mul_16s_7ns_23_4_1_U3619/buff1_reg. 7 registers were pushed out.
INFO: [Physopt 32-665] Processed cell mul_16s_7ns_23_4_1_U2684/buff1_reg. 7 registers were pushed out.
INFO: [Physopt 32-665] Processed cell mul_16s_7ns_23_4_1_U3118/buff1_reg. 7 registers were pushed out.
INFO: [Physopt 32-665] Processed cell mul_16s_7ns_23_4_1_U2963/buff1_reg. 7 registers were pushed out.
INFO: [Physopt 32-665] Processed cell mul_16s_7ns_23_4_1_U2282/buff1_reg. 7 registers were pushed out.
INFO: [Physopt 32-665] Processed cell mul_16s_7ns_23_4_1_U3441/buff1_reg. 7 registers were pushed out.
INFO: [Physopt 32-665] Processed cell mul_16s_7ns_23_4_1_U3620/buff1_reg. 7 registers were pushed out.
INFO: [Physopt 32-665] Processed cell mul_16s_7ns_23_4_1_U2974/buff1_reg. 7 registers were pushed out.
INFO: [Physopt 32-665] Processed cell mul_16s_7ns_23_4_1_U2884/buff1_reg. 7 registers were pushed out.
INFO: [Physopt 32-665] Processed cell mul_16s_7ns_23_4_1_U2965/buff1_reg. 7 registers were pushed out.
INFO: [Physopt 32-665] Processed cell mul_16s_7ns_23_4_1_U3575/buff1_reg. 7 registers were pushed out.
INFO: [Physopt 32-665] Processed cell mul_16s_7ns_23_4_1_U3115/buff1_reg. 7 registers were pushed out.
INFO: [Physopt 32-665] Processed cell mul_16s_7ns_23_4_1_U3576/buff1_reg. 7 registers were pushed out.
INFO: [Physopt 32-665] Processed cell mul_8s_5s_13_4_1_U1150/buff1_reg. 5 registers were pushed out.
INFO: [Physopt 32-665] Processed cell mul_16s_7ns_23_4_1_U2682/buff1_reg. 7 registers were pushed out.
INFO: [Physopt 32-665] Processed cell mul_16s_7ns_23_4_1_U3667/buff1_reg. 7 registers were pushed out.
INFO: [Physopt 32-665] Processed cell mul_16s_7ns_23_4_1_U2968/buff1_reg. 7 registers were pushed out.
INFO: [Physopt 32-665] Processed cell mul_16s_7ns_23_4_1_U2683/buff1_reg. 7 registers were pushed out.
INFO: [Physopt 32-665] Processed cell mul_16s_7ns_23_4_1_U2361/buff1_reg. 7 registers were pushed out.
INFO: [Physopt 32-665] Processed cell mul_16s_7ns_23_4_1_U2967/buff1_reg. 7 registers were pushed out.
INFO: [Physopt 32-665] Processed cell mul_16s_7ns_23_4_1_U2188/buff1_reg. 7 registers were pushed out.
INFO: [Physopt 32-665] Processed cell mul_16s_7ns_23_4_1_U2362/buff1_reg. 7 registers were pushed out.
INFO: [Physopt 32-665] Processed cell mul_16s_7ns_23_4_1_U2584/buff1_reg. 7 registers were pushed out.
INFO: [Physopt 32-665] Processed cell mul_16s_7ns_23_4_1_U2712/buff1_reg. 7 registers were pushed out.
INFO: [Physopt 32-665] Processed cell mul_16s_7ns_23_4_1_U3669/buff1_reg. 7 registers were pushed out.
INFO: [Physopt 32-665] Processed cell mul_16s_7ns_23_4_1_U2516/buff1_reg. 7 registers were pushed out.
INFO: [Physopt 32-665] Processed cell mul_16s_7ns_23_4_1_U2883/buff1_reg. 7 registers were pushed out.
INFO: [Physopt 32-665] Processed cell mul_16s_7ns_23_4_1_U2308/buff1_reg. 7 registers were pushed out.
INFO: [Physopt 32-665] Processed cell mul_16s_7ns_23_4_1_U3668/buff1_reg. 7 registers were pushed out.
INFO: [Physopt 32-665] Processed cell mul_16s_7ns_23_4_1_U2284/buff1_reg. 7 registers were pushed out.
INFO: [Physopt 32-665] Processed cell mul_16s_7ns_23_4_1_U2546/buff1_reg. 7 registers were pushed out.
INFO: [Physopt 32-665] Processed cell mul_16s_7ns_23_4_1_U3181/buff1_reg. 7 registers were pushed out.
INFO: [Physopt 32-665] Processed cell mul_16s_7ns_23_4_1_U3578/buff1_reg. 7 registers were pushed out.
INFO: [Physopt 32-665] Processed cell mul_16s_7ns_23_4_1_U2529/buff1_reg. 7 registers were pushed out.
INFO: [Physopt 32-457] Pass 2. Identified 50 candidate cells for DSP register optimization.
INFO: [Physopt 32-665] Processed cell mul_16s_7ns_23_4_1_U2882/buff1_reg. 7 registers were pushed out.
INFO: [Physopt 32-665] Processed cell mul_16s_7ns_23_4_1_U3098/buff1_reg. 7 registers were pushed out.
INFO: [Physopt 32-665] Processed cell mul_16s_7ns_23_4_1_U2838/buff1_reg. 7 registers were pushed out.
INFO: [Physopt 32-665] Processed cell mul_16s_7ns_23_4_1_U2837/buff1_reg. 7 registers were pushed out.
INFO: [Physopt 32-665] Processed cell mul_16s_7ns_23_4_1_U3528/buff1_reg. 7 registers were pushed out.
INFO: [Physopt 32-665] Processed cell mul_16s_7ns_23_4_1_U3271/buff1_reg. 7 registers were pushed out.
INFO: [Physopt 32-665] Processed cell mul_16s_7ns_23_4_1_U2470/buff1_reg. 7 registers were pushed out.
INFO: [Physopt 32-665] Processed cell mul_16s_7ns_23_4_1_U3269/buff1_reg. 7 registers were pushed out.
INFO: [Physopt 32-665] Processed cell mul_16s_7ns_23_4_1_U3117/buff1_reg. 7 registers were pushed out.
INFO: [Physopt 32-665] Processed cell mul_16s_7ns_23_4_1_U2414/buff1_reg. 7 registers were pushed out.
INFO: [Physopt 32-665] Processed cell mul_16s_7ns_23_4_1_U2877/buff1_reg. 7 registers were pushed out.
INFO: [Physopt 32-665] Processed cell mul_16s_7ns_23_4_1_U3272/buff1_reg. 7 registers were pushed out.
INFO: [Physopt 32-665] Processed cell mul_16s_7ns_23_4_1_U3270/buff1_reg. 7 registers were pushed out.
INFO: [Physopt 32-665] Processed cell mul_16s_7ns_23_4_1_U2355/buff1_reg. 7 registers were pushed out.
INFO: [Physopt 32-665] Processed cell mul_16s_7ns_23_4_1_U2211/buff1_reg. 7 registers were pushed out.
INFO: [Physopt 32-665] Processed cell mul_16s_7ns_23_4_1_U2582/buff1_reg. 7 registers were pushed out.
INFO: [Physopt 32-665] Processed cell mul_8s_5s_13_4_1_U2150/buff1_reg. 5 registers were pushed out.
INFO: [Physopt 32-665] Processed cell mul_16s_7ns_23_4_1_U3122/buff1_reg. 7 registers were pushed out.
INFO: [Physopt 32-665] Processed cell mul_16s_7ns_23_4_1_U2709/buff1_reg. 7 registers were pushed out.
INFO: [Physopt 32-665] Processed cell mul_16s_7ns_23_4_1_U2711/buff1_reg. 7 registers were pushed out.
INFO: [Physopt 32-665] Processed cell mul_16s_7ns_23_4_1_U2783/buff1_reg. 7 registers were pushed out.
INFO: [Physopt 32-665] Processed cell mul_16s_7ns_23_4_1_U2953/buff1_reg. 7 registers were pushed out.
INFO: [Physopt 32-665] Processed cell mul_16s_7ns_23_4_1_U3023/buff1_reg. 7 registers were pushed out.
INFO: [Physopt 32-665] Processed cell mul_16s_7ns_23_4_1_U2651/buff1_reg. 7 registers were pushed out.
INFO: [Physopt 32-665] Processed cell mul_16s_7ns_23_4_1_U3665/buff1_reg. 7 registers were pushed out.
INFO: [Physopt 32-665] Processed cell mul_16s_7ns_23_4_1_U2500/buff1_reg. 7 registers were pushed out.
INFO: [Physopt 32-665] Processed cell mul_16s_7ns_23_4_1_U2515/buff1_reg. 7 registers were pushed out.
INFO: [Physopt 32-665] Processed cell mul_16s_7ns_23_4_1_U2952/buff1_reg. 7 registers were pushed out.
INFO: [Physopt 32-665] Processed cell mul_16s_7ns_23_4_1_U2880/buff1_reg. 7 registers were pushed out.
INFO: [Physopt 32-665] Processed cell mul_16s_7ns_23_4_1_U2956/buff1_reg. 7 registers were pushed out.
INFO: [Physopt 32-665] Processed cell mul_16s_7ns_23_4_1_U2840/buff1_reg. 7 registers were pushed out.
INFO: [Physopt 32-665] Processed cell mul_16s_7ns_23_4_1_U2970/buff1_reg. 7 registers were pushed out.
INFO: [Physopt 32-665] Processed cell mul_16s_7ns_23_4_1_U3573/buff1_reg. 7 registers were pushed out.
INFO: [Physopt 32-665] Processed cell mul_16s_7ns_23_4_1_U2413/buff1_reg. 7 registers were pushed out.
INFO: [Physopt 32-665] Processed cell mul_16s_7ns_23_4_1_U2806/buff1_reg. 7 registers were pushed out.
INFO: [Physopt 32-665] Processed cell mul_16s_7ns_23_4_1_U2592/buff1_reg. 7 registers were pushed out.
INFO: [Physopt 32-665] Processed cell mul_16s_7ns_23_4_1_U3212/buff1_reg. 7 registers were pushed out.
INFO: [Physopt 32-665] Processed cell mul_16s_7ns_23_4_1_U3274/buff1_reg. 7 registers were pushed out.
INFO: [Physopt 32-665] Processed cell mul_16s_7ns_23_4_1_U2951/buff1_reg. 7 registers were pushed out.
INFO: [Physopt 32-665] Processed cell mul_16s_7ns_23_4_1_U2257/buff1_reg. 7 registers were pushed out.
INFO: [Physopt 32-665] Processed cell mul_16s_7ns_23_4_1_U2330/buff1_reg. 7 registers were pushed out.
INFO: [Physopt 32-665] Processed cell mul_16s_7ns_23_4_1_U3617/buff1_reg. 7 registers were pushed out.
INFO: [Physopt 32-665] Processed cell mul_16s_7ns_23_4_1_U3180/buff1_reg. 7 registers were pushed out.
INFO: [Physopt 32-665] Processed cell mul_16s_7ns_23_4_1_U3571/buff1_reg. 7 registers were pushed out.
INFO: [Physopt 32-665] Processed cell mul_16s_7ns_23_4_1_U2356/buff1_reg. 7 registers were pushed out.
INFO: [Physopt 32-665] Processed cell mul_16s_7ns_23_4_1_U3438/buff1_reg. 7 registers were pushed out.
INFO: [Physopt 32-665] Processed cell mul_16s_7ns_23_4_1_U2716/buff1_reg. 7 registers were pushed out.
INFO: [Physopt 32-665] Processed cell mul_16s_7ns_23_4_1_U2868/buff1_reg. 7 registers were pushed out.
INFO: [Physopt 32-665] Processed cell mul_16s_7ns_23_4_1_U2184/buff1_reg. 7 registers were pushed out.
INFO: [Physopt 32-665] Processed cell mul_16s_7ns_23_4_1_U2228/buff1_reg. 7 registers were pushed out.
INFO: [Common 17-14] Message 'Physopt 32-665' appears 100 times and further instances of the messages will be disabled. Use the Tcl command set_msg_config to change the current settings.
INFO: [Physopt 32-775] End 2 Pass. Optimized 100 nets or cells. Created 696 new cells, deleted 0 existing cell and moved 0 existing cell
Netlist sorting complete. Time (s): cpu = 00:00:03 ; elapsed = 00:00:03 . Memory (MB): peak = 15927.633 ; gain = 0.000 ; free physical = 120359 ; free virtual = 233352
INFO: [Physopt 32-1123] No candidate cells found for Shift Register to Pipeline optimization
INFO: [Physopt 32-775] End 2 Pass. Optimized 0 net or cell. Created 0 new cell, deleted 0 existing cell and moved 0 existing cell
INFO: [Physopt 32-1402] Pass 1: Identified 83 candidate cells for Shift Register optimization.
INFO: [Physopt 32-775] End 1 Pass. Optimized 83 nets or cells. Created 83 new cells, deleted 0 existing cell and moved 0 existing cell
Netlist sorting complete. Time (s): cpu = 00:00:03 ; elapsed = 00:00:03 . Memory (MB): peak = 15927.633 ; gain = 0.000 ; free physical = 120360 ; free virtual = 233353
INFO: [Physopt 32-526] No candidate cells for BRAM register optimization found in the design
INFO: [Physopt 32-775] End 1 Pass. Optimized 0 net or cell. Created 0 new cell, deleted 0 existing cell and moved 0 existing cell
INFO: [Physopt 32-846] No candidate cells for URAM register optimization found in the design
INFO: [Physopt 32-775] End 1 Pass. Optimized 0 net or cell. Created 0 new cell, deleted 0 existing cell and moved 0 existing cell
INFO: [Physopt 32-846] No candidate cells for URAM register optimization found in the design
INFO: [Physopt 32-775] End 1 Pass. Optimized 0 net or cell. Created 0 new cell, deleted 0 existing cell and moved 0 existing cell
INFO: [Physopt 32-949] No candidate nets found for dynamic/static region interface net replication
INFO: [Physopt 32-775] End 1 Pass. Optimized 0 net or cell. Created 0 new cell, deleted 0 existing cell and moved 0 existing cell
Netlist sorting complete. Time (s): cpu = 00:00:00.14 ; elapsed = 00:00:00.13 . Memory (MB): peak = 15927.633 ; gain = 0.000 ; free physical = 120360 ; free virtual = 233353
INFO: [Physopt 32-46] Identified 3 candidate nets for critical-cell optimization.
INFO: [Physopt 32-232] Optimized 1 net. Created 1 new instance.
INFO: [Physopt 32-775] End 1 Pass. Optimized 1 net or cell. Created 1 new cell, deleted 0 existing cell and moved 0 existing cell
Netlist sorting complete. Time (s): cpu = 00:00:03 ; elapsed = 00:00:03 . Memory (MB): peak = 15927.633 ; gain = 0.000 ; free physical = 120360 ; free virtual = 233353
Netlist sorting complete. Time (s): cpu = 00:00:00.13 ; elapsed = 00:00:00.14 . Memory (MB): peak = 15927.633 ; gain = 0.000 ; free physical = 120360 ; free virtual = 233353

Summary of Physical Synthesis Optimizations
============================================


-----------------------------------------------------------------------------------------------------------------------------------------------------------
|  Optimization                                     |  Added Cells  |  Removed Cells  |  Optimized Cells/Nets  |  Dont Touch  |  Iterations  |  Elapsed   |
-----------------------------------------------------------------------------------------------------------------------------------------------------------
|  LUT Combining                                    |            8  |           2002  |                  2010  |           0  |           1  |  00:00:04  |
|  Retime                                           |            0  |              0  |                     0  |           0  |           1  |  00:00:00  |
|  Equivalent Driver Rewiring                       |            0  |              0  |                   125  |           0  |           1  |  00:00:10  |
|  Very High Fanout                                 |          255  |              0  |                     8  |           0  |           1  |  00:00:10  |
|  Fanout                                           |           50  |              0  |                     5  |           0  |           1  |  00:00:03  |
|  Critical Cell                                    |          321  |              0  |                    85  |           0  |           1  |  00:01:44  |
|  DSP Register                                     |          696  |              0  |                   100  |           0  |           1  |  00:00:10  |
|  Shift Register to Pipeline                       |            0  |              0  |                     0  |           0  |           1  |  00:00:00  |
|  Shift Register                                   |           83  |              0  |                    83  |           0  |           1  |  00:00:02  |
|  BRAM Register                                    |            0  |              0  |                     0  |           0  |           1  |  00:00:00  |
|  URAM Register                                    |            0  |              0  |                     0  |           0  |           1  |  00:00:01  |
|  Dynamic/Static Region Interface Net Replication  |            0  |              0  |                     0  |           0  |           1  |  00:00:00  |
|  Critical Cell                                    |            1  |              0  |                     1  |           0  |           1  |  00:00:00  |
|  Total                                            |         1414  |           2002  |                  2417  |           0  |          13  |  00:02:25  |
-----------------------------------------------------------------------------------------------------------------------------------------------------------


Phase 2.6.2 Physical Synthesis In Placer | Checksum: f2a6176c

Time (s): cpu = 00:58:31 ; elapsed = 00:18:49 . Memory (MB): peak = 15927.633 ; gain = 6211.012 ; free physical = 120362 ; free virtual = 233355
Phase 2.6 Global Place Phase2 | Checksum: 23c5db915

Time (s): cpu = 01:02:18 ; elapsed = 00:19:57 . Memory (MB): peak = 15927.633 ; gain = 6211.012 ; free physical = 120599 ; free virtual = 233365
Phase 2 Global Placement | Checksum: 23c5db915

Time (s): cpu = 01:02:21 ; elapsed = 00:19:58 . Memory (MB): peak = 15927.633 ; gain = 6211.012 ; free physical = 120599 ; free virtual = 233365

Phase 3 Detail Placement

Phase 3.1 Commit Multi Column Macros
Phase 3.1 Commit Multi Column Macros | Checksum: 186f9de8d

Time (s): cpu = 01:04:56 ; elapsed = 00:20:34 . Memory (MB): peak = 15927.633 ; gain = 6211.012 ; free physical = 120598 ; free virtual = 233364

Phase 3.2 Commit Most Macros & LUTRAMs
Phase 3.2 Commit Most Macros & LUTRAMs | Checksum: d257a177

Time (s): cpu = 01:07:51 ; elapsed = 00:21:32 . Memory (MB): peak = 15927.633 ; gain = 6211.012 ; free physical = 120597 ; free virtual = 233363

Phase 3.3 Small Shape DP

Phase 3.3.1 Small Shape Clustering
Phase 3.3.1 Small Shape Clustering | Checksum: 1150d1bc9

Time (s): cpu = 01:16:29 ; elapsed = 00:23:22 . Memory (MB): peak = 15927.633 ; gain = 6211.012 ; free physical = 120622 ; free virtual = 233387

Phase 3.3.2 Slice Area Swap

Phase 3.3.2.1 Slice Area Swap Initial
Phase 3.3.2.1 Slice Area Swap Initial | Checksum: f81d555d

Time (s): cpu = 01:16:55 ; elapsed = 00:23:41 . Memory (MB): peak = 15927.633 ; gain = 6211.012 ; free physical = 120611 ; free virtual = 233377
Phase 3.3.2 Slice Area Swap | Checksum: c924a848

Time (s): cpu = 01:17:08 ; elapsed = 00:23:49 . Memory (MB): peak = 15927.633 ; gain = 6211.012 ; free physical = 120609 ; free virtual = 233374
Phase 3.3 Small Shape DP | Checksum: 18afb65bf

Time (s): cpu = 01:18:04 ; elapsed = 00:24:05 . Memory (MB): peak = 15927.633 ; gain = 6211.012 ; free physical = 120611 ; free virtual = 233377

Phase 3.4 Re-assign LUT pins
Phase 3.4 Re-assign LUT pins | Checksum: 191237dc8

Time (s): cpu = 01:18:29 ; elapsed = 00:24:25 . Memory (MB): peak = 15927.633 ; gain = 6211.012 ; free physical = 120613 ; free virtual = 233378

Phase 3.5 Pipeline Register Optimization
Phase 3.5 Pipeline Register Optimization | Checksum: 13f38effd

Time (s): cpu = 01:18:37 ; elapsed = 00:24:28 . Memory (MB): peak = 15927.633 ; gain = 6211.012 ; free physical = 120618 ; free virtual = 233384

Phase 3.6 Fast Optimization
Phase 3.6 Fast Optimization | Checksum: 1b7137959

Time (s): cpu = 01:27:51 ; elapsed = 00:26:24 . Memory (MB): peak = 15927.633 ; gain = 6211.012 ; free physical = 120648 ; free virtual = 233414
Phase 3 Detail Placement | Checksum: 1b7137959

Time (s): cpu = 01:27:57 ; elapsed = 00:26:26 . Memory (MB): peak = 15927.633 ; gain = 6211.012 ; free physical = 120648 ; free virtual = 233414

Phase 4 Post Placement Optimization and Clean-Up

Phase 4.1 Post Commit Optimization
INFO: [Timing 38-35] Done setting XDC timing constraints.

Phase 4.1.1 Post Placement Optimization
Post Placement Optimization Initialization | Checksum: 22d99597d

Phase 4.1.1.1 BUFG Insertion

Starting Physical Synthesis Task

Phase 1 Physical Synthesis Initialization
INFO: [Physopt 32-721] Multithreading enabled for phys_opt_design using a maximum of 32 CPUs
INFO: [Physopt 32-619] Estimated Timing Summary | WNS=-2.265 | TNS=-18085.566 |
Phase 1 Physical Synthesis Initialization | Checksum: 16172fcc6

Time (s): cpu = 00:01:47 ; elapsed = 00:00:09 . Memory (MB): peak = 15927.633 ; gain = 0.000 ; free physical = 120663 ; free virtual = 233429
INFO: [Place 46-56] BUFG insertion identified 0 candidate nets. Inserted BUFG: 0, Replicated BUFG Driver: 0, Skipped due to Placement/Routing Conflicts: 0, Skipped due to Timing Degradation: 0, Skipped due to netlist editing failed: 0.
Ending Physical Synthesis Task | Checksum: 1ad4197cc

Time (s): cpu = 00:01:54 ; elapsed = 00:00:11 . Memory (MB): peak = 15927.633 ; gain = 0.000 ; free physical = 120664 ; free virtual = 233430
Phase 4.1.1.1 BUFG Insertion | Checksum: 22d99597d

Time (s): cpu = 01:45:40 ; elapsed = 00:29:02 . Memory (MB): peak = 15927.633 ; gain = 6211.012 ; free physical = 120664 ; free virtual = 233430

Phase 4.1.1.2 BUFG Replication
INFO: [Place 46-63] BUFG replication identified 0 candidate nets: Replicated nets: 0, Replicated BUFGs: 0, Replicated BUFG Driver: 0, moved BUFGs: 0, Skipped due to Placement / Routing Conflict: 0, Skipped due to Timing: 0, Skipped due to constraints: 0
Phase 4.1.1.2 BUFG Replication | Checksum: 22d99597d

Time (s): cpu = 01:45:48 ; elapsed = 00:29:05 . Memory (MB): peak = 15927.633 ; gain = 6211.012 ; free physical = 120664 ; free virtual = 233430

Phase 4.1.1.3 Post Placement Timing Optimization
Phase 4.1.1.3 Post Placement Timing Optimization | Checksum: 1e15094a6

Time (s): cpu = 01:55:16 ; elapsed = 00:34:53 . Memory (MB): peak = 15927.633 ; gain = 6211.012 ; free physical = 120703 ; free virtual = 233469

Phase 4.1.1.4 Replication
Phase 4.1.1.4 Replication | Checksum: 1ae31694b

Time (s): cpu = 01:59:07 ; elapsed = 00:35:58 . Memory (MB): peak = 15927.633 ; gain = 6211.012 ; free physical = 120720 ; free virtual = 233486

Time (s): cpu = 01:59:07 ; elapsed = 00:35:58 . Memory (MB): peak = 15927.633 ; gain = 6211.012 ; free physical = 120720 ; free virtual = 233486
Phase 4.1 Post Commit Optimization | Checksum: 1ae31694b

Time (s): cpu = 01:59:13 ; elapsed = 00:36:00 . Memory (MB): peak = 15927.633 ; gain = 6211.012 ; free physical = 120720 ; free virtual = 233486
Netlist sorting complete. Time (s): cpu = 00:00:03 ; elapsed = 00:00:03 . Memory (MB): peak = 16188.773 ; gain = 0.000 ; free physical = 120273 ; free virtual = 233039

Phase 4.2 Post Placement Cleanup
Phase 4.2 Post Placement Cleanup | Checksum: 2305fa26b

Time (s): cpu = 02:01:25 ; elapsed = 00:37:08 . Memory (MB): peak = 16188.773 ; gain = 6472.152 ; free physical = 120275 ; free virtual = 233040

Phase 4.3 Placer Reporting

Phase 4.3.1 Dump Critical Paths 
Phase 4.3.1 Dump Critical Paths  | Checksum: 2305fa26b

Time (s): cpu = 02:06:52 ; elapsed = 00:40:47 . Memory (MB): peak = 16188.773 ; gain = 6472.152 ; free physical = 120289 ; free virtual = 233055

Phase 4.3.2 Print Final WNS
INFO: [Place 30-100] Post Placement Timing Summary | WNS=-2.062 | TNS=-17771.072|

Phase 4.3.2 Print Final WNS | Checksum: 2305fa26b

Time (s): cpu = 02:17:43 ; elapsed = 00:44:20 . Memory (MB): peak = 16188.773 ; gain = 6472.152 ; free physical = 120313 ; free virtual = 233079

Phase 4.3.3 Print Estimated Congestion
INFO: [Place 30-612] Post-Placement Estimated Congestion 
 ________________________________________________________________________
|           | Global Congestion | Long Congestion   | Short Congestion  |
| Direction | Region Size       | Region Size       | Region Size       |
|___________|___________________|___________________|___________________|
|      North|                1x1|                8x8|                2x2|
|___________|___________________|___________________|___________________|
|      South|                1x1|                1x1|                1x1|
|___________|___________________|___________________|___________________|
|       East|                1x1|                2x2|                2x2|
|___________|___________________|___________________|___________________|
|       West|                1x1|                1x1|                1x1|
|___________|___________________|___________________|___________________|

SLR0:
 ________________________________________________________________________
|           | Global Congestion | Long Congestion   | Short Congestion  |
| Direction | Region Size       | Region Size       | Region Size       |
|___________|___________________|___________________|___________________|
|      North|                1x1|                2x2|                1x1|
|___________|___________________|___________________|___________________|
|      South|                1x1|                1x1|                1x1|
|___________|___________________|___________________|___________________|
|       East|                1x1|                1x1|                1x1|
|___________|___________________|___________________|___________________|
|       West|                1x1|                1x1|                1x1|
|___________|___________________|___________________|___________________|

SLR1:
 ________________________________________________________________________
|           | Global Congestion | Long Congestion   | Short Congestion  |
| Direction | Region Size       | Region Size       | Region Size       |
|___________|___________________|___________________|___________________|
|      North|                1x1|                8x8|                2x2|
|___________|___________________|___________________|___________________|
|      South|                1x1|                1x1|                1x1|
|___________|___________________|___________________|___________________|
|       East|                1x1|                2x2|                2x2|
|___________|___________________|___________________|___________________|
|       West|                1x1|                1x1|                1x1|
|___________|___________________|___________________|___________________|

SLR2:
 ________________________________________________________________________
|           | Global Congestion | Long Congestion   | Short Congestion  |
| Direction | Region Size       | Region Size       | Region Size       |
|___________|___________________|___________________|___________________|
|      North|                1x1|                2x2|                1x1|
|___________|___________________|___________________|___________________|
|      South|                1x1|                1x1|                1x1|
|___________|___________________|___________________|___________________|
|       East|                1x1|                1x1|                1x1|
|___________|___________________|___________________|___________________|
|       West|                1x1|                1x1|                1x1|
|___________|___________________|___________________|___________________|

SLR3:
 ________________________________________________________________________
|           | Global Congestion | Long Congestion   | Short Congestion  |
| Direction | Region Size       | Region Size       | Region Size       |
|___________|___________________|___________________|___________________|
|      North|                1x1|                1x1|                1x1|
|___________|___________________|___________________|___________________|
|      South|                1x1|                1x1|                1x1|
|___________|___________________|___________________|___________________|
|       East|                1x1|                1x1|                1x1|
|___________|___________________|___________________|___________________|
|       West|                1x1|                1x1|                1x1|
|___________|___________________|___________________|___________________|

Phase 4.3.3 Print Estimated Congestion | Checksum: 1b7176e7b

Time (s): cpu = 02:19:32 ; elapsed = 00:44:28 . Memory (MB): peak = 16188.773 ; gain = 6472.152 ; free physical = 120312 ; free virtual = 233078
Phase 4.3 Placer Reporting | Checksum: 1b7176e7b

Time (s): cpu = 02:19:39 ; elapsed = 00:44:29 . Memory (MB): peak = 16188.773 ; gain = 6472.152 ; free physical = 120313 ; free virtual = 233079

Phase 4.4 Final Placement Cleanup
Netlist sorting complete. Time (s): cpu = 00:00:00.13 ; elapsed = 00:00:00.12 . Memory (MB): peak = 16188.773 ; gain = 0.000 ; free physical = 120313 ; free virtual = 233079

Time (s): cpu = 02:19:39 ; elapsed = 00:44:29 . Memory (MB): peak = 16188.773 ; gain = 6472.152 ; free physical = 120313 ; free virtual = 233079
Phase 4 Post Placement Optimization and Clean-Up | Checksum: 185bce5a5

Time (s): cpu = 02:19:46 ; elapsed = 00:44:30 . Memory (MB): peak = 16188.773 ; gain = 6472.152 ; free physical = 120313 ; free virtual = 233079
Ending Placer Task | Checksum: 172298f15

Time (s): cpu = 02:19:52 ; elapsed = 00:44:32 . Memory (MB): peak = 16188.773 ; gain = 6472.152 ; free physical = 120314 ; free virtual = 233080
255 Infos, 2 Warnings, 0 Critical Warnings and 0 Errors encountered.
place_design completed successfully
place_design: Time (s): cpu = 02:20:58 ; elapsed = 00:45:20 . Memory (MB): peak = 16188.773 ; gain = 6643.488 ; free physical = 120317 ; free virtual = 233083
# write_checkpoint \
#     -force \
#     [
#         file join \
#             $output_dir \
#             post_place.dcp
#     ]
INFO: [Timing 38-480] Writing timing data to binary archive.
Write ShapeDB Complete: Time (s): cpu = 00:00:05 ; elapsed = 00:00:01 . Memory (MB): peak = 16188.773 ; gain = 0.000 ; free physical = 120215 ; free virtual = 233091
Wrote PlaceDB: Time (s): cpu = 00:01:12 ; elapsed = 00:00:30 . Memory (MB): peak = 16188.773 ; gain = 0.000 ; free physical = 119170 ; free virtual = 233062
Wrote PulsedLatchDB: Time (s): cpu = 00:00:00 ; elapsed = 00:00:00 . Memory (MB): peak = 16188.773 ; gain = 0.000 ; free physical = 119175 ; free virtual = 233068
Writing XDEF routing.
Writing XDEF routing logical nets.
Writing XDEF routing special nets.
Wrote RouteStorage: Time (s): cpu = 00:00:03 ; elapsed = 00:00:03 . Memory (MB): peak = 16188.773 ; gain = 0.000 ; free physical = 119170 ; free virtual = 233064
Wrote Netlist Cache: Time (s): cpu = 00:00:00.97 ; elapsed = 00:00:01 . Memory (MB): peak = 16188.773 ; gain = 0.000 ; free physical = 119055 ; free virtual = 233063
Wrote Device Cache: Time (s): cpu = 00:00:00 ; elapsed = 00:00:00.01 . Memory (MB): peak = 16188.773 ; gain = 0.000 ; free physical = 119051 ; free virtual = 233062
Write Physdb Complete: Time (s): cpu = 00:01:16 ; elapsed = 00:00:51 . Memory (MB): peak = 16188.773 ; gain = 0.000 ; free physical = 119051 ; free virtual = 233062
INFO: [Common 17-1381] The checkpoint '/mnt_pool/c3_users/user/pleguina/graphsage_vivado_2024_1_sweep/build/vivado_sweep/screen_altspread_high/post_place.dcp' has been generated.
write_checkpoint: Time (s): cpu = 00:01:33 ; elapsed = 00:01:12 . Memory (MB): peak = 16188.773 ; gain = 0.000 ; free physical = 119963 ; free virtual = 232957
# report_timing_summary \
#     -delay_type min_max \
#     -max_paths 100 \
#     -file [
#         file join \
#             $reports_dir \
#             timing_post_place.rpt
#     ]
INFO: [Timing 38-91] UpdateTimingParams: Speed grade: -1, Temperature grade: E, Delay Type: min_max.
INFO: [Timing 38-191] Multithreading enabled for timing update using a maximum of 32 CPUs
report_timing_summary: Time (s): cpu = 00:05:48 ; elapsed = 00:00:52 . Memory (MB): peak = 16188.773 ; gain = 0.000 ; free physical = 119990 ; free virtual = 232984
# report_design_analysis \
#     -congestion \
#     -file [
#         file join \
#             $reports_dir \
#             congestion_post_place.rpt
#     ]
# report_utilization \
#     -slr \
#     -file [
#         file join \
#             $reports_dir \
#             utilization_slr_post_place.rpt
#     ]
report_utilization: Time (s): cpu = 00:00:31 ; elapsed = 00:00:32 . Memory (MB): peak = 16188.773 ; gain = 0.000 ; free physical = 119990 ; free virtual = 232984
# report_high_fanout_nets \
#     -file [
#         file join \
#             $reports_dir \
#             high_fanout_post_place.rpt
#     ]
report_high_fanout_nets: Time (s): cpu = 00:00:20 ; elapsed = 00:00:21 . Memory (MB): peak = 16188.773 ; gain = 0.000 ; free physical = 119993 ; free virtual = 232987
# if {$screen_only} {
# 
#     puts "============================================================"
#     puts "SCREEN_ONLY=1"
#     puts "STOPPING_AFTER_PLACEMENT"
#     puts "PLACEMENT_SCREEN_COMPLETE=$run_name"
#     puts "============================================================"
# 
#     write_metadata \
#         [file join $output_dir metadata.txt] \
#         "placement_complete" \
#         $run_name \
#         $place_directive \
#         $route_directive \
#         $screen_only \
#         $use_tns_cleanup \
#         $use_post_phys \
#         $start_time
# 
#     exit 0
# }
============================================================
SCREEN_ONLY=1
STOPPING_AFTER_PLACEMENT
PLACEMENT_SCREEN_COMPLETE=screen_altspread_high
============================================================
INFO: [Common 17-206] Exiting Vivado at Tue Aug 18 13:30:40 2026...
Baseline already exists: /mnt_pool/c3_users/user/pleguina/graphsage_vivado_2024_1_sweep/build/vivado_sweep/baseline_post_synth.dcp

==============================================================================
Run name        : screen_altspread_high
Placement       : AltSpreadLogic_high
Routing         : Default
Screen only     : True
==============================================================================

