Python path configuration:
Python path configuration:
  PYTHONHOME = '/nfs/fanae/vivado/2025.2/Vivado/tps/lnx64/python-3.13.0'
  PYTHONPATH = '/nfs/fanae/vivado/2025.2/Vivado/tps/lnx64/python-3.13.0:/nfs/fanae/vivado/2025.2/Vivado/tps/lnx64/python-3.13.0/bin:/nfs/fanae/vivado/2025.2/Vivado/tps/lnx64/python-3.13.0/lib:/nfs/fanae/vivado/2025.2/Vivado/tps/lnx64/python-3.13.0/lib/python3.13/site-packages:/nfs/fanae/vivado/2025.2/Vivado/lib/lnx64.o/Rhel/9:/nfs/fanae/vivado/2025.2/Vivado/lib/lnx64.o/Rhel:/nfs/fanae/vivado/2025.2/Vivado/lib/lnx64.o:'
  program name = '/usr/bin/python'
  isolated = 0
  environment = 1
  user site = 1
  import site = 1
  sys._base_executable = '/usr/bin/python'
  sys.base_prefix = '/nfs/fanae/vivado/2025.2/Vivado/tps/lnx64/python-3.13.0'
  sys.base_exec_prefix = '/nfs/fanae/vivado/2025.2/Vivado/tps/lnx64/python-3.13.0'
  sys.platlibdir = 'lib64'
  sys.executable = '/usr/bin/python'
  sys.prefix = '/nfs/fanae/vivado/2025.2/Vivado/tps/lnx64/python-3.13.0'
  sys.exec_prefix = '/nfs/fanae/vivado/2025.2/Vivado/tps/lnx64/python-3.13.0'
  sys.path = [
    '/nfs/fanae/vivado/2025.2/Vivado/tps/lnx64/python-3.13.0',
    '/nfs/fanae/vivado/2025.2/Vivado/tps/lnx64/python-3.13.0/bin',
    '/nfs/fanae/vivado/2025.2/Vivado/tps/lnx64/python-3.13.0/lib',
    '/nfs/fanae/vivado/2025.2/Vivado/tps/lnx64/python-3.13.0/lib/python3.13/site-packages',
    '/nfs/fanae/vivado/2025.2/Vivado/lib/lnx64.o/Rhel/9',
    '/nfs/fanae/vivado/2025.2/Vivado/lib/lnx64.o/Rhel',
    '/nfs/fanae/vivado/2025.2/Vivado/lib/lnx64.o',
    '',
    '/nfs/fanae/vivado/2025.2/Vivado/tps/lnx64/python-3.13.0/lib64/python39.zip',
    '/nfs/fanae/vivado/2025.2/Vivado/tps/lnx64/python-3.13.0/lib64/python3.9',
    '/nfs/fanae/vivado/2025.2/Vivado/tps/lnx64/python-3.13.0/lib64/python3.9/lib-dynload',
  ]
Fatal Python error: init_fs_encoding: failed to get the Python codec of the filesystem encoding
Python runtime state: core initialized
ModuleNotFoundError: No module named 'encodings'

Current thread 0x00007ff25171c0c0 (most recent call first):
<no Python frame>
terminate called without an active exception
