
****** Vivado v2025.2 (64-bit)
  **** SW Build 6299465 on Fri Nov 14 12:34:56 MST 2025
  **** IP Build 6300035 on Fri Nov 14 10:48:45 MST 2025
  **** SharedData Build 6298862 on Thu Nov 13 04:50:51 MST 2025
  **** Start of session at: Thu Aug 27 17:31:22 2026
    ** Copyright 1986-2022 Xilinx, Inc. All Rights Reserved.
    ** Copyright 2022-2025 Advanced Micro Devices, Inc. All Rights Reserved.

source campaigns/qat_dsp_partitioning/hls/audit_channel_criticality.tcl
# if {$argc != 2} {
#     error "Usage: vivado -mode batch -source audit_channel_criticality.tcl -tclargs <checkpoint> <output.csv>"
# }
# set checkpoint [lindex $argv 0]
# set output_csv [lindex $argv 1]
# open_checkpoint $checkpoint
Command: open_checkpoint /mnt_pool/c3_users/user/pleguina/graphsage_vivado_2024_1_sweep/build/vivado_sweep/qat_dsp_P3_route_default/final.dcp

Starting open_checkpoint Task

Time (s): cpu = 00:00:00.04 ; elapsed = 00:00:00.04 . Memory (MB): peak = 1510.027 ; gain = 0.000 ; free physical = 18142 ; free virtual = 132045
INFO: [Device 21-403] Loading part xcvu13p-fsga2577-1-e
Netlist sorting complete. Time (s): cpu = 00:00:06 ; elapsed = 00:00:06 . Memory (MB): peak = 3692.215 ; gain = 28.000 ; free physical = 11670 ; free virtual = 123884
INFO: [Netlist 29-17] Analyzing 49388 Unisim elements for replacement
INFO: [Netlist 29-28] Unisim Transformation completed in 3 CPU seconds
INFO: [Project 1-479] Netlist was created with Vivado 2025.2
INFO: [Project 1-570] Preparing netlist for logic optimization
Read ShapeDB Complete: Time (s): cpu = 00:00:00.66 ; elapsed = 00:00:00.68 . Memory (MB): peak = 4078.559 ; gain = 24.422 ; free physical = 11615 ; free virtual = 123404
INFO: [Timing 38-478] Restoring timing data from binary archive.
INFO: [Timing 38-479] Binary timing data restore complete.
INFO: [Project 1-856] Restoring constraints from binary archive.
INFO: [Constraints 18-5170] The checkpoint was created with non-default parameter values which do not match the current Vivado settings.  Mismatching parameters are:
  general.maxThreads
INFO: [Project 1-853] Binary constraint restore complete.
INFO: [Designutils 20-5722] Start Reading Physical Databases.
Reading placement.
Read Netlist Cache: Time (s): cpu = 00:00:01 ; elapsed = 00:00:01 . Memory (MB): peak = 5766.984 ; gain = 0.000 ; free physical = 4296 ; free virtual = 114700
Reading placer database...
Read Device Cache: Time (s): cpu = 00:00:00.02 ; elapsed = 00:00:00.03 . Memory (MB): peak = 5766.984 ; gain = 0.000 ; free physical = 4288 ; free virtual = 114693
Read PlaceDB: Time (s): cpu = 00:00:26 ; elapsed = 00:00:27 . Memory (MB): peak = 6299.875 ; gain = 532.891 ; free physical = 2681 ; free virtual = 111017
Read PulsedLatchDB: Time (s): cpu = 00:00:00 ; elapsed = 00:00:00 . Memory (MB): peak = 6299.875 ; gain = 0.000 ; free physical = 2680 ; free virtual = 111016
Reading routing.
Read RouteStorage: Time (s): cpu = 00:00:20 ; elapsed = 00:00:06 . Memory (MB): peak = 6605.758 ; gain = 305.883 ; free physical = 2610 ; free virtual = 109130
Read Physdb Files: Time (s): cpu = 00:00:48 ; elapsed = 00:00:34 . Memory (MB): peak = 6605.758 ; gain = 838.773 ; free physical = 2709 ; free virtual = 109065
Restored from archive | CPU: 49.660000 secs | Memory: 744.907715 MB |
Finished XDEF File Restore: Time (s): cpu = 00:00:48 ; elapsed = 00:00:34 . Memory (MB): peak = 6605.758 ; gain = 838.773 ; free physical = 2652 ; free virtual = 109011
Netlist sorting complete. Time (s): cpu = 00:00:00.18 ; elapsed = 00:00:00.2 . Memory (MB): peak = 6605.758 ; gain = 0.000 ; free physical = 2577 ; free virtual = 106652
INFO: [Project 1-111] Unisim Transformation Summary:
  A total of 432 instances were transformed.
  DSP48E2 => DSP48E2 (DSP_ALU, DSP_A_B_DATA, DSP_C_DATA, DSP_MULTIPLIER, DSP_M_DATA, DSP_OUTPUT, DSP_PREADD, DSP_PREADD_DATA): 432 instances

INFO: [Project 1-604] Checkpoint was created with Vivado v2025.2 (64-bit) build 6299465
open_checkpoint: Time (s): cpu = 00:03:09 ; elapsed = 00:02:47 . Memory (MB): peak = 6605.793 ; gain = 5095.766 ; free physical = 2564 ; free virtual = 106419
CRITICAL WARNING: [Vivado 12-4439] The number of objects collected by the 'to' option of 'get_timing_paths' is very large: 419611. This may lead to serious performance issues and out-of-memory conditions in handling the results.
Resolution: Further filtering of the command results, or narrowing the scope of the command is recommended.
CRITICAL WARNING: [Vivado 12-4439] The number of objects collected by the 'from' option of 'get_timing_paths' is very large: 419611. This may lead to serious performance issues and out-of-memory conditions in handling the results.
Resolution: Further filtering of the command results, or narrowing the scope of the command is recommended.
WARNING: [Timing 38-242] The property HD.CLK_SRC of clock port "ap_clk" is not set. In out-of-context mode, this prevents timing estimation for clock delay/skew
Resolution: Set the HD.CLK_SRC property of the out-of-context port to the location of the clock buffer instance in the top-level design
get_timing_paths: Time (s): cpu = 00:07:16 ; elapsed = 00:01:31 . Memory (MB): peak = 7395.742 ; gain = 789.949 ; free physical = 3699 ; free virtual = 103573
# set paths [get_timing_paths \
#     -from [all_registers] \
#     -to [all_registers] \
#     -delay_type max \
#     -max_paths 1000 \
#     -unique_pins \
#     -nworst 1]
# file mkdir [file dirname $output_csv]
# set output [open $output_csv w]
# puts $output "rank,slack_ns,start_cell,end_cell"
# set rank 0
# foreach path $paths {
#     incr rank
#     set start_pin [get_property STARTPOINT_PIN $path]
#     set end_pin [get_property ENDPOINT_PIN $path]
#     set start_cell [get_cells -quiet -of_objects $start_pin]
#     set end_cell [get_cells -quiet -of_objects $end_pin]
#     puts $output [join [list \
#         $rank \
#         [get_property SLACK $path] \
#         $start_cell \
#         $end_cell] ","]
# }
# close $output
# puts "L2_CHANNEL_AUDIT=$output_csv"
L2_CHANNEL_AUDIT=/mnt_pool/c3_users/user/pleguina/graphsage_vivado_2024_1_sweep/build/vivado_sweep/qat_dsp_P3_route_default/reports/channel_criticality_paths.csv
# puts "L2_CHANNEL_AUDIT_COUNT=$rank"
L2_CHANNEL_AUDIT_COUNT=1000
# exit 0
INFO: [Common 17-206] Exiting Vivado at Thu Aug 27 17:35:49 2026...
layer  branch    ch  endpoints   worst_ns     TNS_ns  dsp_est    TNS/DSP    WNS/DSP  global
GLOBAL_SAMPLE_WNS_NS=-0.195
GLOBAL_SAMPLE_WNS_OWNER=None
UNCLASSIFIED_CATEGORY=aggregation_dsp_input paths=8 unique_end_cells=8 tns_ns=0.490 worst_ns=-0.090
UNCLASSIFIED_CATEGORY=control_enable paths=0 unique_end_cells=0 tns_ns=0.000 worst_ns=0.000
UNCLASSIFIED_CATEGORY=adder_saturation_quantization paths=4 unique_end_cells=4 tns_ns=0.094 worst_ns=-0.033
UNCLASSIFIED_CATEGORY=pipeline_registers paths=37 unique_end_cells=37 tns_ns=1.192 worst_ns=-0.132
UNCLASSIFIED_CATEGORY=unknown paths=90 unique_end_cells=90 tns_ns=3.816 worst_ns=-0.195
UNCLASSIFIED_PATHS=139/1000
CHANNEL_CRITICALITY_TABLE=/mnt_pool/c3_users/user/pleguina/graphsage_vivado_2024_1_sweep/build/vivado_sweep/qat_dsp_P3_route_default/reports/channel_criticality_table.json
