
****** Vivado v2025.2 (64-bit)
  **** SW Build 6299465 on Fri Nov 14 12:34:56 MST 2025
  **** IP Build 6300035 on Fri Nov 14 10:48:45 MST 2025
  **** SharedData Build 6298862 on Thu Nov 13 04:50:51 MST 2025
  **** Start of session at: Tue Aug 18 14:30:51 2026
    ** Copyright 1986-2022 Xilinx, Inc. All Rights Reserved.
    ** Copyright 2022-2025 Advanced Micro Devices, Inc. All Rights Reserved.

source /mnt_pool/c3_users/user/pleguina/graphsage_vivado_2024_1_sweep/hls/run_vivado_int8_po2_strategy.tcl
# set script_dir [file dirname [file normalize [info script]]]
# set repo_root [file normalize [file join $script_dir ..]]
# set sweep_dir [file join $repo_root build vivado_sweep]
# foreach required_env {RUN_NAME PLACE_DIRECTIVE} {
#     if {![info exists ::env($required_env)] || $::env($required_env) eq ""} {
#         error "Missing required environment variable $required_env"
#     }
# }
# set run_name $::env(RUN_NAME)
# set place_directive $::env(PLACE_DIRECTIVE)
# set route_directive [expr {
#     [info exists ::env(ROUTE_DIRECTIVE)]
#         ? $::env(ROUTE_DIRECTIVE)
#         : "Default"
# }]
# set screen_only [expr {
#     [info exists ::env(SCREEN_ONLY)]
#         ? $::env(SCREEN_ONLY)
#         : 1
# }]
# set use_tns_cleanup [expr {
#     [info exists ::env(USE_TNS_CLEANUP)]
#         ? $::env(USE_TNS_CLEANUP)
#         : 1
# }]
# set use_post_phys [expr {
#     [info exists ::env(USE_POST_PHYS)]
#         ? $::env(USE_POST_PHYS)
#         : 1
# }]
# set output_dir [file join $sweep_dir $run_name]
# set reports_dir [file join $output_dir reports]
# set start_time [clock seconds]
# file mkdir $output_dir
# file mkdir $reports_dir
# set vivado_threads [expr {
#     [info exists ::env(SLURM_CPUS_PER_TASK)]
#         ? $::env(SLURM_CPUS_PER_TASK)
#         : 4
# }]
# set_param general.maxThreads $vivado_threads
# puts "============================================================"
============================================================
# puts "RUN_NAME=$run_name"
RUN_NAME=screen_ssi_spread_high
# puts "PLACE_DIRECTIVE=$place_directive"
PLACE_DIRECTIVE=SSI_SpreadLogic_high
# puts "ROUTE_DIRECTIVE=$route_directive"
ROUTE_DIRECTIVE=Default
# puts "SCREEN_ONLY=$screen_only"
SCREEN_ONLY=1
# puts "USE_TNS_CLEANUP=$use_tns_cleanup"
USE_TNS_CLEANUP=1
# puts "USE_POST_PHYS=$use_post_phys"
USE_POST_PHYS=0
# puts "VIVADO_MAX_THREADS=$vivado_threads"
VIVADO_MAX_THREADS=32
# puts "============================================================"
============================================================
# proc timing_slack {delay_type} {
# 
#     set paths [
#         get_timing_paths \
#             -delay_type $delay_type \
#             -max_paths 1 \
#             -quiet
#     ]
# 
#     if {[llength $paths] == 0} {
#         return "NA"
#     }
# 
#     return [get_property SLACK [lindex $paths 0]]
# }
# proc write_metadata {
#     path
#     status
#     run_name
#     place_directive
#     route_directive
#     screen_only
#     use_tns_cleanup
#     use_post_phys
#     start_time
# } {
# 
#     set metadata [open $path w]
# 
#     puts $metadata "run_name=$run_name"
#     puts $metadata "place_directive=$place_directive"
#     puts $metadata "route_directive=$route_directive"
#     puts $metadata "screen_only=$screen_only"
#     puts $metadata "tns_cleanup=$use_tns_cleanup"
#     puts $metadata "postroute_physopt=$use_post_phys"
# 
#     puts $metadata "clock_period_ns=2.77"
# 
#     puts $metadata \
#         "post_stage_setup_wns_ns=[timing_slack max]"
# 
#     puts $metadata \
#         "post_stage_hold_wns_ns=[timing_slack min]"
# 
#     puts $metadata \
#         "runtime_seconds=[expr {[clock seconds] - $start_time}]"
# 
#     puts $metadata "status=$status"
# 
#     close $metadata
# }
# open_checkpoint [
#     file join \
#         $sweep_dir \
#         baseline_post_synth.dcp
# ]
Command: open_checkpoint /mnt_pool/c3_users/user/pleguina/graphsage_vivado_2024_1_sweep/build/vivado_sweep/baseline_post_synth.dcp

Starting open_checkpoint Task

Time (s): cpu = 00:00:00.03 ; elapsed = 00:00:00.03 . Memory (MB): peak = 1545.352 ; gain = 0.000 ; free physical = 241127 ; free virtual = 253668
INFO: [Device 21-403] Loading part xcvu13p-fsga2577-1-e
Netlist sorting complete. Time (s): cpu = 00:00:05 ; elapsed = 00:00:05 . Memory (MB): peak = 3857.383 ; gain = 22.398 ; free physical = 238851 ; free virtual = 251391
INFO: [Netlist 29-17] Analyzing 37864 Unisim elements for replacement
INFO: [Netlist 29-28] Unisim Transformation completed in 24 CPU seconds
INFO: [Project 1-479] Netlist was created with Vivado 2024.1
INFO: [Project 1-570] Preparing netlist for logic optimization
INFO: [Constraints 18-4397] Generator change detected checking ShapeConfig Enum. shapeDB will be regenerated.
Read ShapeDB Complete: Time (s): cpu = 00:00:00.61 ; elapsed = 00:00:00.63 . Memory (MB): peak = 5161.172 ; gain = 61.836 ; free physical = 237545 ; free virtual = 250086
INFO: [Constraints 18-5435] Cannot read file, the software version for the checkpoint (2024.1.5076996) does not match the current software version (2025.2.6299465).
  File : /mnt_pool/c3_users/user/pleguina/graphsage_vivado_2024_1_sweep/build/vivado_sweep/baseline_post_synth/graphsage_int8_po2.xbdc.
Parsing XDC File [/mnt_pool/c3_users/user/pleguina/graphsage_vivado_2024_1_sweep/build/vivado_sweep/baseline_post_synth/graphsage_int8_po2.xdc]
INFO: [Vivado 12-4761] HD.CLK_SRC property is set on port ap_clk. The net connecting to the port drives either clock PIN or hierarchical black box. Use the create_clock constraint to create a clock on this port prior to setting HD.CLK_SRC.  [/home/pelayo/work/simple-gnn/hls/graphsage_int8_po2_ooc.xdc:2]
Finished Parsing XDC File [/mnt_pool/c3_users/user/pleguina/graphsage_vivado_2024_1_sweep/build/vivado_sweep/baseline_post_synth/graphsage_int8_po2.xdc]
INFO: [Opt 31-138] Pushed 0 inverter(s) to 0 load pin(s).
Netlist sorting complete. Time (s): cpu = 00:00:00.12 ; elapsed = 00:00:00.13 . Memory (MB): peak = 5541.262 ; gain = 0.000 ; free physical = 237394 ; free virtual = 249935
INFO: [Project 1-111] Unisim Transformation Summary:
  A total of 4216 instances were transformed.
  DSP48E2 => DSP48E2 (DSP_ALU, DSP_A_B_DATA, DSP_C_DATA, DSP_MULTIPLIER, DSP_M_DATA, DSP_OUTPUT, DSP_PREADD, DSP_PREADD_DATA): 4216 instances

INFO: [Project 1-604] Checkpoint was created with Vivado v2024.1 (64-bit) build 5076996
open_checkpoint: Time (s): cpu = 00:02:29 ; elapsed = 00:02:35 . Memory (MB): peak = 5541.297 ; gain = 3995.945 ; free physical = 237396 ; free virtual = 249937
# report_property \
#     [get_ports ap_clk] \
#     -file [
#         file join \
#             $reports_dir \
#             ap_clk_properties.rpt
#     ]
# opt_design -directive Explore
Command: opt_design -directive Explore
INFO: [Vivado_Tcl 4-136] Directive used for opt_design is: Explore
Attempting to get a license for feature 'Implementation' and/or device 'xcvu13p'
INFO: [Common 17-349] Got license for feature 'Implementation' and/or device 'xcvu13p'
INFO: [Common 17-1540] The version limit for your license is '2026.02' and has expired for new software. A version limit expiration means that, although you may be able to continue to use the current version of tools or IP with this license, you will not be eligible for new releases.
Running DRC as a precondition to command opt_design

Starting DRC Task
INFO: [DRC 23-27] Running DRC with 32 threads
WARNING: [DRC 23-814] Not all possible (connectivity based) DRCs may have been run because this design is seen as Out of Context.
INFO: [Project 1-461] DRC finished with 0 Errors
INFO: [Project 1-462] Please refer to the DRC report (report_drc) for more information.

Time (s): cpu = 00:00:13 ; elapsed = 00:00:05 . Memory (MB): peak = 6438.891 ; gain = 602.688 ; free physical = 236718 ; free virtual = 249259

Starting Logic Optimization Task

Phase 1 Initialization

Phase 1.1 Core Generation And Design Setup
Phase 1.1 Core Generation And Design Setup | Checksum: 1d92fb46c

Time (s): cpu = 00:00:01 ; elapsed = 00:00:01 . Memory (MB): peak = 6438.891 ; gain = 0.000 ; free physical = 236708 ; free virtual = 249248

Phase 1.2 Setup Constraints And Sort Netlist
Phase 1.2 Setup Constraints And Sort Netlist | Checksum: 1d92fb46c

Time (s): cpu = 00:00:02 ; elapsed = 00:00:02 . Memory (MB): peak = 6438.891 ; gain = 0.000 ; free physical = 236708 ; free virtual = 249249
Phase 1 Initialization | Checksum: 1d92fb46c

Time (s): cpu = 00:00:02 ; elapsed = 00:00:02 . Memory (MB): peak = 6438.891 ; gain = 0.000 ; free physical = 236708 ; free virtual = 249249

Phase 2 Timer Update And Timing Data Collection

Phase 2.1 Detect if minReqCache needed
Phase 2.1 Detect if minReqCache needed | Checksum: 1d92fb46c

Time (s): cpu = 00:00:04 ; elapsed = 00:00:04 . Memory (MB): peak = 6822.891 ; gain = 384.000 ; free physical = 236378 ; free virtual = 248918

Phase 2.2 Timer Update
INFO: [Timing 38-35] Done setting XDC timing constraints.
Phase 2.2 Timer Update | Checksum: 1d92fb46c

Time (s): cpu = 00:06:19 ; elapsed = 00:00:45 . Memory (MB): peak = 9505.941 ; gain = 3067.051 ; free physical = 233714 ; free virtual = 246255
Phase 2 Timer Update And Timing Data Collection | Checksum: 1d92fb46c

Time (s): cpu = 00:06:19 ; elapsed = 00:00:45 . Memory (MB): peak = 9505.941 ; gain = 3067.051 ; free physical = 233714 ; free virtual = 246255

Phase 3 Retarget
INFO: [Opt 31-1851] Number of loadless carry chains removed were: 0
INFO: [Opt 31-1834] Total Chains To Be Transformed Were: 0 AND Number of Transformed insts Created are: 0
INFO: [Opt 31-138] Pushed 0 inverter(s) to 0 load pin(s).
INFO: [Opt 31-49] Retargeted 0 cell(s).
Phase 3 Retarget | Checksum: 141bf1725

Time (s): cpu = 00:06:27 ; elapsed = 00:00:53 . Memory (MB): peak = 9505.941 ; gain = 3067.051 ; free physical = 233714 ; free virtual = 246255
Retarget | Checksum: 141bf1725
INFO: [Opt 31-389] Phase Retarget created 154 cells and removed 154 cells

Phase 4 Constant propagation
INFO: [Opt 31-138] Pushed 0 inverter(s) to 0 load pin(s).
Phase 4 Constant propagation | Checksum: 1527fdd32

Time (s): cpu = 00:06:32 ; elapsed = 00:00:58 . Memory (MB): peak = 9505.941 ; gain = 3067.051 ; free physical = 233716 ; free virtual = 246256
Constant propagation | Checksum: 1527fdd32
INFO: [Opt 31-389] Phase Constant propagation created 0 cells and removed 0 cells

Phase 5 Sweep
INFO: [Constraints 18-11670] Building netlist checker database with flags, 0x8
Done building netlist checker database: Time (s): cpu = 00:00:00.48 ; elapsed = 00:00:00.49 . Memory (MB): peak = 9505.941 ; gain = 0.000 ; free physical = 233702 ; free virtual = 246243
Phase 5 Sweep | Checksum: 19b69a6bd

Time (s): cpu = 00:06:44 ; elapsed = 00:01:10 . Memory (MB): peak = 9505.941 ; gain = 3067.051 ; free physical = 233702 ; free virtual = 246243
Sweep | Checksum: 19b69a6bd
INFO: [Opt 31-389] Phase Sweep created 0 cells and removed 0 cells

Phase 6 BUFG optimization
INFO: [Opt 31-1077] Phase BUFG optimization inserted 0 global clock buffer(s) for CLOCK_LOW_FANOUT.
Phase 6 BUFG optimization | Checksum: 19b69a6bd

Time (s): cpu = 00:06:48 ; elapsed = 00:01:14 . Memory (MB): peak = 9537.957 ; gain = 3099.066 ; free physical = 233703 ; free virtual = 246243
BUFG optimization | Checksum: 19b69a6bd
INFO: [Opt 31-662] Phase BUFG optimization created 0 cells of which 0 are BUFGs and removed 0 cells.

Phase 7 Shift Register Optimization
INFO: [Opt 31-1064] SRL Remap converted 0 SRLs to 0 registers and converted 0 registers of register chains to 0 SRLs
Phase 7 Shift Register Optimization | Checksum: fa3edf2b

Time (s): cpu = 00:06:50 ; elapsed = 00:01:16 . Memory (MB): peak = 9537.957 ; gain = 3099.066 ; free physical = 233703 ; free virtual = 246243
Shift Register Optimization | Checksum: fa3edf2b
INFO: [Opt 31-389] Phase Shift Register Optimization created 2971 cells and removed 0 cells
INFO: [Opt 31-1555] control_set_opt supports Versal devices only, and device xcvu13p is unsupported

Phase 8 Post Processing Netlist
Phase 8 Post Processing Netlist | Checksum: fa3edf2b

Time (s): cpu = 00:06:55 ; elapsed = 00:01:21 . Memory (MB): peak = 9537.957 ; gain = 3099.066 ; free physical = 233703 ; free virtual = 246244
Post Processing Netlist | Checksum: fa3edf2b
INFO: [Opt 31-389] Phase Post Processing Netlist created 0 cells and removed 0 cells

Phase 9 Finalization

Phase 9.1 Finalizing Design Cores and Updating Shapes
Phase 9.1 Finalizing Design Cores and Updating Shapes | Checksum: 171584779

Time (s): cpu = 00:07:30 ; elapsed = 00:01:52 . Memory (MB): peak = 9537.957 ; gain = 3099.066 ; free physical = 233706 ; free virtual = 246247

Phase 9.2 Verifying Netlist Connectivity

Starting Connectivity Check Task

Time (s): cpu = 00:00:00.74 ; elapsed = 00:00:00.75 . Memory (MB): peak = 9537.957 ; gain = 0.000 ; free physical = 233706 ; free virtual = 246247
Phase 9.2 Verifying Netlist Connectivity | Checksum: 171584779

Time (s): cpu = 00:07:31 ; elapsed = 00:01:53 . Memory (MB): peak = 9537.957 ; gain = 3099.066 ; free physical = 233706 ; free virtual = 246247
Phase 9 Finalization | Checksum: 171584779

Time (s): cpu = 00:07:31 ; elapsed = 00:01:53 . Memory (MB): peak = 9537.957 ; gain = 3099.066 ; free physical = 233706 ; free virtual = 246247
Opt_design Change Summary
=========================


-------------------------------------------------------------------------------------------------------------------------
|  Phase                        |  #Cells created  |  #Cells Removed  |  #Constrained objects preventing optimizations  |
-------------------------------------------------------------------------------------------------------------------------
|  Retarget                     |             154  |             154  |                                              0  |
|  Constant propagation         |               0  |               0  |                                              0  |
|  Sweep                        |               0  |               0  |                                              0  |
|  BUFG optimization            |               0  |               0  |                                              0  |
|  Shift Register Optimization  |            2971  |               0  |                                              0  |
|  Post Processing Netlist      |               0  |               0  |                                              0  |
-------------------------------------------------------------------------------------------------------------------------


Ending Logic Optimization Task | Checksum: 171584779

Time (s): cpu = 00:07:31 ; elapsed = 00:01:53 . Memory (MB): peak = 9537.957 ; gain = 3099.066 ; free physical = 233706 ; free virtual = 246247
Netlist sorting complete. Time (s): cpu = 00:00:00.13 ; elapsed = 00:00:00.13 . Memory (MB): peak = 9537.957 ; gain = 0.000 ; free physical = 233706 ; free virtual = 246247
INFO: [Common 17-83] Releasing license: Implementation
23 Infos, 1 Warnings, 0 Critical Warnings and 0 Errors encountered.
opt_design completed successfully
opt_design: Time (s): cpu = 00:07:47 ; elapsed = 00:02:21 . Memory (MB): peak = 9537.957 ; gain = 3733.570 ; free physical = 233706 ; free virtual = 246247
# write_checkpoint \
#     -force \
#     [
#         file join \
#             $output_dir \
#             post_opt.dcp
#     ]
INFO: [Timing 38-35] Done setting XDC timing constraints.
INFO: [Timing 38-480] Writing timing data to binary archive.
Write ShapeDB Complete: Time (s): cpu = 00:00:04 ; elapsed = 00:00:00.98 . Memory (MB): peak = 9537.957 ; gain = 0.000 ; free physical = 233595 ; free virtual = 246223
INFO: [Common 17-1381] The checkpoint '/mnt_pool/c3_users/user/pleguina/graphsage_vivado_2024_1_sweep/build/vivado_sweep/screen_ssi_spread_high/post_opt.dcp' has been generated.
write_checkpoint: Time (s): cpu = 00:07:21 ; elapsed = 00:01:12 . Memory (MB): peak = 9537.957 ; gain = 0.000 ; free physical = 233374 ; free virtual = 246071
# puts "============================================================"
============================================================
# puts "STARTING_PLACEMENT=$place_directive"
STARTING_PLACEMENT=SSI_SpreadLogic_high
# puts "============================================================"
============================================================
# place_design \
#     -directive $place_directive \
#     -timing_summary
Command: place_design -directive SSI_SpreadLogic_high -timing_summary
Attempting to get a license for feature 'Implementation' and/or device 'xcvu13p'
INFO: [Common 17-349] Got license for feature 'Implementation' and/or device 'xcvu13p'
INFO: [Common 17-1540] The version limit for your license is '2026.02' and has expired for new software. A version limit expiration means that, although you may be able to continue to use the current version of tools or IP with this license, you will not be eligible for new releases.
INFO: [Common 17-83] Releasing license: Implementation
INFO: [DRC 23-27] Running DRC with 32 threads
WARNING: [DRC 23-814] Not all possible (connectivity based) DRCs may have been run because this design is seen as Out of Context.
INFO: [Vivado_Tcl 4-198] DRC finished with 0 Errors
INFO: [Vivado_Tcl 4-199] Please refer to the DRC report (report_drc) for more information.
INFO: [Vivado_Tcl 4-2302] The placer was invoked with the 'SSI_SpreadLogic_high' directive.
Running DRC as a precondition to command place_design
INFO: [DRC 23-27] Running DRC with 32 threads
WARNING: [DRC 23-814] Not all possible (connectivity based) DRCs may have been run because this design is seen as Out of Context.
INFO: [Vivado_Tcl 4-198] DRC finished with 0 Errors
INFO: [Vivado_Tcl 4-199] Please refer to the DRC report (report_drc) for more information.
INFO: [Place 30-611] Multithreading enabled for place_design using a maximum of 32 CPUs

Starting Placer Task

Phase 1 Placer Initialization

Phase 1.1 Placer Initialization Netlist Sorting
Netlist sorting complete. Time (s): cpu = 00:00:00.13 ; elapsed = 00:00:00.14 . Memory (MB): peak = 9698.605 ; gain = 0.000 ; free physical = 233212 ; free virtual = 245910
Phase 1.1 Placer Initialization Netlist Sorting | Checksum: edab7f05

Time (s): cpu = 00:00:00.23 ; elapsed = 00:00:00.24 . Memory (MB): peak = 9698.605 ; gain = 0.000 ; free physical = 233212 ; free virtual = 245910
Netlist sorting complete. Time (s): cpu = 00:00:00.13 ; elapsed = 00:00:00.12 . Memory (MB): peak = 9698.605 ; gain = 0.000 ; free physical = 233212 ; free virtual = 245910

Phase 1.2 IO Placement/ Clock Placement/ Build Placer Device
Phase 1.2 IO Placement/ Clock Placement/ Build Placer Device | Checksum: 7041334a

Time (s): cpu = 00:00:50 ; elapsed = 00:00:37 . Memory (MB): peak = 9891.980 ; gain = 193.375 ; free physical = 232847 ; free virtual = 245545

Phase 1.3 Build Placer Netlist Model
Phase 1.3 Build Placer Netlist Model | Checksum: e5d53cc0

Time (s): cpu = 00:11:58 ; elapsed = 00:03:36 . Memory (MB): peak = 15422.875 ; gain = 5724.270 ; free physical = 227290 ; free virtual = 239988

Phase 1.4 Constrain Clocks/Macros
Phase 1.4 Constrain Clocks/Macros | Checksum: e5d53cc0

Time (s): cpu = 00:11:58 ; elapsed = 00:03:36 . Memory (MB): peak = 15422.875 ; gain = 5724.270 ; free physical = 227290 ; free virtual = 239988
Phase 1 Placer Initialization | Checksum: e5d53cc0

Time (s): cpu = 00:12:00 ; elapsed = 00:03:38 . Memory (MB): peak = 15422.875 ; gain = 5724.270 ; free physical = 227291 ; free virtual = 239989

Phase 2 Global Placement

Phase 2.1 Floorplanning

Phase 2.1.1 Partition Driven Placement

Phase 2.1.1.1 PBP: Partition Driven Placement
Phase 2.1.1.1 PBP: Partition Driven Placement | Checksum: 8a6a6f41

Time (s): cpu = 00:17:22 ; elapsed = 00:05:36 . Memory (MB): peak = 15695.008 ; gain = 5996.402 ; free physical = 227298 ; free virtual = 239995

Phase 2.1.1.2 PBP: Clock Region Placement
Phase 2.1.1.2 PBP: Clock Region Placement | Checksum: 8a6a6f41

Time (s): cpu = 00:17:41 ; elapsed = 00:05:54 . Memory (MB): peak = 15695.008 ; gain = 5996.402 ; free physical = 227297 ; free virtual = 239994

Phase 2.1.1.3 PBP: Compute Congestion
Phase 2.1.1.3 PBP: Compute Congestion | Checksum: 8a6a6f41

Time (s): cpu = 00:19:03 ; elapsed = 00:06:11 . Memory (MB): peak = 15695.008 ; gain = 5996.402 ; free physical = 227288 ; free virtual = 239986

Phase 2.1.1.4 PBP: UpdateTiming
Phase 2.1.1.4 PBP: UpdateTiming | Checksum: 7a80f919

Time (s): cpu = 00:20:20 ; elapsed = 00:06:33 . Memory (MB): peak = 15887.102 ; gain = 6188.496 ; free physical = 227292 ; free virtual = 239990

Phase 2.1.1.5 PBP: Add part constraints
Phase 2.1.1.5 PBP: Add part constraints | Checksum: 7a80f919

Time (s): cpu = 00:20:21 ; elapsed = 00:06:35 . Memory (MB): peak = 15887.102 ; gain = 6188.496 ; free physical = 227292 ; free virtual = 239990
Phase 2.1.1 Partition Driven Placement | Checksum: 7a80f919

Time (s): cpu = 00:20:22 ; elapsed = 00:06:35 . Memory (MB): peak = 15887.102 ; gain = 6188.496 ; free physical = 227292 ; free virtual = 239990
Phase 2.1 Floorplanning | Checksum: 7a80f919

Time (s): cpu = 00:20:22 ; elapsed = 00:06:35 . Memory (MB): peak = 15887.102 ; gain = 6188.496 ; free physical = 227292 ; free virtual = 239990

Phase 2.2 Physical Synthesis After Floorplan
INFO: [Physopt 32-46] Identified 39 candidate nets for critical-cell optimization.
INFO: [Physopt 32-81] Processed net agg2_21_reg_224345[7]. Replicated 1 times.
INFO: [Physopt 32-81] Processed net agg2_117_reg_224825[7]. Replicated 1 times.
INFO: [Physopt 32-81] Processed net agg2_93_reg_224705[7]. Replicated 1 times.
INFO: [Physopt 32-81] Processed net agg2_40_reg_224440[7]. Replicated 1 times.
INFO: [Physopt 32-81] Processed net agg2_45_reg_224465[7]. Replicated 1 times.
INFO: [Physopt 32-81] Processed net agg2_88_reg_224680[7]. Replicated 1 times.
INFO: [Physopt 32-81] Processed net weights2_5_21_read_reg_153365_pp0_iter26_reg[7]. Replicated 1 times.
INFO: [Physopt 32-81] Processed net agg2_112_reg_224800[7]. Replicated 1 times.
INFO: [Physopt 32-81] Processed net agg2_136_reg_224920[7]. Replicated 1 times.
INFO: [Physopt 32-81] Processed net agg2_16_reg_224320[7]. Replicated 1 times.
INFO: [Physopt 32-81] Processed net agg2_184_reg_225160[7]. Replicated 1 times.
INFO: [Physopt 32-81] Processed net weights2_0_13_read_reg_152725_pp0_iter25_reg[7]. Replicated 1 times.
INFO: [Physopt 32-775] End 1 Pass. Optimized 12 nets or cells. Created 12 new cells, deleted 0 existing cell and moved 0 existing cell
Netlist sorting complete. Time (s): cpu = 00:00:03 ; elapsed = 00:00:03 . Memory (MB): peak = 15887.102 ; gain = 0.000 ; free physical = 227295 ; free virtual = 239993
Netlist sorting complete. Time (s): cpu = 00:00:00.12 ; elapsed = 00:00:00.13 . Memory (MB): peak = 15887.102 ; gain = 0.000 ; free physical = 227295 ; free virtual = 239993

Summary of Physical Synthesis Optimizations
============================================


-----------------------------------------------------------------------------------------------------------------------------------------------
|  Optimization                         |  Added Cells  |  Removed Cells  |  Optimized Cells/Nets  |  Dont Touch  |  Iterations  |  Elapsed   |
-----------------------------------------------------------------------------------------------------------------------------------------------
|  PSIP Post Floorplan SLR Replication  |           12  |              0  |                    12  |           0  |           1  |  00:00:21  |
|  Total                                |           12  |              0  |                    12  |           0  |           1  |  00:00:21  |
-----------------------------------------------------------------------------------------------------------------------------------------------


Phase 2.2 Physical Synthesis After Floorplan | Checksum: ee57095c

Time (s): cpu = 00:23:07 ; elapsed = 00:07:04 . Memory (MB): peak = 15887.102 ; gain = 6188.496 ; free physical = 227295 ; free virtual = 239993

Phase 2.3 Update Timing before SLR Path Opt
Phase 2.3 Update Timing before SLR Path Opt | Checksum: 171670e31

Time (s): cpu = 00:23:09 ; elapsed = 00:07:06 . Memory (MB): peak = 15887.102 ; gain = 6188.496 ; free physical = 227295 ; free virtual = 239993

Phase 2.4 Post-Processing in Floorplanning
Phase 2.4 Post-Processing in Floorplanning | Checksum: 125188dbc

Time (s): cpu = 00:23:11 ; elapsed = 00:07:07 . Memory (MB): peak = 15887.102 ; gain = 6188.496 ; free physical = 227295 ; free virtual = 239993

Phase 2.5 Global Place Phase1
Phase 2.5 Global Place Phase1 | Checksum: 1da4b28f5

Time (s): cpu = 00:43:15 ; elapsed = 00:13:33 . Memory (MB): peak = 16055.184 ; gain = 6356.578 ; free physical = 227291 ; free virtual = 239998

Phase 2.6 Global Place Phase2

Phase 2.6.1 UpdateTiming Before Physical Synthesis
Phase 2.6.1 UpdateTiming Before Physical Synthesis | Checksum: 1f643a45c

Time (s): cpu = 00:46:26 ; elapsed = 00:13:50 . Memory (MB): peak = 16055.184 ; gain = 6356.578 ; free physical = 227287 ; free virtual = 239994

Phase 2.6.2 Physical Synthesis In Placer
INFO: [Physopt 32-1035] Found 0 LUTNM shape to break, 10965 LUT instances to create LUTNM shape
INFO: [Physopt 32-1044] Break lutnm for timing: one critical 0, two critical 0, total 0, new lutff created 0
INFO: [Physopt 32-1138] End 1 Pass. Optimized 4438 nets or LUTs. Breaked 0 LUT, combined 4438 existing LUTs and moved 0 existing LUT
INFO: [Physopt 32-1030] Pass 1. Identified 399 candidate driver sets for equivalent driver rewiring.
INFO: [Physopt 32-661] Optimized 183 nets.  Re-placed 589 instances.
INFO: [Physopt 32-775] End 1 Pass. Optimized 183 nets or cells. Created 0 new cell, deleted 0 existing cell and moved 589 existing cells
Netlist sorting complete. Time (s): cpu = 00:00:01 ; elapsed = 00:00:01 . Memory (MB): peak = 16055.184 ; gain = 0.000 ; free physical = 227287 ; free virtual = 239993
INFO: [Physopt 32-1408] Pass 1. Identified 8 candidate nets for high-fanout optimization.
INFO: [Physopt 32-81] Processed net ap_enable_reg_pp0_iter11. Replicated 15 times.
INFO: [Physopt 32-81] Processed net ap_enable_reg_pp0_iter13. Replicated 63 times.
INFO: [Physopt 32-81] Processed net ap_enable_reg_pp0_iter12. Replicated 18 times.
INFO: [Physopt 32-81] Processed net ap_enable_reg_pp0_iter32. Replicated 18 times.
INFO: [Physopt 32-81] Processed net ap_enable_reg_pp0_iter14. Replicated 78 times.
INFO: [Physopt 32-81] Processed net ap_enable_reg_pp0_iter33. Replicated 24 times.
INFO: [Physopt 32-81] Processed net ap_enable_reg_pp0_iter35. Replicated 28 times.
INFO: [Physopt 32-81] Processed net ap_enable_reg_pp0_iter34. Replicated 19 times.
INFO: [Physopt 32-232] Optimized 8 nets. Created 263 new instances.
INFO: [Physopt 32-775] End 1 Pass. Optimized 8 nets or cells. Created 263 new cells, deleted 0 existing cell and moved 0 existing cell
Netlist sorting complete. Time (s): cpu = 00:00:03 ; elapsed = 00:00:03 . Memory (MB): peak = 16055.184 ; gain = 0.000 ; free physical = 227289 ; free virtual = 239996
INFO: [Physopt 32-76] Pass 1. Identified 6 candidate nets for fanout optimization.
INFO: [Physopt 32-81] Processed net ap_enable_reg_pp0_iter13. Replicated 18 times.
INFO: [Physopt 32-81] Processed net ap_enable_reg_pp0_iter12. Replicated 10 times.
INFO: [Physopt 32-81] Processed net ap_enable_reg_pp0_iter33_repN. Replicated 10 times.
INFO: [Physopt 32-81] Processed net adj_matrix_5_0_read_reg_149834_pp0_iter18_reg_reg[15]_srl18_n_0. Replicated 9 times.
INFO: [Physopt 32-232] Optimized 4 nets. Created 47 new instances.
INFO: [Physopt 32-775] End 1 Pass. Optimized 4 nets or cells. Created 47 new cells, deleted 0 existing cell and moved 0 existing cell
Netlist sorting complete. Time (s): cpu = 00:00:04 ; elapsed = 00:00:04 . Memory (MB): peak = 16055.184 ; gain = 0.000 ; free physical = 227289 ; free virtual = 239996
INFO: [Physopt 32-46] Identified 197 candidate nets for critical-cell optimization.
INFO: [Physopt 32-81] Processed net hidden_330_reg_205474[0]. Replicated 2 times.
INFO: [Physopt 32-81] Processed net hidden_330_reg_205474[6]. Replicated 2 times.
INFO: [Physopt 32-81] Processed net hidden_330_reg_205474[5]. Replicated 2 times.
INFO: [Physopt 32-81] Processed net hidden_330_reg_205474[2]. Replicated 2 times.
INFO: [Physopt 32-81] Processed net hidden_330_reg_205474[1]. Replicated 2 times.
INFO: [Physopt 32-81] Processed net hidden_330_reg_205474[3]. Replicated 2 times.
INFO: [Physopt 32-81] Processed net hidden_330_reg_205474[4]. Replicated 1 times.
INFO: [Physopt 32-81] Processed net hidden_320_reg_205424[0]. Replicated 3 times.
INFO: [Physopt 32-81] Processed net hidden_320_reg_205424[4]. Replicated 3 times.
INFO: [Physopt 32-81] Processed net hidden_328_reg_205464[6]. Replicated 2 times.
INFO: [Physopt 32-81] Processed net hidden_320_reg_205424[6]. Replicated 3 times.
INFO: [Physopt 32-81] Processed net hidden_320_reg_205424[1]. Replicated 3 times.
INFO: [Physopt 32-81] Processed net hidden_320_reg_205424[2]. Replicated 3 times.
INFO: [Physopt 32-81] Processed net hidden_352_reg_205584[0]. Replicated 1 times.
INFO: [Physopt 32-81] Processed net hidden_296_reg_205304[4]. Replicated 3 times.
INFO: [Physopt 32-81] Processed net hidden_296_reg_205304[5]. Replicated 3 times.
INFO: [Physopt 32-81] Processed net hidden_328_reg_205464[5]. Replicated 2 times.
INFO: [Physopt 32-81] Processed net hidden_247_reg_205059[0]. Replicated 1 times.
INFO: [Physopt 32-81] Processed net hidden_352_reg_205584[5]. Replicated 1 times.
INFO: [Physopt 32-81] Processed net hidden_320_reg_205424[3]. Replicated 3 times.
INFO: [Physopt 32-81] Processed net hidden_296_reg_205304[3]. Replicated 3 times.
INFO: [Physopt 32-81] Processed net hidden_272_reg_205184[4]. Replicated 3 times.
INFO: [Physopt 32-81] Processed net hidden_272_reg_205184[3]. Replicated 2 times.
INFO: [Physopt 32-81] Processed net hidden_320_reg_205424[5]. Replicated 3 times.
INFO: [Physopt 32-81] Processed net hidden_272_reg_205184[0]. Replicated 2 times.
INFO: [Physopt 32-81] Processed net hidden_272_reg_205184[6]. Replicated 2 times.
INFO: [Physopt 32-81] Processed net hidden_272_reg_205184[5]. Replicated 2 times.
INFO: [Physopt 32-81] Processed net hidden_328_reg_205464[4]. Replicated 2 times.
INFO: [Physopt 32-81] Processed net hidden_328_reg_205464[3]. Replicated 2 times.
INFO: [Physopt 32-81] Processed net hidden_296_reg_205304[1]. Replicated 1 times.
INFO: [Physopt 32-81] Processed net hidden_328_reg_205464[0]. Replicated 2 times.
INFO: [Physopt 32-81] Processed net hidden_272_reg_205184[2]. Replicated 2 times.
INFO: [Physopt 32-81] Processed net hidden_199_reg_204819[2]. Replicated 3 times.
INFO: [Physopt 32-81] Processed net hidden_295_reg_205299[0]. Replicated 6 times.
INFO: [Physopt 32-81] Processed net hidden_272_reg_205184[1]. Replicated 1 times.
INFO: [Physopt 32-81] Processed net hidden_328_reg_205464[2]. Replicated 2 times.
INFO: [Physopt 32-81] Processed net hidden_224_reg_204944[1]. Replicated 1 times.
INFO: [Physopt 32-81] Processed net hidden_352_reg_205584[1]. Replicated 1 times.
INFO: [Physopt 32-81] Processed net hidden_199_reg_204819[1]. Replicated 3 times.
INFO: [Physopt 32-81] Processed net hidden_352_reg_205584[6]. Replicated 1 times.
INFO: [Physopt 32-81] Processed net hidden_199_reg_204819[6]. Replicated 3 times.
INFO: [Physopt 32-81] Processed net hidden_328_reg_205464[1]. Replicated 2 times.
INFO: [Physopt 32-81] Processed net hidden_199_reg_204819[4]. Replicated 3 times.
INFO: [Physopt 32-81] Processed net hidden_295_reg_205299[6]. Replicated 6 times.
INFO: [Physopt 32-81] Processed net hidden_224_reg_204944[0]. Replicated 1 times.
INFO: [Physopt 32-81] Processed net hidden_238_reg_205014[3]. Replicated 1 times.
INFO: [Physopt 32-81] Processed net hidden_199_reg_204819[0]. Replicated 3 times.
INFO: [Physopt 32-81] Processed net hidden_327_reg_205459[1]. Replicated 1 times.
INFO: [Physopt 32-81] Processed net hidden_373_reg_205689[0]. Replicated 2 times.
INFO: [Physopt 32-81] Processed net hidden_200_reg_204824[4]. Replicated 3 times.
INFO: [Physopt 32-81] Processed net hidden_295_reg_205299[5]. Replicated 6 times.
INFO: [Physopt 32-81] Processed net hidden_200_reg_204824[2]. Replicated 3 times.
INFO: [Physopt 32-81] Processed net hidden_238_reg_205014[0]. Replicated 1 times.
INFO: [Physopt 32-81] Processed net hidden_301_reg_205329[0]. Replicated 3 times.
INFO: [Physopt 32-81] Processed net hidden_373_reg_205689[6]. Replicated 2 times.
INFO: [Physopt 32-81] Processed net hidden_199_reg_204819[3]. Replicated 3 times.
INFO: [Physopt 32-81] Processed net hidden_376_reg_205704[4]. Replicated 1 times.
INFO: [Physopt 32-81] Processed net hidden_200_reg_204824[3]. Replicated 3 times.
INFO: [Physopt 32-81] Processed net hidden_199_reg_204819[5]. Replicated 3 times.
INFO: [Physopt 32-81] Processed net hidden_200_reg_204824[0]. Replicated 3 times.
INFO: [Physopt 32-81] Processed net hidden_298_reg_205314[0]. Replicated 1 times.
INFO: [Physopt 32-81] Processed net hidden_375_reg_205699[0]. Replicated 2 times.
INFO: [Physopt 32-81] Processed net hidden_224_reg_204944[2]. Replicated 1 times.
INFO: [Physopt 32-81] Processed net hidden_248_reg_205064[0]. Replicated 2 times.
INFO: [Physopt 32-81] Processed net hidden_373_reg_205689[5]. Replicated 2 times.
INFO: [Physopt 32-81] Processed net hidden_327_reg_205459[2]. Replicated 1 times.
INFO: [Physopt 32-81] Processed net hidden_301_reg_205329[4]. Replicated 3 times.
INFO: [Physopt 32-81] Processed net hidden_376_reg_205704[3]. Replicated 1 times.
INFO: [Physopt 32-81] Processed net hidden_301_reg_205329[1]. Replicated 3 times.
INFO: [Physopt 32-81] Processed net hidden_253_reg_205089[0]. Replicated 3 times.
INFO: [Physopt 32-81] Processed net hidden_200_reg_204824[1]. Replicated 3 times.
INFO: [Physopt 32-81] Processed net hidden_344_reg_205544[4]. Replicated 2 times.
INFO: [Physopt 32-81] Processed net hidden_367_reg_205659[4]. Replicated 5 times.
INFO: [Physopt 32-81] Processed net hidden_248_reg_205064[6]. Replicated 2 times.
INFO: [Physopt 32-232] Optimized 74 nets. Created 172 new instances.
INFO: [Physopt 32-775] End 1 Pass. Optimized 74 nets or cells. Created 172 new cells, deleted 0 existing cell and moved 0 existing cell
Netlist sorting complete. Time (s): cpu = 00:00:03 ; elapsed = 00:00:03 . Memory (MB): peak = 16055.184 ; gain = 0.000 ; free physical = 227299 ; free virtual = 240006
INFO: [Physopt 32-457] Pass 1. Identified 50 candidate cells for DSP register optimization.
INFO: [Physopt 32-665] Processed cell mul_16s_7ns_23_4_1_U3394/buff1_reg. 7 registers were pushed out.
INFO: [Physopt 32-665] Processed cell mul_16s_7ns_23_4_1_U3250/buff1_reg. 7 registers were pushed out.
INFO: [Physopt 32-665] Processed cell mul_16s_7ns_23_4_1_U3320/buff1_reg. 7 registers were pushed out.
INFO: [Physopt 32-665] Processed cell mul_16s_7ns_23_4_1_U2429/buff1_reg. 7 registers were pushed out.
INFO: [Physopt 32-665] Processed cell mul_16s_7ns_23_4_1_U3299/buff1_reg. 7 registers were pushed out.
INFO: [Physopt 32-665] Processed cell mul_16s_7ns_23_4_1_U3319/buff1_reg. 7 registers were pushed out.
INFO: [Physopt 32-665] Processed cell mul_16s_7ns_23_4_1_U3318/buff1_reg. 7 registers were pushed out.
INFO: [Physopt 32-665] Processed cell mul_16s_7ns_23_4_1_U3322/buff1_reg. 7 registers were pushed out.
INFO: [Physopt 32-665] Processed cell mul_16s_7ns_23_4_1_U2209/buff1_reg. 7 registers were pushed out.
INFO: [Physopt 32-665] Processed cell mul_16s_7ns_23_4_1_U2662/buff1_reg. 7 registers were pushed out.
INFO: [Physopt 32-665] Processed cell mul_16s_7ns_23_4_1_U3171/buff1_reg. 7 registers were pushed out.
INFO: [Physopt 32-665] Processed cell mul_16s_7ns_23_4_1_U2430/buff1_reg. 7 registers were pushed out.
INFO: [Physopt 32-665] Processed cell mul_16s_7ns_23_4_1_U3026/buff1_reg. 7 registers were pushed out.
INFO: [Physopt 32-665] Processed cell mul_16s_7ns_23_4_1_U2735/buff1_reg. 7 registers were pushed out.
INFO: [Physopt 32-665] Processed cell mul_16s_7ns_23_4_1_U2405/buff1_reg. 7 registers were pushed out.
INFO: [Physopt 32-665] Processed cell mul_16s_7ns_23_4_1_U3303/buff1_reg. 7 registers were pushed out.
INFO: [Physopt 32-665] Processed cell mul_16s_7ns_23_4_1_U3044/buff1_reg. 7 registers were pushed out.
INFO: [Physopt 32-665] Processed cell mul_16s_7ns_23_4_1_U3613/buff1_reg. 7 registers were pushed out.
INFO: [Physopt 32-665] Processed cell mul_16s_7ns_23_4_1_U2379/buff1_reg. 7 registers were pushed out.
INFO: [Physopt 32-665] Processed cell mul_16s_7ns_23_4_1_U3056/buff1_reg. 7 registers were pushed out.
INFO: [Physopt 32-665] Processed cell mul_8s_8s_16_4_1_U3805/buff1_reg. 8 registers were pushed out.
INFO: [Physopt 32-665] Processed cell mul_16s_7ns_23_4_1_U3317/buff1_reg. 7 registers were pushed out.
INFO: [Physopt 32-665] Processed cell mul_16s_7ns_23_4_1_U2453/buff1_reg. 7 registers were pushed out.
INFO: [Physopt 32-665] Processed cell mul_16s_7ns_23_4_1_U3300/buff1_reg. 7 registers were pushed out.
INFO: [Physopt 32-665] Processed cell mul_8s_8s_16_4_1_U3802/buff1_reg. 8 registers were pushed out.
INFO: [Physopt 32-665] Processed cell mul_8s_8s_16_4_1_U4030/buff1_reg. 8 registers were pushed out.
INFO: [Physopt 32-665] Processed cell mul_8s_8s_16_4_1_U4036/buff1_reg. 8 registers were pushed out.
INFO: [Physopt 32-665] Processed cell mul_16s_7ns_23_4_1_U2739/buff1_reg. 7 registers were pushed out.
INFO: [Physopt 32-665] Processed cell mul_16s_7ns_23_4_1_U3045/buff1_reg. 7 registers were pushed out.
INFO: [Physopt 32-665] Processed cell mul_16s_7ns_23_4_1_U2723/buff1_reg. 7 registers were pushed out.
INFO: [Physopt 32-665] Processed cell mul_16s_7ns_23_4_1_U2526/buff1_reg. 7 registers were pushed out.
INFO: [Physopt 32-665] Processed cell mul_16s_7ns_23_4_1_U3042/buff1_reg. 7 registers were pushed out.
INFO: [Physopt 32-665] Processed cell mul_16s_7ns_23_4_1_U2613/buff1_reg. 7 registers were pushed out.
INFO: [Physopt 32-665] Processed cell mul_16s_7ns_23_4_1_U3664/buff1_reg. 7 registers were pushed out.
INFO: [Physopt 32-665] Processed cell mul_8s_5s_13_4_1_U1031/buff1_reg. 5 registers were pushed out.
INFO: [Physopt 32-665] Processed cell mul_16s_7ns_23_4_1_U3053/buff1_reg. 7 registers were pushed out.
INFO: [Physopt 32-665] Processed cell mul_8s_5s_13_4_1_U1102/buff1_reg. 5 registers were pushed out.
INFO: [Physopt 32-665] Processed cell mul_16s_7ns_23_4_1_U2342/buff1_reg. 7 registers were pushed out.
INFO: [Physopt 32-665] Processed cell mul_16s_7ns_23_4_1_U2580/buff1_reg. 7 registers were pushed out.
INFO: [Physopt 32-665] Processed cell mul_16s_7ns_23_4_1_U3659/buff1_reg. 7 registers were pushed out.
INFO: [Physopt 32-665] Processed cell mul_8s_8s_16_4_1_U3808/buff1_reg. 8 registers were pushed out.
INFO: [Physopt 32-665] Processed cell mul_16s_7ns_23_4_1_U3702/buff1_reg. 7 registers were pushed out.
INFO: [Physopt 32-665] Processed cell mul_16s_7ns_23_4_1_U2605/buff1_reg. 7 registers were pushed out.
INFO: [Physopt 32-665] Processed cell mul_16s_7ns_23_4_1_U3057/buff1_reg. 7 registers were pushed out.
INFO: [Physopt 32-665] Processed cell mul_16s_7ns_23_4_1_U2396/buff1_reg. 7 registers were pushed out.
INFO: [Physopt 32-665] Processed cell mul_16s_7ns_23_4_1_U2341/buff1_reg. 7 registers were pushed out.
INFO: [Physopt 32-665] Processed cell mul_16s_7ns_23_4_1_U3316/buff1_reg. 7 registers were pushed out.
INFO: [Physopt 32-665] Processed cell mul_8s_8s_16_4_1_U3799/buff1_reg. 8 registers were pushed out.
INFO: [Physopt 32-665] Processed cell mul_16s_7ns_23_4_1_U3570/buff1_reg. 7 registers were pushed out.
INFO: [Physopt 32-665] Processed cell mul_16s_7ns_23_4_1_U2354/buff1_reg. 7 registers were pushed out.
INFO: [Physopt 32-457] Pass 2. Identified 50 candidate cells for DSP register optimization.
INFO: [Physopt 32-665] Processed cell mul_16s_7ns_23_4_1_U3321/buff1_reg. 7 registers were pushed out.
INFO: [Physopt 32-665] Processed cell mul_8s_5s_13_4_1_U1105/buff1_reg. 5 registers were pushed out.
INFO: [Physopt 32-665] Processed cell mul_8s_5s_13_4_1_U1171/buff1_reg. 5 registers were pushed out.
INFO: [Physopt 32-665] Processed cell mul_16s_7ns_23_4_1_U2724/buff1_reg. 7 registers were pushed out.
INFO: [Physopt 32-665] Processed cell mul_16s_7ns_23_4_1_U3382/buff1_reg. 7 registers were pushed out.
INFO: [Physopt 32-665] Processed cell mul_16s_7ns_23_4_1_U3662/buff1_reg. 7 registers were pushed out.
INFO: [Physopt 32-665] Processed cell mul_8s_5s_13_4_1_U1215/buff1_reg. 5 registers were pushed out.
INFO: [Physopt 32-665] Processed cell mul_16s_7ns_23_4_1_U2189/buff1_reg. 7 registers were pushed out.
INFO: [Physopt 32-665] Processed cell mul_16s_7ns_23_4_1_U2353/buff1_reg. 7 registers were pushed out.
INFO: [Physopt 32-665] Processed cell mul_16s_7ns_23_4_1_U3314/buff1_reg. 7 registers were pushed out.
INFO: [Physopt 32-665] Processed cell mul_16s_7ns_23_4_1_U3701/buff1_reg. 7 registers were pushed out.
INFO: [Physopt 32-665] Processed cell mul_16s_7ns_23_4_1_U2190/buff1_reg. 7 registers were pushed out.
INFO: [Physopt 32-665] Processed cell mul_16s_7ns_23_4_1_U3023/buff1_reg. 7 registers were pushed out.
INFO: [Physopt 32-665] Processed cell mul_8s_8s_16_4_1_U3979/buff1_reg. 8 registers were pushed out.
INFO: [Physopt 32-665] Processed cell mul_16s_7ns_23_4_1_U3167/buff1_reg. 7 registers were pushed out.
INFO: [Physopt 32-665] Processed cell mul_16s_7ns_23_4_1_U2448/buff1_reg. 7 registers were pushed out.
INFO: [Physopt 32-665] Processed cell mul_16s_7ns_23_4_1_U2582/buff1_reg. 7 registers were pushed out.
INFO: [Physopt 32-665] Processed cell mul_16s_7ns_23_4_1_U2528/buff1_reg. 7 registers were pushed out.
INFO: [Physopt 32-665] Processed cell mul_16s_7ns_23_4_1_U3573/buff1_reg. 7 registers were pushed out.
INFO: [Physopt 32-665] Processed cell mul_8s_8s_16_4_1_U3817/buff1_reg. 8 registers were pushed out.
INFO: [Physopt 32-665] Processed cell mul_16s_7ns_23_4_1_U2337/buff1_reg. 7 registers were pushed out.
INFO: [Physopt 32-665] Processed cell mul_16s_7ns_23_4_1_U3329/buff1_reg. 7 registers were pushed out.
INFO: [Physopt 32-665] Processed cell mul_8s_8s_16_4_1_U3943/buff1_reg. 8 registers were pushed out.
INFO: [Physopt 32-665] Processed cell mul_16s_7ns_23_4_1_U2609/buff1_reg. 7 registers were pushed out.
INFO: [Physopt 32-665] Processed cell mul_16s_7ns_23_4_1_U3315/buff1_reg. 7 registers were pushed out.
INFO: [Physopt 32-665] Processed cell mul_16s_7ns_23_4_1_U2423/buff1_reg. 7 registers were pushed out.
INFO: [Physopt 32-665] Processed cell mul_16s_7ns_23_4_1_U3219/buff1_reg. 7 registers were pushed out.
INFO: [Physopt 32-665] Processed cell mul_16s_7ns_23_4_1_U2261/buff1_reg. 7 registers were pushed out.
INFO: [Physopt 32-665] Processed cell mul_16s_7ns_23_4_1_U3172/buff1_reg. 7 registers were pushed out.
INFO: [Physopt 32-665] Processed cell mul_16s_7ns_23_4_1_U2525/buff1_reg. 7 registers were pushed out.
INFO: [Physopt 32-665] Processed cell mul_8s_5s_13_4_1_U1098/buff1_reg. 5 registers were pushed out.
INFO: [Physopt 32-665] Processed cell mul_16s_7ns_23_4_1_U2523/buff1_reg. 7 registers were pushed out.
INFO: [Physopt 32-665] Processed cell mul_16s_7ns_23_4_1_U3217/buff1_reg. 7 registers were pushed out.
INFO: [Physopt 32-665] Processed cell mul_16s_7ns_23_4_1_U3363/buff1_reg. 7 registers were pushed out.
INFO: [Physopt 32-665] Processed cell mul_16s_7ns_23_4_1_U3574/buff1_reg. 7 registers were pushed out.
INFO: [Physopt 32-665] Processed cell mul_16s_7ns_23_4_1_U3661/buff1_reg. 7 registers were pushed out.
INFO: [Physopt 32-665] Processed cell mul_16s_7ns_23_4_1_U2612/buff1_reg. 7 registers were pushed out.
INFO: [Physopt 32-665] Processed cell mul_16s_7ns_23_4_1_U3304/buff1_reg. 7 registers were pushed out.
INFO: [Physopt 32-665] Processed cell mul_16s_7ns_23_4_1_U3325/buff1_reg. 7 registers were pushed out.
INFO: [Physopt 32-665] Processed cell mul_16s_7ns_23_4_1_U3043/buff1_reg. 7 registers were pushed out.
INFO: [Physopt 32-665] Processed cell mul_16s_7ns_23_4_1_U3601/buff1_reg. 7 registers were pushed out.
INFO: [Physopt 32-665] Processed cell mul_16s_7ns_23_4_1_U2749/buff1_reg. 7 registers were pushed out.
INFO: [Physopt 32-665] Processed cell mul_16s_7ns_23_4_1_U2544/buff1_reg. 7 registers were pushed out.
INFO: [Physopt 32-665] Processed cell mul_8s_8s_16_4_1_U4000/buff1_reg. 8 registers were pushed out.
INFO: [Physopt 32-665] Processed cell mul_16s_7ns_23_4_1_U2546/buff1_reg. 7 registers were pushed out.
INFO: [Physopt 32-665] Processed cell mul_16s_7ns_23_4_1_U3324/buff1_reg. 7 registers were pushed out.
INFO: [Physopt 32-665] Processed cell mul_16s_7ns_23_4_1_U3603/buff1_reg. 7 registers were pushed out.
INFO: [Physopt 32-665] Processed cell mul_16s_7ns_23_4_1_U3615/buff1_reg. 7 registers were pushed out.
INFO: [Physopt 32-665] Processed cell mul_8s_5s_13_4_1_U1174/buff1_reg. 5 registers were pushed out.
INFO: [Physopt 32-665] Processed cell mul_16s_7ns_23_4_1_U2210/buff1_reg. 7 registers were pushed out.
INFO: [Common 17-14] Message 'Physopt 32-665' appears 100 times and further instances of the messages will be disabled. Use the Tcl command set_msg_config to change the current settings.
INFO: [Physopt 32-775] End 2 Pass. Optimized 100 nets or cells. Created 696 new cells, deleted 0 existing cell and moved 0 existing cell
Netlist sorting complete. Time (s): cpu = 00:00:03 ; elapsed = 00:00:03 . Memory (MB): peak = 16055.184 ; gain = 0.000 ; free physical = 227300 ; free virtual = 240007
INFO: [Physopt 32-1123] No candidate cells found for Shift Register to Pipeline optimization
INFO: [Physopt 32-775] End 2 Pass. Optimized 0 net or cell. Created 0 new cell, deleted 0 existing cell and moved 0 existing cell
INFO: [Physopt 32-1402] Pass 1: Identified 144 candidate cells for Shift Register optimization.
INFO: [Physopt 32-775] End 1 Pass. Optimized 142 nets or cells. Created 142 new cells, deleted 0 existing cell and moved 0 existing cell
Netlist sorting complete. Time (s): cpu = 00:00:03 ; elapsed = 00:00:03 . Memory (MB): peak = 16055.184 ; gain = 0.000 ; free physical = 227296 ; free virtual = 240003
INFO: [Physopt 32-526] No candidate cells for BRAM register optimization found in the design
INFO: [Physopt 32-775] End 1 Pass. Optimized 0 net or cell. Created 0 new cell, deleted 0 existing cell and moved 0 existing cell
INFO: [Physopt 32-846] No candidate cells for URAM register optimization found in the design
INFO: [Physopt 32-775] End 1 Pass. Optimized 0 net or cell. Created 0 new cell, deleted 0 existing cell and moved 0 existing cell
INFO: [Physopt 32-846] No candidate cells for URAM register optimization found in the design
INFO: [Physopt 32-775] End 1 Pass. Optimized 0 net or cell. Created 0 new cell, deleted 0 existing cell and moved 0 existing cell
INFO: [Physopt 32-949] No candidate nets found for dynamic/static region interface net replication
INFO: [Physopt 32-775] End 1 Pass. Optimized 0 net or cell. Created 0 new cell, deleted 0 existing cell and moved 0 existing cell
Netlist sorting complete. Time (s): cpu = 00:00:00.13 ; elapsed = 00:00:00.13 . Memory (MB): peak = 16055.184 ; gain = 0.000 ; free physical = 227297 ; free virtual = 240003
INFO: [Physopt 32-76] Pass 1. Identified 1 candidate net for fanout optimization.
INFO: [Physopt 32-81] Processed net ap_enable_reg_pp0_iter11_repN. Replicated 10 times.
INFO: [Physopt 32-232] Optimized 1 net. Created 10 new instances.
INFO: [Physopt 32-775] End 1 Pass. Optimized 1 net or cell. Created 10 new cells, deleted 0 existing cell and moved 0 existing cell
Netlist sorting complete. Time (s): cpu = 00:00:03 ; elapsed = 00:00:03 . Memory (MB): peak = 16055.184 ; gain = 0.000 ; free physical = 227302 ; free virtual = 240009
INFO: [Physopt 32-46] Identified 2 candidate nets for critical-cell optimization.
INFO: [Physopt 32-81] Processed net ap_enable_reg_pp0_iter31. Replicated 1 times.
INFO: [Common 17-14] Message 'Physopt 32-81' appears 100 times and further instances of the messages will be disabled. Use the Tcl command set_msg_config to change the current settings.
INFO: [Physopt 32-232] Optimized 1 net. Created 1 new instance.
INFO: [Physopt 32-775] End 1 Pass. Optimized 1 net or cell. Created 1 new cell, deleted 0 existing cell and moved 0 existing cell
Netlist sorting complete. Time (s): cpu = 00:00:03 ; elapsed = 00:00:03 . Memory (MB): peak = 16055.184 ; gain = 0.000 ; free physical = 227303 ; free virtual = 240010
Netlist sorting complete. Time (s): cpu = 00:00:00.13 ; elapsed = 00:00:00.13 . Memory (MB): peak = 16055.184 ; gain = 0.000 ; free physical = 227303 ; free virtual = 240010

Summary of Physical Synthesis Optimizations
============================================


-----------------------------------------------------------------------------------------------------------------------------------------------------------
|  Optimization                                     |  Added Cells  |  Removed Cells  |  Optimized Cells/Nets  |  Dont Touch  |  Iterations  |  Elapsed   |
-----------------------------------------------------------------------------------------------------------------------------------------------------------
|  LUT Combining                                    |            0  |           4438  |                  4438  |           0  |           1  |  00:00:06  |
|  Retime                                           |            0  |              0  |                     0  |           0  |           1  |  00:00:00  |
|  Equivalent Driver Rewiring                       |            0  |              0  |                   183  |           0  |           1  |  00:00:09  |
|  Very High Fanout                                 |          263  |              0  |                     8  |           0  |           1  |  00:00:10  |
|  Fanout                                           |           47  |              0  |                     4  |           0  |           1  |  00:00:03  |
|  Critical Cell                                    |          172  |              0  |                    74  |           0  |           1  |  00:01:22  |
|  DSP Register                                     |          696  |              0  |                   100  |           0  |           1  |  00:00:10  |
|  Shift Register to Pipeline                       |            0  |              0  |                     0  |           0  |           1  |  00:00:00  |
|  Shift Register                                   |          142  |              0  |                   142  |           0  |           1  |  00:00:04  |
|  BRAM Register                                    |            0  |              0  |                     0  |           0  |           1  |  00:00:00  |
|  URAM Register                                    |            0  |              0  |                     0  |           0  |           1  |  00:00:01  |
|  Dynamic/Static Region Interface Net Replication  |            0  |              0  |                     0  |           0  |           1  |  00:00:00  |
|  Fanout                                           |           10  |              0  |                     1  |           0  |           1  |  00:00:01  |
|  Critical Cell                                    |            1  |              0  |                     1  |           0  |           1  |  00:00:00  |
|  Total                                            |         1331  |           4438  |                  4951  |           0  |          14  |  00:02:08  |
-----------------------------------------------------------------------------------------------------------------------------------------------------------


Phase 2.6.2 Physical Synthesis In Placer | Checksum: 10d63f90d

Time (s): cpu = 00:51:04 ; elapsed = 00:17:08 . Memory (MB): peak = 16055.184 ; gain = 6356.578 ; free physical = 227301 ; free virtual = 240008
Phase 2.6 Global Place Phase2 | Checksum: 1a68f63e1

Time (s): cpu = 00:54:54 ; elapsed = 00:18:16 . Memory (MB): peak = 16055.184 ; gain = 6356.578 ; free physical = 227293 ; free virtual = 240000
Phase 2 Global Placement | Checksum: 1a68f63e1

Time (s): cpu = 00:54:57 ; elapsed = 00:18:17 . Memory (MB): peak = 16055.184 ; gain = 6356.578 ; free physical = 227292 ; free virtual = 239999

Phase 3 Detail Placement

Phase 3.1 Commit Multi Column Macros
Phase 3.1 Commit Multi Column Macros | Checksum: 1c8f13920

Time (s): cpu = 00:57:32 ; elapsed = 00:18:54 . Memory (MB): peak = 16087.199 ; gain = 6388.594 ; free physical = 227296 ; free virtual = 240002

Phase 3.2 Commit Most Macros & LUTRAMs
Phase 3.2 Commit Most Macros & LUTRAMs | Checksum: 19adc2ce8

Time (s): cpu = 01:00:20 ; elapsed = 00:19:48 . Memory (MB): peak = 16087.199 ; gain = 6388.594 ; free physical = 227298 ; free virtual = 240004

Phase 3.3 Small Shape DP

Phase 3.3.1 Small Shape Clustering
Phase 3.3.1 Small Shape Clustering | Checksum: 1264c3ee2

Time (s): cpu = 01:08:53 ; elapsed = 00:21:37 . Memory (MB): peak = 16087.199 ; gain = 6388.594 ; free physical = 227751 ; free virtual = 240458

Phase 3.3.2 Slice Area Swap

Phase 3.3.2.1 Slice Area Swap Initial
Phase 3.3.2.1 Slice Area Swap Initial | Checksum: 1ad9bde03

Time (s): cpu = 01:09:20 ; elapsed = 00:21:56 . Memory (MB): peak = 16087.199 ; gain = 6388.594 ; free physical = 227650 ; free virtual = 240357
Phase 3.3.2 Slice Area Swap | Checksum: 15f835de8

Time (s): cpu = 01:09:36 ; elapsed = 00:22:07 . Memory (MB): peak = 16087.199 ; gain = 6388.594 ; free physical = 227649 ; free virtual = 240356
Phase 3.3 Small Shape DP | Checksum: 1aedf4793

Time (s): cpu = 01:10:30 ; elapsed = 00:22:23 . Memory (MB): peak = 16087.199 ; gain = 6388.594 ; free physical = 227647 ; free virtual = 240354

Phase 3.4 Re-assign LUT pins
Phase 3.4 Re-assign LUT pins | Checksum: 19f8a3475

Time (s): cpu = 01:10:55 ; elapsed = 00:22:43 . Memory (MB): peak = 16087.199 ; gain = 6388.594 ; free physical = 227647 ; free virtual = 240354

Phase 3.5 Pipeline Register Optimization
Phase 3.5 Pipeline Register Optimization | Checksum: 186b6efe3

Time (s): cpu = 01:11:02 ; elapsed = 00:22:45 . Memory (MB): peak = 16087.199 ; gain = 6388.594 ; free physical = 227648 ; free virtual = 240355

Phase 3.6 Fast Optimization
Phase 3.6 Fast Optimization | Checksum: 19d02c51c

Time (s): cpu = 01:19:49 ; elapsed = 00:24:23 . Memory (MB): peak = 16087.199 ; gain = 6388.594 ; free physical = 228692 ; free virtual = 241399
Phase 3 Detail Placement | Checksum: 19d02c51c

Time (s): cpu = 01:19:55 ; elapsed = 00:24:24 . Memory (MB): peak = 16087.199 ; gain = 6388.594 ; free physical = 228697 ; free virtual = 241404

Phase 4 Post Placement Optimization and Clean-Up

Phase 4.1 Post Commit Optimization
INFO: [Timing 38-35] Done setting XDC timing constraints.

Phase 4.1.1 Post Placement Optimization
Post Placement Optimization Initialization | Checksum: 24001e30e

Phase 4.1.1.1 BUFG Insertion

Starting Physical Synthesis Task

Phase 1 Physical Synthesis Initialization
INFO: [Physopt 32-721] Multithreading enabled for phys_opt_design using a maximum of 32 CPUs
INFO: [Physopt 32-619] Estimated Timing Summary | WNS=-1.679 | TNS=-7280.084 |
Phase 1 Physical Synthesis Initialization | Checksum: 16ba27d20

Time (s): cpu = 00:01:47 ; elapsed = 00:00:09 . Memory (MB): peak = 16087.199 ; gain = 0.000 ; free physical = 228142 ; free virtual = 240849
INFO: [Place 46-56] BUFG insertion identified 0 candidate nets. Inserted BUFG: 0, Replicated BUFG Driver: 0, Skipped due to Placement/Routing Conflicts: 0, Skipped due to Timing Degradation: 0, Skipped due to netlist editing failed: 0.
Ending Physical Synthesis Task | Checksum: 18f9f59d7

Time (s): cpu = 00:01:54 ; elapsed = 00:00:11 . Memory (MB): peak = 16087.199 ; gain = 0.000 ; free physical = 228142 ; free virtual = 240849
Phase 4.1.1.1 BUFG Insertion | Checksum: 24001e30e

Time (s): cpu = 01:37:28 ; elapsed = 00:26:57 . Memory (MB): peak = 16087.199 ; gain = 6388.594 ; free physical = 228142 ; free virtual = 240849

Phase 4.1.1.2 BUFG Replication
INFO: [Place 46-63] BUFG replication identified 0 candidate nets: Replicated nets: 0, Replicated BUFGs: 0, Replicated BUFG Driver: 0, moved BUFGs: 0, Skipped due to Placement / Routing Conflict: 0, Skipped due to Timing: 0, Skipped due to constraints: 0
Phase 4.1.1.2 BUFG Replication | Checksum: 24001e30e

Time (s): cpu = 01:37:35 ; elapsed = 00:27:00 . Memory (MB): peak = 16087.199 ; gain = 6388.594 ; free physical = 228141 ; free virtual = 240848

Phase 4.1.1.3 Post Placement Timing Optimization
Phase 4.1.1.3 Post Placement Timing Optimization | Checksum: 10ee76c07

Time (s): cpu = 01:42:43 ; elapsed = 00:28:24 . Memory (MB): peak = 16087.199 ; gain = 6388.594 ; free physical = 228132 ; free virtual = 240839

Phase 4.1.1.4 Replication
Phase 4.1.1.4 Replication | Checksum: cf8911a8

Time (s): cpu = 01:46:33 ; elapsed = 00:29:27 . Memory (MB): peak = 16087.199 ; gain = 6388.594 ; free physical = 228099 ; free virtual = 240806

Time (s): cpu = 01:46:33 ; elapsed = 00:29:27 . Memory (MB): peak = 16087.199 ; gain = 6388.594 ; free physical = 228099 ; free virtual = 240806
Phase 4.1 Post Commit Optimization | Checksum: cf8911a8

Time (s): cpu = 01:46:39 ; elapsed = 00:29:28 . Memory (MB): peak = 16087.199 ; gain = 6388.594 ; free physical = 228099 ; free virtual = 240806
WARNING: [Place 46-14] The placer has determined that this design is highly congested and may have difficulty routing. Run report_design_analysis -congestion for a detailed report.
Netlist sorting complete. Time (s): cpu = 00:00:03 ; elapsed = 00:00:03 . Memory (MB): peak = 16282.785 ; gain = 0.000 ; free physical = 226905 ; free virtual = 239612

Phase 4.2 Post Placement Cleanup
Phase 4.2 Post Placement Cleanup | Checksum: ded451bd

Time (s): cpu = 01:48:52 ; elapsed = 00:30:37 . Memory (MB): peak = 16282.785 ; gain = 6584.180 ; free physical = 226904 ; free virtual = 239611

Phase 4.3 Placer Reporting

Phase 4.3.1 Dump Critical Paths 
Phase 4.3.1 Dump Critical Paths  | Checksum: ded451bd

Time (s): cpu = 01:57:01 ; elapsed = 00:34:22 . Memory (MB): peak = 16282.785 ; gain = 6584.180 ; free physical = 226897 ; free virtual = 239604

Phase 4.3.2 Print Final WNS
INFO: [Place 30-100] Post Placement Timing Summary | WNS=-1.330 | TNS=-7080.874|

Phase 4.3.2 Print Final WNS | Checksum: ded451bd

Time (s): cpu = 02:07:42 ; elapsed = 00:37:56 . Memory (MB): peak = 16282.785 ; gain = 6584.180 ; free physical = 226917 ; free virtual = 239625

Phase 4.3.3 Print Estimated Congestion
INFO: [Place 30-612] Post-Placement Estimated Congestion 
 ________________________________________________________________________
|           | Global Congestion | Long Congestion   | Short Congestion  |
| Direction | Region Size       | Region Size       | Region Size       |
|___________|___________________|___________________|___________________|
|      North|                1x1|                2x2|                1x1|
|___________|___________________|___________________|___________________|
|      South|              32x32|              64x64|                4x4|
|___________|___________________|___________________|___________________|
|       East|                1x1|                1x1|                1x1|
|___________|___________________|___________________|___________________|
|       West|                1x1|                2x2|                2x2|
|___________|___________________|___________________|___________________|

SLR0:
 ________________________________________________________________________
|           | Global Congestion | Long Congestion   | Short Congestion  |
| Direction | Region Size       | Region Size       | Region Size       |
|___________|___________________|___________________|___________________|
|      North|                1x1|                1x1|                1x1|
|___________|___________________|___________________|___________________|
|      South|                1x1|                1x1|                1x1|
|___________|___________________|___________________|___________________|
|       East|                1x1|                1x1|                1x1|
|___________|___________________|___________________|___________________|
|       West|                1x1|                1x1|                1x1|
|___________|___________________|___________________|___________________|

SLR1:
 ________________________________________________________________________
|           | Global Congestion | Long Congestion   | Short Congestion  |
| Direction | Region Size       | Region Size       | Region Size       |
|___________|___________________|___________________|___________________|
|      North|                1x1|                1x1|                1x1|
|___________|___________________|___________________|___________________|
|      South|                2x2|                8x8|                4x4|
|___________|___________________|___________________|___________________|
|       East|                1x1|                1x1|                1x1|
|___________|___________________|___________________|___________________|
|       West|                1x1|                1x1|                2x2|
|___________|___________________|___________________|___________________|

SLR2:
 ________________________________________________________________________
|           | Global Congestion | Long Congestion   | Short Congestion  |
| Direction | Region Size       | Region Size       | Region Size       |
|___________|___________________|___________________|___________________|
|      North|                1x1|                2x2|                1x1|
|___________|___________________|___________________|___________________|
|      South|              32x32|              64x64|                4x4|
|___________|___________________|___________________|___________________|
|       East|                1x1|                1x1|                1x1|
|___________|___________________|___________________|___________________|
|       West|                1x1|                2x2|                1x1|
|___________|___________________|___________________|___________________|

SLR3:
 ________________________________________________________________________
|           | Global Congestion | Long Congestion   | Short Congestion  |
| Direction | Region Size       | Region Size       | Region Size       |
|___________|___________________|___________________|___________________|
|      North|                1x1|                1x1|                1x1|
|___________|___________________|___________________|___________________|
|      South|                1x1|                1x1|                1x1|
|___________|___________________|___________________|___________________|
|       East|                1x1|                1x1|                1x1|
|___________|___________________|___________________|___________________|
|       West|                1x1|                1x1|                1x1|
|___________|___________________|___________________|___________________|

Phase 4.3.3 Print Estimated Congestion | Checksum: bc14b560

Time (s): cpu = 02:09:32 ; elapsed = 00:38:04 . Memory (MB): peak = 16282.785 ; gain = 6584.180 ; free physical = 226918 ; free virtual = 239625
Phase 4.3 Placer Reporting | Checksum: bc14b560

Time (s): cpu = 02:09:39 ; elapsed = 00:38:06 . Memory (MB): peak = 16282.785 ; gain = 6584.180 ; free physical = 226918 ; free virtual = 239625

Phase 4.4 Final Placement Cleanup
Netlist sorting complete. Time (s): cpu = 00:00:00.12 ; elapsed = 00:00:00.13 . Memory (MB): peak = 16282.785 ; gain = 0.000 ; free physical = 226918 ; free virtual = 239625

Time (s): cpu = 02:09:39 ; elapsed = 00:38:06 . Memory (MB): peak = 16282.785 ; gain = 6584.180 ; free physical = 226918 ; free virtual = 239625
Phase 4 Post Placement Optimization and Clean-Up | Checksum: 100dd5ef0

Time (s): cpu = 02:09:45 ; elapsed = 00:38:07 . Memory (MB): peak = 16282.785 ; gain = 6584.180 ; free physical = 226918 ; free virtual = 239625
Ending Placer Task | Checksum: c7a936ee

Time (s): cpu = 02:09:52 ; elapsed = 00:38:09 . Memory (MB): peak = 16282.785 ; gain = 6584.180 ; free physical = 226918 ; free virtual = 239625
258 Infos, 3 Warnings, 0 Critical Warnings and 0 Errors encountered.
place_design completed successfully
place_design: Time (s): cpu = 02:10:49 ; elapsed = 00:38:53 . Memory (MB): peak = 16282.785 ; gain = 6744.828 ; free physical = 226918 ; free virtual = 239625
# write_checkpoint \
#     -force \
#     [
#         file join \
#             $output_dir \
#             post_place.dcp
#     ]
INFO: [Timing 38-480] Writing timing data to binary archive.
Write ShapeDB Complete: Time (s): cpu = 00:00:05 ; elapsed = 00:00:01 . Memory (MB): peak = 16282.785 ; gain = 0.000 ; free physical = 226807 ; free virtual = 239624
Wrote PlaceDB: Time (s): cpu = 00:01:11 ; elapsed = 00:00:30 . Memory (MB): peak = 16282.785 ; gain = 0.000 ; free physical = 225758 ; free virtual = 239597
Wrote PulsedLatchDB: Time (s): cpu = 00:00:00 ; elapsed = 00:00:00 . Memory (MB): peak = 16282.785 ; gain = 0.000 ; free physical = 225763 ; free virtual = 239603
Writing XDEF routing.
Writing XDEF routing logical nets.
Writing XDEF routing special nets.
Wrote RouteStorage: Time (s): cpu = 00:00:03 ; elapsed = 00:00:03 . Memory (MB): peak = 16282.785 ; gain = 0.000 ; free physical = 225761 ; free virtual = 239603
Wrote Netlist Cache: Time (s): cpu = 00:00:00.98 ; elapsed = 00:00:01 . Memory (MB): peak = 16282.785 ; gain = 0.000 ; free physical = 225645 ; free virtual = 239601
Wrote Device Cache: Time (s): cpu = 00:00:00.01 ; elapsed = 00:00:00.01 . Memory (MB): peak = 16282.785 ; gain = 0.000 ; free physical = 225640 ; free virtual = 239597
Write Physdb Complete: Time (s): cpu = 00:01:15 ; elapsed = 00:00:49 . Memory (MB): peak = 16282.785 ; gain = 0.000 ; free physical = 225643 ; free virtual = 239600
INFO: [Common 17-1381] The checkpoint '/mnt_pool/c3_users/user/pleguina/graphsage_vivado_2024_1_sweep/build/vivado_sweep/screen_ssi_spread_high/post_place.dcp' has been generated.
write_checkpoint: Time (s): cpu = 00:01:33 ; elapsed = 00:01:10 . Memory (MB): peak = 16282.785 ; gain = 0.000 ; free physical = 226518 ; free virtual = 239455
# report_timing_summary \
#     -delay_type min_max \
#     -max_paths 100 \
#     -file [
#         file join \
#             $reports_dir \
#             timing_post_place.rpt
#     ]
INFO: [Timing 38-91] UpdateTimingParams: Speed grade: -1, Temperature grade: E, Delay Type: min_max.
INFO: [Timing 38-191] Multithreading enabled for timing update using a maximum of 32 CPUs
report_timing_summary: Time (s): cpu = 00:05:42 ; elapsed = 00:00:51 . Memory (MB): peak = 16282.785 ; gain = 0.000 ; free physical = 226539 ; free virtual = 239475
# report_design_analysis \
#     -congestion \
#     -file [
#         file join \
#             $reports_dir \
#             congestion_post_place.rpt
#     ]
# report_utilization \
#     -slr \
#     -file [
#         file join \
#             $reports_dir \
#             utilization_slr_post_place.rpt
#     ]
report_utilization: Time (s): cpu = 00:00:31 ; elapsed = 00:00:32 . Memory (MB): peak = 16282.785 ; gain = 0.000 ; free physical = 226551 ; free virtual = 239487
# report_high_fanout_nets \
#     -file [
#         file join \
#             $reports_dir \
#             high_fanout_post_place.rpt
#     ]
report_high_fanout_nets: Time (s): cpu = 00:00:20 ; elapsed = 00:00:20 . Memory (MB): peak = 16282.785 ; gain = 0.000 ; free physical = 226562 ; free virtual = 239498
# if {$screen_only} {
# 
#     puts "============================================================"
#     puts "SCREEN_ONLY=1"
#     puts "STOPPING_AFTER_PLACEMENT"
#     puts "PLACEMENT_SCREEN_COMPLETE=$run_name"
#     puts "============================================================"
# 
#     write_metadata \
#         [file join $output_dir metadata.txt] \
#         "placement_complete" \
#         $run_name \
#         $place_directive \
#         $route_directive \
#         $screen_only \
#         $use_tns_cleanup \
#         $use_post_phys \
#         $start_time
# 
#     exit 0
# }
============================================================
SCREEN_ONLY=1
STOPPING_AFTER_PLACEMENT
PLACEMENT_SCREEN_COMPLETE=screen_ssi_spread_high
============================================================
INFO: [Common 17-206] Exiting Vivado at Tue Aug 18 15:18:56 2026...
Baseline already exists: /mnt_pool/c3_users/user/pleguina/graphsage_vivado_2024_1_sweep/build/vivado_sweep/baseline_post_synth.dcp

==============================================================================
Run name        : screen_ssi_spread_high
Placement       : SSI_SpreadLogic_high
Routing         : Default
Screen only     : True
==============================================================================

