
****** Vivado v2025.2 (64-bit)
  **** SW Build 6299465 on Fri Nov 14 12:34:56 MST 2025
  **** IP Build 6300035 on Fri Nov 14 10:48:45 MST 2025
  **** SharedData Build 6298862 on Thu Nov 13 04:50:51 MST 2025
  **** Start of session at: Tue Aug 18 16:08:15 2026
    ** Copyright 1986-2022 Xilinx, Inc. All Rights Reserved.
    ** Copyright 2022-2025 Advanced Micro Devices, Inc. All Rights Reserved.

source /mnt_pool/c3_users/user/pleguina/graphsage_vivado_2024_1_sweep/hls/run_vivado_int8_po2_strategy.tcl
# set script_dir [file dirname [file normalize [info script]]]
# set repo_root [file normalize [file join $script_dir ..]]
# set sweep_dir [file join $repo_root build vivado_sweep]
# foreach required_env {RUN_NAME PLACE_DIRECTIVE} {
#     if {![info exists ::env($required_env)] || $::env($required_env) eq ""} {
#         error "Missing required environment variable $required_env"
#     }
# }
# set run_name $::env(RUN_NAME)
# set place_directive $::env(PLACE_DIRECTIVE)
# set route_directive [expr {
#     [info exists ::env(ROUTE_DIRECTIVE)]
#         ? $::env(ROUTE_DIRECTIVE)
#         : "Default"
# }]
# set screen_only [expr {
#     [info exists ::env(SCREEN_ONLY)]
#         ? $::env(SCREEN_ONLY)
#         : 1
# }]
# set use_tns_cleanup [expr {
#     [info exists ::env(USE_TNS_CLEANUP)]
#         ? $::env(USE_TNS_CLEANUP)
#         : 1
# }]
# set use_post_phys [expr {
#     [info exists ::env(USE_POST_PHYS)]
#         ? $::env(USE_POST_PHYS)
#         : 1
# }]
# set output_dir [file join $sweep_dir $run_name]
# set reports_dir [file join $output_dir reports]
# set start_time [clock seconds]
# file mkdir $output_dir
# file mkdir $reports_dir
# set vivado_threads [expr {
#     [info exists ::env(SLURM_CPUS_PER_TASK)]
#         ? $::env(SLURM_CPUS_PER_TASK)
#         : 4
# }]
# set_param general.maxThreads $vivado_threads
# puts "============================================================"
============================================================
# puts "RUN_NAME=$run_name"
RUN_NAME=screen_ssi_spread_sll
# puts "PLACE_DIRECTIVE=$place_directive"
PLACE_DIRECTIVE=SSI_SpreadSLLs
# puts "ROUTE_DIRECTIVE=$route_directive"
ROUTE_DIRECTIVE=Default
# puts "SCREEN_ONLY=$screen_only"
SCREEN_ONLY=1
# puts "USE_TNS_CLEANUP=$use_tns_cleanup"
USE_TNS_CLEANUP=1
# puts "USE_POST_PHYS=$use_post_phys"
USE_POST_PHYS=0
# puts "VIVADO_MAX_THREADS=$vivado_threads"
VIVADO_MAX_THREADS=32
# puts "============================================================"
============================================================
# proc timing_slack {delay_type} {
# 
#     set paths [
#         get_timing_paths \
#             -delay_type $delay_type \
#             -max_paths 1 \
#             -quiet
#     ]
# 
#     if {[llength $paths] == 0} {
#         return "NA"
#     }
# 
#     return [get_property SLACK [lindex $paths 0]]
# }
# proc write_metadata {
#     path
#     status
#     run_name
#     place_directive
#     route_directive
#     screen_only
#     use_tns_cleanup
#     use_post_phys
#     start_time
# } {
# 
#     set metadata [open $path w]
# 
#     puts $metadata "run_name=$run_name"
#     puts $metadata "place_directive=$place_directive"
#     puts $metadata "route_directive=$route_directive"
#     puts $metadata "screen_only=$screen_only"
#     puts $metadata "tns_cleanup=$use_tns_cleanup"
#     puts $metadata "postroute_physopt=$use_post_phys"
# 
#     puts $metadata "clock_period_ns=2.77"
# 
#     puts $metadata \
#         "post_stage_setup_wns_ns=[timing_slack max]"
# 
#     puts $metadata \
#         "post_stage_hold_wns_ns=[timing_slack min]"
# 
#     puts $metadata \
#         "runtime_seconds=[expr {[clock seconds] - $start_time}]"
# 
#     puts $metadata "status=$status"
# 
#     close $metadata
# }
# open_checkpoint [
#     file join \
#         $sweep_dir \
#         baseline_post_synth.dcp
# ]
Command: open_checkpoint /mnt_pool/c3_users/user/pleguina/graphsage_vivado_2024_1_sweep/build/vivado_sweep/baseline_post_synth.dcp

Starting open_checkpoint Task

Time (s): cpu = 00:00:00.03 ; elapsed = 00:00:00.04 . Memory (MB): peak = 1545.355 ; gain = 0.000 ; free physical = 240285 ; free virtual = 253638
INFO: [Device 21-403] Loading part xcvu13p-fsga2577-1-e
Netlist sorting complete. Time (s): cpu = 00:00:05 ; elapsed = 00:00:05 . Memory (MB): peak = 3857.199 ; gain = 22.398 ; free physical = 238008 ; free virtual = 251361
INFO: [Netlist 29-17] Analyzing 37864 Unisim elements for replacement
INFO: [Netlist 29-28] Unisim Transformation completed in 24 CPU seconds
INFO: [Project 1-479] Netlist was created with Vivado 2024.1
INFO: [Project 1-570] Preparing netlist for logic optimization
INFO: [Constraints 18-4397] Generator change detected checking ShapeConfig Enum. shapeDB will be regenerated.
Read ShapeDB Complete: Time (s): cpu = 00:00:00.65 ; elapsed = 00:00:00.67 . Memory (MB): peak = 5160.129 ; gain = 61.836 ; free physical = 236717 ; free virtual = 250069
INFO: [Constraints 18-5435] Cannot read file, the software version for the checkpoint (2024.1.5076996) does not match the current software version (2025.2.6299465).
  File : /mnt_pool/c3_users/user/pleguina/graphsage_vivado_2024_1_sweep/build/vivado_sweep/baseline_post_synth/graphsage_int8_po2.xbdc.
Parsing XDC File [/mnt_pool/c3_users/user/pleguina/graphsage_vivado_2024_1_sweep/build/vivado_sweep/baseline_post_synth/graphsage_int8_po2.xdc]
INFO: [Vivado 12-4761] HD.CLK_SRC property is set on port ap_clk. The net connecting to the port drives either clock PIN or hierarchical black box. Use the create_clock constraint to create a clock on this port prior to setting HD.CLK_SRC.  [/home/pelayo/work/simple-gnn/hls/graphsage_int8_po2_ooc.xdc:2]
Finished Parsing XDC File [/mnt_pool/c3_users/user/pleguina/graphsage_vivado_2024_1_sweep/build/vivado_sweep/baseline_post_synth/graphsage_int8_po2.xdc]
INFO: [Opt 31-138] Pushed 0 inverter(s) to 0 load pin(s).
Netlist sorting complete. Time (s): cpu = 00:00:00.12 ; elapsed = 00:00:00.13 . Memory (MB): peak = 5541.938 ; gain = 0.000 ; free physical = 236566 ; free virtual = 249918
INFO: [Project 1-111] Unisim Transformation Summary:
  A total of 4216 instances were transformed.
  DSP48E2 => DSP48E2 (DSP_ALU, DSP_A_B_DATA, DSP_C_DATA, DSP_MULTIPLIER, DSP_M_DATA, DSP_OUTPUT, DSP_PREADD, DSP_PREADD_DATA): 4216 instances

INFO: [Project 1-604] Checkpoint was created with Vivado v2024.1 (64-bit) build 5076996
open_checkpoint: Time (s): cpu = 00:02:30 ; elapsed = 00:02:36 . Memory (MB): peak = 5541.973 ; gain = 3996.617 ; free physical = 236567 ; free virtual = 249920
# report_property \
#     [get_ports ap_clk] \
#     -file [
#         file join \
#             $reports_dir \
#             ap_clk_properties.rpt
#     ]
# opt_design -directive Explore
Command: opt_design -directive Explore
INFO: [Vivado_Tcl 4-136] Directive used for opt_design is: Explore
Attempting to get a license for feature 'Implementation' and/or device 'xcvu13p'
INFO: [Common 17-349] Got license for feature 'Implementation' and/or device 'xcvu13p'
INFO: [Common 17-1540] The version limit for your license is '2026.02' and has expired for new software. A version limit expiration means that, although you may be able to continue to use the current version of tools or IP with this license, you will not be eligible for new releases.
Running DRC as a precondition to command opt_design

Starting DRC Task
INFO: [DRC 23-27] Running DRC with 32 threads
WARNING: [DRC 23-814] Not all possible (connectivity based) DRCs may have been run because this design is seen as Out of Context.
INFO: [Project 1-461] DRC finished with 0 Errors
INFO: [Project 1-462] Please refer to the DRC report (report_drc) for more information.

Time (s): cpu = 00:00:13 ; elapsed = 00:00:05 . Memory (MB): peak = 6436.152 ; gain = 600.273 ; free physical = 235890 ; free virtual = 249242

Starting Logic Optimization Task

Phase 1 Initialization

Phase 1.1 Core Generation And Design Setup
Phase 1.1 Core Generation And Design Setup | Checksum: 1d92fb46c

Time (s): cpu = 00:00:01 ; elapsed = 00:00:01 . Memory (MB): peak = 6436.152 ; gain = 0.000 ; free physical = 235875 ; free virtual = 249227

Phase 1.2 Setup Constraints And Sort Netlist
Phase 1.2 Setup Constraints And Sort Netlist | Checksum: 1d92fb46c

Time (s): cpu = 00:00:02 ; elapsed = 00:00:02 . Memory (MB): peak = 6436.152 ; gain = 0.000 ; free physical = 235875 ; free virtual = 249227
Phase 1 Initialization | Checksum: 1d92fb46c

Time (s): cpu = 00:00:02 ; elapsed = 00:00:02 . Memory (MB): peak = 6436.152 ; gain = 0.000 ; free physical = 235875 ; free virtual = 249228

Phase 2 Timer Update And Timing Data Collection

Phase 2.1 Detect if minReqCache needed
Phase 2.1 Detect if minReqCache needed | Checksum: 1d92fb46c

Time (s): cpu = 00:00:04 ; elapsed = 00:00:04 . Memory (MB): peak = 6884.152 ; gain = 448.000 ; free physical = 235544 ; free virtual = 248896

Phase 2.2 Timer Update
INFO: [Timing 38-35] Done setting XDC timing constraints.
Phase 2.2 Timer Update | Checksum: 1d92fb46c

Time (s): cpu = 00:06:16 ; elapsed = 00:00:44 . Memory (MB): peak = 9507.203 ; gain = 3071.051 ; free physical = 232883 ; free virtual = 246235
Phase 2 Timer Update And Timing Data Collection | Checksum: 1d92fb46c

Time (s): cpu = 00:06:16 ; elapsed = 00:00:44 . Memory (MB): peak = 9507.203 ; gain = 3071.051 ; free physical = 232883 ; free virtual = 246235

Phase 3 Retarget
INFO: [Opt 31-1851] Number of loadless carry chains removed were: 0
INFO: [Opt 31-1834] Total Chains To Be Transformed Were: 0 AND Number of Transformed insts Created are: 0
INFO: [Opt 31-138] Pushed 0 inverter(s) to 0 load pin(s).
INFO: [Opt 31-49] Retargeted 0 cell(s).
Phase 3 Retarget | Checksum: 141bf1725

Time (s): cpu = 00:06:24 ; elapsed = 00:00:52 . Memory (MB): peak = 9507.203 ; gain = 3071.051 ; free physical = 232885 ; free virtual = 246238
Retarget | Checksum: 141bf1725
INFO: [Opt 31-389] Phase Retarget created 154 cells and removed 154 cells

Phase 4 Constant propagation
INFO: [Opt 31-138] Pushed 0 inverter(s) to 0 load pin(s).
Phase 4 Constant propagation | Checksum: 1527fdd32

Time (s): cpu = 00:06:29 ; elapsed = 00:00:57 . Memory (MB): peak = 9507.203 ; gain = 3071.051 ; free physical = 232884 ; free virtual = 246237
Constant propagation | Checksum: 1527fdd32
INFO: [Opt 31-389] Phase Constant propagation created 0 cells and removed 0 cells

Phase 5 Sweep
INFO: [Constraints 18-11670] Building netlist checker database with flags, 0x8
Done building netlist checker database: Time (s): cpu = 00:00:00.49 ; elapsed = 00:00:00.49 . Memory (MB): peak = 9507.203 ; gain = 0.000 ; free physical = 232881 ; free virtual = 246233
Phase 5 Sweep | Checksum: 19b69a6bd

Time (s): cpu = 00:06:41 ; elapsed = 00:01:10 . Memory (MB): peak = 9507.203 ; gain = 3071.051 ; free physical = 232881 ; free virtual = 246234
Sweep | Checksum: 19b69a6bd
INFO: [Opt 31-389] Phase Sweep created 0 cells and removed 0 cells

Phase 6 BUFG optimization
INFO: [Opt 31-1077] Phase BUFG optimization inserted 0 global clock buffer(s) for CLOCK_LOW_FANOUT.
Phase 6 BUFG optimization | Checksum: 19b69a6bd

Time (s): cpu = 00:06:45 ; elapsed = 00:01:13 . Memory (MB): peak = 9539.219 ; gain = 3103.066 ; free physical = 232881 ; free virtual = 246233
BUFG optimization | Checksum: 19b69a6bd
INFO: [Opt 31-662] Phase BUFG optimization created 0 cells of which 0 are BUFGs and removed 0 cells.

Phase 7 Shift Register Optimization
INFO: [Opt 31-1064] SRL Remap converted 0 SRLs to 0 registers and converted 0 registers of register chains to 0 SRLs
Phase 7 Shift Register Optimization | Checksum: fa3edf2b

Time (s): cpu = 00:06:47 ; elapsed = 00:01:15 . Memory (MB): peak = 9539.219 ; gain = 3103.066 ; free physical = 232881 ; free virtual = 246233
Shift Register Optimization | Checksum: fa3edf2b
INFO: [Opt 31-389] Phase Shift Register Optimization created 2971 cells and removed 0 cells
INFO: [Opt 31-1555] control_set_opt supports Versal devices only, and device xcvu13p is unsupported

Phase 8 Post Processing Netlist
Phase 8 Post Processing Netlist | Checksum: fa3edf2b

Time (s): cpu = 00:06:53 ; elapsed = 00:01:21 . Memory (MB): peak = 9539.219 ; gain = 3103.066 ; free physical = 232881 ; free virtual = 246233
Post Processing Netlist | Checksum: fa3edf2b
INFO: [Opt 31-389] Phase Post Processing Netlist created 0 cells and removed 0 cells

Phase 9 Finalization

Phase 9.1 Finalizing Design Cores and Updating Shapes
Phase 9.1 Finalizing Design Cores and Updating Shapes | Checksum: 171584779

Time (s): cpu = 00:07:27 ; elapsed = 00:01:51 . Memory (MB): peak = 9539.219 ; gain = 3103.066 ; free physical = 232882 ; free virtual = 246234

Phase 9.2 Verifying Netlist Connectivity

Starting Connectivity Check Task

Time (s): cpu = 00:00:00.75 ; elapsed = 00:00:00.77 . Memory (MB): peak = 9539.219 ; gain = 0.000 ; free physical = 232882 ; free virtual = 246235
Phase 9.2 Verifying Netlist Connectivity | Checksum: 171584779

Time (s): cpu = 00:07:28 ; elapsed = 00:01:52 . Memory (MB): peak = 9539.219 ; gain = 3103.066 ; free physical = 232882 ; free virtual = 246235
Phase 9 Finalization | Checksum: 171584779

Time (s): cpu = 00:07:28 ; elapsed = 00:01:52 . Memory (MB): peak = 9539.219 ; gain = 3103.066 ; free physical = 232882 ; free virtual = 246235
Opt_design Change Summary
=========================


-------------------------------------------------------------------------------------------------------------------------
|  Phase                        |  #Cells created  |  #Cells Removed  |  #Constrained objects preventing optimizations  |
-------------------------------------------------------------------------------------------------------------------------
|  Retarget                     |             154  |             154  |                                              0  |
|  Constant propagation         |               0  |               0  |                                              0  |
|  Sweep                        |               0  |               0  |                                              0  |
|  BUFG optimization            |               0  |               0  |                                              0  |
|  Shift Register Optimization  |            2971  |               0  |                                              0  |
|  Post Processing Netlist      |               0  |               0  |                                              0  |
-------------------------------------------------------------------------------------------------------------------------


Ending Logic Optimization Task | Checksum: 171584779

Time (s): cpu = 00:07:28 ; elapsed = 00:01:52 . Memory (MB): peak = 9539.219 ; gain = 3103.066 ; free physical = 232882 ; free virtual = 246235
Netlist sorting complete. Time (s): cpu = 00:00:00.13 ; elapsed = 00:00:00.13 . Memory (MB): peak = 9539.219 ; gain = 0.000 ; free physical = 232882 ; free virtual = 246235
INFO: [Common 17-83] Releasing license: Implementation
23 Infos, 1 Warnings, 0 Critical Warnings and 0 Errors encountered.
opt_design completed successfully
opt_design: Time (s): cpu = 00:07:44 ; elapsed = 00:02:21 . Memory (MB): peak = 9539.219 ; gain = 3734.156 ; free physical = 232882 ; free virtual = 246235
# write_checkpoint \
#     -force \
#     [
#         file join \
#             $output_dir \
#             post_opt.dcp
#     ]
INFO: [Timing 38-35] Done setting XDC timing constraints.
INFO: [Timing 38-480] Writing timing data to binary archive.
Write ShapeDB Complete: Time (s): cpu = 00:00:04 ; elapsed = 00:00:01 . Memory (MB): peak = 9539.219 ; gain = 0.000 ; free physical = 232764 ; free virtual = 246210
INFO: [Common 17-1381] The checkpoint '/mnt_pool/c3_users/user/pleguina/graphsage_vivado_2024_1_sweep/build/vivado_sweep/screen_ssi_spread_sll/post_opt.dcp' has been generated.
write_checkpoint: Time (s): cpu = 00:07:23 ; elapsed = 00:01:12 . Memory (MB): peak = 9539.219 ; gain = 0.000 ; free physical = 232521 ; free virtual = 246030
# puts "============================================================"
============================================================
# puts "STARTING_PLACEMENT=$place_directive"
STARTING_PLACEMENT=SSI_SpreadSLLs
# puts "============================================================"
============================================================
# place_design \
#     -directive $place_directive \
#     -timing_summary
Command: place_design -directive SSI_SpreadSLLs -timing_summary
Attempting to get a license for feature 'Implementation' and/or device 'xcvu13p'
INFO: [Common 17-349] Got license for feature 'Implementation' and/or device 'xcvu13p'
INFO: [Common 17-1540] The version limit for your license is '2026.02' and has expired for new software. A version limit expiration means that, although you may be able to continue to use the current version of tools or IP with this license, you will not be eligible for new releases.
INFO: [Common 17-83] Releasing license: Implementation
INFO: [DRC 23-27] Running DRC with 32 threads
WARNING: [DRC 23-814] Not all possible (connectivity based) DRCs may have been run because this design is seen as Out of Context.
INFO: [Vivado_Tcl 4-198] DRC finished with 0 Errors
INFO: [Vivado_Tcl 4-199] Please refer to the DRC report (report_drc) for more information.
INFO: [Vivado_Tcl 4-2302] The placer was invoked with the 'SSI_SpreadSLLs' directive.
Running DRC as a precondition to command place_design
INFO: [DRC 23-27] Running DRC with 32 threads
WARNING: [DRC 23-814] Not all possible (connectivity based) DRCs may have been run because this design is seen as Out of Context.
INFO: [Vivado_Tcl 4-198] DRC finished with 0 Errors
INFO: [Vivado_Tcl 4-199] Please refer to the DRC report (report_drc) for more information.
INFO: [Place 30-611] Multithreading enabled for place_design using a maximum of 32 CPUs

Starting Placer Task

Phase 1 Placer Initialization

Phase 1.1 Placer Initialization Netlist Sorting
Netlist sorting complete. Time (s): cpu = 00:00:00.13 ; elapsed = 00:00:00.14 . Memory (MB): peak = 9670.305 ; gain = 0.000 ; free physical = 232374 ; free virtual = 245884
Phase 1.1 Placer Initialization Netlist Sorting | Checksum: edab7f05

Time (s): cpu = 00:00:00.23 ; elapsed = 00:00:00.24 . Memory (MB): peak = 9670.305 ; gain = 0.000 ; free physical = 232375 ; free virtual = 245884
Netlist sorting complete. Time (s): cpu = 00:00:00.12 ; elapsed = 00:00:00.13 . Memory (MB): peak = 9670.305 ; gain = 0.000 ; free physical = 232375 ; free virtual = 245884

Phase 1.2 IO Placement/ Clock Placement/ Build Placer Device
Phase 1.2 IO Placement/ Clock Placement/ Build Placer Device | Checksum: 7041334a

Time (s): cpu = 00:00:50 ; elapsed = 00:00:37 . Memory (MB): peak = 9965.617 ; gain = 295.312 ; free physical = 231944 ; free virtual = 245453

Phase 1.3 Build Placer Netlist Model
Phase 1.3 Build Placer Netlist Model | Checksum: e5d53cc0

Time (s): cpu = 00:11:53 ; elapsed = 00:03:35 . Memory (MB): peak = 15427.676 ; gain = 5757.371 ; free physical = 226365 ; free virtual = 239875

Phase 1.4 Constrain Clocks/Macros
Phase 1.4 Constrain Clocks/Macros | Checksum: e5d53cc0

Time (s): cpu = 00:11:53 ; elapsed = 00:03:35 . Memory (MB): peak = 15427.676 ; gain = 5757.371 ; free physical = 226365 ; free virtual = 239875
Phase 1 Placer Initialization | Checksum: e5d53cc0

Time (s): cpu = 00:11:55 ; elapsed = 00:03:37 . Memory (MB): peak = 15427.676 ; gain = 5757.371 ; free physical = 226364 ; free virtual = 239874

Phase 2 Global Placement

Phase 2.1 Floorplanning

Phase 2.1.1 Partition Driven Placement

Phase 2.1.1.1 PBP: Partition Driven Placement
Phase 2.1.1.1 PBP: Partition Driven Placement | Checksum: 86c7569c

Time (s): cpu = 00:18:35 ; elapsed = 00:05:58 . Memory (MB): peak = 15699.809 ; gain = 6029.504 ; free physical = 226402 ; free virtual = 239911

Phase 2.1.1.2 PBP: Clock Region Placement
Phase 2.1.1.2 PBP: Clock Region Placement | Checksum: 86c7569c

Time (s): cpu = 00:18:50 ; elapsed = 00:06:13 . Memory (MB): peak = 15699.809 ; gain = 6029.504 ; free physical = 226402 ; free virtual = 239912

Phase 2.1.1.3 PBP: Discrete Incremental
Phase 2.1.1.3 PBP: Discrete Incremental | Checksum: 114f67b40

Time (s): cpu = 00:19:05 ; elapsed = 00:06:28 . Memory (MB): peak = 15699.809 ; gain = 6029.504 ; free physical = 226403 ; free virtual = 239912

Phase 2.1.1.4 PBP: Compute Congestion
Phase 2.1.1.4 PBP: Compute Congestion | Checksum: 114f67b40

Time (s): cpu = 00:20:41 ; elapsed = 00:06:45 . Memory (MB): peak = 15699.809 ; gain = 6029.504 ; free physical = 226390 ; free virtual = 239900

Phase 2.1.1.5 PBP: Macro Placement
Phase 2.1.1.5 PBP: Macro Placement | Checksum: 1a431c2da

Time (s): cpu = 00:21:06 ; elapsed = 00:07:08 . Memory (MB): peak = 15699.809 ; gain = 6029.504 ; free physical = 226394 ; free virtual = 239904

Phase 2.1.1.6 PBP: UpdateTiming
Phase 2.1.1.6 PBP: UpdateTiming | Checksum: 1d546f234

Time (s): cpu = 00:22:28 ; elapsed = 00:07:31 . Memory (MB): peak = 15699.809 ; gain = 6029.504 ; free physical = 226395 ; free virtual = 239904

Phase 2.1.1.7 PBP: Add part constraints
Phase 2.1.1.7 PBP: Add part constraints | Checksum: 1d546f234

Time (s): cpu = 00:22:30 ; elapsed = 00:07:31 . Memory (MB): peak = 15699.809 ; gain = 6029.504 ; free physical = 226395 ; free virtual = 239904
Phase 2.1.1 Partition Driven Placement | Checksum: 1d546f234

Time (s): cpu = 00:22:32 ; elapsed = 00:07:32 . Memory (MB): peak = 15699.809 ; gain = 6029.504 ; free physical = 226395 ; free virtual = 239904
Phase 2.1 Floorplanning | Checksum: 1d546f234

Time (s): cpu = 00:22:35 ; elapsed = 00:07:32 . Memory (MB): peak = 15699.809 ; gain = 6029.504 ; free physical = 226395 ; free virtual = 239904

Phase 2.2 Physical Synthesis After Floorplan
INFO: [Physopt 32-46] Identified 2 candidate nets for critical-cell optimization.
INFO: [Physopt 32-81] Processed net ap_enable_reg_pp0_iter12. Replicated 1 times.
INFO: [Physopt 32-81] Processed net ap_enable_reg_pp0_iter13. Replicated 1 times.
INFO: [Physopt 32-775] End 1 Pass. Optimized 2 nets or cells. Created 2 new cells, deleted 0 existing cell and moved 0 existing cell
Netlist sorting complete. Time (s): cpu = 00:00:03 ; elapsed = 00:00:03 . Memory (MB): peak = 15699.809 ; gain = 0.000 ; free physical = 226405 ; free virtual = 239914
Netlist sorting complete. Time (s): cpu = 00:00:00.13 ; elapsed = 00:00:00.13 . Memory (MB): peak = 15699.809 ; gain = 0.000 ; free physical = 226405 ; free virtual = 239914

Summary of Physical Synthesis Optimizations
============================================


-----------------------------------------------------------------------------------------------------------------------------------------------
|  Optimization                         |  Added Cells  |  Removed Cells  |  Optimized Cells/Nets  |  Dont Touch  |  Iterations  |  Elapsed   |
-----------------------------------------------------------------------------------------------------------------------------------------------
|  PSIP Post Floorplan SLR Replication  |            2  |              0  |                     2  |           0  |           1  |  00:00:20  |
|  Total                                |            2  |              0  |                     2  |           0  |           1  |  00:00:20  |
-----------------------------------------------------------------------------------------------------------------------------------------------


Phase 2.2 Physical Synthesis After Floorplan | Checksum: 14608a65d

Time (s): cpu = 00:25:10 ; elapsed = 00:08:17 . Memory (MB): peak = 15699.809 ; gain = 6029.504 ; free physical = 226408 ; free virtual = 239918

Phase 2.3 Update Timing before SLR Path Opt
Phase 2.3 Update Timing before SLR Path Opt | Checksum: 14515ad7a

Time (s): cpu = 00:25:19 ; elapsed = 00:08:21 . Memory (MB): peak = 15699.809 ; gain = 6029.504 ; free physical = 226409 ; free virtual = 239919

Phase 2.4 Post-Processing in Floorplanning
Phase 2.4 Post-Processing in Floorplanning | Checksum: 18a2ba1e2

Time (s): cpu = 00:25:23 ; elapsed = 00:08:22 . Memory (MB): peak = 15699.809 ; gain = 6029.504 ; free physical = 226409 ; free virtual = 239919

Phase 2.5 Global Place Phase1
Phase 2.5 Global Place Phase1 | Checksum: 12e77aca5

Time (s): cpu = 00:47:29 ; elapsed = 00:14:27 . Memory (MB): peak = 15939.926 ; gain = 6269.621 ; free physical = 226435 ; free virtual = 239962

Phase 2.6 Global Place Phase2

Phase 2.6.1 UpdateTiming Before Physical Synthesis
Phase 2.6.1 UpdateTiming Before Physical Synthesis | Checksum: 1b8c0847f

Time (s): cpu = 00:50:41 ; elapsed = 00:14:45 . Memory (MB): peak = 15939.926 ; gain = 6269.621 ; free physical = 226433 ; free virtual = 239960

Phase 2.6.2 Physical Synthesis In Placer
INFO: [Physopt 32-1035] Found 2 LUTNM shape to break, 7829 LUT instances to create LUTNM shape
INFO: [Physopt 32-1044] Break lutnm for timing: one critical 2, two critical 0, total 2, new lutff created 0
INFO: [Physopt 32-1138] End 1 Pass. Optimized 3001 nets or LUTs. Breaked 2 LUTs, combined 2999 existing LUTs and moved 0 existing LUT
INFO: [Physopt 32-1030] Pass 1. Identified 410 candidate driver sets for equivalent driver rewiring.
INFO: [Physopt 32-661] Optimized 138 nets.  Re-placed 447 instances.
INFO: [Physopt 32-775] End 1 Pass. Optimized 138 nets or cells. Created 0 new cell, deleted 0 existing cell and moved 447 existing cells
Netlist sorting complete. Time (s): cpu = 00:00:01 ; elapsed = 00:00:01 . Memory (MB): peak = 15939.926 ; gain = 0.000 ; free physical = 226435 ; free virtual = 239962
INFO: [Physopt 32-1408] Pass 1. Identified 9 candidate nets for high-fanout optimization.
INFO: [Physopt 32-81] Processed net ap_enable_reg_pp0_iter11. Replicated 8 times.
INFO: [Physopt 32-81] Processed net ap_enable_reg_pp0_iter14. Replicated 64 times.
INFO: [Physopt 32-81] Processed net ap_enable_reg_pp0_iter13. Replicated 8 times.
INFO: [Physopt 32-81] Processed net ap_enable_reg_pp0_iter33. Replicated 23 times.
INFO: [Physopt 32-81] Processed net ap_enable_reg_pp0_iter32. Replicated 17 times.
INFO: [Physopt 32-81] Processed net ap_enable_reg_pp0_iter35. Replicated 31 times.
INFO: [Physopt 32-81] Processed net ap_enable_reg_pp0_iter34. Replicated 16 times.
INFO: [Physopt 32-81] Processed net ap_enable_reg_pp0_iter13_repN. Replicated 2 times.
INFO: [Physopt 32-81] Processed net ap_enable_reg_pp0_iter12_repN. Replicated 11 times.
INFO: [Physopt 32-232] Optimized 9 nets. Created 180 new instances.
INFO: [Physopt 32-775] End 1 Pass. Optimized 9 nets or cells. Created 180 new cells, deleted 0 existing cell and moved 0 existing cell
Netlist sorting complete. Time (s): cpu = 00:00:03 ; elapsed = 00:00:03 . Memory (MB): peak = 15939.926 ; gain = 0.000 ; free physical = 226435 ; free virtual = 239962
INFO: [Physopt 32-76] Pass 1. Identified 30 candidate nets for fanout optimization.
INFO: [Physopt 32-81] Processed net ap_enable_reg_pp0_iter12. Replicated 10 times.
INFO: [Physopt 32-81] Processed net ap_enable_reg_pp0_iter11. Replicated 14 times.
INFO: [Physopt 32-81] Processed net ap_enable_reg_pp0_iter13. Replicated 10 times.
INFO: [Physopt 32-81] Processed net ap_enable_reg_pp0_iter32_repN. Replicated 6 times.
INFO: [Physopt 32-81] Processed net ap_enable_reg_pp0_iter34_repN. Replicated 10 times.
INFO: [Physopt 32-81] Processed net trunc_ln269_59_reg_164380[4]. Replicated 9 times.
INFO: [Physopt 32-81] Processed net trunc_ln269_107_reg_164620[4]. Replicated 9 times.
INFO: [Physopt 32-81] Processed net trunc_ln269_123_reg_164700[4]. Replicated 9 times.
INFO: [Physopt 32-81] Processed net trunc_ln269_11_reg_164140[4]. Replicated 9 times.
INFO: [Physopt 32-81] Processed net trunc_ln269_57_reg_164370[4]. Replicated 9 times.
INFO: [Physopt 32-81] Processed net trunc_ln269_27_reg_164220[4]. Replicated 9 times.
INFO: [Physopt 32-81] Processed net trunc_ln269_103_reg_164600[4]. Replicated 9 times.
INFO: [Physopt 32-81] Processed net trunc_ln269_75_reg_164460[4]. Replicated 8 times.
INFO: [Physopt 32-81] Processed net trunc_ln269_43_reg_164300[4]. Replicated 9 times.
INFO: [Physopt 32-81] Processed net trunc_ln269_119_reg_164680[4]. Replicated 9 times.
INFO: [Physopt 32-81] Processed net trunc_ln269_91_reg_164540[4]. Replicated 9 times.
INFO: [Physopt 32-81] Processed net trunc_ln269_105_reg_164610[4]. Replicated 9 times.
INFO: [Physopt 32-81] Processed net trunc_ln269_71_reg_164440[4]. Replicated 9 times.
INFO: [Physopt 32-81] Processed net adj_matrix_3_6_read_reg_149778_pp0_iter17_reg[15]. Replicated 9 times.
INFO: [Physopt 32-81] Processed net trunc_ln269_41_reg_164290[4]. Replicated 9 times.
INFO: [Physopt 32-81] Processed net adj_matrix_3_5_read_reg_149772_pp0_iter18_reg[15]. Replicated 9 times.
INFO: [Physopt 32-81] Processed net trunc_ln269_73_reg_164450[4]. Replicated 9 times.
INFO: [Physopt 32-81] Processed net agg2_165_reg_225065[7]. Replicated 3 times.
INFO: [Physopt 32-81] Processed net trunc_ln269_121_reg_164690[4]. Replicated 9 times.
INFO: [Physopt 32-81] Processed net adj_matrix_3_2_read_reg_149754_pp0_iter18_reg_reg[15]_srl18_n_0. Replicated 9 times.
INFO: [Physopt 32-81] Processed net adj_matrix_7_3_read_reg_149944_pp0_iter18_reg_reg[15]_srl18_n_0. Replicated 9 times.
INFO: [Physopt 32-81] Processed net trunc_ln269_89_reg_164530[4]. Replicated 9 times.
INFO: [Physopt 32-81] Processed net trunc_ln269_23_reg_164200[4]. Replicated 8 times.
INFO: [Physopt 32-81] Processed net adj_matrix_0_7_read_reg_149645_pp0_iter17_reg_reg[15]_srl18_n_0. Replicated 9 times.
INFO: [Physopt 32-232] Optimized 29 nets. Created 258 new instances.
INFO: [Physopt 32-775] End 1 Pass. Optimized 29 nets or cells. Created 258 new cells, deleted 0 existing cell and moved 0 existing cell
Netlist sorting complete. Time (s): cpu = 00:00:04 ; elapsed = 00:00:04 . Memory (MB): peak = 15939.926 ; gain = 0.000 ; free physical = 226436 ; free virtual = 239963
INFO: [Physopt 32-46] Identified 176 candidate nets for critical-cell optimization.
INFO: [Physopt 32-81] Processed net trunc_ln269_59_reg_164380[3]. Replicated 7 times.
INFO: [Physopt 32-81] Processed net trunc_ln269_59_reg_164380[2]. Replicated 7 times.
INFO: [Physopt 32-81] Processed net trunc_ln269_59_reg_164380[0]. Replicated 7 times.
INFO: [Physopt 32-81] Processed net trunc_ln269_59_reg_164380[1]. Replicated 7 times.
INFO: [Physopt 32-81] Processed net hidden_336_reg_205504[0]. Replicated 4 times.
INFO: [Physopt 32-81] Processed net trunc_ln269_123_reg_164700[3]. Replicated 6 times.
INFO: [Physopt 32-81] Processed net trunc_ln269_123_reg_164700[0]. Replicated 6 times.
INFO: [Physopt 32-81] Processed net hidden_336_reg_205504[1]. Replicated 4 times.
INFO: [Physopt 32-81] Processed net trunc_ln269_107_reg_164620[3]. Replicated 6 times.
INFO: [Physopt 32-81] Processed net trunc_ln269_107_reg_164620[1]. Replicated 6 times.
INFO: [Physopt 32-81] Processed net trunc_ln269_107_reg_164620[0]. Replicated 6 times.
INFO: [Physopt 32-81] Processed net hidden_336_reg_205504[6]. Replicated 4 times.
INFO: [Physopt 32-81] Processed net trunc_ln269_107_reg_164620[2]. Replicated 6 times.
INFO: [Physopt 32-81] Processed net trunc_ln269_123_reg_164700[1]. Replicated 6 times.
INFO: [Physopt 32-81] Processed net hidden_336_reg_205504[2]. Replicated 4 times.
INFO: [Physopt 32-81] Processed net trunc_ln269_11_reg_164140[3]. Replicated 5 times.
INFO: [Physopt 32-81] Processed net trunc_ln269_123_reg_164700[2]. Replicated 6 times.
INFO: [Physopt 32-81] Processed net hidden_232_reg_204984[3]. Replicated 5 times.
INFO: [Physopt 32-81] Processed net hidden_336_reg_205504[5]. Replicated 4 times.
INFO: [Physopt 32-81] Processed net hidden_336_reg_205504[4]. Replicated 4 times.
INFO: [Physopt 32-81] Processed net hidden_336_reg_205504[3]. Replicated 4 times.
INFO: [Physopt 32-81] Processed net hidden_232_reg_204984[4]. Replicated 5 times.
INFO: [Physopt 32-81] Processed net hidden_232_reg_204984[1]. Replicated 4 times.
INFO: [Physopt 32-81] Processed net trunc_ln269_11_reg_164140[0]. Replicated 5 times.
INFO: [Physopt 32-81] Processed net hidden_232_reg_204984[2]. Replicated 4 times.
INFO: [Physopt 32-81] Processed net trunc_ln269_11_reg_164140[1]. Replicated 5 times.
INFO: [Physopt 32-81] Processed net trunc_ln269_57_reg_164370[3]. Replicated 5 times.
INFO: [Physopt 32-81] Processed net trunc_ln269_57_reg_164370[0]. Replicated 5 times.
INFO: [Physopt 32-81] Processed net trunc_ln269_57_reg_164370[1]. Replicated 5 times.
INFO: [Physopt 32-81] Processed net trunc_ln269_11_reg_164140[2]. Replicated 5 times.
INFO: [Physopt 32-81] Processed net hidden_229_reg_204969[0]. Replicated 3 times.
INFO: [Physopt 32-81] Processed net trunc_ln269_27_reg_164220[3]. Replicated 3 times.
INFO: [Physopt 32-81] Processed net trunc_ln269_57_reg_164370[2]. Replicated 5 times.
INFO: [Physopt 32-81] Processed net hidden_229_reg_204969[3]. Replicated 4 times.
INFO: [Physopt 32-81] Processed net trunc_ln269_27_reg_164220[0]. Replicated 3 times.
INFO: [Physopt 32-81] Processed net hidden_229_reg_204969[4]. Replicated 4 times.
INFO: [Physopt 32-81] Processed net hidden_229_reg_204969[1]. Replicated 3 times.
INFO: [Physopt 32-81] Processed net hidden_229_reg_204969[6]. Replicated 3 times.
INFO: [Physopt 32-81] Processed net hidden_229_reg_204969[2]. Replicated 3 times.
INFO: [Physopt 32-81] Processed net hidden_372_reg_205684[4]. Replicated 3 times.
INFO: [Physopt 32-81] Processed net trunc_ln269_27_reg_164220[1]. Replicated 3 times.
INFO: [Physopt 32-81] Processed net hidden_229_reg_204969[5]. Replicated 3 times.
INFO: [Physopt 32-81] Processed net trunc_ln269_27_reg_164220[2]. Replicated 3 times.
INFO: [Physopt 32-81] Processed net hidden_372_reg_205684[3]. Replicated 3 times.
INFO: [Physopt 32-81] Processed net trunc_ln269_103_reg_164600[0]. Replicated 4 times.
INFO: [Physopt 32-81] Processed net trunc_ln269_103_reg_164600[1]. Replicated 4 times.
INFO: [Physopt 32-81] Processed net hidden_372_reg_205684[5]. Replicated 1 times.
INFO: [Physopt 32-81] Processed net hidden_216_reg_204904[0]. Replicated 3 times.
INFO: [Physopt 32-81] Processed net trunc_ln269_103_reg_164600[2]. Replicated 4 times.
INFO: [Physopt 32-81] Processed net hidden_372_reg_205684[6]. Replicated 3 times.
INFO: [Physopt 32-81] Processed net trunc_ln269_75_reg_164460[3]. Replicated 4 times.
INFO: [Physopt 32-81] Processed net trunc_ln269_103_reg_164600[3]. Replicated 4 times.
INFO: [Physopt 32-81] Processed net trunc_ln269_75_reg_164460[0]. Replicated 5 times.
INFO: [Physopt 32-81] Processed net trunc_ln269_43_reg_164300[3]. Replicated 3 times.
INFO: [Physopt 32-81] Processed net trunc_ln269_75_reg_164460[2]. Replicated 4 times.
INFO: [Physopt 32-81] Processed net trunc_ln269_75_reg_164460[1]. Replicated 4 times.
INFO: [Physopt 32-81] Processed net hidden_372_reg_205684[0]. Replicated 4 times.
INFO: [Physopt 32-81] Processed net trunc_ln269_43_reg_164300[1]. Replicated 3 times.
INFO: [Physopt 32-81] Processed net hidden_232_reg_204984[0]. Replicated 4 times.
INFO: [Physopt 32-81] Processed net hidden_252_reg_205084[4]. Replicated 4 times.
INFO: [Common 17-14] Message 'Physopt 32-81' appears 100 times and further instances of the messages will be disabled. Use the Tcl command set_msg_config to change the current settings.
INFO: [Physopt 32-232] Optimized 173 nets. Created 631 new instances.
INFO: [Physopt 32-775] End 1 Pass. Optimized 173 nets or cells. Created 631 new cells, deleted 0 existing cell and moved 0 existing cell
Netlist sorting complete. Time (s): cpu = 00:00:04 ; elapsed = 00:00:04 . Memory (MB): peak = 15939.926 ; gain = 0.000 ; free physical = 226427 ; free virtual = 239955
INFO: [Physopt 32-456] No candidate cells for DSP register optimization found in the design.
INFO: [Physopt 32-775] End 2 Pass. Optimized 0 net or cell. Created 0 new cell, deleted 0 existing cell and moved 0 existing cell
INFO: [Physopt 32-1123] No candidate cells found for Shift Register to Pipeline optimization
INFO: [Physopt 32-775] End 2 Pass. Optimized 0 net or cell. Created 0 new cell, deleted 0 existing cell and moved 0 existing cell
INFO: [Physopt 32-1402] Pass 1: Identified 4 candidate cells for Shift Register optimization.
INFO: [Physopt 32-775] End 1 Pass. Optimized 4 nets or cells. Created 4 new cells, deleted 0 existing cell and moved 0 existing cell
Netlist sorting complete. Time (s): cpu = 00:00:02 ; elapsed = 00:00:02 . Memory (MB): peak = 15939.926 ; gain = 0.000 ; free physical = 226427 ; free virtual = 239954
INFO: [Physopt 32-526] No candidate cells for BRAM register optimization found in the design
INFO: [Physopt 32-775] End 1 Pass. Optimized 0 net or cell. Created 0 new cell, deleted 0 existing cell and moved 0 existing cell
INFO: [Physopt 32-846] No candidate cells for URAM register optimization found in the design
INFO: [Physopt 32-775] End 1 Pass. Optimized 0 net or cell. Created 0 new cell, deleted 0 existing cell and moved 0 existing cell
INFO: [Physopt 32-846] No candidate cells for URAM register optimization found in the design
INFO: [Physopt 32-775] End 1 Pass. Optimized 0 net or cell. Created 0 new cell, deleted 0 existing cell and moved 0 existing cell
INFO: [Physopt 32-949] No candidate nets found for dynamic/static region interface net replication
INFO: [Physopt 32-775] End 1 Pass. Optimized 0 net or cell. Created 0 new cell, deleted 0 existing cell and moved 0 existing cell
Netlist sorting complete. Time (s): cpu = 00:00:00.13 ; elapsed = 00:00:00.13 . Memory (MB): peak = 15939.926 ; gain = 0.000 ; free physical = 226427 ; free virtual = 239955
INFO: [Physopt 32-46] Identified 2 candidate nets for critical-cell optimization.
INFO: [Physopt 32-232] Optimized 1 net. Created 2 new instances.
INFO: [Physopt 32-775] End 1 Pass. Optimized 1 net or cell. Created 2 new cells, deleted 0 existing cell and moved 0 existing cell
Netlist sorting complete. Time (s): cpu = 00:00:03 ; elapsed = 00:00:03 . Memory (MB): peak = 15939.926 ; gain = 0.000 ; free physical = 226428 ; free virtual = 239955
Netlist sorting complete. Time (s): cpu = 00:00:00.13 ; elapsed = 00:00:00.14 . Memory (MB): peak = 15939.926 ; gain = 0.000 ; free physical = 226428 ; free virtual = 239955

Summary of Physical Synthesis Optimizations
============================================


-----------------------------------------------------------------------------------------------------------------------------------------------------------
|  Optimization                                     |  Added Cells  |  Removed Cells  |  Optimized Cells/Nets  |  Dont Touch  |  Iterations  |  Elapsed   |
-----------------------------------------------------------------------------------------------------------------------------------------------------------
|  LUT Combining                                    |            2  |           2999  |                  3001  |           0  |           1  |  00:00:05  |
|  Retime                                           |            0  |              0  |                     0  |           0  |           1  |  00:00:00  |
|  Equivalent Driver Rewiring                       |            0  |              0  |                   138  |           0  |           1  |  00:00:11  |
|  Very High Fanout                                 |          180  |              0  |                     9  |           0  |           1  |  00:00:13  |
|  Fanout                                           |          258  |              0  |                    29  |           0  |           1  |  00:00:12  |
|  Critical Cell                                    |          631  |              0  |                   173  |           0  |           1  |  00:00:18  |
|  DSP Register                                     |            0  |              0  |                     0  |           0  |           1  |  00:00:02  |
|  Shift Register to Pipeline                       |            0  |              0  |                     0  |           0  |           1  |  00:00:00  |
|  Shift Register                                   |            4  |              0  |                     4  |           0  |           1  |  00:00:01  |
|  BRAM Register                                    |            0  |              0  |                     0  |           0  |           1  |  00:00:00  |
|  URAM Register                                    |            0  |              0  |                     0  |           0  |           1  |  00:00:01  |
|  Dynamic/Static Region Interface Net Replication  |            0  |              0  |                     0  |           0  |           1  |  00:00:00  |
|  Critical Cell                                    |            2  |              0  |                     1  |           0  |           1  |  00:00:00  |
|  Total                                            |         1077  |           2999  |                  3355  |           0  |          13  |  00:01:03  |
-----------------------------------------------------------------------------------------------------------------------------------------------------------


Phase 2.6.2 Physical Synthesis In Placer | Checksum: 2404150a6

Time (s): cpu = 00:54:06 ; elapsed = 00:16:50 . Memory (MB): peak = 15939.926 ; gain = 6269.621 ; free physical = 226420 ; free virtual = 239947
Phase 2.6 Global Place Phase2 | Checksum: 2b6fa8e4f

Time (s): cpu = 00:57:55 ; elapsed = 00:17:56 . Memory (MB): peak = 15939.926 ; gain = 6269.621 ; free physical = 226411 ; free virtual = 239938
Phase 2 Global Placement | Checksum: 2b6fa8e4f

Time (s): cpu = 00:57:58 ; elapsed = 00:17:57 . Memory (MB): peak = 15939.926 ; gain = 6269.621 ; free physical = 226410 ; free virtual = 239938

Phase 3 Detail Placement

Phase 3.1 Commit Multi Column Macros
Phase 3.1 Commit Multi Column Macros | Checksum: 288232454

Time (s): cpu = 01:00:33 ; elapsed = 00:18:34 . Memory (MB): peak = 15939.926 ; gain = 6269.621 ; free physical = 226415 ; free virtual = 239942

Phase 3.2 Commit Most Macros & LUTRAMs
Phase 3.2 Commit Most Macros & LUTRAMs | Checksum: 1bceea8cf

Time (s): cpu = 01:03:18 ; elapsed = 00:19:26 . Memory (MB): peak = 15939.926 ; gain = 6269.621 ; free physical = 226420 ; free virtual = 239947

Phase 3.3 Small Shape DP

Phase 3.3.1 Small Shape Clustering
Phase 3.3.1 Small Shape Clustering | Checksum: 1f5c643f5

Time (s): cpu = 01:11:41 ; elapsed = 00:21:10 . Memory (MB): peak = 15939.926 ; gain = 6269.621 ; free physical = 226785 ; free virtual = 240312

Phase 3.3.2 Slice Area Swap

Phase 3.3.2.1 Slice Area Swap Initial
Phase 3.3.2.1 Slice Area Swap Initial | Checksum: 2087d4768

Time (s): cpu = 01:12:11 ; elapsed = 00:21:31 . Memory (MB): peak = 15939.926 ; gain = 6269.621 ; free physical = 226684 ; free virtual = 240211
Phase 3.3.2 Slice Area Swap | Checksum: 1cf759fcb

Time (s): cpu = 01:12:23 ; elapsed = 00:21:39 . Memory (MB): peak = 15939.926 ; gain = 6269.621 ; free physical = 226683 ; free virtual = 240210
Phase 3.3 Small Shape DP | Checksum: 2981e223f

Time (s): cpu = 01:13:19 ; elapsed = 00:21:55 . Memory (MB): peak = 15939.926 ; gain = 6269.621 ; free physical = 226686 ; free virtual = 240213

Phase 3.4 Re-assign LUT pins
Phase 3.4 Re-assign LUT pins | Checksum: 233349de8

Time (s): cpu = 01:13:44 ; elapsed = 00:22:15 . Memory (MB): peak = 15939.926 ; gain = 6269.621 ; free physical = 226689 ; free virtual = 240216

Phase 3.5 Pipeline Register Optimization
Phase 3.5 Pipeline Register Optimization | Checksum: 15cddc671

Time (s): cpu = 01:13:51 ; elapsed = 00:22:17 . Memory (MB): peak = 15939.926 ; gain = 6269.621 ; free physical = 226689 ; free virtual = 240216

Phase 3.6 Fast Optimization
Phase 3.6 Fast Optimization | Checksum: 251846cb2

Time (s): cpu = 01:22:37 ; elapsed = 00:23:56 . Memory (MB): peak = 15939.926 ; gain = 6269.621 ; free physical = 227809 ; free virtual = 241336
Phase 3 Detail Placement | Checksum: 251846cb2

Time (s): cpu = 01:22:43 ; elapsed = 00:23:58 . Memory (MB): peak = 15939.926 ; gain = 6269.621 ; free physical = 227809 ; free virtual = 241337

Phase 4 Post Placement Optimization and Clean-Up

Phase 4.1 Post Commit Optimization
INFO: [Timing 38-35] Done setting XDC timing constraints.

Phase 4.1.1 Post Placement Optimization
Post Placement Optimization Initialization | Checksum: 1c22d14e7

Phase 4.1.1.1 BUFG Insertion

Starting Physical Synthesis Task

Phase 1 Physical Synthesis Initialization
INFO: [Physopt 32-721] Multithreading enabled for phys_opt_design using a maximum of 32 CPUs
INFO: [Physopt 32-619] Estimated Timing Summary | WNS=-2.579 | TNS=-6783.291 |
Phase 1 Physical Synthesis Initialization | Checksum: ca83ea0a

Time (s): cpu = 00:01:48 ; elapsed = 00:00:09 . Memory (MB): peak = 15939.926 ; gain = 0.000 ; free physical = 227287 ; free virtual = 240814
INFO: [Place 46-35] Processed net ap_enable_reg_pp0_iter13_repN, inserted BUFG to drive 3020 loads.
INFO: [Place 46-45] Replicated bufg driver ap_enable_reg_pp0_iter13_reg_replica_21
INFO: [Place 46-34] Processed net ap_enable_reg_pp0_iter13_repN_15, BUFG insertion was skipped due to possible timing degradation.
INFO: [Place 46-56] BUFG insertion identified 2 candidate nets. Inserted BUFG: 1, Replicated BUFG Driver: 1, Skipped due to Placement/Routing Conflicts: 0, Skipped due to Timing Degradation: 1, Skipped due to netlist editing failed: 0.
Ending Physical Synthesis Task | Checksum: 10aac3c6e

Time (s): cpu = 00:03:19 ; elapsed = 00:00:27 . Memory (MB): peak = 15939.926 ; gain = 0.000 ; free physical = 227287 ; free virtual = 240814
Phase 4.1.1.1 BUFG Insertion | Checksum: 140d19564

Time (s): cpu = 01:41:53 ; elapsed = 00:26:47 . Memory (MB): peak = 15939.926 ; gain = 6269.621 ; free physical = 227287 ; free virtual = 240814

Phase 4.1.1.2 BUFG Replication
INFO: [Place 46-63] BUFG replication identified 0 candidate nets: Replicated nets: 0, Replicated BUFGs: 0, Replicated BUFG Driver: 0, moved BUFGs: 0, Skipped due to Placement / Routing Conflict: 0, Skipped due to Timing: 0, Skipped due to constraints: 0
Phase 4.1.1.2 BUFG Replication | Checksum: 140d19564

Time (s): cpu = 01:42:00 ; elapsed = 00:26:49 . Memory (MB): peak = 15939.926 ; gain = 6269.621 ; free physical = 227272 ; free virtual = 240799

Phase 4.1.1.3 Post Placement Timing Optimization
Phase 4.1.1.3 Post Placement Timing Optimization | Checksum: 189d33a2c

Time (s): cpu = 01:46:09 ; elapsed = 00:28:13 . Memory (MB): peak = 15939.926 ; gain = 6269.621 ; free physical = 227277 ; free virtual = 240805

Phase 4.1.1.4 Replication
Phase 4.1.1.4 Replication | Checksum: 189d33a2c

Time (s): cpu = 01:46:20 ; elapsed = 00:28:19 . Memory (MB): peak = 15939.926 ; gain = 6269.621 ; free physical = 227159 ; free virtual = 240686

Time (s): cpu = 01:46:20 ; elapsed = 00:28:19 . Memory (MB): peak = 15939.926 ; gain = 6269.621 ; free physical = 227159 ; free virtual = 240686
Phase 4.1 Post Commit Optimization | Checksum: 189d33a2c

Time (s): cpu = 01:46:26 ; elapsed = 00:28:20 . Memory (MB): peak = 15939.926 ; gain = 6269.621 ; free physical = 227159 ; free virtual = 240686
WARNING: [Place 46-14] The placer has determined that this design is highly congested and may have difficulty routing. Run report_design_analysis -congestion for a detailed report.
Netlist sorting complete. Time (s): cpu = 00:00:03 ; elapsed = 00:00:03 . Memory (MB): peak = 16298.285 ; gain = 0.000 ; free physical = 226045 ; free virtual = 239572

Phase 4.2 Post Placement Cleanup
Phase 4.2 Post Placement Cleanup | Checksum: 1d1313e9e

Time (s): cpu = 01:48:38 ; elapsed = 00:29:28 . Memory (MB): peak = 16298.285 ; gain = 6627.980 ; free physical = 226044 ; free virtual = 239572

Phase 4.3 Placer Reporting

Phase 4.3.1 Dump Critical Paths 
Phase 4.3.1 Dump Critical Paths  | Checksum: 1d1313e9e

Time (s): cpu = 01:54:07 ; elapsed = 00:33:07 . Memory (MB): peak = 16298.285 ; gain = 6627.980 ; free physical = 226033 ; free virtual = 239560

Phase 4.3.2 Print Final WNS
INFO: [Place 30-100] Post Placement Timing Summary | WNS=-2.478 | TNS=-7394.081|

Phase 4.3.2 Print Final WNS | Checksum: 1d1313e9e

Time (s): cpu = 02:05:10 ; elapsed = 00:36:41 . Memory (MB): peak = 16298.285 ; gain = 6627.980 ; free physical = 226022 ; free virtual = 239550

Phase 4.3.3 Print Estimated Congestion
INFO: [Place 30-612] Post-Placement Estimated Congestion 
 ________________________________________________________________________
|           | Global Congestion | Long Congestion   | Short Congestion  |
| Direction | Region Size       | Region Size       | Region Size       |
|___________|___________________|___________________|___________________|
|      North|                1x1|              16x16|                1x1|
|___________|___________________|___________________|___________________|
|      South|              32x32|              64x64|                2x2|
|___________|___________________|___________________|___________________|
|       East|                1x1|                1x1|                1x1|
|___________|___________________|___________________|___________________|
|       West|                2x2|                8x8|                1x1|
|___________|___________________|___________________|___________________|

SLR0:
 ________________________________________________________________________
|           | Global Congestion | Long Congestion   | Short Congestion  |
| Direction | Region Size       | Region Size       | Region Size       |
|___________|___________________|___________________|___________________|
|      North|                1x1|                1x1|                1x1|
|___________|___________________|___________________|___________________|
|      South|                1x1|                4x4|                1x1|
|___________|___________________|___________________|___________________|
|       East|                1x1|                1x1|                1x1|
|___________|___________________|___________________|___________________|
|       West|                1x1|                1x1|                1x1|
|___________|___________________|___________________|___________________|

SLR1:
 ________________________________________________________________________
|           | Global Congestion | Long Congestion   | Short Congestion  |
| Direction | Region Size       | Region Size       | Region Size       |
|___________|___________________|___________________|___________________|
|      North|                1x1|              16x16|                1x1|
|___________|___________________|___________________|___________________|
|      South|              32x32|              64x64|                2x2|
|___________|___________________|___________________|___________________|
|       East|                1x1|                1x1|                1x1|
|___________|___________________|___________________|___________________|
|       West|                2x2|                8x8|                1x1|
|___________|___________________|___________________|___________________|

SLR2:
 ________________________________________________________________________
|           | Global Congestion | Long Congestion   | Short Congestion  |
| Direction | Region Size       | Region Size       | Region Size       |
|___________|___________________|___________________|___________________|
|      North|                1x1|                1x1|                1x1|
|___________|___________________|___________________|___________________|
|      South|                1x1|                1x1|                1x1|
|___________|___________________|___________________|___________________|
|       East|                1x1|                1x1|                1x1|
|___________|___________________|___________________|___________________|
|       West|                1x1|                1x1|                1x1|
|___________|___________________|___________________|___________________|

SLR3:
 ________________________________________________________________________
|           | Global Congestion | Long Congestion   | Short Congestion  |
| Direction | Region Size       | Region Size       | Region Size       |
|___________|___________________|___________________|___________________|
|      North|                1x1|                1x1|                1x1|
|___________|___________________|___________________|___________________|
|      South|                1x1|                1x1|                1x1|
|___________|___________________|___________________|___________________|
|       East|                1x1|                1x1|                1x1|
|___________|___________________|___________________|___________________|
|       West|                1x1|                1x1|                1x1|
|___________|___________________|___________________|___________________|

Phase 4.3.3 Print Estimated Congestion | Checksum: 1037f2653

Time (s): cpu = 02:07:01 ; elapsed = 00:36:49 . Memory (MB): peak = 16298.285 ; gain = 6627.980 ; free physical = 226021 ; free virtual = 239548
Phase 4.3 Placer Reporting | Checksum: 1037f2653

Time (s): cpu = 02:07:07 ; elapsed = 00:36:50 . Memory (MB): peak = 16298.285 ; gain = 6627.980 ; free physical = 226021 ; free virtual = 239548

Phase 4.4 Final Placement Cleanup
Netlist sorting complete. Time (s): cpu = 00:00:00.12 ; elapsed = 00:00:00.13 . Memory (MB): peak = 16298.285 ; gain = 0.000 ; free physical = 226021 ; free virtual = 239548

Time (s): cpu = 02:07:08 ; elapsed = 00:36:51 . Memory (MB): peak = 16298.285 ; gain = 6627.980 ; free physical = 226021 ; free virtual = 239548
Phase 4 Post Placement Optimization and Clean-Up | Checksum: fcbd3f9b

Time (s): cpu = 02:07:14 ; elapsed = 00:36:52 . Memory (MB): peak = 16298.285 ; gain = 6627.980 ; free physical = 226021 ; free virtual = 239548
Ending Placer Task | Checksum: f4b9b4b0

Time (s): cpu = 02:07:21 ; elapsed = 00:36:53 . Memory (MB): peak = 16298.285 ; gain = 6627.980 ; free physical = 226021 ; free virtual = 239548
156 Infos, 3 Warnings, 0 Critical Warnings and 0 Errors encountered.
place_design completed successfully
place_design: Time (s): cpu = 02:08:17 ; elapsed = 00:37:37 . Memory (MB): peak = 16298.285 ; gain = 6759.066 ; free physical = 226023 ; free virtual = 239551
# write_checkpoint \
#     -force \
#     [
#         file join \
#             $output_dir \
#             post_place.dcp
#     ]
INFO: [Timing 38-480] Writing timing data to binary archive.
Write ShapeDB Complete: Time (s): cpu = 00:00:05 ; elapsed = 00:00:01 . Memory (MB): peak = 16298.285 ; gain = 0.000 ; free physical = 225914 ; free virtual = 239551
Wrote PlaceDB: Time (s): cpu = 00:01:12 ; elapsed = 00:00:30 . Memory (MB): peak = 16298.285 ; gain = 0.000 ; free physical = 224877 ; free virtual = 239538
Wrote PulsedLatchDB: Time (s): cpu = 00:00:00 ; elapsed = 00:00:00 . Memory (MB): peak = 16298.285 ; gain = 0.000 ; free physical = 224897 ; free virtual = 239558
Writing XDEF routing.
Writing XDEF routing logical nets.
Writing XDEF routing special nets.
Wrote RouteStorage: Time (s): cpu = 00:00:03 ; elapsed = 00:00:03 . Memory (MB): peak = 16298.285 ; gain = 0.000 ; free physical = 224899 ; free virtual = 239561
Wrote Netlist Cache: Time (s): cpu = 00:00:00.95 ; elapsed = 00:00:01 . Memory (MB): peak = 16298.285 ; gain = 0.000 ; free physical = 224783 ; free virtual = 239560
Wrote Device Cache: Time (s): cpu = 00:00:00.01 ; elapsed = 00:00:00.01 . Memory (MB): peak = 16298.285 ; gain = 0.000 ; free physical = 224779 ; free virtual = 239558
Write Physdb Complete: Time (s): cpu = 00:01:16 ; elapsed = 00:00:51 . Memory (MB): peak = 16298.285 ; gain = 0.000 ; free physical = 224775 ; free virtual = 239554
INFO: [Common 17-1381] The checkpoint '/mnt_pool/c3_users/user/pleguina/graphsage_vivado_2024_1_sweep/build/vivado_sweep/screen_ssi_spread_sll/post_place.dcp' has been generated.
write_checkpoint: Time (s): cpu = 00:01:33 ; elapsed = 00:01:12 . Memory (MB): peak = 16298.285 ; gain = 0.000 ; free physical = 225710 ; free virtual = 239465
# report_timing_summary \
#     -delay_type min_max \
#     -max_paths 100 \
#     -file [
#         file join \
#             $reports_dir \
#             timing_post_place.rpt
#     ]
INFO: [Timing 38-91] UpdateTimingParams: Speed grade: -1, Temperature grade: E, Delay Type: min_max.
INFO: [Timing 38-191] Multithreading enabled for timing update using a maximum of 32 CPUs
report_timing_summary: Time (s): cpu = 00:05:57 ; elapsed = 00:00:53 . Memory (MB): peak = 16298.285 ; gain = 0.000 ; free physical = 225687 ; free virtual = 239442
# report_design_analysis \
#     -congestion \
#     -file [
#         file join \
#             $reports_dir \
#             congestion_post_place.rpt
#     ]
# report_utilization \
#     -slr \
#     -file [
#         file join \
#             $reports_dir \
#             utilization_slr_post_place.rpt
#     ]
report_utilization: Time (s): cpu = 00:00:32 ; elapsed = 00:00:32 . Memory (MB): peak = 16298.285 ; gain = 0.000 ; free physical = 225695 ; free virtual = 239451
# report_high_fanout_nets \
#     -file [
#         file join \
#             $reports_dir \
#             high_fanout_post_place.rpt
#     ]
report_high_fanout_nets: Time (s): cpu = 00:00:20 ; elapsed = 00:00:20 . Memory (MB): peak = 16298.285 ; gain = 0.000 ; free physical = 225702 ; free virtual = 239458
# if {$screen_only} {
# 
#     puts "============================================================"
#     puts "SCREEN_ONLY=1"
#     puts "STOPPING_AFTER_PLACEMENT"
#     puts "PLACEMENT_SCREEN_COMPLETE=$run_name"
#     puts "============================================================"
# 
#     write_metadata \
#         [file join $output_dir metadata.txt] \
#         "placement_complete" \
#         $run_name \
#         $place_directive \
#         $route_directive \
#         $screen_only \
#         $use_tns_cleanup \
#         $use_post_phys \
#         $start_time
# 
#     exit 0
# }
============================================================
SCREEN_ONLY=1
STOPPING_AFTER_PLACEMENT
PLACEMENT_SCREEN_COMPLETE=screen_ssi_spread_sll
============================================================
INFO: [Common 17-206] Exiting Vivado at Tue Aug 18 16:55:12 2026...
Baseline already exists: /mnt_pool/c3_users/user/pleguina/graphsage_vivado_2024_1_sweep/build/vivado_sweep/baseline_post_synth.dcp

==============================================================================
Run name        : screen_ssi_spread_sll
Placement       : SSI_SpreadSLLs
Routing         : Default
Screen only     : True
==============================================================================

