
****** Vivado v2025.2 (64-bit)
  **** SW Build 6299465 on Fri Nov 14 12:34:56 MST 2025
  **** IP Build 6300035 on Fri Nov 14 10:48:45 MST 2025
  **** SharedData Build 6298862 on Thu Nov 13 04:50:51 MST 2025
  **** Start of session at: Tue Aug 18 15:19:01 2026
    ** Copyright 1986-2022 Xilinx, Inc. All Rights Reserved.
    ** Copyright 2022-2025 Advanced Micro Devices, Inc. All Rights Reserved.

source /mnt_pool/c3_users/user/pleguina/graphsage_vivado_2024_1_sweep/hls/run_vivado_int8_po2_strategy.tcl
# set script_dir [file dirname [file normalize [info script]]]
# set repo_root [file normalize [file join $script_dir ..]]
# set sweep_dir [file join $repo_root build vivado_sweep]
# foreach required_env {RUN_NAME PLACE_DIRECTIVE} {
#     if {![info exists ::env($required_env)] || $::env($required_env) eq ""} {
#         error "Missing required environment variable $required_env"
#     }
# }
# set run_name $::env(RUN_NAME)
# set place_directive $::env(PLACE_DIRECTIVE)
# set route_directive [expr {
#     [info exists ::env(ROUTE_DIRECTIVE)]
#         ? $::env(ROUTE_DIRECTIVE)
#         : "Default"
# }]
# set screen_only [expr {
#     [info exists ::env(SCREEN_ONLY)]
#         ? $::env(SCREEN_ONLY)
#         : 1
# }]
# set use_tns_cleanup [expr {
#     [info exists ::env(USE_TNS_CLEANUP)]
#         ? $::env(USE_TNS_CLEANUP)
#         : 1
# }]
# set use_post_phys [expr {
#     [info exists ::env(USE_POST_PHYS)]
#         ? $::env(USE_POST_PHYS)
#         : 1
# }]
# set output_dir [file join $sweep_dir $run_name]
# set reports_dir [file join $output_dir reports]
# set start_time [clock seconds]
# file mkdir $output_dir
# file mkdir $reports_dir
# set vivado_threads [expr {
#     [info exists ::env(SLURM_CPUS_PER_TASK)]
#         ? $::env(SLURM_CPUS_PER_TASK)
#         : 4
# }]
# set_param general.maxThreads $vivado_threads
# puts "============================================================"
============================================================
# puts "RUN_NAME=$run_name"
RUN_NAME=screen_ssi_balance_sll
# puts "PLACE_DIRECTIVE=$place_directive"
PLACE_DIRECTIVE=SSI_BalanceSLLs
# puts "ROUTE_DIRECTIVE=$route_directive"
ROUTE_DIRECTIVE=Default
# puts "SCREEN_ONLY=$screen_only"
SCREEN_ONLY=1
# puts "USE_TNS_CLEANUP=$use_tns_cleanup"
USE_TNS_CLEANUP=1
# puts "USE_POST_PHYS=$use_post_phys"
USE_POST_PHYS=0
# puts "VIVADO_MAX_THREADS=$vivado_threads"
VIVADO_MAX_THREADS=32
# puts "============================================================"
============================================================
# proc timing_slack {delay_type} {
# 
#     set paths [
#         get_timing_paths \
#             -delay_type $delay_type \
#             -max_paths 1 \
#             -quiet
#     ]
# 
#     if {[llength $paths] == 0} {
#         return "NA"
#     }
# 
#     return [get_property SLACK [lindex $paths 0]]
# }
# proc write_metadata {
#     path
#     status
#     run_name
#     place_directive
#     route_directive
#     screen_only
#     use_tns_cleanup
#     use_post_phys
#     start_time
# } {
# 
#     set metadata [open $path w]
# 
#     puts $metadata "run_name=$run_name"
#     puts $metadata "place_directive=$place_directive"
#     puts $metadata "route_directive=$route_directive"
#     puts $metadata "screen_only=$screen_only"
#     puts $metadata "tns_cleanup=$use_tns_cleanup"
#     puts $metadata "postroute_physopt=$use_post_phys"
# 
#     puts $metadata "clock_period_ns=2.77"
# 
#     puts $metadata \
#         "post_stage_setup_wns_ns=[timing_slack max]"
# 
#     puts $metadata \
#         "post_stage_hold_wns_ns=[timing_slack min]"
# 
#     puts $metadata \
#         "runtime_seconds=[expr {[clock seconds] - $start_time}]"
# 
#     puts $metadata "status=$status"
# 
#     close $metadata
# }
# open_checkpoint [
#     file join \
#         $sweep_dir \
#         baseline_post_synth.dcp
# ]
Command: open_checkpoint /mnt_pool/c3_users/user/pleguina/graphsage_vivado_2024_1_sweep/build/vivado_sweep/baseline_post_synth.dcp

Starting open_checkpoint Task

Time (s): cpu = 00:00:00.04 ; elapsed = 00:00:00.04 . Memory (MB): peak = 1545.352 ; gain = 0.000 ; free physical = 240712 ; free virtual = 253649
INFO: [Device 21-403] Loading part xcvu13p-fsga2577-1-e
Netlist sorting complete. Time (s): cpu = 00:00:05 ; elapsed = 00:00:05 . Memory (MB): peak = 3857.516 ; gain = 23.398 ; free physical = 238439 ; free virtual = 251376
INFO: [Netlist 29-17] Analyzing 37864 Unisim elements for replacement
INFO: [Netlist 29-28] Unisim Transformation completed in 24 CPU seconds
INFO: [Project 1-479] Netlist was created with Vivado 2024.1
INFO: [Project 1-570] Preparing netlist for logic optimization
INFO: [Constraints 18-4397] Generator change detected checking ShapeConfig Enum. shapeDB will be regenerated.
Read ShapeDB Complete: Time (s): cpu = 00:00:00.65 ; elapsed = 00:00:00.67 . Memory (MB): peak = 5161.508 ; gain = 61.836 ; free physical = 237145 ; free virtual = 250082
INFO: [Constraints 18-5435] Cannot read file, the software version for the checkpoint (2024.1.5076996) does not match the current software version (2025.2.6299465).
  File : /mnt_pool/c3_users/user/pleguina/graphsage_vivado_2024_1_sweep/build/vivado_sweep/baseline_post_synth/graphsage_int8_po2.xbdc.
Parsing XDC File [/mnt_pool/c3_users/user/pleguina/graphsage_vivado_2024_1_sweep/build/vivado_sweep/baseline_post_synth/graphsage_int8_po2.xdc]
INFO: [Vivado 12-4761] HD.CLK_SRC property is set on port ap_clk. The net connecting to the port drives either clock PIN or hierarchical black box. Use the create_clock constraint to create a clock on this port prior to setting HD.CLK_SRC.  [/home/pelayo/work/simple-gnn/hls/graphsage_int8_po2_ooc.xdc:2]
Finished Parsing XDC File [/mnt_pool/c3_users/user/pleguina/graphsage_vivado_2024_1_sweep/build/vivado_sweep/baseline_post_synth/graphsage_int8_po2.xdc]
INFO: [Opt 31-138] Pushed 0 inverter(s) to 0 load pin(s).
Netlist sorting complete. Time (s): cpu = 00:00:00.12 ; elapsed = 00:00:00.13 . Memory (MB): peak = 5540.863 ; gain = 0.000 ; free physical = 236996 ; free virtual = 249932
INFO: [Project 1-111] Unisim Transformation Summary:
  A total of 4216 instances were transformed.
  DSP48E2 => DSP48E2 (DSP_ALU, DSP_A_B_DATA, DSP_C_DATA, DSP_MULTIPLIER, DSP_M_DATA, DSP_OUTPUT, DSP_PREADD, DSP_PREADD_DATA): 4216 instances

INFO: [Project 1-604] Checkpoint was created with Vivado v2024.1 (64-bit) build 5076996
open_checkpoint: Time (s): cpu = 00:02:30 ; elapsed = 00:02:36 . Memory (MB): peak = 5540.898 ; gain = 3995.547 ; free physical = 236997 ; free virtual = 249933
# report_property \
#     [get_ports ap_clk] \
#     -file [
#         file join \
#             $reports_dir \
#             ap_clk_properties.rpt
#     ]
# opt_design -directive Explore
Command: opt_design -directive Explore
INFO: [Vivado_Tcl 4-136] Directive used for opt_design is: Explore
Attempting to get a license for feature 'Implementation' and/or device 'xcvu13p'
INFO: [Common 17-349] Got license for feature 'Implementation' and/or device 'xcvu13p'
INFO: [Common 17-1540] The version limit for your license is '2026.02' and has expired for new software. A version limit expiration means that, although you may be able to continue to use the current version of tools or IP with this license, you will not be eligible for new releases.
Running DRC as a precondition to command opt_design

Starting DRC Task
INFO: [DRC 23-27] Running DRC with 32 threads
WARNING: [DRC 23-814] Not all possible (connectivity based) DRCs may have been run because this design is seen as Out of Context.
INFO: [Project 1-461] DRC finished with 0 Errors
INFO: [Project 1-462] Please refer to the DRC report (report_drc) for more information.

Time (s): cpu = 00:00:13 ; elapsed = 00:00:05 . Memory (MB): peak = 6462.461 ; gain = 626.656 ; free physical = 236309 ; free virtual = 249246

Starting Logic Optimization Task

Phase 1 Initialization

Phase 1.1 Core Generation And Design Setup
Phase 1.1 Core Generation And Design Setup | Checksum: 1d92fb46c

Time (s): cpu = 00:00:01 ; elapsed = 00:00:01 . Memory (MB): peak = 6462.461 ; gain = 0.000 ; free physical = 236286 ; free virtual = 249223

Phase 1.2 Setup Constraints And Sort Netlist
Phase 1.2 Setup Constraints And Sort Netlist | Checksum: 1d92fb46c

Time (s): cpu = 00:00:02 ; elapsed = 00:00:02 . Memory (MB): peak = 6462.461 ; gain = 0.000 ; free physical = 236286 ; free virtual = 249223
Phase 1 Initialization | Checksum: 1d92fb46c

Time (s): cpu = 00:00:02 ; elapsed = 00:00:02 . Memory (MB): peak = 6462.461 ; gain = 0.000 ; free physical = 236286 ; free virtual = 249223

Phase 2 Timer Update And Timing Data Collection

Phase 2.1 Detect if minReqCache needed
Phase 2.1 Detect if minReqCache needed | Checksum: 1d92fb46c

Time (s): cpu = 00:00:04 ; elapsed = 00:00:04 . Memory (MB): peak = 6910.461 ; gain = 448.000 ; free physical = 235953 ; free virtual = 248890

Phase 2.2 Timer Update
INFO: [Timing 38-35] Done setting XDC timing constraints.
Phase 2.2 Timer Update | Checksum: 1d92fb46c

Time (s): cpu = 00:06:23 ; elapsed = 00:00:45 . Memory (MB): peak = 9505.324 ; gain = 3042.863 ; free physical = 233305 ; free virtual = 246242
Phase 2 Timer Update And Timing Data Collection | Checksum: 1d92fb46c

Time (s): cpu = 00:06:23 ; elapsed = 00:00:45 . Memory (MB): peak = 9505.324 ; gain = 3042.863 ; free physical = 233305 ; free virtual = 246242

Phase 3 Retarget
INFO: [Opt 31-1851] Number of loadless carry chains removed were: 0
INFO: [Opt 31-1834] Total Chains To Be Transformed Were: 0 AND Number of Transformed insts Created are: 0
INFO: [Opt 31-138] Pushed 0 inverter(s) to 0 load pin(s).
INFO: [Opt 31-49] Retargeted 0 cell(s).
Phase 3 Retarget | Checksum: 141bf1725

Time (s): cpu = 00:06:31 ; elapsed = 00:00:53 . Memory (MB): peak = 9505.324 ; gain = 3042.863 ; free physical = 233299 ; free virtual = 246236
Retarget | Checksum: 141bf1725
INFO: [Opt 31-389] Phase Retarget created 154 cells and removed 154 cells

Phase 4 Constant propagation
INFO: [Opt 31-138] Pushed 0 inverter(s) to 0 load pin(s).
Phase 4 Constant propagation | Checksum: 1527fdd32

Time (s): cpu = 00:06:36 ; elapsed = 00:00:58 . Memory (MB): peak = 9505.324 ; gain = 3042.863 ; free physical = 233299 ; free virtual = 246236
Constant propagation | Checksum: 1527fdd32
INFO: [Opt 31-389] Phase Constant propagation created 0 cells and removed 0 cells

Phase 5 Sweep
INFO: [Constraints 18-11670] Building netlist checker database with flags, 0x8
Done building netlist checker database: Time (s): cpu = 00:00:00.49 ; elapsed = 00:00:00.49 . Memory (MB): peak = 9505.324 ; gain = 0.000 ; free physical = 233297 ; free virtual = 246234
Phase 5 Sweep | Checksum: 19b69a6bd

Time (s): cpu = 00:06:49 ; elapsed = 00:01:11 . Memory (MB): peak = 9505.324 ; gain = 3042.863 ; free physical = 233297 ; free virtual = 246233
Sweep | Checksum: 19b69a6bd
INFO: [Opt 31-389] Phase Sweep created 0 cells and removed 0 cells

Phase 6 BUFG optimization
INFO: [Opt 31-1077] Phase BUFG optimization inserted 0 global clock buffer(s) for CLOCK_LOW_FANOUT.
Phase 6 BUFG optimization | Checksum: 19b69a6bd

Time (s): cpu = 00:06:52 ; elapsed = 00:01:15 . Memory (MB): peak = 9537.340 ; gain = 3074.879 ; free physical = 233296 ; free virtual = 246233
BUFG optimization | Checksum: 19b69a6bd
INFO: [Opt 31-662] Phase BUFG optimization created 0 cells of which 0 are BUFGs and removed 0 cells.

Phase 7 Shift Register Optimization
INFO: [Opt 31-1064] SRL Remap converted 0 SRLs to 0 registers and converted 0 registers of register chains to 0 SRLs
Phase 7 Shift Register Optimization | Checksum: fa3edf2b

Time (s): cpu = 00:06:54 ; elapsed = 00:01:17 . Memory (MB): peak = 9537.340 ; gain = 3074.879 ; free physical = 233297 ; free virtual = 246233
Shift Register Optimization | Checksum: fa3edf2b
INFO: [Opt 31-389] Phase Shift Register Optimization created 2971 cells and removed 0 cells
INFO: [Opt 31-1555] control_set_opt supports Versal devices only, and device xcvu13p is unsupported

Phase 8 Post Processing Netlist
Phase 8 Post Processing Netlist | Checksum: fa3edf2b

Time (s): cpu = 00:07:00 ; elapsed = 00:01:22 . Memory (MB): peak = 9537.340 ; gain = 3074.879 ; free physical = 233296 ; free virtual = 246233
Post Processing Netlist | Checksum: fa3edf2b
INFO: [Opt 31-389] Phase Post Processing Netlist created 0 cells and removed 0 cells

Phase 9 Finalization

Phase 9.1 Finalizing Design Cores and Updating Shapes
Phase 9.1 Finalizing Design Cores and Updating Shapes | Checksum: 171584779

Time (s): cpu = 00:07:35 ; elapsed = 00:01:53 . Memory (MB): peak = 9537.340 ; gain = 3074.879 ; free physical = 233295 ; free virtual = 246231

Phase 9.2 Verifying Netlist Connectivity

Starting Connectivity Check Task

Time (s): cpu = 00:00:00.76 ; elapsed = 00:00:00.77 . Memory (MB): peak = 9537.340 ; gain = 0.000 ; free physical = 233295 ; free virtual = 246232
Phase 9.2 Verifying Netlist Connectivity | Checksum: 171584779

Time (s): cpu = 00:07:36 ; elapsed = 00:01:54 . Memory (MB): peak = 9537.340 ; gain = 3074.879 ; free physical = 233295 ; free virtual = 246232
Phase 9 Finalization | Checksum: 171584779

Time (s): cpu = 00:07:36 ; elapsed = 00:01:54 . Memory (MB): peak = 9537.340 ; gain = 3074.879 ; free physical = 233295 ; free virtual = 246232
Opt_design Change Summary
=========================


-------------------------------------------------------------------------------------------------------------------------
|  Phase                        |  #Cells created  |  #Cells Removed  |  #Constrained objects preventing optimizations  |
-------------------------------------------------------------------------------------------------------------------------
|  Retarget                     |             154  |             154  |                                              0  |
|  Constant propagation         |               0  |               0  |                                              0  |
|  Sweep                        |               0  |               0  |                                              0  |
|  BUFG optimization            |               0  |               0  |                                              0  |
|  Shift Register Optimization  |            2971  |               0  |                                              0  |
|  Post Processing Netlist      |               0  |               0  |                                              0  |
-------------------------------------------------------------------------------------------------------------------------


Ending Logic Optimization Task | Checksum: 171584779

Time (s): cpu = 00:07:36 ; elapsed = 00:01:54 . Memory (MB): peak = 9537.340 ; gain = 3074.879 ; free physical = 233295 ; free virtual = 246232
Netlist sorting complete. Time (s): cpu = 00:00:00.13 ; elapsed = 00:00:00.13 . Memory (MB): peak = 9537.340 ; gain = 0.000 ; free physical = 233295 ; free virtual = 246232
INFO: [Common 17-83] Releasing license: Implementation
23 Infos, 1 Warnings, 0 Critical Warnings and 0 Errors encountered.
opt_design completed successfully
opt_design: Time (s): cpu = 00:07:52 ; elapsed = 00:02:22 . Memory (MB): peak = 9537.340 ; gain = 3733.352 ; free physical = 233295 ; free virtual = 246232
# write_checkpoint \
#     -force \
#     [
#         file join \
#             $output_dir \
#             post_opt.dcp
#     ]
INFO: [Timing 38-35] Done setting XDC timing constraints.
INFO: [Timing 38-480] Writing timing data to binary archive.
Write ShapeDB Complete: Time (s): cpu = 00:00:04 ; elapsed = 00:00:01 . Memory (MB): peak = 9537.340 ; gain = 0.000 ; free physical = 233190 ; free virtual = 246214
INFO: [Common 17-1381] The checkpoint '/mnt_pool/c3_users/user/pleguina/graphsage_vivado_2024_1_sweep/build/vivado_sweep/screen_ssi_balance_sll/post_opt.dcp' has been generated.
write_checkpoint: Time (s): cpu = 00:07:26 ; elapsed = 00:01:13 . Memory (MB): peak = 9537.340 ; gain = 0.000 ; free physical = 233010 ; free virtual = 246104
# puts "============================================================"
============================================================
# puts "STARTING_PLACEMENT=$place_directive"
STARTING_PLACEMENT=SSI_BalanceSLLs
# puts "============================================================"
============================================================
# place_design \
#     -directive $place_directive \
#     -timing_summary
Command: place_design -directive SSI_BalanceSLLs -timing_summary
Attempting to get a license for feature 'Implementation' and/or device 'xcvu13p'
INFO: [Common 17-349] Got license for feature 'Implementation' and/or device 'xcvu13p'
INFO: [Common 17-1540] The version limit for your license is '2026.02' and has expired for new software. A version limit expiration means that, although you may be able to continue to use the current version of tools or IP with this license, you will not be eligible for new releases.
INFO: [Common 17-83] Releasing license: Implementation
INFO: [DRC 23-27] Running DRC with 32 threads
WARNING: [DRC 23-814] Not all possible (connectivity based) DRCs may have been run because this design is seen as Out of Context.
INFO: [Vivado_Tcl 4-198] DRC finished with 0 Errors
INFO: [Vivado_Tcl 4-199] Please refer to the DRC report (report_drc) for more information.
INFO: [Vivado_Tcl 4-2302] The placer was invoked with the 'SSI_BalanceSLLs' directive.
Running DRC as a precondition to command place_design
INFO: [DRC 23-27] Running DRC with 32 threads
WARNING: [DRC 23-814] Not all possible (connectivity based) DRCs may have been run because this design is seen as Out of Context.
INFO: [Vivado_Tcl 4-198] DRC finished with 0 Errors
INFO: [Vivado_Tcl 4-199] Please refer to the DRC report (report_drc) for more information.
INFO: [Place 30-611] Multithreading enabled for place_design using a maximum of 32 CPUs

Starting Placer Task

Phase 1 Placer Initialization

Phase 1.1 Placer Initialization Netlist Sorting
Netlist sorting complete. Time (s): cpu = 00:00:00.13 ; elapsed = 00:00:00.14 . Memory (MB): peak = 9715.441 ; gain = 0.000 ; free physical = 232841 ; free virtual = 245935
Phase 1.1 Placer Initialization Netlist Sorting | Checksum: edab7f05

Time (s): cpu = 00:00:00.24 ; elapsed = 00:00:00.24 . Memory (MB): peak = 9715.441 ; gain = 0.000 ; free physical = 232841 ; free virtual = 245935
Netlist sorting complete. Time (s): cpu = 00:00:00.13 ; elapsed = 00:00:00.13 . Memory (MB): peak = 9715.441 ; gain = 0.000 ; free physical = 232841 ; free virtual = 245935

Phase 1.2 IO Placement/ Clock Placement/ Build Placer Device
Phase 1.2 IO Placement/ Clock Placement/ Build Placer Device | Checksum: 7041334a

Time (s): cpu = 00:00:51 ; elapsed = 00:00:38 . Memory (MB): peak = 9912.816 ; gain = 197.375 ; free physical = 232411 ; free virtual = 245505

Phase 1.3 Build Placer Netlist Model
Phase 1.3 Build Placer Netlist Model | Checksum: e5d53cc0

Time (s): cpu = 00:11:59 ; elapsed = 00:03:38 . Memory (MB): peak = 15425.648 ; gain = 5710.207 ; free physical = 226926 ; free virtual = 240019

Phase 1.4 Constrain Clocks/Macros
Phase 1.4 Constrain Clocks/Macros | Checksum: e5d53cc0

Time (s): cpu = 00:11:59 ; elapsed = 00:03:38 . Memory (MB): peak = 15425.648 ; gain = 5710.207 ; free physical = 226925 ; free virtual = 240019
Phase 1 Placer Initialization | Checksum: e5d53cc0

Time (s): cpu = 00:12:01 ; elapsed = 00:03:40 . Memory (MB): peak = 15425.648 ; gain = 5710.207 ; free physical = 226925 ; free virtual = 240019

Phase 2 Global Placement

Phase 2.1 Floorplanning

Phase 2.1.1 Partition Driven Placement

Phase 2.1.1.1 PBP: Partition Driven Placement
Phase 2.1.1.1 PBP: Partition Driven Placement | Checksum: 10bfad6bd

Time (s): cpu = 00:18:32 ; elapsed = 00:06:02 . Memory (MB): peak = 15697.781 ; gain = 5982.340 ; free physical = 226954 ; free virtual = 240048

Phase 2.1.1.2 PBP: Clock Region Placement
Phase 2.1.1.2 PBP: Clock Region Placement | Checksum: 10bfad6bd

Time (s): cpu = 00:18:47 ; elapsed = 00:06:18 . Memory (MB): peak = 15697.781 ; gain = 5982.340 ; free physical = 226959 ; free virtual = 240053

Phase 2.1.1.3 PBP: Compute Congestion
Phase 2.1.1.3 PBP: Compute Congestion | Checksum: 10bfad6bd

Time (s): cpu = 00:20:06 ; elapsed = 00:06:34 . Memory (MB): peak = 15697.781 ; gain = 5982.340 ; free physical = 226955 ; free virtual = 240048

Phase 2.1.1.4 PBP: UpdateTiming
Phase 2.1.1.4 PBP: UpdateTiming | Checksum: 924d5735

Time (s): cpu = 00:21:22 ; elapsed = 00:06:56 . Memory (MB): peak = 15889.875 ; gain = 6174.434 ; free physical = 226956 ; free virtual = 240050

Phase 2.1.1.5 PBP: Add part constraints
Phase 2.1.1.5 PBP: Add part constraints | Checksum: 924d5735

Time (s): cpu = 00:21:24 ; elapsed = 00:06:59 . Memory (MB): peak = 15889.875 ; gain = 6174.434 ; free physical = 226953 ; free virtual = 240047
Phase 2.1.1 Partition Driven Placement | Checksum: 924d5735

Time (s): cpu = 00:21:24 ; elapsed = 00:06:59 . Memory (MB): peak = 15889.875 ; gain = 6174.434 ; free physical = 226953 ; free virtual = 240047
Phase 2.1 Floorplanning | Checksum: 924d5735

Time (s): cpu = 00:21:25 ; elapsed = 00:06:59 . Memory (MB): peak = 15889.875 ; gain = 6174.434 ; free physical = 226953 ; free virtual = 240047

Phase 2.2 Physical Synthesis After Floorplan
INFO: [Physopt 32-46] Identified 49 candidate nets for critical-cell optimization.
INFO: [Physopt 32-81] Processed net weights2_0_3_read_reg_152675_pp0_iter26_reg[7]. Replicated 1 times.
INFO: [Physopt 32-81] Processed net weights2_0_13_read_reg_152725_pp0_iter25_reg[7]. Replicated 1 times.
INFO: [Physopt 32-775] End 1 Pass. Optimized 2 nets or cells. Created 2 new cells, deleted 0 existing cell and moved 0 existing cell
Netlist sorting complete. Time (s): cpu = 00:00:03 ; elapsed = 00:00:03 . Memory (MB): peak = 15889.875 ; gain = 0.000 ; free physical = 226958 ; free virtual = 240052
Netlist sorting complete. Time (s): cpu = 00:00:00.13 ; elapsed = 00:00:00.12 . Memory (MB): peak = 15889.875 ; gain = 0.000 ; free physical = 226958 ; free virtual = 240052

Summary of Physical Synthesis Optimizations
============================================


-----------------------------------------------------------------------------------------------------------------------------------------------
|  Optimization                         |  Added Cells  |  Removed Cells  |  Optimized Cells/Nets  |  Dont Touch  |  Iterations  |  Elapsed   |
-----------------------------------------------------------------------------------------------------------------------------------------------
|  PSIP Post Floorplan SLR Replication  |            2  |              0  |                     2  |           0  |           1  |  00:00:21  |
|  Total                                |            2  |              0  |                     2  |           0  |           1  |  00:00:21  |
-----------------------------------------------------------------------------------------------------------------------------------------------


Phase 2.2 Physical Synthesis After Floorplan | Checksum: 14fba5605

Time (s): cpu = 00:24:07 ; elapsed = 00:07:28 . Memory (MB): peak = 15889.875 ; gain = 6174.434 ; free physical = 226959 ; free virtual = 240053

Phase 2.3 Update Timing before SLR Path Opt
Phase 2.3 Update Timing before SLR Path Opt | Checksum: b5ba78af

Time (s): cpu = 00:24:09 ; elapsed = 00:07:30 . Memory (MB): peak = 15889.875 ; gain = 6174.434 ; free physical = 226959 ; free virtual = 240052

Phase 2.4 Post-Processing in Floorplanning
Phase 2.4 Post-Processing in Floorplanning | Checksum: 159726c7f

Time (s): cpu = 00:24:11 ; elapsed = 00:07:32 . Memory (MB): peak = 15889.875 ; gain = 6174.434 ; free physical = 226959 ; free virtual = 240052

Phase 2.5 Global Place Phase1
Phase 2.5 Global Place Phase1 | Checksum: e897982a

Time (s): cpu = 00:48:32 ; elapsed = 00:14:20 . Memory (MB): peak = 15921.891 ; gain = 6206.449 ; free physical = 226929 ; free virtual = 240044

Phase 2.6 Global Place Phase2

Phase 2.6.1 UpdateTiming Before Physical Synthesis
Phase 2.6.1 UpdateTiming Before Physical Synthesis | Checksum: 10b662acd

Time (s): cpu = 00:51:50 ; elapsed = 00:14:38 . Memory (MB): peak = 15921.891 ; gain = 6206.449 ; free physical = 226927 ; free virtual = 240043

Phase 2.6.2 Physical Synthesis In Placer
INFO: [Physopt 32-1035] Found 9 LUTNM shape to break, 5236 LUT instances to create LUTNM shape
INFO: [Physopt 32-1044] Break lutnm for timing: one critical 8, two critical 1, total 9, new lutff created 0
INFO: [Physopt 32-1138] End 1 Pass. Optimized 1981 nets or LUTs. Breaked 9 LUTs, combined 1972 existing LUTs and moved 0 existing LUT
INFO: [Physopt 32-1030] Pass 1. Identified 393 candidate driver sets for equivalent driver rewiring.
INFO: [Physopt 32-661] Optimized 134 nets.  Re-placed 438 instances.
INFO: [Physopt 32-775] End 1 Pass. Optimized 134 nets or cells. Created 0 new cell, deleted 0 existing cell and moved 438 existing cells
Netlist sorting complete. Time (s): cpu = 00:00:01 ; elapsed = 00:00:01 . Memory (MB): peak = 15921.891 ; gain = 0.000 ; free physical = 226926 ; free virtual = 240042
INFO: [Physopt 32-1408] Pass 1. Identified 8 candidate nets for high-fanout optimization.
INFO: [Physopt 32-81] Processed net ap_enable_reg_pp0_iter13. Replicated 61 times.
INFO: [Physopt 32-81] Processed net ap_enable_reg_pp0_iter11. Replicated 7 times.
INFO: [Physopt 32-81] Processed net ap_enable_reg_pp0_iter34. Replicated 15 times.
INFO: [Physopt 32-81] Processed net ap_enable_reg_pp0_iter12. Replicated 15 times.
INFO: [Physopt 32-81] Processed net ap_enable_reg_pp0_iter14. Replicated 74 times.
INFO: [Physopt 32-81] Processed net ap_enable_reg_pp0_iter33. Replicated 24 times.
INFO: [Physopt 32-81] Processed net ap_enable_reg_pp0_iter32. Replicated 22 times.
INFO: [Physopt 32-81] Processed net ap_enable_reg_pp0_iter35. Replicated 29 times.
INFO: [Physopt 32-232] Optimized 8 nets. Created 247 new instances.
INFO: [Physopt 32-775] End 1 Pass. Optimized 8 nets or cells. Created 247 new cells, deleted 0 existing cell and moved 0 existing cell
Netlist sorting complete. Time (s): cpu = 00:00:03 ; elapsed = 00:00:03 . Memory (MB): peak = 15921.891 ; gain = 0.000 ; free physical = 226919 ; free virtual = 240035
INFO: [Physopt 32-76] Pass 1. Identified 7 candidate nets for fanout optimization.
INFO: [Physopt 32-81] Processed net ap_enable_reg_pp0_iter13_repN. Replicated 9 times.
INFO: [Physopt 32-81] Processed net ap_enable_reg_pp0_iter11. Replicated 13 times.
INFO: [Physopt 32-81] Processed net ap_enable_reg_pp0_iter12. Replicated 10 times.
INFO: [Physopt 32-81] Processed net ap_enable_reg_pp0_iter33_repN. Replicated 9 times.
INFO: [Physopt 32-81] Processed net ap_enable_reg_pp0_iter34_repN. Replicated 9 times.
INFO: [Physopt 32-81] Processed net trunc_ln269_89_reg_164530[4]. Replicated 9 times.
INFO: [Physopt 32-81] Processed net trunc_ln269_121_reg_164690[4]. Replicated 9 times.
INFO: [Physopt 32-232] Optimized 7 nets. Created 68 new instances.
INFO: [Physopt 32-775] End 1 Pass. Optimized 7 nets or cells. Created 68 new cells, deleted 0 existing cell and moved 0 existing cell
Netlist sorting complete. Time (s): cpu = 00:00:03 ; elapsed = 00:00:03 . Memory (MB): peak = 15921.891 ; gain = 0.000 ; free physical = 226919 ; free virtual = 240034
INFO: [Physopt 32-46] Identified 198 candidate nets for critical-cell optimization.
INFO: [Physopt 32-81] Processed net hidden_218_reg_204914[4]. Replicated 5 times.
INFO: [Physopt 32-81] Processed net hidden_277_reg_205209[0]. Replicated 4 times.
INFO: [Physopt 32-81] Processed net hidden_218_reg_204914[3]. Replicated 5 times.
INFO: [Physopt 32-81] Processed net hidden_365_reg_205649[0]. Replicated 4 times.
INFO: [Physopt 32-81] Processed net hidden_221_reg_204929[0]. Replicated 4 times.
INFO: [Physopt 32-81] Processed net hidden_269_reg_205169[3]. Replicated 4 times.
INFO: [Physopt 32-81] Processed net hidden_244_reg_205044[0]. Replicated 4 times.
INFO: [Physopt 32-81] Processed net hidden_269_reg_205169[4]. Replicated 4 times.
INFO: [Physopt 32-81] Processed net hidden_218_reg_204914[2]. Replicated 4 times.
INFO: [Physopt 32-81] Processed net hidden_218_reg_204914[1]. Replicated 5 times.
INFO: [Physopt 32-81] Processed net hidden_293_reg_205289[6]. Replicated 4 times.
INFO: [Physopt 32-81] Processed net hidden_218_reg_204914[6]. Replicated 5 times.
INFO: [Physopt 32-81] Processed net hidden_218_reg_204914[5]. Replicated 4 times.
INFO: [Physopt 32-81] Processed net hidden_365_reg_205649[4]. Replicated 3 times.
INFO: [Physopt 32-81] Processed net hidden_293_reg_205289[3]. Replicated 4 times.
INFO: [Physopt 32-81] Processed net hidden_221_reg_204929[1]. Replicated 4 times.
INFO: [Physopt 32-81] Processed net hidden_365_reg_205649[5]. Replicated 2 times.
INFO: [Physopt 32-81] Processed net hidden_269_reg_205169[0]. Replicated 4 times.
INFO: [Physopt 32-81] Processed net hidden_293_reg_205289[5]. Replicated 4 times.
INFO: [Physopt 32-81] Processed net hidden_269_reg_205169[2]. Replicated 4 times.
INFO: [Physopt 32-81] Processed net hidden_277_reg_205209[3]. Replicated 4 times.
INFO: [Physopt 32-81] Processed net hidden_277_reg_205209[4]. Replicated 4 times.
INFO: [Physopt 32-81] Processed net hidden_197_reg_204809[0]. Replicated 4 times.
INFO: [Physopt 32-81] Processed net hidden_269_reg_205169[1]. Replicated 4 times.
INFO: [Physopt 32-81] Processed net hidden_214_reg_204894[5]. Replicated 3 times.
INFO: [Physopt 32-81] Processed net hidden_221_reg_204929[2]. Replicated 4 times.
INFO: [Physopt 32-81] Processed net hidden_269_reg_205169[6]. Replicated 4 times.
INFO: [Physopt 32-81] Processed net hidden_317_reg_205409[0]. Replicated 4 times.
INFO: [Physopt 32-81] Processed net hidden_362_reg_205634[0]. Replicated 4 times.
INFO: [Physopt 32-81] Processed net hidden_341_reg_205529[5]. Replicated 4 times.
INFO: [Physopt 32-81] Processed net hidden_293_reg_205289[0]. Replicated 4 times.
INFO: [Physopt 32-81] Processed net hidden_293_reg_205289[2]. Replicated 4 times.
INFO: [Physopt 32-81] Processed net hidden_214_reg_204894[6]. Replicated 3 times.
INFO: [Physopt 32-81] Processed net hidden_214_reg_204894[0]. Replicated 3 times.
INFO: [Physopt 32-81] Processed net hidden_221_reg_204929[6]. Replicated 4 times.
INFO: [Physopt 32-81] Processed net hidden_269_reg_205169[5]. Replicated 4 times.
INFO: [Physopt 32-81] Processed net hidden_197_reg_204809[6]. Replicated 4 times.
INFO: [Physopt 32-81] Processed net hidden_214_reg_204894[3]. Replicated 3 times.
INFO: [Physopt 32-81] Processed net hidden_341_reg_205529[0]. Replicated 4 times.
INFO: [Physopt 32-81] Processed net hidden_197_reg_204809[1]. Replicated 4 times.
INFO: [Physopt 32-81] Processed net hidden_214_reg_204894[4]. Replicated 3 times.
INFO: [Physopt 32-81] Processed net hidden_277_reg_205209[2]. Replicated 4 times.
INFO: [Physopt 32-81] Processed net hidden_293_reg_205289[1]. Replicated 4 times.
INFO: [Physopt 32-81] Processed net hidden_317_reg_205409[3]. Replicated 3 times.
INFO: [Physopt 32-81] Processed net hidden_192_reg_204784[0]. Replicated 2 times.
INFO: [Physopt 32-81] Processed net hidden_296_reg_205304[6]. Replicated 5 times.
INFO: [Physopt 32-81] Processed net hidden_315_reg_205399[3]. Replicated 1 times.
INFO: [Physopt 32-81] Processed net hidden_267_reg_205159[3]. Replicated 1 times.
INFO: [Physopt 32-81] Processed net hidden_341_reg_205529[6]. Replicated 4 times.
INFO: [Physopt 32-81] Processed net hidden_214_reg_204894[2]. Replicated 3 times.
INFO: [Physopt 32-81] Processed net hidden_221_reg_204929[3]. Replicated 4 times.
INFO: [Physopt 32-81] Processed net hidden_317_reg_205409[2]. Replicated 4 times.
INFO: [Physopt 32-81] Processed net hidden_277_reg_205209[6]. Replicated 4 times.
INFO: [Physopt 32-81] Processed net hidden_197_reg_204809[4]. Replicated 4 times.
INFO: [Physopt 32-81] Processed net hidden_221_reg_204929[4]. Replicated 4 times.
INFO: [Physopt 32-81] Processed net hidden_197_reg_204809[3]. Replicated 4 times.
INFO: [Physopt 32-81] Processed net hidden_315_reg_205399[4]. Replicated 1 times.
INFO: [Physopt 32-81] Processed net hidden_382_reg_205734[0]. Replicated 3 times.
INFO: [Physopt 32-81] Processed net hidden_293_reg_205289[4]. Replicated 4 times.
INFO: [Physopt 32-81] Processed net hidden_334_reg_205494[6]. Replicated 5 times.
INFO: [Physopt 32-81] Processed net hidden_262_reg_205134[0]. Replicated 4 times.
INFO: [Physopt 32-81] Processed net hidden_221_reg_204929[5]. Replicated 4 times.
INFO: [Physopt 32-81] Processed net hidden_197_reg_204809[2]. Replicated 4 times.
INFO: [Physopt 32-81] Processed net hidden_277_reg_205209[5]. Replicated 4 times.
INFO: [Physopt 32-81] Processed net hidden_197_reg_204809[5]. Replicated 4 times.
INFO: [Physopt 32-81] Processed net hidden_317_reg_205409[1]. Replicated 4 times.
INFO: [Physopt 32-81] Processed net hidden_277_reg_205209[1]. Replicated 4 times.
INFO: [Physopt 32-81] Processed net hidden_244_reg_205044[6]. Replicated 4 times.
INFO: [Physopt 32-81] Processed net hidden_229_reg_204969[0]. Replicated 4 times.
INFO: [Physopt 32-81] Processed net hidden_341_reg_205529[4]. Replicated 4 times.
INFO: [Physopt 32-81] Processed net hidden_245_reg_205049[6]. Replicated 4 times.
INFO: [Physopt 32-81] Processed net hidden_267_reg_205159[0]. Replicated 1 times.
INFO: [Physopt 32-81] Processed net hidden_214_reg_204894[1]. Replicated 3 times.
INFO: [Physopt 32-81] Processed net hidden_267_reg_205159[4]. Replicated 1 times.
INFO: [Physopt 32-81] Processed net trunc_ln269_89_reg_164530[3]. Replicated 8 times.
INFO: [Physopt 32-81] Processed net hidden_245_reg_205049[5]. Replicated 4 times.
INFO: [Physopt 32-81] Processed net hidden_317_reg_205409[4]. Replicated 3 times.
INFO: [Physopt 32-81] Processed net trunc_ln269_89_reg_164530[0]. Replicated 8 times.
INFO: [Physopt 32-81] Processed net hidden_238_reg_205014[0]. Replicated 2 times.
INFO: [Physopt 32-81] Processed net hidden_244_reg_205044[3]. Replicated 4 times.
INFO: [Physopt 32-81] Processed net hidden_244_reg_205044[4]. Replicated 4 times.
INFO: [Physopt 32-81] Processed net hidden_243_reg_205039[0]. Replicated 1 times.
INFO: [Physopt 32-81] Processed net hidden_334_reg_205494[5]. Replicated 5 times.
INFO: [Common 17-14] Message 'Physopt 32-81' appears 100 times and further instances of the messages will be disabled. Use the Tcl command set_msg_config to change the current settings.
INFO: [Physopt 32-232] Optimized 94 nets. Created 357 new instances.
INFO: [Physopt 32-775] End 1 Pass. Optimized 94 nets or cells. Created 357 new cells, deleted 0 existing cell and moved 0 existing cell
Netlist sorting complete. Time (s): cpu = 00:00:04 ; elapsed = 00:00:04 . Memory (MB): peak = 15921.891 ; gain = 0.000 ; free physical = 226924 ; free virtual = 240040
INFO: [Physopt 32-457] Pass 1. Identified 50 candidate cells for DSP register optimization.
INFO: [Physopt 32-665] Processed cell mul_16s_7ns_23_4_1_U2965/buff1_reg. 7 registers were pushed out.
INFO: [Physopt 32-665] Processed cell mul_16s_7ns_23_4_1_U2963/buff1_reg. 7 registers were pushed out.
INFO: [Physopt 32-665] Processed cell mul_16s_7ns_23_4_1_U3438/buff1_reg. 7 registers were pushed out.
INFO: [Physopt 32-665] Processed cell mul_16s_7ns_23_4_1_U2786/buff1_reg. 7 registers were pushed out.
INFO: [Physopt 32-665] Processed cell mul_16s_7ns_23_4_1_U2188/buff1_reg. 7 registers were pushed out.
INFO: [Physopt 32-665] Processed cell mul_16s_7ns_23_4_1_U2592/buff1_reg. 7 registers were pushed out.
INFO: [Physopt 32-665] Processed cell mul_16s_7ns_23_4_1_U2594/buff1_reg. 7 registers were pushed out.
INFO: [Physopt 32-665] Processed cell mul_16s_7ns_23_4_1_U2677/buff1_reg. 7 registers were pushed out.
INFO: [Physopt 32-665] Processed cell mul_16s_7ns_23_4_1_U3019/buff1_reg. 7 registers were pushed out.
INFO: [Physopt 32-665] Processed cell mul_16s_7ns_23_4_1_U2883/buff1_reg. 7 registers were pushed out.
INFO: [Physopt 32-665] Processed cell mul_16s_7ns_23_4_1_U3109/buff1_reg. 7 registers were pushed out.
INFO: [Physopt 32-665] Processed cell mul_16s_7ns_23_4_1_U2537/buff1_reg. 7 registers were pushed out.
INFO: [Physopt 32-665] Processed cell mul_16s_7ns_23_4_1_U3020/buff1_reg. 7 registers were pushed out.
INFO: [Physopt 32-665] Processed cell mul_16s_7ns_23_4_1_U2684/buff1_reg. 7 registers were pushed out.
INFO: [Physopt 32-665] Processed cell mul_16s_7ns_23_4_1_U3116/buff1_reg. 7 registers were pushed out.
INFO: [Physopt 32-665] Processed cell mul_16s_7ns_23_4_1_U2968/buff1_reg. 7 registers were pushed out.
INFO: [Physopt 32-665] Processed cell mul_16s_7ns_23_4_1_U3665/buff1_reg. 7 registers were pushed out.
INFO: [Physopt 32-665] Processed cell mul_16s_7ns_23_4_1_U3023/buff1_reg. 7 registers were pushed out.
INFO: [Physopt 32-665] Processed cell mul_16s_7ns_23_4_1_U2250/buff1_reg. 7 registers were pushed out.
INFO: [Physopt 32-665] Processed cell mul_16s_7ns_23_4_1_U2283/buff1_reg. 7 registers were pushed out.
INFO: [Physopt 32-665] Processed cell mul_16s_7ns_23_4_1_U2884/buff1_reg. 7 registers were pushed out.
INFO: [Physopt 32-665] Processed cell mul_16s_7ns_23_4_1_U2595/buff1_reg. 7 registers were pushed out.
INFO: [Physopt 32-665] Processed cell mul_16s_7ns_23_4_1_U2470/buff1_reg. 7 registers were pushed out.
INFO: [Physopt 32-665] Processed cell mul_16s_7ns_23_4_1_U2361/buff1_reg. 7 registers were pushed out.
INFO: [Physopt 32-665] Processed cell mul_16s_7ns_23_4_1_U2801/buff1_reg. 7 registers were pushed out.
INFO: [Physopt 32-665] Processed cell mul_16s_7ns_23_4_1_U2394/buff1_reg. 7 registers were pushed out.
INFO: [Physopt 32-665] Processed cell mul_16s_7ns_23_4_1_U2393/buff1_reg. 7 registers were pushed out.
INFO: [Physopt 32-665] Processed cell mul_16s_7ns_23_4_1_U2584/buff1_reg. 7 registers were pushed out.
INFO: [Physopt 32-665] Processed cell mul_16s_7ns_23_4_1_U2582/buff1_reg. 7 registers were pushed out.
INFO: [Physopt 32-665] Processed cell mul_16s_7ns_23_4_1_U2972/buff1_reg. 7 registers were pushed out.
INFO: [Physopt 32-665] Processed cell mul_16s_7ns_23_4_1_U3529/buff1_reg. 7 registers were pushed out.
INFO: [Physopt 32-665] Processed cell mul_16s_7ns_23_4_1_U3021/buff1_reg. 7 registers were pushed out.
INFO: [Physopt 32-665] Processed cell mul_16s_7ns_23_4_1_U2682/buff1_reg. 7 registers were pushed out.
INFO: [Physopt 32-665] Processed cell mul_16s_7ns_23_4_1_U2967/buff1_reg. 7 registers were pushed out.
INFO: [Physopt 32-665] Processed cell mul_16s_7ns_23_4_1_U2879/buff1_reg. 7 registers were pushed out.
INFO: [Physopt 32-665] Processed cell mul_16s_7ns_23_4_1_U3569/buff1_reg. 7 registers were pushed out.
INFO: [Physopt 32-665] Processed cell mul_16s_7ns_23_4_1_U3449/buff1_reg. 7 registers were pushed out.
INFO: [Physopt 32-665] Processed cell mul_16s_7ns_23_4_1_U3183/buff1_reg. 7 registers were pushed out.
INFO: [Physopt 32-665] Processed cell mul_16s_7ns_23_4_1_U2805/buff1_reg. 7 registers were pushed out.
INFO: [Physopt 32-665] Processed cell mul_16s_7ns_23_4_1_U2877/buff1_reg. 7 registers were pushed out.
INFO: [Physopt 32-665] Processed cell mul_16s_7ns_23_4_1_U2258/buff1_reg. 7 registers were pushed out.
INFO: [Physopt 32-665] Processed cell mul_16s_7ns_23_4_1_U2546/buff1_reg. 7 registers were pushed out.
INFO: [Physopt 32-665] Processed cell mul_16s_7ns_23_4_1_U2974/buff1_reg. 7 registers were pushed out.
INFO: [Physopt 32-665] Processed cell mul_16s_7ns_23_4_1_U3212/buff1_reg. 7 registers were pushed out.
INFO: [Physopt 32-665] Processed cell mul_16s_7ns_23_4_1_U2331/buff1_reg. 7 registers were pushed out.
INFO: [Physopt 32-665] Processed cell mul_16s_7ns_23_4_1_U3645/buff1_reg. 7 registers were pushed out.
INFO: [Physopt 32-665] Processed cell mul_16s_7ns_23_4_1_U3669/buff1_reg. 7 registers were pushed out.
INFO: [Physopt 32-665] Processed cell mul_16s_7ns_23_4_1_U2503/buff1_reg. 7 registers were pushed out.
INFO: [Physopt 32-665] Processed cell mul_16s_7ns_23_4_1_U3443/buff1_reg. 7 registers were pushed out.
INFO: [Physopt 32-665] Processed cell mul_16s_7ns_23_4_1_U3548/buff1_reg. 7 registers were pushed out.
INFO: [Physopt 32-457] Pass 2. Identified 50 candidate cells for DSP register optimization.
INFO: [Physopt 32-665] Processed cell mul_16s_7ns_23_4_1_U2869/buff1_reg. 7 registers were pushed out.
INFO: [Physopt 32-665] Processed cell mul_16s_7ns_23_4_1_U3636/buff1_reg. 7 registers were pushed out.
INFO: [Physopt 32-665] Processed cell mul_16s_7ns_23_4_1_U3576/buff1_reg. 7 registers were pushed out.
INFO: [Physopt 32-665] Processed cell mul_16s_7ns_23_4_1_U3580/buff1_reg. 7 registers were pushed out.
INFO: [Physopt 32-665] Processed cell mul_16s_7ns_23_4_1_U2469/buff1_reg. 7 registers were pushed out.
INFO: [Physopt 32-665] Processed cell mul_16s_7ns_23_4_1_U2881/buff1_reg. 7 registers were pushed out.
INFO: [Physopt 32-665] Processed cell mul_16s_7ns_23_4_1_U2970/buff1_reg. 7 registers were pushed out.
INFO: [Physopt 32-665] Processed cell mul_16s_7ns_23_4_1_U2538/buff1_reg. 7 registers were pushed out.
INFO: [Physopt 32-665] Processed cell mul_16s_7ns_23_4_1_U3670/buff1_reg. 7 registers were pushed out.
INFO: [Physopt 32-665] Processed cell mul_16s_7ns_23_4_1_U2838/buff1_reg. 7 registers were pushed out.
INFO: [Physopt 32-665] Processed cell mul_16s_7ns_23_4_1_U2664/buff1_reg. 7 registers were pushed out.
INFO: [Physopt 32-665] Processed cell mul_16s_7ns_23_4_1_U3274/buff1_reg. 7 registers were pushed out.
INFO: [Physopt 32-665] Processed cell mul_16s_7ns_23_4_1_U2872/buff1_reg. 7 registers were pushed out.
INFO: [Physopt 32-665] Processed cell mul_16s_7ns_23_4_1_U3705/buff1_reg. 7 registers were pushed out.
INFO: [Physopt 32-665] Processed cell mul_16s_7ns_23_4_1_U2880/buff1_reg. 7 registers were pushed out.
INFO: [Physopt 32-665] Processed cell mul_16s_7ns_23_4_1_U3447/buff1_reg. 7 registers were pushed out.
INFO: [Physopt 32-665] Processed cell mul_16s_7ns_23_4_1_U3115/buff1_reg. 7 registers were pushed out.
INFO: [Physopt 32-665] Processed cell mul_16s_7ns_23_4_1_U3573/buff1_reg. 7 registers were pushed out.
INFO: [Physopt 32-665] Processed cell mul_16s_7ns_23_4_1_U2759/buff1_reg. 7 registers were pushed out.
INFO: [Physopt 32-665] Processed cell mul_16s_7ns_23_4_1_U3111/buff1_reg. 7 registers were pushed out.
INFO: [Physopt 32-665] Processed cell mul_16s_7ns_23_4_1_U3271/buff1_reg. 7 registers were pushed out.
INFO: [Physopt 32-665] Processed cell mul_16s_7ns_23_4_1_U2362/buff1_reg. 7 registers were pushed out.
INFO: [Physopt 32-665] Processed cell mul_16s_7ns_23_4_1_U3532/buff1_reg. 7 registers were pushed out.
INFO: [Physopt 32-665] Processed cell mul_16s_7ns_23_4_1_U2349/buff1_reg. 7 registers were pushed out.
INFO: [Physopt 32-665] Processed cell mul_16s_7ns_23_4_1_U2414/buff1_reg. 7 registers were pushed out.
INFO: [Physopt 32-665] Processed cell mul_8s_5s_13_4_1_U1734/buff1_reg. 5 registers were pushed out.
INFO: [Physopt 32-665] Processed cell mul_16s_7ns_23_4_1_U2839/buff1_reg. 7 registers were pushed out.
INFO: [Physopt 32-665] Processed cell mul_16s_7ns_23_4_1_U3018/buff1_reg. 7 registers were pushed out.
INFO: [Physopt 32-665] Processed cell mul_16s_7ns_23_4_1_U3025/buff1_reg. 7 registers were pushed out.
INFO: [Physopt 32-665] Processed cell mul_16s_7ns_23_4_1_U3273/buff1_reg. 7 registers were pushed out.
INFO: [Physopt 32-665] Processed cell mul_16s_7ns_23_4_1_U3666/buff1_reg. 7 registers were pushed out.
INFO: [Physopt 32-665] Processed cell mul_16s_7ns_23_4_1_U3145/buff1_reg. 7 registers were pushed out.
INFO: [Physopt 32-665] Processed cell mul_8s_5s_13_4_1_U1773/buff1_reg. 5 registers were pushed out.
INFO: [Physopt 32-665] Processed cell mul_16s_7ns_23_4_1_U2218/buff1_reg. 7 registers were pushed out.
INFO: [Physopt 32-665] Processed cell mul_16s_7ns_23_4_1_U3642/buff1_reg. 7 registers were pushed out.
INFO: [Physopt 32-665] Processed cell mul_16s_7ns_23_4_1_U2516/buff1_reg. 7 registers were pushed out.
INFO: [Physopt 32-665] Processed cell mul_16s_7ns_23_4_1_U3099/buff1_reg. 7 registers were pushed out.
INFO: [Physopt 32-665] Processed cell mul_16s_7ns_23_4_1_U3118/buff1_reg. 7 registers were pushed out.
INFO: [Physopt 32-665] Processed cell mul_8s_5s_13_4_1_U1785/buff1_reg. 5 registers were pushed out.
INFO: [Physopt 32-665] Processed cell mul_16s_7ns_23_4_1_U2951/buff1_reg. 7 registers were pushed out.
INFO: [Physopt 32-665] Processed cell mul_16s_7ns_23_4_1_U3706/buff1_reg. 7 registers were pushed out.
INFO: [Physopt 32-665] Processed cell mul_8s_5s_13_4_1_U1599/buff1_reg. 5 registers were pushed out.
INFO: [Physopt 32-665] Processed cell mul_16s_7ns_23_4_1_U3442/buff1_reg. 7 registers were pushed out.
INFO: [Physopt 32-665] Processed cell mul_16s_7ns_23_4_1_U2866/buff1_reg. 7 registers were pushed out.
INFO: [Physopt 32-665] Processed cell mul_16s_7ns_23_4_1_U3180/buff1_reg. 7 registers were pushed out.
INFO: [Physopt 32-665] Processed cell mul_16s_7ns_23_4_1_U3270/buff1_reg. 7 registers were pushed out.
INFO: [Physopt 32-665] Processed cell mul_16s_7ns_23_4_1_U2515/buff1_reg. 7 registers were pushed out.
INFO: [Physopt 32-665] Processed cell mul_16s_7ns_23_4_1_U2472/buff1_reg. 7 registers were pushed out.
INFO: [Physopt 32-665] Processed cell mul_16s_7ns_23_4_1_U2772/buff1_reg. 7 registers were pushed out.
INFO: [Physopt 32-665] Processed cell mul_16s_7ns_23_4_1_U3621/buff1_reg. 7 registers were pushed out.
INFO: [Common 17-14] Message 'Physopt 32-665' appears 100 times and further instances of the messages will be disabled. Use the Tcl command set_msg_config to change the current settings.
INFO: [Physopt 32-775] End 2 Pass. Optimized 100 nets or cells. Created 692 new cells, deleted 0 existing cell and moved 0 existing cell
Netlist sorting complete. Time (s): cpu = 00:00:03 ; elapsed = 00:00:03 . Memory (MB): peak = 15921.891 ; gain = 0.000 ; free physical = 226916 ; free virtual = 240031
INFO: [Physopt 32-1123] No candidate cells found for Shift Register to Pipeline optimization
INFO: [Physopt 32-775] End 2 Pass. Optimized 0 net or cell. Created 0 new cell, deleted 0 existing cell and moved 0 existing cell
INFO: [Physopt 32-1402] Pass 1: Identified 63 candidate cells for Shift Register optimization.
INFO: [Physopt 32-775] End 1 Pass. Optimized 60 nets or cells. Created 60 new cells, deleted 0 existing cell and moved 0 existing cell
Netlist sorting complete. Time (s): cpu = 00:00:03 ; elapsed = 00:00:03 . Memory (MB): peak = 15921.891 ; gain = 0.000 ; free physical = 226922 ; free virtual = 240038
INFO: [Physopt 32-526] No candidate cells for BRAM register optimization found in the design
INFO: [Physopt 32-775] End 1 Pass. Optimized 0 net or cell. Created 0 new cell, deleted 0 existing cell and moved 0 existing cell
INFO: [Physopt 32-846] No candidate cells for URAM register optimization found in the design
INFO: [Physopt 32-775] End 1 Pass. Optimized 0 net or cell. Created 0 new cell, deleted 0 existing cell and moved 0 existing cell
INFO: [Physopt 32-846] No candidate cells for URAM register optimization found in the design
INFO: [Physopt 32-775] End 1 Pass. Optimized 0 net or cell. Created 0 new cell, deleted 0 existing cell and moved 0 existing cell
INFO: [Physopt 32-949] No candidate nets found for dynamic/static region interface net replication
INFO: [Physopt 32-775] End 1 Pass. Optimized 0 net or cell. Created 0 new cell, deleted 0 existing cell and moved 0 existing cell
Netlist sorting complete. Time (s): cpu = 00:00:00.13 ; elapsed = 00:00:00.13 . Memory (MB): peak = 15921.891 ; gain = 0.000 ; free physical = 226922 ; free virtual = 240038
INFO: [Physopt 32-46] Identified 2 candidate nets for critical-cell optimization.
INFO: [Physopt 32-571] Net ap_enable_reg_pp0_iter31 was not replicated.
INFO: [Physopt 32-232] Optimized 1 net. Created 1 new instance.
INFO: [Physopt 32-775] End 1 Pass. Optimized 1 net or cell. Created 1 new cell, deleted 0 existing cell and moved 0 existing cell
Netlist sorting complete. Time (s): cpu = 00:00:03 ; elapsed = 00:00:03 . Memory (MB): peak = 15921.891 ; gain = 0.000 ; free physical = 226922 ; free virtual = 240038
Netlist sorting complete. Time (s): cpu = 00:00:00.13 ; elapsed = 00:00:00.13 . Memory (MB): peak = 15921.891 ; gain = 0.000 ; free physical = 226922 ; free virtual = 240038

Summary of Physical Synthesis Optimizations
============================================


-----------------------------------------------------------------------------------------------------------------------------------------------------------
|  Optimization                                     |  Added Cells  |  Removed Cells  |  Optimized Cells/Nets  |  Dont Touch  |  Iterations  |  Elapsed   |
-----------------------------------------------------------------------------------------------------------------------------------------------------------
|  LUT Combining                                    |            9  |           1972  |                  1981  |           0  |           1  |  00:00:04  |
|  Retime                                           |            0  |              0  |                     0  |           0  |           1  |  00:00:00  |
|  Equivalent Driver Rewiring                       |            0  |              0  |                   134  |           0  |           1  |  00:00:10  |
|  Very High Fanout                                 |          247  |              0  |                     8  |           0  |           1  |  00:00:10  |
|  Fanout                                           |           68  |              0  |                     7  |           0  |           1  |  00:00:03  |
|  Critical Cell                                    |          357  |              0  |                    94  |           0  |           1  |  00:01:36  |
|  DSP Register                                     |          692  |              0  |                   100  |           0  |           1  |  00:00:10  |
|  Shift Register to Pipeline                       |            0  |              0  |                     0  |           0  |           1  |  00:00:00  |
|  Shift Register                                   |           60  |              0  |                    60  |           0  |           1  |  00:00:02  |
|  BRAM Register                                    |            0  |              0  |                     0  |           0  |           1  |  00:00:00  |
|  URAM Register                                    |            0  |              0  |                     0  |           0  |           1  |  00:00:01  |
|  Dynamic/Static Region Interface Net Replication  |            0  |              0  |                     0  |           0  |           1  |  00:00:00  |
|  Critical Cell                                    |            1  |              0  |                     1  |           0  |           1  |  00:00:00  |
|  Total                                            |         1434  |           1972  |                  2385  |           0  |          13  |  00:02:17  |
-----------------------------------------------------------------------------------------------------------------------------------------------------------


Phase 2.6.2 Physical Synthesis In Placer | Checksum: 13c1936e8

Time (s): cpu = 00:56:32 ; elapsed = 00:17:58 . Memory (MB): peak = 15921.891 ; gain = 6206.449 ; free physical = 226918 ; free virtual = 240034
Phase 2.6 Global Place Phase2 | Checksum: 12ddace1b

Time (s): cpu = 01:00:16 ; elapsed = 00:19:05 . Memory (MB): peak = 15921.891 ; gain = 6206.449 ; free physical = 226911 ; free virtual = 240027
Phase 2 Global Placement | Checksum: 12ddace1b

Time (s): cpu = 01:00:19 ; elapsed = 00:19:06 . Memory (MB): peak = 15921.891 ; gain = 6206.449 ; free physical = 226911 ; free virtual = 240027

Phase 3 Detail Placement

Phase 3.1 Commit Multi Column Macros
Phase 3.1 Commit Multi Column Macros | Checksum: c2ca86e2

Time (s): cpu = 01:02:53 ; elapsed = 00:19:43 . Memory (MB): peak = 15921.891 ; gain = 6206.449 ; free physical = 226914 ; free virtual = 240029

Phase 3.2 Commit Most Macros & LUTRAMs
Phase 3.2 Commit Most Macros & LUTRAMs | Checksum: 141cfe8fe

Time (s): cpu = 01:05:40 ; elapsed = 00:20:35 . Memory (MB): peak = 15921.891 ; gain = 6206.449 ; free physical = 226911 ; free virtual = 240027

Phase 3.3 Small Shape DP

Phase 3.3.1 Small Shape Clustering
Phase 3.3.1 Small Shape Clustering | Checksum: 1455dc62a

Time (s): cpu = 01:14:12 ; elapsed = 00:22:24 . Memory (MB): peak = 15921.891 ; gain = 6206.449 ; free physical = 226892 ; free virtual = 240008

Phase 3.3.2 Slice Area Swap

Phase 3.3.2.1 Slice Area Swap Initial
Phase 3.3.2.1 Slice Area Swap Initial | Checksum: 4d7fbdbe

Time (s): cpu = 01:14:37 ; elapsed = 00:22:41 . Memory (MB): peak = 15921.891 ; gain = 6206.449 ; free physical = 226893 ; free virtual = 240008
Phase 3.3.2 Slice Area Swap | Checksum: 5bf5eba8

Time (s): cpu = 01:14:50 ; elapsed = 00:22:50 . Memory (MB): peak = 15921.891 ; gain = 6206.449 ; free physical = 226893 ; free virtual = 240008
Phase 3.3 Small Shape DP | Checksum: 1e6cab588

Time (s): cpu = 01:15:47 ; elapsed = 00:23:06 . Memory (MB): peak = 15921.891 ; gain = 6206.449 ; free physical = 226887 ; free virtual = 240003

Phase 3.4 Re-assign LUT pins
Phase 3.4 Re-assign LUT pins | Checksum: 1a005b263

Time (s): cpu = 01:16:12 ; elapsed = 00:23:26 . Memory (MB): peak = 15921.891 ; gain = 6206.449 ; free physical = 226890 ; free virtual = 240006

Phase 3.5 Pipeline Register Optimization
Phase 3.5 Pipeline Register Optimization | Checksum: 102f05b21

Time (s): cpu = 01:16:19 ; elapsed = 00:23:29 . Memory (MB): peak = 15921.891 ; gain = 6206.449 ; free physical = 226891 ; free virtual = 240007

Phase 3.6 Fast Optimization
Phase 3.6 Fast Optimization | Checksum: 1531149ae

Time (s): cpu = 01:25:27 ; elapsed = 00:25:23 . Memory (MB): peak = 15921.891 ; gain = 6206.449 ; free physical = 227113 ; free virtual = 240228
Phase 3 Detail Placement | Checksum: 1531149ae

Time (s): cpu = 01:25:33 ; elapsed = 00:25:25 . Memory (MB): peak = 15921.891 ; gain = 6206.449 ; free physical = 227112 ; free virtual = 240228

Phase 4 Post Placement Optimization and Clean-Up

Phase 4.1 Post Commit Optimization
INFO: [Timing 38-35] Done setting XDC timing constraints.

Phase 4.1.1 Post Placement Optimization
Post Placement Optimization Initialization | Checksum: df28ddd2

Phase 4.1.1.1 BUFG Insertion

Starting Physical Synthesis Task

Phase 1 Physical Synthesis Initialization
INFO: [Physopt 32-721] Multithreading enabled for phys_opt_design using a maximum of 32 CPUs
INFO: [Physopt 32-619] Estimated Timing Summary | WNS=-2.592 | TNS=-18030.190 |
Phase 1 Physical Synthesis Initialization | Checksum: 1185bacda

Time (s): cpu = 00:01:47 ; elapsed = 00:00:09 . Memory (MB): peak = 15921.891 ; gain = 0.000 ; free physical = 226853 ; free virtual = 239969
INFO: [Place 46-56] BUFG insertion identified 0 candidate nets. Inserted BUFG: 0, Replicated BUFG Driver: 0, Skipped due to Placement/Routing Conflicts: 0, Skipped due to Timing Degradation: 0, Skipped due to netlist editing failed: 0.
Ending Physical Synthesis Task | Checksum: 1b553d02e

Time (s): cpu = 00:01:53 ; elapsed = 00:00:11 . Memory (MB): peak = 15921.891 ; gain = 0.000 ; free physical = 226853 ; free virtual = 239969
Phase 4.1.1.1 BUFG Insertion | Checksum: df28ddd2

Time (s): cpu = 01:43:18 ; elapsed = 00:27:59 . Memory (MB): peak = 15921.891 ; gain = 6206.449 ; free physical = 226854 ; free virtual = 239970

Phase 4.1.1.2 BUFG Replication
INFO: [Place 46-63] BUFG replication identified 0 candidate nets: Replicated nets: 0, Replicated BUFGs: 0, Replicated BUFG Driver: 0, moved BUFGs: 0, Skipped due to Placement / Routing Conflict: 0, Skipped due to Timing: 0, Skipped due to constraints: 0
Phase 4.1.1.2 BUFG Replication | Checksum: df28ddd2

Time (s): cpu = 01:43:25 ; elapsed = 00:28:02 . Memory (MB): peak = 15921.891 ; gain = 6206.449 ; free physical = 226854 ; free virtual = 239970

Phase 4.1.1.3 Post Placement Timing Optimization
Phase 4.1.1.3 Post Placement Timing Optimization | Checksum: adec3e43

Time (s): cpu = 01:46:12 ; elapsed = 00:29:42 . Memory (MB): peak = 15921.891 ; gain = 6206.449 ; free physical = 226859 ; free virtual = 239975

Phase 4.1.1.4 Replication
Phase 4.1.1.4 Replication | Checksum: 97bf9059

Time (s): cpu = 01:47:24 ; elapsed = 00:30:41 . Memory (MB): peak = 15921.891 ; gain = 6206.449 ; free physical = 226853 ; free virtual = 239977

Time (s): cpu = 01:47:24 ; elapsed = 00:30:41 . Memory (MB): peak = 15921.891 ; gain = 6206.449 ; free physical = 226853 ; free virtual = 239977
Phase 4.1 Post Commit Optimization | Checksum: 97bf9059

Time (s): cpu = 01:47:30 ; elapsed = 00:30:42 . Memory (MB): peak = 15921.891 ; gain = 6206.449 ; free physical = 226853 ; free virtual = 239977
Netlist sorting complete. Time (s): cpu = 00:00:03 ; elapsed = 00:00:03 . Memory (MB): peak = 16132.680 ; gain = 0.000 ; free physical = 226439 ; free virtual = 239562

Phase 4.2 Post Placement Cleanup
Phase 4.2 Post Placement Cleanup | Checksum: b3e4fd45

Time (s): cpu = 01:49:40 ; elapsed = 00:31:50 . Memory (MB): peak = 16132.680 ; gain = 6417.238 ; free physical = 226438 ; free virtual = 239562

Phase 4.3 Placer Reporting

Phase 4.3.1 Dump Critical Paths 
Phase 4.3.1 Dump Critical Paths  | Checksum: b3e4fd45

Time (s): cpu = 01:55:01 ; elapsed = 00:35:25 . Memory (MB): peak = 16132.680 ; gain = 6417.238 ; free physical = 226437 ; free virtual = 239561

Phase 4.3.2 Print Final WNS
INFO: [Place 30-100] Post Placement Timing Summary | WNS=-2.156 | TNS=-17770.787|

Phase 4.3.2 Print Final WNS | Checksum: b3e4fd45

Time (s): cpu = 02:05:52 ; elapsed = 00:38:57 . Memory (MB): peak = 16132.680 ; gain = 6417.238 ; free physical = 226467 ; free virtual = 239591

Phase 4.3.3 Print Estimated Congestion
INFO: [Place 30-612] Post-Placement Estimated Congestion 
 ________________________________________________________________________
|           | Global Congestion | Long Congestion   | Short Congestion  |
| Direction | Region Size       | Region Size       | Region Size       |
|___________|___________________|___________________|___________________|
|      North|                1x1|                2x2|                1x1|
|___________|___________________|___________________|___________________|
|      South|                1x1|                1x1|                1x1|
|___________|___________________|___________________|___________________|
|       East|                2x2|              16x16|                2x2|
|___________|___________________|___________________|___________________|
|       West|                1x1|                1x1|                1x1|
|___________|___________________|___________________|___________________|

SLR0:
 ________________________________________________________________________
|           | Global Congestion | Long Congestion   | Short Congestion  |
| Direction | Region Size       | Region Size       | Region Size       |
|___________|___________________|___________________|___________________|
|      North|                1x1|                2x2|                1x1|
|___________|___________________|___________________|___________________|
|      South|                1x1|                1x1|                1x1|
|___________|___________________|___________________|___________________|
|       East|                1x1|                1x1|                1x1|
|___________|___________________|___________________|___________________|
|       West|                1x1|                1x1|                1x1|
|___________|___________________|___________________|___________________|

SLR1:
 ________________________________________________________________________
|           | Global Congestion | Long Congestion   | Short Congestion  |
| Direction | Region Size       | Region Size       | Region Size       |
|___________|___________________|___________________|___________________|
|      North|                1x1|                2x2|                1x1|
|___________|___________________|___________________|___________________|
|      South|                1x1|                1x1|                1x1|
|___________|___________________|___________________|___________________|
|       East|                2x2|              16x16|                2x2|
|___________|___________________|___________________|___________________|
|       West|                1x1|                1x1|                1x1|
|___________|___________________|___________________|___________________|

SLR2:
 ________________________________________________________________________
|           | Global Congestion | Long Congestion   | Short Congestion  |
| Direction | Region Size       | Region Size       | Region Size       |
|___________|___________________|___________________|___________________|
|      North|                1x1|                1x1|                1x1|
|___________|___________________|___________________|___________________|
|      South|                1x1|                1x1|                1x1|
|___________|___________________|___________________|___________________|
|       East|                1x1|                1x1|                1x1|
|___________|___________________|___________________|___________________|
|       West|                1x1|                1x1|                1x1|
|___________|___________________|___________________|___________________|

SLR3:
 ________________________________________________________________________
|           | Global Congestion | Long Congestion   | Short Congestion  |
| Direction | Region Size       | Region Size       | Region Size       |
|___________|___________________|___________________|___________________|
|      North|                1x1|                1x1|                1x1|
|___________|___________________|___________________|___________________|
|      South|                1x1|                1x1|                1x1|
|___________|___________________|___________________|___________________|
|       East|                1x1|                1x1|                1x1|
|___________|___________________|___________________|___________________|
|       West|                1x1|                1x1|                1x1|
|___________|___________________|___________________|___________________|

Phase 4.3.3 Print Estimated Congestion | Checksum: b6aee9eb

Time (s): cpu = 02:07:42 ; elapsed = 00:39:05 . Memory (MB): peak = 16132.680 ; gain = 6417.238 ; free physical = 226466 ; free virtual = 239590
Phase 4.3 Placer Reporting | Checksum: b6aee9eb

Time (s): cpu = 02:07:49 ; elapsed = 00:39:06 . Memory (MB): peak = 16132.680 ; gain = 6417.238 ; free physical = 226466 ; free virtual = 239590

Phase 4.4 Final Placement Cleanup
Netlist sorting complete. Time (s): cpu = 00:00:00.12 ; elapsed = 00:00:00.12 . Memory (MB): peak = 16132.680 ; gain = 0.000 ; free physical = 226466 ; free virtual = 239590

Time (s): cpu = 02:07:49 ; elapsed = 00:39:07 . Memory (MB): peak = 16132.680 ; gain = 6417.238 ; free physical = 226466 ; free virtual = 239590
Phase 4 Post Placement Optimization and Clean-Up | Checksum: 16c34c40f

Time (s): cpu = 02:07:55 ; elapsed = 00:39:08 . Memory (MB): peak = 16132.680 ; gain = 6417.238 ; free physical = 226466 ; free virtual = 239590
Ending Placer Task | Checksum: 156bf219a

Time (s): cpu = 02:08:02 ; elapsed = 00:39:09 . Memory (MB): peak = 16132.680 ; gain = 6417.238 ; free physical = 226469 ; free virtual = 239593
256 Infos, 2 Warnings, 0 Critical Warnings and 0 Errors encountered.
place_design completed successfully
place_design: Time (s): cpu = 02:09:00 ; elapsed = 00:39:54 . Memory (MB): peak = 16132.680 ; gain = 6595.340 ; free physical = 226470 ; free virtual = 239594
# write_checkpoint \
#     -force \
#     [
#         file join \
#             $output_dir \
#             post_place.dcp
#     ]
INFO: [Timing 38-480] Writing timing data to binary archive.
Write ShapeDB Complete: Time (s): cpu = 00:00:05 ; elapsed = 00:00:01 . Memory (MB): peak = 16132.680 ; gain = 0.000 ; free physical = 226360 ; free virtual = 239594
Wrote PlaceDB: Time (s): cpu = 00:01:11 ; elapsed = 00:00:29 . Memory (MB): peak = 16132.680 ; gain = 0.000 ; free physical = 225330 ; free virtual = 239582
Wrote PulsedLatchDB: Time (s): cpu = 00:00:00 ; elapsed = 00:00:00 . Memory (MB): peak = 16132.680 ; gain = 0.000 ; free physical = 225336 ; free virtual = 239588
Writing XDEF routing.
Writing XDEF routing logical nets.
Writing XDEF routing special nets.
Wrote RouteStorage: Time (s): cpu = 00:00:03 ; elapsed = 00:00:03 . Memory (MB): peak = 16132.680 ; gain = 0.000 ; free physical = 225334 ; free virtual = 239588
Wrote Netlist Cache: Time (s): cpu = 00:00:00.95 ; elapsed = 00:00:01 . Memory (MB): peak = 16132.680 ; gain = 0.000 ; free physical = 225219 ; free virtual = 239587
Wrote Device Cache: Time (s): cpu = 00:00:00.01 ; elapsed = 00:00:00.02 . Memory (MB): peak = 16132.680 ; gain = 0.000 ; free physical = 225218 ; free virtual = 239588
Write Physdb Complete: Time (s): cpu = 00:01:15 ; elapsed = 00:00:50 . Memory (MB): peak = 16132.680 ; gain = 0.000 ; free physical = 225220 ; free virtual = 239590
INFO: [Common 17-1381] The checkpoint '/mnt_pool/c3_users/user/pleguina/graphsage_vivado_2024_1_sweep/build/vivado_sweep/screen_ssi_balance_sll/post_place.dcp' has been generated.
write_checkpoint: Time (s): cpu = 00:01:33 ; elapsed = 00:01:10 . Memory (MB): peak = 16132.680 ; gain = 0.000 ; free physical = 226155 ; free virtual = 239507
# report_timing_summary \
#     -delay_type min_max \
#     -max_paths 100 \
#     -file [
#         file join \
#             $reports_dir \
#             timing_post_place.rpt
#     ]
INFO: [Timing 38-91] UpdateTimingParams: Speed grade: -1, Temperature grade: E, Delay Type: min_max.
INFO: [Timing 38-191] Multithreading enabled for timing update using a maximum of 32 CPUs
report_timing_summary: Time (s): cpu = 00:05:45 ; elapsed = 00:00:51 . Memory (MB): peak = 16132.680 ; gain = 0.000 ; free physical = 226185 ; free virtual = 239537
# report_design_analysis \
#     -congestion \
#     -file [
#         file join \
#             $reports_dir \
#             congestion_post_place.rpt
#     ]
# report_utilization \
#     -slr \
#     -file [
#         file join \
#             $reports_dir \
#             utilization_slr_post_place.rpt
#     ]
report_utilization: Time (s): cpu = 00:00:31 ; elapsed = 00:00:32 . Memory (MB): peak = 16132.680 ; gain = 0.000 ; free physical = 226192 ; free virtual = 239545
# report_high_fanout_nets \
#     -file [
#         file join \
#             $reports_dir \
#             high_fanout_post_place.rpt
#     ]
report_high_fanout_nets: Time (s): cpu = 00:00:20 ; elapsed = 00:00:20 . Memory (MB): peak = 16132.680 ; gain = 0.000 ; free physical = 226191 ; free virtual = 239543
# if {$screen_only} {
# 
#     puts "============================================================"
#     puts "SCREEN_ONLY=1"
#     puts "STOPPING_AFTER_PLACEMENT"
#     puts "PLACEMENT_SCREEN_COMPLETE=$run_name"
#     puts "============================================================"
# 
#     write_metadata \
#         [file join $output_dir metadata.txt] \
#         "placement_complete" \
#         $run_name \
#         $place_directive \
#         $route_directive \
#         $screen_only \
#         $use_tns_cleanup \
#         $use_post_phys \
#         $start_time
# 
#     exit 0
# }
============================================================
SCREEN_ONLY=1
STOPPING_AFTER_PLACEMENT
PLACEMENT_SCREEN_COMPLETE=screen_ssi_balance_sll
============================================================
INFO: [Common 17-206] Exiting Vivado at Tue Aug 18 16:08:11 2026...
Baseline already exists: /mnt_pool/c3_users/user/pleguina/graphsage_vivado_2024_1_sweep/build/vivado_sweep/baseline_post_synth.dcp

==============================================================================
Run name        : screen_ssi_balance_sll
Placement       : SSI_BalanceSLLs
Routing         : Default
Screen only     : True
==============================================================================

