
****** Vivado v2025.2 (64-bit)
  **** SW Build 6299465 on Fri Nov 14 12:34:56 MST 2025
  **** IP Build 6300035 on Fri Nov 14 10:48:45 MST 2025
  **** SharedData Build 6298862 on Thu Nov 13 04:50:51 MST 2025
  **** Start of session at: Tue Aug 18 13:30:45 2026
    ** Copyright 1986-2022 Xilinx, Inc. All Rights Reserved.
    ** Copyright 2022-2025 Advanced Micro Devices, Inc. All Rights Reserved.

source /mnt_pool/c3_users/user/pleguina/graphsage_vivado_2024_1_sweep/hls/run_vivado_int8_po2_strategy.tcl
# set script_dir [file dirname [file normalize [info script]]]
# set repo_root [file normalize [file join $script_dir ..]]
# set sweep_dir [file join $repo_root build vivado_sweep]
# foreach required_env {RUN_NAME PLACE_DIRECTIVE} {
#     if {![info exists ::env($required_env)] || $::env($required_env) eq ""} {
#         error "Missing required environment variable $required_env"
#     }
# }
# set run_name $::env(RUN_NAME)
# set place_directive $::env(PLACE_DIRECTIVE)
# set route_directive [expr {
#     [info exists ::env(ROUTE_DIRECTIVE)]
#         ? $::env(ROUTE_DIRECTIVE)
#         : "Default"
# }]
# set screen_only [expr {
#     [info exists ::env(SCREEN_ONLY)]
#         ? $::env(SCREEN_ONLY)
#         : 1
# }]
# set use_tns_cleanup [expr {
#     [info exists ::env(USE_TNS_CLEANUP)]
#         ? $::env(USE_TNS_CLEANUP)
#         : 1
# }]
# set use_post_phys [expr {
#     [info exists ::env(USE_POST_PHYS)]
#         ? $::env(USE_POST_PHYS)
#         : 1
# }]
# set output_dir [file join $sweep_dir $run_name]
# set reports_dir [file join $output_dir reports]
# set start_time [clock seconds]
# file mkdir $output_dir
# file mkdir $reports_dir
# set vivado_threads [expr {
#     [info exists ::env(SLURM_CPUS_PER_TASK)]
#         ? $::env(SLURM_CPUS_PER_TASK)
#         : 4
# }]
# set_param general.maxThreads $vivado_threads
# puts "============================================================"
============================================================
# puts "RUN_NAME=$run_name"
RUN_NAME=screen_altspread_medium
# puts "PLACE_DIRECTIVE=$place_directive"
PLACE_DIRECTIVE=AltSpreadLogic_medium
# puts "ROUTE_DIRECTIVE=$route_directive"
ROUTE_DIRECTIVE=Default
# puts "SCREEN_ONLY=$screen_only"
SCREEN_ONLY=1
# puts "USE_TNS_CLEANUP=$use_tns_cleanup"
USE_TNS_CLEANUP=1
# puts "USE_POST_PHYS=$use_post_phys"
USE_POST_PHYS=0
# puts "VIVADO_MAX_THREADS=$vivado_threads"
VIVADO_MAX_THREADS=32
# puts "============================================================"
============================================================
# proc timing_slack {delay_type} {
# 
#     set paths [
#         get_timing_paths \
#             -delay_type $delay_type \
#             -max_paths 1 \
#             -quiet
#     ]
# 
#     if {[llength $paths] == 0} {
#         return "NA"
#     }
# 
#     return [get_property SLACK [lindex $paths 0]]
# }
# proc write_metadata {
#     path
#     status
#     run_name
#     place_directive
#     route_directive
#     screen_only
#     use_tns_cleanup
#     use_post_phys
#     start_time
# } {
# 
#     set metadata [open $path w]
# 
#     puts $metadata "run_name=$run_name"
#     puts $metadata "place_directive=$place_directive"
#     puts $metadata "route_directive=$route_directive"
#     puts $metadata "screen_only=$screen_only"
#     puts $metadata "tns_cleanup=$use_tns_cleanup"
#     puts $metadata "postroute_physopt=$use_post_phys"
# 
#     puts $metadata "clock_period_ns=2.77"
# 
#     puts $metadata \
#         "post_stage_setup_wns_ns=[timing_slack max]"
# 
#     puts $metadata \
#         "post_stage_hold_wns_ns=[timing_slack min]"
# 
#     puts $metadata \
#         "runtime_seconds=[expr {[clock seconds] - $start_time}]"
# 
#     puts $metadata "status=$status"
# 
#     close $metadata
# }
# open_checkpoint [
#     file join \
#         $sweep_dir \
#         baseline_post_synth.dcp
# ]
Command: open_checkpoint /mnt_pool/c3_users/user/pleguina/graphsage_vivado_2024_1_sweep/build/vivado_sweep/baseline_post_synth.dcp

Starting open_checkpoint Task

Time (s): cpu = 00:00:00.03 ; elapsed = 00:00:00.03 . Memory (MB): peak = 1544.473 ; gain = 0.000 ; free physical = 134138 ; free virtual = 247166
INFO: [Device 21-403] Loading part xcvu13p-fsga2577-1-e
Netlist sorting complete. Time (s): cpu = 00:00:05 ; elapsed = 00:00:05 . Memory (MB): peak = 3856.316 ; gain = 22.398 ; free physical = 165688 ; free virtual = 246572
INFO: [Netlist 29-17] Analyzing 37864 Unisim elements for replacement
INFO: [Netlist 29-28] Unisim Transformation completed in 24 CPU seconds
INFO: [Project 1-479] Netlist was created with Vivado 2024.1
INFO: [Project 1-570] Preparing netlist for logic optimization
INFO: [Constraints 18-4397] Generator change detected checking ShapeConfig Enum. shapeDB will be regenerated.
Read ShapeDB Complete: Time (s): cpu = 00:00:00.66 ; elapsed = 00:00:00.68 . Memory (MB): peak = 5160.754 ; gain = 61.836 ; free physical = 164391 ; free virtual = 245275
INFO: [Constraints 18-5435] Cannot read file, the software version for the checkpoint (2024.1.5076996) does not match the current software version (2025.2.6299465).
  File : /mnt_pool/c3_users/user/pleguina/graphsage_vivado_2024_1_sweep/build/vivado_sweep/baseline_post_synth/graphsage_int8_po2.xbdc.
Parsing XDC File [/mnt_pool/c3_users/user/pleguina/graphsage_vivado_2024_1_sweep/build/vivado_sweep/baseline_post_synth/graphsage_int8_po2.xdc]
INFO: [Vivado 12-4761] HD.CLK_SRC property is set on port ap_clk. The net connecting to the port drives either clock PIN or hierarchical black box. Use the create_clock constraint to create a clock on this port prior to setting HD.CLK_SRC.  [/home/pelayo/work/simple-gnn/hls/graphsage_int8_po2_ooc.xdc:2]
Finished Parsing XDC File [/mnt_pool/c3_users/user/pleguina/graphsage_vivado_2024_1_sweep/build/vivado_sweep/baseline_post_synth/graphsage_int8_po2.xdc]
INFO: [Opt 31-138] Pushed 0 inverter(s) to 0 load pin(s).
Netlist sorting complete. Time (s): cpu = 00:00:00.12 ; elapsed = 00:00:00.13 . Memory (MB): peak = 5541.562 ; gain = 0.000 ; free physical = 164244 ; free virtual = 245127
INFO: [Project 1-111] Unisim Transformation Summary:
  A total of 4216 instances were transformed.
  DSP48E2 => DSP48E2 (DSP_ALU, DSP_A_B_DATA, DSP_C_DATA, DSP_MULTIPLIER, DSP_M_DATA, DSP_OUTPUT, DSP_PREADD, DSP_PREADD_DATA): 4216 instances

INFO: [Project 1-604] Checkpoint was created with Vivado v2024.1 (64-bit) build 5076996
open_checkpoint: Time (s): cpu = 00:02:29 ; elapsed = 00:02:36 . Memory (MB): peak = 5541.598 ; gain = 3997.125 ; free physical = 164244 ; free virtual = 245127
# report_property \
#     [get_ports ap_clk] \
#     -file [
#         file join \
#             $reports_dir \
#             ap_clk_properties.rpt
#     ]
# opt_design -directive Explore
Command: opt_design -directive Explore
INFO: [Vivado_Tcl 4-136] Directive used for opt_design is: Explore
Attempting to get a license for feature 'Implementation' and/or device 'xcvu13p'
INFO: [Common 17-349] Got license for feature 'Implementation' and/or device 'xcvu13p'
INFO: [Common 17-1540] The version limit for your license is '2026.02' and has expired for new software. A version limit expiration means that, although you may be able to continue to use the current version of tools or IP with this license, you will not be eligible for new releases.
Running DRC as a precondition to command opt_design

Starting DRC Task
INFO: [DRC 23-27] Running DRC with 32 threads
WARNING: [DRC 23-814] Not all possible (connectivity based) DRCs may have been run because this design is seen as Out of Context.
INFO: [Project 1-461] DRC finished with 0 Errors
INFO: [Project 1-462] Please refer to the DRC report (report_drc) for more information.

Time (s): cpu = 00:00:13 ; elapsed = 00:00:05 . Memory (MB): peak = 6450.941 ; gain = 614.438 ; free physical = 163576 ; free virtual = 244459

Starting Logic Optimization Task

Phase 1 Initialization

Phase 1.1 Core Generation And Design Setup
Phase 1.1 Core Generation And Design Setup | Checksum: 1d92fb46c

Time (s): cpu = 00:00:01 ; elapsed = 00:00:01 . Memory (MB): peak = 6450.941 ; gain = 0.000 ; free physical = 163560 ; free virtual = 244444

Phase 1.2 Setup Constraints And Sort Netlist
Phase 1.2 Setup Constraints And Sort Netlist | Checksum: 1d92fb46c

Time (s): cpu = 00:00:02 ; elapsed = 00:00:02 . Memory (MB): peak = 6450.941 ; gain = 0.000 ; free physical = 163561 ; free virtual = 244444
Phase 1 Initialization | Checksum: 1d92fb46c

Time (s): cpu = 00:00:02 ; elapsed = 00:00:02 . Memory (MB): peak = 6450.941 ; gain = 0.000 ; free physical = 163561 ; free virtual = 244444

Phase 2 Timer Update And Timing Data Collection

Phase 2.1 Detect if minReqCache needed
Phase 2.1 Detect if minReqCache needed | Checksum: 1d92fb46c

Time (s): cpu = 00:00:04 ; elapsed = 00:00:04 . Memory (MB): peak = 6898.941 ; gain = 448.000 ; free physical = 163228 ; free virtual = 244112

Phase 2.2 Timer Update
INFO: [Timing 38-35] Done setting XDC timing constraints.
Phase 2.2 Timer Update | Checksum: 1d92fb46c

Time (s): cpu = 00:06:25 ; elapsed = 00:00:45 . Memory (MB): peak = 9506.766 ; gain = 3055.824 ; free physical = 160614 ; free virtual = 241497
Phase 2 Timer Update And Timing Data Collection | Checksum: 1d92fb46c

Time (s): cpu = 00:06:25 ; elapsed = 00:00:45 . Memory (MB): peak = 9506.766 ; gain = 3055.824 ; free physical = 160614 ; free virtual = 241497

Phase 3 Retarget
INFO: [Opt 31-1851] Number of loadless carry chains removed were: 0
INFO: [Opt 31-1834] Total Chains To Be Transformed Were: 0 AND Number of Transformed insts Created are: 0
INFO: [Opt 31-138] Pushed 0 inverter(s) to 0 load pin(s).
INFO: [Opt 31-49] Retargeted 0 cell(s).
Phase 3 Retarget | Checksum: 141bf1725

Time (s): cpu = 00:06:33 ; elapsed = 00:00:53 . Memory (MB): peak = 9506.766 ; gain = 3055.824 ; free physical = 160626 ; free virtual = 241509
Retarget | Checksum: 141bf1725
INFO: [Opt 31-389] Phase Retarget created 154 cells and removed 154 cells

Phase 4 Constant propagation
INFO: [Opt 31-138] Pushed 0 inverter(s) to 0 load pin(s).
Phase 4 Constant propagation | Checksum: 1527fdd32

Time (s): cpu = 00:06:38 ; elapsed = 00:00:58 . Memory (MB): peak = 9506.766 ; gain = 3055.824 ; free physical = 160630 ; free virtual = 241514
Constant propagation | Checksum: 1527fdd32
INFO: [Opt 31-389] Phase Constant propagation created 0 cells and removed 0 cells

Phase 5 Sweep
INFO: [Constraints 18-11670] Building netlist checker database with flags, 0x8
Done building netlist checker database: Time (s): cpu = 00:00:00.49 ; elapsed = 00:00:00.51 . Memory (MB): peak = 9506.766 ; gain = 0.000 ; free physical = 160620 ; free virtual = 241503
Phase 5 Sweep | Checksum: 19b69a6bd

Time (s): cpu = 00:06:50 ; elapsed = 00:01:10 . Memory (MB): peak = 9506.766 ; gain = 3055.824 ; free physical = 160618 ; free virtual = 241502
Sweep | Checksum: 19b69a6bd
INFO: [Opt 31-389] Phase Sweep created 0 cells and removed 0 cells

Phase 6 BUFG optimization
INFO: [Opt 31-1077] Phase BUFG optimization inserted 0 global clock buffer(s) for CLOCK_LOW_FANOUT.
Phase 6 BUFG optimization | Checksum: 19b69a6bd

Time (s): cpu = 00:06:54 ; elapsed = 00:01:14 . Memory (MB): peak = 9538.781 ; gain = 3087.840 ; free physical = 160621 ; free virtual = 241504
BUFG optimization | Checksum: 19b69a6bd
INFO: [Opt 31-662] Phase BUFG optimization created 0 cells of which 0 are BUFGs and removed 0 cells.

Phase 7 Shift Register Optimization
INFO: [Opt 31-1064] SRL Remap converted 0 SRLs to 0 registers and converted 0 registers of register chains to 0 SRLs
Phase 7 Shift Register Optimization | Checksum: fa3edf2b

Time (s): cpu = 00:06:56 ; elapsed = 00:01:16 . Memory (MB): peak = 9538.781 ; gain = 3087.840 ; free physical = 160620 ; free virtual = 241504
Shift Register Optimization | Checksum: fa3edf2b
INFO: [Opt 31-389] Phase Shift Register Optimization created 2971 cells and removed 0 cells
INFO: [Opt 31-1555] control_set_opt supports Versal devices only, and device xcvu13p is unsupported

Phase 8 Post Processing Netlist
Phase 8 Post Processing Netlist | Checksum: fa3edf2b

Time (s): cpu = 00:07:02 ; elapsed = 00:01:21 . Memory (MB): peak = 9538.781 ; gain = 3087.840 ; free physical = 160624 ; free virtual = 241508
Post Processing Netlist | Checksum: fa3edf2b
INFO: [Opt 31-389] Phase Post Processing Netlist created 0 cells and removed 0 cells

Phase 9 Finalization

Phase 9.1 Finalizing Design Cores and Updating Shapes
Phase 9.1 Finalizing Design Cores and Updating Shapes | Checksum: 171584779

Time (s): cpu = 00:07:37 ; elapsed = 00:01:52 . Memory (MB): peak = 9538.781 ; gain = 3087.840 ; free physical = 160626 ; free virtual = 241510

Phase 9.2 Verifying Netlist Connectivity

Starting Connectivity Check Task

Time (s): cpu = 00:00:00.76 ; elapsed = 00:00:00.77 . Memory (MB): peak = 9538.781 ; gain = 0.000 ; free physical = 160626 ; free virtual = 241510
Phase 9.2 Verifying Netlist Connectivity | Checksum: 171584779

Time (s): cpu = 00:07:37 ; elapsed = 00:01:53 . Memory (MB): peak = 9538.781 ; gain = 3087.840 ; free physical = 160626 ; free virtual = 241510
Phase 9 Finalization | Checksum: 171584779

Time (s): cpu = 00:07:37 ; elapsed = 00:01:53 . Memory (MB): peak = 9538.781 ; gain = 3087.840 ; free physical = 160626 ; free virtual = 241510
Opt_design Change Summary
=========================


-------------------------------------------------------------------------------------------------------------------------
|  Phase                        |  #Cells created  |  #Cells Removed  |  #Constrained objects preventing optimizations  |
-------------------------------------------------------------------------------------------------------------------------
|  Retarget                     |             154  |             154  |                                              0  |
|  Constant propagation         |               0  |               0  |                                              0  |
|  Sweep                        |               0  |               0  |                                              0  |
|  BUFG optimization            |               0  |               0  |                                              0  |
|  Shift Register Optimization  |            2971  |               0  |                                              0  |
|  Post Processing Netlist      |               0  |               0  |                                              0  |
-------------------------------------------------------------------------------------------------------------------------


Ending Logic Optimization Task | Checksum: 171584779

Time (s): cpu = 00:07:37 ; elapsed = 00:01:53 . Memory (MB): peak = 9538.781 ; gain = 3087.840 ; free physical = 160626 ; free virtual = 241510
Netlist sorting complete. Time (s): cpu = 00:00:00.13 ; elapsed = 00:00:00.13 . Memory (MB): peak = 9538.781 ; gain = 0.000 ; free physical = 160626 ; free virtual = 241510
INFO: [Common 17-83] Releasing license: Implementation
23 Infos, 1 Warnings, 0 Critical Warnings and 0 Errors encountered.
opt_design completed successfully
opt_design: Time (s): cpu = 00:07:54 ; elapsed = 00:02:22 . Memory (MB): peak = 9538.781 ; gain = 3734.094 ; free physical = 160626 ; free virtual = 241510
# write_checkpoint \
#     -force \
#     [
#         file join \
#             $output_dir \
#             post_opt.dcp
#     ]
INFO: [Timing 38-35] Done setting XDC timing constraints.
INFO: [Timing 38-480] Writing timing data to binary archive.
Write ShapeDB Complete: Time (s): cpu = 00:00:04 ; elapsed = 00:00:01 . Memory (MB): peak = 9538.781 ; gain = 0.000 ; free physical = 160536 ; free virtual = 241509
INFO: [Common 17-1381] The checkpoint '/mnt_pool/c3_users/user/pleguina/graphsage_vivado_2024_1_sweep/build/vivado_sweep/screen_altspread_medium/post_opt.dcp' has been generated.
write_checkpoint: Time (s): cpu = 00:07:25 ; elapsed = 00:01:14 . Memory (MB): peak = 9538.781 ; gain = 0.000 ; free physical = 160307 ; free virtual = 241347
# puts "============================================================"
============================================================
# puts "STARTING_PLACEMENT=$place_directive"
STARTING_PLACEMENT=AltSpreadLogic_medium
# puts "============================================================"
============================================================
# place_design \
#     -directive $place_directive \
#     -timing_summary
Command: place_design -directive AltSpreadLogic_medium -timing_summary
Attempting to get a license for feature 'Implementation' and/or device 'xcvu13p'
INFO: [Common 17-349] Got license for feature 'Implementation' and/or device 'xcvu13p'
INFO: [Common 17-1540] The version limit for your license is '2026.02' and has expired for new software. A version limit expiration means that, although you may be able to continue to use the current version of tools or IP with this license, you will not be eligible for new releases.
INFO: [Common 17-83] Releasing license: Implementation
INFO: [DRC 23-27] Running DRC with 32 threads
WARNING: [DRC 23-814] Not all possible (connectivity based) DRCs may have been run because this design is seen as Out of Context.
INFO: [Vivado_Tcl 4-198] DRC finished with 0 Errors
INFO: [Vivado_Tcl 4-199] Please refer to the DRC report (report_drc) for more information.
INFO: [Vivado_Tcl 4-2302] The placer was invoked with the 'AltSpreadLogic_medium' directive.
Running DRC as a precondition to command place_design
INFO: [DRC 23-27] Running DRC with 32 threads
WARNING: [DRC 23-814] Not all possible (connectivity based) DRCs may have been run because this design is seen as Out of Context.
INFO: [Vivado_Tcl 4-198] DRC finished with 0 Errors
INFO: [Vivado_Tcl 4-199] Please refer to the DRC report (report_drc) for more information.
INFO: [Place 30-611] Multithreading enabled for place_design using a maximum of 32 CPUs

Starting Placer Task

Phase 1 Placer Initialization

Phase 1.1 Placer Initialization Netlist Sorting
Netlist sorting complete. Time (s): cpu = 00:00:00.14 ; elapsed = 00:00:00.15 . Memory (MB): peak = 9829.398 ; gain = 0.000 ; free physical = 160054 ; free virtual = 241095
Phase 1.1 Placer Initialization Netlist Sorting | Checksum: edab7f05

Time (s): cpu = 00:00:00.24 ; elapsed = 00:00:00.25 . Memory (MB): peak = 9829.398 ; gain = 0.000 ; free physical = 160054 ; free virtual = 241095
Netlist sorting complete. Time (s): cpu = 00:00:00.13 ; elapsed = 00:00:00.13 . Memory (MB): peak = 9829.398 ; gain = 0.000 ; free physical = 160054 ; free virtual = 241095

Phase 1.2 IO Placement/ Clock Placement/ Build Placer Device
Phase 1.2 IO Placement/ Clock Placement/ Build Placer Device | Checksum: 7041334a

Time (s): cpu = 00:00:51 ; elapsed = 00:00:38 . Memory (MB): peak = 10006.773 ; gain = 177.375 ; free physical = 159676 ; free virtual = 240717

Phase 1.3 Build Placer Netlist Model
Phase 1.3 Build Placer Netlist Model | Checksum: e5d53cc0

Time (s): cpu = 00:12:04 ; elapsed = 00:03:36 . Memory (MB): peak = 15427.074 ; gain = 5597.676 ; free physical = 197058 ; free virtual = 237716

Phase 1.4 Constrain Clocks/Macros
Phase 1.4 Constrain Clocks/Macros | Checksum: e5d53cc0

Time (s): cpu = 00:12:04 ; elapsed = 00:03:37 . Memory (MB): peak = 15427.074 ; gain = 5597.676 ; free physical = 201232 ; free virtual = 238002
Phase 1 Placer Initialization | Checksum: e5d53cc0

Time (s): cpu = 00:12:06 ; elapsed = 00:03:38 . Memory (MB): peak = 15427.074 ; gain = 5597.676 ; free physical = 220797 ; free virtual = 239440

Phase 2 Global Placement

Phase 2.1 Floorplanning

Phase 2.1.1 Partition Driven Placement

Phase 2.1.1.1 PBP: Partition Driven Placement
Phase 2.1.1.1 PBP: Partition Driven Placement | Checksum: c66f31e8

Time (s): cpu = 00:18:30 ; elapsed = 00:05:58 . Memory (MB): peak = 15699.207 ; gain = 5869.809 ; free physical = 225638 ; free virtual = 239881

Phase 2.1.1.2 PBP: Clock Region Placement
Phase 2.1.1.2 PBP: Clock Region Placement | Checksum: c66f31e8

Time (s): cpu = 00:18:46 ; elapsed = 00:06:14 . Memory (MB): peak = 15699.207 ; gain = 5869.809 ; free physical = 225637 ; free virtual = 239880

Phase 2.1.1.3 PBP: Compute Congestion
Phase 2.1.1.3 PBP: Compute Congestion | Checksum: c66f31e8

Time (s): cpu = 00:20:01 ; elapsed = 00:06:30 . Memory (MB): peak = 15699.207 ; gain = 5869.809 ; free physical = 225630 ; free virtual = 239873

Phase 2.1.1.4 PBP: UpdateTiming
Phase 2.1.1.4 PBP: UpdateTiming | Checksum: 9e72996d

Time (s): cpu = 00:21:18 ; elapsed = 00:06:52 . Memory (MB): peak = 15891.301 ; gain = 6061.902 ; free physical = 225634 ; free virtual = 239876

Phase 2.1.1.5 PBP: Add part constraints
Phase 2.1.1.5 PBP: Add part constraints | Checksum: 9e72996d

Time (s): cpu = 00:21:21 ; elapsed = 00:06:55 . Memory (MB): peak = 15891.301 ; gain = 6061.902 ; free physical = 225634 ; free virtual = 239876
Phase 2.1.1 Partition Driven Placement | Checksum: 9e72996d

Time (s): cpu = 00:21:21 ; elapsed = 00:06:55 . Memory (MB): peak = 15891.301 ; gain = 6061.902 ; free physical = 225634 ; free virtual = 239876
Phase 2.1 Floorplanning | Checksum: 9e72996d

Time (s): cpu = 00:21:21 ; elapsed = 00:06:55 . Memory (MB): peak = 15891.301 ; gain = 6061.902 ; free physical = 225634 ; free virtual = 239876

Phase 2.2 Physical Synthesis After Floorplan
INFO: [Physopt 32-46] Identified 49 candidate nets for critical-cell optimization.
INFO: [Physopt 32-81] Processed net weights2_0_3_read_reg_152675_pp0_iter26_reg[7]. Replicated 1 times.
INFO: [Physopt 32-81] Processed net weights2_0_13_read_reg_152725_pp0_iter25_reg[7]. Replicated 1 times.
INFO: [Physopt 32-775] End 1 Pass. Optimized 2 nets or cells. Created 2 new cells, deleted 0 existing cell and moved 0 existing cell
Netlist sorting complete. Time (s): cpu = 00:00:03 ; elapsed = 00:00:03 . Memory (MB): peak = 15891.301 ; gain = 0.000 ; free physical = 225634 ; free virtual = 239876
Netlist sorting complete. Time (s): cpu = 00:00:00.13 ; elapsed = 00:00:00.13 . Memory (MB): peak = 15891.301 ; gain = 0.000 ; free physical = 225634 ; free virtual = 239876

Summary of Physical Synthesis Optimizations
============================================


-----------------------------------------------------------------------------------------------------------------------------------------------
|  Optimization                         |  Added Cells  |  Removed Cells  |  Optimized Cells/Nets  |  Dont Touch  |  Iterations  |  Elapsed   |
-----------------------------------------------------------------------------------------------------------------------------------------------
|  PSIP Post Floorplan SLR Replication  |            2  |              0  |                     2  |           0  |           1  |  00:00:20  |
|  Total                                |            2  |              0  |                     2  |           0  |           1  |  00:00:20  |
-----------------------------------------------------------------------------------------------------------------------------------------------


Phase 2.2 Physical Synthesis After Floorplan | Checksum: d6185151

Time (s): cpu = 00:24:02 ; elapsed = 00:07:24 . Memory (MB): peak = 15891.301 ; gain = 6061.902 ; free physical = 225633 ; free virtual = 239876

Phase 2.3 Update Timing before SLR Path Opt
Phase 2.3 Update Timing before SLR Path Opt | Checksum: ad296f05

Time (s): cpu = 00:24:04 ; elapsed = 00:07:26 . Memory (MB): peak = 15891.301 ; gain = 6061.902 ; free physical = 225637 ; free virtual = 239880

Phase 2.4 Post-Processing in Floorplanning
Phase 2.4 Post-Processing in Floorplanning | Checksum: 96254ced

Time (s): cpu = 00:24:05 ; elapsed = 00:07:28 . Memory (MB): peak = 15891.301 ; gain = 6061.902 ; free physical = 225640 ; free virtual = 239883

Phase 2.5 Global Place Phase1
Phase 2.5 Global Place Phase1 | Checksum: 15bfbf2be

Time (s): cpu = 00:46:32 ; elapsed = 00:13:56 . Memory (MB): peak = 15923.316 ; gain = 6093.918 ; free physical = 225472 ; free virtual = 239741

Phase 2.6 Global Place Phase2

Phase 2.6.1 UpdateTiming Before Physical Synthesis
Phase 2.6.1 UpdateTiming Before Physical Synthesis | Checksum: 2206418aa

Time (s): cpu = 00:49:52 ; elapsed = 00:14:14 . Memory (MB): peak = 15923.316 ; gain = 6093.918 ; free physical = 225468 ; free virtual = 239736

Phase 2.6.2 Physical Synthesis In Placer
INFO: [Physopt 32-1035] Found 9 LUTNM shape to break, 6149 LUT instances to create LUTNM shape
INFO: [Physopt 32-1044] Break lutnm for timing: one critical 6, two critical 3, total 9, new lutff created 0
INFO: [Physopt 32-1138] End 1 Pass. Optimized 2346 nets or LUTs. Breaked 9 LUTs, combined 2337 existing LUTs and moved 0 existing LUT
INFO: [Physopt 32-1030] Pass 1. Identified 387 candidate driver sets for equivalent driver rewiring.
INFO: [Physopt 32-661] Optimized 177 nets.  Re-placed 561 instances.
INFO: [Physopt 32-775] End 1 Pass. Optimized 177 nets or cells. Created 0 new cell, deleted 0 existing cell and moved 561 existing cells
Netlist sorting complete. Time (s): cpu = 00:00:01 ; elapsed = 00:00:01 . Memory (MB): peak = 15923.316 ; gain = 0.000 ; free physical = 225461 ; free virtual = 239729
INFO: [Physopt 32-1408] Pass 1. Identified 8 candidate nets for high-fanout optimization.
INFO: [Physopt 32-81] Processed net ap_enable_reg_pp0_iter12. Replicated 15 times.
INFO: [Physopt 32-81] Processed net ap_enable_reg_pp0_iter11. Replicated 15 times.
INFO: [Physopt 32-81] Processed net ap_enable_reg_pp0_iter13. Replicated 63 times.
INFO: [Physopt 32-81] Processed net ap_enable_reg_pp0_iter32. Replicated 16 times.
INFO: [Physopt 32-81] Processed net ap_enable_reg_pp0_iter33. Replicated 21 times.
INFO: [Physopt 32-81] Processed net ap_enable_reg_pp0_iter14. Replicated 76 times.
INFO: [Physopt 32-81] Processed net ap_enable_reg_pp0_iter34. Replicated 17 times.
INFO: [Physopt 32-81] Processed net ap_enable_reg_pp0_iter35. Replicated 29 times.
INFO: [Physopt 32-232] Optimized 8 nets. Created 252 new instances.
INFO: [Physopt 32-775] End 1 Pass. Optimized 8 nets or cells. Created 252 new cells, deleted 0 existing cell and moved 0 existing cell
Netlist sorting complete. Time (s): cpu = 00:00:03 ; elapsed = 00:00:04 . Memory (MB): peak = 15923.316 ; gain = 0.000 ; free physical = 225511 ; free virtual = 239780
INFO: [Physopt 32-46] Identified 200 candidate nets for critical-cell optimization.
INFO: [Physopt 32-81] Processed net hidden_277_reg_205209[3]. Replicated 2 times.
INFO: [Physopt 32-81] Processed net hidden_277_reg_205209[4]. Replicated 2 times.
INFO: [Physopt 32-81] Processed net hidden_328_reg_205464[0]. Replicated 1 times.
INFO: [Physopt 32-81] Processed net hidden_328_reg_205464[6]. Replicated 1 times.
INFO: [Physopt 32-81] Processed net hidden_373_reg_205689[0]. Replicated 2 times.
INFO: [Physopt 32-81] Processed net hidden_328_reg_205464[5]. Replicated 1 times.
INFO: [Physopt 32-81] Processed net hidden_328_reg_205464[2]. Replicated 1 times.
INFO: [Physopt 32-81] Processed net hidden_277_reg_205209[2]. Replicated 2 times.
INFO: [Physopt 32-81] Processed net hidden_328_reg_205464[1]. Replicated 1 times.
INFO: [Physopt 32-81] Processed net hidden_277_reg_205209[5]. Replicated 2 times.
INFO: [Physopt 32-81] Processed net hidden_277_reg_205209[0]. Replicated 2 times.
INFO: [Physopt 32-81] Processed net hidden_277_reg_205209[1]. Replicated 2 times.
INFO: [Physopt 32-81] Processed net hidden_277_reg_205209[6]. Replicated 2 times.
INFO: [Physopt 32-81] Processed net hidden_336_reg_205504[0]. Replicated 4 times.
INFO: [Physopt 32-81] Processed net hidden_221_reg_204929[0]. Replicated 3 times.
INFO: [Physopt 32-81] Processed net hidden_197_reg_204809[0]. Replicated 3 times.
INFO: [Physopt 32-81] Processed net hidden_229_reg_204969[0]. Replicated 3 times.
INFO: [Physopt 32-81] Processed net hidden_368_reg_205664[3]. Replicated 2 times.
INFO: [Physopt 32-81] Processed net hidden_368_reg_205664[4]. Replicated 2 times.
INFO: [Physopt 32-81] Processed net hidden_368_reg_205664[0]. Replicated 2 times.
INFO: [Physopt 32-81] Processed net hidden_328_reg_205464[3]. Replicated 1 times.
INFO: [Physopt 32-81] Processed net hidden_328_reg_205464[4]. Replicated 1 times.
INFO: [Physopt 32-81] Processed net hidden_362_reg_205634[3]. Replicated 4 times.
INFO: [Physopt 32-81] Processed net hidden_362_reg_205634[1]. Replicated 5 times.
INFO: [Physopt 32-81] Processed net hidden_312_reg_205384[0]. Replicated 4 times.
INFO: [Physopt 32-81] Processed net hidden_362_reg_205634[4]. Replicated 4 times.
INFO: [Physopt 32-81] Processed net hidden_285_reg_205249[0]. Replicated 2 times.
INFO: [Physopt 32-81] Processed net hidden_285_reg_205249[1]. Replicated 4 times.
INFO: [Physopt 32-81] Processed net hidden_362_reg_205634[2]. Replicated 5 times.
INFO: [Physopt 32-81] Processed net hidden_373_reg_205689[3]. Replicated 2 times.
INFO: [Physopt 32-81] Processed net hidden_373_reg_205689[4]. Replicated 2 times.
INFO: [Physopt 32-81] Processed net hidden_221_reg_204929[2]. Replicated 2 times.
INFO: [Physopt 32-81] Processed net hidden_285_reg_205249[2]. Replicated 4 times.
INFO: [Physopt 32-81] Processed net hidden_297_reg_205309[0]. Replicated 4 times.
INFO: [Physopt 32-81] Processed net hidden_221_reg_204929[1]. Replicated 3 times.
INFO: [Physopt 32-81] Processed net hidden_336_reg_205504[4]. Replicated 4 times.
INFO: [Physopt 32-232] Optimized 36 nets. Created 91 new instances.
INFO: [Physopt 32-775] End 1 Pass. Optimized 36 nets or cells. Created 91 new cells, deleted 0 existing cell and moved 0 existing cell
Netlist sorting complete. Time (s): cpu = 00:00:03 ; elapsed = 00:00:03 . Memory (MB): peak = 15923.316 ; gain = 0.000 ; free physical = 227771 ; free virtual = 240080
INFO: [Physopt 32-457] Pass 1. Identified 50 candidate cells for DSP register optimization.
INFO: [Physopt 32-665] Processed cell mul_16s_7ns_23_4_1_U3117/buff1_reg. 7 registers were pushed out.
INFO: [Physopt 32-665] Processed cell mul_16s_7ns_23_4_1_U3113/buff1_reg. 7 registers were pushed out.
INFO: [Physopt 32-665] Processed cell mul_16s_7ns_23_4_1_U3028/buff1_reg. 7 registers were pushed out.
INFO: [Physopt 32-665] Processed cell mul_16s_7ns_23_4_1_U3115/buff1_reg. 7 registers were pushed out.
INFO: [Physopt 32-665] Processed cell mul_16s_7ns_23_4_1_U3098/buff1_reg. 7 registers were pushed out.
INFO: [Physopt 32-665] Processed cell mul_16s_7ns_23_4_1_U3238/buff1_reg. 7 registers were pushed out.
INFO: [Physopt 32-665] Processed cell mul_16s_7ns_23_4_1_U3272/buff1_reg. 7 registers were pushed out.
INFO: [Physopt 32-665] Processed cell mul_16s_7ns_23_4_1_U2361/buff1_reg. 7 registers were pushed out.
INFO: [Physopt 32-665] Processed cell mul_16s_7ns_23_4_1_U2402/buff1_reg. 7 registers were pushed out.
INFO: [Physopt 32-665] Processed cell mul_16s_7ns_23_4_1_U2786/buff1_reg. 7 registers were pushed out.
INFO: [Physopt 32-665] Processed cell mul_16s_7ns_23_4_1_U2413/buff1_reg. 7 registers were pushed out.
INFO: [Physopt 32-665] Processed cell mul_16s_7ns_23_4_1_U3116/buff1_reg. 7 registers were pushed out.
INFO: [Physopt 32-665] Processed cell mul_16s_7ns_23_4_1_U3118/buff1_reg. 7 registers were pushed out.
INFO: [Physopt 32-665] Processed cell mul_16s_7ns_23_4_1_U2252/buff1_reg. 7 registers were pushed out.
INFO: [Physopt 32-665] Processed cell mul_16s_7ns_23_4_1_U2955/buff1_reg. 7 registers were pushed out.
INFO: [Physopt 32-665] Processed cell mul_16s_7ns_23_4_1_U3273/buff1_reg. 7 registers were pushed out.
INFO: [Physopt 32-665] Processed cell mul_16s_7ns_23_4_1_U3678/buff1_reg. 7 registers were pushed out.
INFO: [Physopt 32-665] Processed cell mul_16s_7ns_23_4_1_U2546/buff1_reg. 7 registers were pushed out.
INFO: [Physopt 32-665] Processed cell mul_16s_7ns_23_4_1_U2814/buff1_reg. 7 registers were pushed out.
INFO: [Physopt 32-665] Processed cell mul_16s_7ns_23_4_1_U2355/buff1_reg. 7 registers were pushed out.
INFO: [Physopt 32-665] Processed cell mul_16s_7ns_23_4_1_U2356/buff1_reg. 7 registers were pushed out.
INFO: [Physopt 32-665] Processed cell mul_16s_7ns_23_4_1_U2951/buff1_reg. 7 registers were pushed out.
INFO: [Physopt 32-665] Processed cell mul_16s_7ns_23_4_1_U2414/buff1_reg. 7 registers were pushed out.
INFO: [Physopt 32-665] Processed cell mul_16s_7ns_23_4_1_U3024/buff1_reg. 7 registers were pushed out.
INFO: [Physopt 32-665] Processed cell mul_16s_7ns_23_4_1_U2369/buff1_reg. 7 registers were pushed out.
INFO: [Physopt 32-665] Processed cell mul_16s_7ns_23_4_1_U2396/buff1_reg. 7 registers were pushed out.
INFO: [Physopt 32-665] Processed cell mul_16s_7ns_23_4_1_U3023/buff1_reg. 7 registers were pushed out.
INFO: [Physopt 32-665] Processed cell mul_16s_7ns_23_4_1_U2545/buff1_reg. 7 registers were pushed out.
INFO: [Physopt 32-665] Processed cell mul_16s_7ns_23_4_1_U2818/buff1_reg. 7 registers were pushed out.
INFO: [Physopt 32-665] Processed cell mul_16s_7ns_23_4_1_U2664/buff1_reg. 7 registers were pushed out.
INFO: [Physopt 32-665] Processed cell mul_16s_7ns_23_4_1_U3246/buff1_reg. 7 registers were pushed out.
INFO: [Physopt 32-665] Processed cell mul_16s_7ns_23_4_1_U2530/buff1_reg. 7 registers were pushed out.
INFO: [Physopt 32-665] Processed cell mul_16s_7ns_23_4_1_U3705/buff1_reg. 7 registers were pushed out.
INFO: [Physopt 32-665] Processed cell mul_16s_7ns_23_4_1_U2386/buff1_reg. 7 registers were pushed out.
INFO: [Physopt 32-665] Processed cell mul_16s_7ns_23_4_1_U2262/buff1_reg. 7 registers were pushed out.
INFO: [Physopt 32-665] Processed cell mul_16s_7ns_23_4_1_U2954/buff1_reg. 7 registers were pushed out.
INFO: [Physopt 32-665] Processed cell mul_16s_7ns_23_4_1_U3271/buff1_reg. 7 registers were pushed out.
INFO: [Physopt 32-665] Processed cell mul_16s_7ns_23_4_1_U2784/buff1_reg. 7 registers were pushed out.
INFO: [Physopt 32-665] Processed cell mul_16s_7ns_23_4_1_U3237/buff1_reg. 7 registers were pushed out.
INFO: [Physopt 32-665] Processed cell mul_16s_7ns_23_4_1_U2307/buff1_reg. 7 registers were pushed out.
INFO: [Physopt 32-665] Processed cell mul_16s_7ns_23_4_1_U3235/buff1_reg. 7 registers were pushed out.
INFO: [Physopt 32-665] Processed cell mul_16s_7ns_23_4_1_U3665/buff1_reg. 7 registers were pushed out.
INFO: [Physopt 32-665] Processed cell mul_16s_7ns_23_4_1_U3114/buff1_reg. 7 registers were pushed out.
INFO: [Physopt 32-665] Processed cell mul_16s_7ns_23_4_1_U3188/buff1_reg. 7 registers were pushed out.
INFO: [Physopt 32-665] Processed cell mul_16s_7ns_23_4_1_U3650/buff1_reg. 7 registers were pushed out.
INFO: [Physopt 32-665] Processed cell mul_16s_7ns_23_4_1_U2665/buff1_reg. 7 registers were pushed out.
INFO: [Physopt 32-665] Processed cell mul_16s_7ns_23_4_1_U2666/buff1_reg. 7 registers were pushed out.
INFO: [Physopt 32-665] Processed cell mul_16s_7ns_23_4_1_U3668/buff1_reg. 7 registers were pushed out.
INFO: [Physopt 32-665] Processed cell mul_16s_7ns_23_4_1_U2313/buff1_reg. 7 registers were pushed out.
INFO: [Physopt 32-665] Processed cell mul_16s_7ns_23_4_1_U2331/buff1_reg. 7 registers were pushed out.
INFO: [Physopt 32-457] Pass 2. Identified 50 candidate cells for DSP register optimization.
INFO: [Physopt 32-665] Processed cell mul_16s_7ns_23_4_1_U2952/buff1_reg. 7 registers were pushed out.
INFO: [Physopt 32-665] Processed cell mul_16s_7ns_23_4_1_U3266/buff1_reg. 7 registers were pushed out.
INFO: [Physopt 32-665] Processed cell mul_16s_7ns_23_4_1_U3249/buff1_reg. 7 registers were pushed out.
INFO: [Physopt 32-665] Processed cell mul_16s_7ns_23_4_1_U3236/buff1_reg. 7 registers were pushed out.
INFO: [Physopt 32-665] Processed cell mul_16s_7ns_23_4_1_U3543/buff1_reg. 7 registers were pushed out.
INFO: [Physopt 32-665] Processed cell mul_16s_7ns_23_4_1_U2877/buff1_reg. 7 registers were pushed out.
INFO: [Physopt 32-665] Processed cell mul_16s_7ns_23_4_1_U2401/buff1_reg. 7 registers were pushed out.
INFO: [Physopt 32-665] Processed cell mul_16s_7ns_23_4_1_U2314/buff1_reg. 7 registers were pushed out.
INFO: [Physopt 32-665] Processed cell mul_16s_7ns_23_4_1_U2956/buff1_reg. 7 registers were pushed out.
INFO: [Physopt 32-665] Processed cell mul_16s_7ns_23_4_1_U2878/buff1_reg. 7 registers were pushed out.
INFO: [Physopt 32-665] Processed cell mul_16s_7ns_23_4_1_U3025/buff1_reg. 7 registers were pushed out.
INFO: [Physopt 32-665] Processed cell mul_16s_7ns_23_4_1_U2211/buff1_reg. 7 registers were pushed out.
INFO: [Physopt 32-665] Processed cell mul_16s_7ns_23_4_1_U3454/buff1_reg. 7 registers were pushed out.
INFO: [Physopt 32-665] Processed cell mul_16s_7ns_23_4_1_U3667/buff1_reg. 7 registers were pushed out.
INFO: [Physopt 32-665] Processed cell mul_16s_7ns_23_4_1_U3669/buff1_reg. 7 registers were pushed out.
INFO: [Physopt 32-665] Processed cell mul_16s_7ns_23_4_1_U3441/buff1_reg. 7 registers were pushed out.
INFO: [Physopt 32-665] Processed cell mul_16s_7ns_23_4_1_U3570/buff1_reg. 7 registers were pushed out.
INFO: [Physopt 32-665] Processed cell mul_16s_7ns_23_4_1_U2619/buff1_reg. 7 registers were pushed out.
INFO: [Physopt 32-665] Processed cell mul_16s_7ns_23_4_1_U2676/buff1_reg. 7 registers were pushed out.
INFO: [Physopt 32-665] Processed cell mul_16s_7ns_23_4_1_U2550/buff1_reg. 7 registers were pushed out.
INFO: [Physopt 32-665] Processed cell mul_16s_7ns_23_4_1_U2215/buff1_reg. 7 registers were pushed out.
INFO: [Physopt 32-665] Processed cell mul_16s_7ns_23_4_1_U2675/buff1_reg. 7 registers were pushed out.
INFO: [Physopt 32-665] Processed cell mul_16s_7ns_23_4_1_U3182/buff1_reg. 7 registers were pushed out.
INFO: [Physopt 32-665] Processed cell mul_16s_7ns_23_4_1_U3274/buff1_reg. 7 registers were pushed out.
INFO: [Physopt 32-665] Processed cell mul_16s_7ns_23_4_1_U2971/buff1_reg. 7 registers were pushed out.
INFO: [Physopt 32-665] Processed cell mul_16s_7ns_23_4_1_U2529/buff1_reg. 7 registers were pushed out.
INFO: [Physopt 32-665] Processed cell mul_16s_7ns_23_4_1_U3622/buff1_reg. 7 registers were pushed out.
INFO: [Physopt 32-665] Processed cell mul_16s_7ns_23_4_1_U2282/buff1_reg. 7 registers were pushed out.
INFO: [Physopt 32-665] Processed cell mul_16s_7ns_23_4_1_U2540/buff1_reg. 7 registers were pushed out.
INFO: [Physopt 32-665] Processed cell mul_16s_7ns_23_4_1_U3269/buff1_reg. 7 registers were pushed out.
INFO: [Physopt 32-665] Processed cell mul_16s_7ns_23_4_1_U3569/buff1_reg. 7 registers were pushed out.
INFO: [Physopt 32-665] Processed cell mul_16s_7ns_23_4_1_U2504/buff1_reg. 7 registers were pushed out.
INFO: [Physopt 32-665] Processed cell mul_16s_7ns_23_4_1_U2616/buff1_reg. 7 registers were pushed out.
INFO: [Physopt 32-665] Processed cell mul_16s_7ns_23_4_1_U3701/buff1_reg. 7 registers were pushed out.
INFO: [Physopt 32-665] Processed cell mul_16s_7ns_23_4_1_U2677/buff1_reg. 7 registers were pushed out.
INFO: [Physopt 32-665] Processed cell mul_16s_7ns_23_4_1_U3027/buff1_reg. 7 registers were pushed out.
INFO: [Physopt 32-665] Processed cell mul_16s_7ns_23_4_1_U2785/buff1_reg. 7 registers were pushed out.
INFO: [Physopt 32-665] Processed cell mul_16s_7ns_23_4_1_U3440/buff1_reg. 7 registers were pushed out.
INFO: [Physopt 32-665] Processed cell mul_16s_7ns_23_4_1_U3438/buff1_reg. 7 registers were pushed out.
INFO: [Physopt 32-665] Processed cell mul_8s_5s_13_4_1_U1599/buff1_reg. 5 registers were pushed out.
INFO: [Physopt 32-665] Processed cell mul_16s_7ns_23_4_1_U2308/buff1_reg. 7 registers were pushed out.
INFO: [Physopt 32-665] Processed cell mul_16s_7ns_23_4_1_U3139/buff1_reg. 7 registers were pushed out.
INFO: [Physopt 32-665] Processed cell mul_16s_7ns_23_4_1_U2474/buff1_reg. 7 registers were pushed out.
INFO: [Physopt 32-665] Processed cell mul_16s_7ns_23_4_1_U2787/buff1_reg. 7 registers were pushed out.
INFO: [Physopt 32-665] Processed cell mul_16s_7ns_23_4_1_U3250/buff1_reg. 7 registers were pushed out.
INFO: [Physopt 32-665] Processed cell mul_16s_7ns_23_4_1_U3620/buff1_reg. 7 registers were pushed out.
INFO: [Physopt 32-665] Processed cell mul_16s_7ns_23_4_1_U3572/buff1_reg. 7 registers were pushed out.
INFO: [Physopt 32-665] Processed cell mul_16s_7ns_23_4_1_U2817/buff1_reg. 7 registers were pushed out.
INFO: [Physopt 32-665] Processed cell mul_16s_7ns_23_4_1_U3217/buff1_reg. 7 registers were pushed out.
INFO: [Physopt 32-665] Processed cell mul_16s_7ns_23_4_1_U2278/buff1_reg. 7 registers were pushed out.
INFO: [Common 17-14] Message 'Physopt 32-665' appears 100 times and further instances of the messages will be disabled. Use the Tcl command set_msg_config to change the current settings.
INFO: [Physopt 32-775] End 2 Pass. Optimized 100 nets or cells. Created 698 new cells, deleted 0 existing cell and moved 0 existing cell
Netlist sorting complete. Time (s): cpu = 00:00:03 ; elapsed = 00:00:03 . Memory (MB): peak = 15923.316 ; gain = 0.000 ; free physical = 227775 ; free virtual = 240084
INFO: [Physopt 32-1123] No candidate cells found for Shift Register to Pipeline optimization
INFO: [Physopt 32-775] End 2 Pass. Optimized 0 net or cell. Created 0 new cell, deleted 0 existing cell and moved 0 existing cell
INFO: [Physopt 32-1402] Pass 1: Identified 28 candidate cells for Shift Register optimization.
INFO: [Physopt 32-775] End 1 Pass. Optimized 28 nets or cells. Created 28 new cells, deleted 0 existing cell and moved 0 existing cell
Netlist sorting complete. Time (s): cpu = 00:00:03 ; elapsed = 00:00:03 . Memory (MB): peak = 15923.316 ; gain = 0.000 ; free physical = 227775 ; free virtual = 240084
INFO: [Physopt 32-526] No candidate cells for BRAM register optimization found in the design
INFO: [Physopt 32-775] End 1 Pass. Optimized 0 net or cell. Created 0 new cell, deleted 0 existing cell and moved 0 existing cell
INFO: [Physopt 32-846] No candidate cells for URAM register optimization found in the design
INFO: [Physopt 32-775] End 1 Pass. Optimized 0 net or cell. Created 0 new cell, deleted 0 existing cell and moved 0 existing cell
INFO: [Physopt 32-846] No candidate cells for URAM register optimization found in the design
INFO: [Physopt 32-775] End 1 Pass. Optimized 0 net or cell. Created 0 new cell, deleted 0 existing cell and moved 0 existing cell
INFO: [Physopt 32-949] No candidate nets found for dynamic/static region interface net replication
INFO: [Physopt 32-775] End 1 Pass. Optimized 0 net or cell. Created 0 new cell, deleted 0 existing cell and moved 0 existing cell
Netlist sorting complete. Time (s): cpu = 00:00:00.14 ; elapsed = 00:00:00.14 . Memory (MB): peak = 15923.316 ; gain = 0.000 ; free physical = 227775 ; free virtual = 240085
INFO: [Physopt 32-76] Pass 1. Identified 3 candidate nets for fanout optimization.
INFO: [Physopt 32-81] Processed net ap_enable_reg_pp0_iter12. Replicated 10 times.
INFO: [Physopt 32-81] Processed net ap_enable_reg_pp0_iter33_repN. Replicated 10 times.
INFO: [Physopt 32-81] Processed net ap_enable_reg_pp0_iter34_repN. Replicated 10 times.
INFO: [Physopt 32-232] Optimized 3 nets. Created 30 new instances.
INFO: [Physopt 32-775] End 1 Pass. Optimized 3 nets or cells. Created 30 new cells, deleted 0 existing cell and moved 0 existing cell
Netlist sorting complete. Time (s): cpu = 00:00:03 ; elapsed = 00:00:03 . Memory (MB): peak = 15923.316 ; gain = 0.000 ; free physical = 227769 ; free virtual = 240078
INFO: [Physopt 32-46] Identified 3 candidate nets for critical-cell optimization.
INFO: [Physopt 32-81] Processed net ap_enable_reg_pp0_iter11. Replicated 8 times.
INFO: [Physopt 32-81] Processed net ap_enable_reg_pp0_iter10. Replicated 1 times.
INFO: [Physopt 32-232] Optimized 2 nets. Created 9 new instances.
INFO: [Physopt 32-775] End 1 Pass. Optimized 2 nets or cells. Created 9 new cells, deleted 0 existing cell and moved 0 existing cell
Netlist sorting complete. Time (s): cpu = 00:00:03 ; elapsed = 00:00:03 . Memory (MB): peak = 15923.316 ; gain = 0.000 ; free physical = 227770 ; free virtual = 240079
Netlist sorting complete. Time (s): cpu = 00:00:00.13 ; elapsed = 00:00:00.13 . Memory (MB): peak = 15923.316 ; gain = 0.000 ; free physical = 227770 ; free virtual = 240079

Summary of Physical Synthesis Optimizations
============================================


-----------------------------------------------------------------------------------------------------------------------------------------------------------
|  Optimization                                     |  Added Cells  |  Removed Cells  |  Optimized Cells/Nets  |  Dont Touch  |  Iterations  |  Elapsed   |
-----------------------------------------------------------------------------------------------------------------------------------------------------------
|  LUT Combining                                    |            9  |           2337  |                  2346  |           0  |           1  |  00:00:04  |
|  Retime                                           |            0  |              0  |                     0  |           0  |           1  |  00:00:00  |
|  Equivalent Driver Rewiring                       |            0  |              0  |                   177  |           0  |           1  |  00:00:10  |
|  Very High Fanout                                 |          252  |              0  |                     8  |           0  |           1  |  00:00:10  |
|  Critical Cell                                    |           91  |              0  |                    36  |           0  |           1  |  00:02:00  |
|  DSP Register                                     |          698  |              0  |                   100  |           0  |           1  |  00:00:10  |
|  Shift Register to Pipeline                       |            0  |              0  |                     0  |           0  |           1  |  00:00:00  |
|  Shift Register                                   |           28  |              0  |                    28  |           0  |           1  |  00:00:02  |
|  BRAM Register                                    |            0  |              0  |                     0  |           0  |           1  |  00:00:00  |
|  URAM Register                                    |            0  |              0  |                     0  |           0  |           1  |  00:00:01  |
|  Dynamic/Static Region Interface Net Replication  |            0  |              0  |                     0  |           0  |           1  |  00:00:00  |
|  Fanout                                           |           30  |              0  |                     3  |           0  |           1  |  00:00:01  |
|  Critical Cell                                    |            9  |              0  |                     2  |           0  |           1  |  00:00:00  |
|  Total                                            |         1117  |           2337  |                  2700  |           0  |          13  |  00:02:39  |
-----------------------------------------------------------------------------------------------------------------------------------------------------------


Phase 2.6.2 Physical Synthesis In Placer | Checksum: 204d753e6

Time (s): cpu = 00:54:57 ; elapsed = 00:17:58 . Memory (MB): peak = 15923.316 ; gain = 6093.918 ; free physical = 227770 ; free virtual = 240079
Phase 2.6 Global Place Phase2 | Checksum: 1f5a878d3

Time (s): cpu = 00:58:31 ; elapsed = 00:19:04 . Memory (MB): peak = 15923.316 ; gain = 6093.918 ; free physical = 227762 ; free virtual = 240071
Phase 2 Global Placement | Checksum: 1f5a878d3

Time (s): cpu = 00:58:34 ; elapsed = 00:19:04 . Memory (MB): peak = 15923.316 ; gain = 6093.918 ; free physical = 227762 ; free virtual = 240071

Phase 3 Detail Placement

Phase 3.1 Commit Multi Column Macros
Phase 3.1 Commit Multi Column Macros | Checksum: 1cd594417

Time (s): cpu = 01:01:04 ; elapsed = 00:19:42 . Memory (MB): peak = 15923.316 ; gain = 6093.918 ; free physical = 227753 ; free virtual = 240062

Phase 3.2 Commit Most Macros & LUTRAMs
Phase 3.2 Commit Most Macros & LUTRAMs | Checksum: 1ddd77be4

Time (s): cpu = 01:04:00 ; elapsed = 00:20:41 . Memory (MB): peak = 15923.316 ; gain = 6093.918 ; free physical = 227758 ; free virtual = 240068

Phase 3.3 Small Shape DP

Phase 3.3.1 Small Shape Clustering
Phase 3.3.1 Small Shape Clustering | Checksum: 1cb953ce7

Time (s): cpu = 01:12:29 ; elapsed = 00:22:29 . Memory (MB): peak = 15923.316 ; gain = 6093.918 ; free physical = 227756 ; free virtual = 240065

Phase 3.3.2 Slice Area Swap

Phase 3.3.2.1 Slice Area Swap Initial
Phase 3.3.2.1 Slice Area Swap Initial | Checksum: 22f49599e

Time (s): cpu = 01:12:55 ; elapsed = 00:22:47 . Memory (MB): peak = 15923.316 ; gain = 6093.918 ; free physical = 227757 ; free virtual = 240066
Phase 3.3.2 Slice Area Swap | Checksum: 17d79c67e

Time (s): cpu = 01:13:09 ; elapsed = 00:22:56 . Memory (MB): peak = 15923.316 ; gain = 6093.918 ; free physical = 227756 ; free virtual = 240065
Phase 3.3 Small Shape DP | Checksum: ff1911f6

Time (s): cpu = 01:14:06 ; elapsed = 00:23:13 . Memory (MB): peak = 15923.316 ; gain = 6093.918 ; free physical = 227759 ; free virtual = 240069

Phase 3.4 Re-assign LUT pins
Phase 3.4 Re-assign LUT pins | Checksum: 175718c6a

Time (s): cpu = 01:14:31 ; elapsed = 00:23:33 . Memory (MB): peak = 15923.316 ; gain = 6093.918 ; free physical = 227760 ; free virtual = 240069

Phase 3.5 Pipeline Register Optimization
Phase 3.5 Pipeline Register Optimization | Checksum: 11576ff56

Time (s): cpu = 01:14:38 ; elapsed = 00:23:35 . Memory (MB): peak = 15923.316 ; gain = 6093.918 ; free physical = 227760 ; free virtual = 240069

Phase 3.6 Fast Optimization
Phase 3.6 Fast Optimization | Checksum: 1507904b7

Time (s): cpu = 01:23:42 ; elapsed = 00:25:26 . Memory (MB): peak = 15923.316 ; gain = 6093.918 ; free physical = 227701 ; free virtual = 240011
Phase 3 Detail Placement | Checksum: 1507904b7

Time (s): cpu = 01:23:48 ; elapsed = 00:25:27 . Memory (MB): peak = 15923.316 ; gain = 6093.918 ; free physical = 227702 ; free virtual = 240011

Phase 4 Post Placement Optimization and Clean-Up

Phase 4.1 Post Commit Optimization
INFO: [Timing 38-35] Done setting XDC timing constraints.

Phase 4.1.1 Post Placement Optimization
Post Placement Optimization Initialization | Checksum: 18ff98be3

Phase 4.1.1.1 BUFG Insertion

Starting Physical Synthesis Task

Phase 1 Physical Synthesis Initialization
INFO: [Physopt 32-721] Multithreading enabled for phys_opt_design using a maximum of 32 CPUs
INFO: [Physopt 32-619] Estimated Timing Summary | WNS=-2.272 | TNS=-15085.211 |
Phase 1 Physical Synthesis Initialization | Checksum: f52ddab5

Time (s): cpu = 00:01:46 ; elapsed = 00:00:09 . Memory (MB): peak = 15923.316 ; gain = 0.000 ; free physical = 227703 ; free virtual = 240012
INFO: [Place 46-56] BUFG insertion identified 0 candidate nets. Inserted BUFG: 0, Replicated BUFG Driver: 0, Skipped due to Placement/Routing Conflicts: 0, Skipped due to Timing Degradation: 0, Skipped due to netlist editing failed: 0.
Ending Physical Synthesis Task | Checksum: 10abe66b3

Time (s): cpu = 00:02:56 ; elapsed = 00:00:13 . Memory (MB): peak = 15923.316 ; gain = 0.000 ; free physical = 227703 ; free virtual = 240012
Phase 4.1.1.1 BUFG Insertion | Checksum: 18ff98be3

Time (s): cpu = 01:42:25 ; elapsed = 00:28:04 . Memory (MB): peak = 15923.316 ; gain = 6093.918 ; free physical = 227703 ; free virtual = 240012

Phase 4.1.1.2 BUFG Replication
INFO: [Place 46-63] BUFG replication identified 0 candidate nets: Replicated nets: 0, Replicated BUFGs: 0, Replicated BUFG Driver: 0, moved BUFGs: 0, Skipped due to Placement / Routing Conflict: 0, Skipped due to Timing: 0, Skipped due to constraints: 0
Phase 4.1.1.2 BUFG Replication | Checksum: 18ff98be3

Time (s): cpu = 01:42:33 ; elapsed = 00:28:07 . Memory (MB): peak = 15923.316 ; gain = 6093.918 ; free physical = 227703 ; free virtual = 240012

Phase 4.1.1.3 Post Placement Timing Optimization
Phase 4.1.1.3 Post Placement Timing Optimization | Checksum: 185186e1d

Time (s): cpu = 01:47:13 ; elapsed = 00:30:06 . Memory (MB): peak = 15923.316 ; gain = 6093.918 ; free physical = 227569 ; free virtual = 239882

Phase 4.1.1.4 Replication
Phase 4.1.1.4 Replication | Checksum: 11e16110e

Time (s): cpu = 01:51:06 ; elapsed = 00:31:12 . Memory (MB): peak = 15923.316 ; gain = 6093.918 ; free physical = 227553 ; free virtual = 239866

Time (s): cpu = 01:51:06 ; elapsed = 00:31:12 . Memory (MB): peak = 15923.316 ; gain = 6093.918 ; free physical = 227553 ; free virtual = 239866
Phase 4.1 Post Commit Optimization | Checksum: 11e16110e

Time (s): cpu = 01:51:12 ; elapsed = 00:31:14 . Memory (MB): peak = 15923.316 ; gain = 6093.918 ; free physical = 227553 ; free virtual = 239866
Netlist sorting complete. Time (s): cpu = 00:00:03 ; elapsed = 00:00:03 . Memory (MB): peak = 16121.074 ; gain = 0.000 ; free physical = 227169 ; free virtual = 239482

Phase 4.2 Post Placement Cleanup
Phase 4.2 Post Placement Cleanup | Checksum: 15c1cf248

Time (s): cpu = 01:53:19 ; elapsed = 00:32:21 . Memory (MB): peak = 16121.074 ; gain = 6291.676 ; free physical = 227172 ; free virtual = 239485

Phase 4.3 Placer Reporting

Phase 4.3.1 Dump Critical Paths 
Phase 4.3.1 Dump Critical Paths  | Checksum: 15c1cf248

Time (s): cpu = 01:58:41 ; elapsed = 00:35:54 . Memory (MB): peak = 16121.074 ; gain = 6291.676 ; free physical = 227167 ; free virtual = 239480

Phase 4.3.2 Print Final WNS
INFO: [Place 30-100] Post Placement Timing Summary | WNS=-1.918 | TNS=-14645.088|

Phase 4.3.2 Print Final WNS | Checksum: 15c1cf248

Time (s): cpu = 02:09:24 ; elapsed = 00:39:22 . Memory (MB): peak = 16121.074 ; gain = 6291.676 ; free physical = 227162 ; free virtual = 239475

Phase 4.3.3 Print Estimated Congestion
INFO: [Place 30-612] Post-Placement Estimated Congestion 
 ________________________________________________________________________
|           | Global Congestion | Long Congestion   | Short Congestion  |
| Direction | Region Size       | Region Size       | Region Size       |
|___________|___________________|___________________|___________________|
|      North|                1x1|                1x1|                2x2|
|___________|___________________|___________________|___________________|
|      South|                1x1|                1x1|                1x1|
|___________|___________________|___________________|___________________|
|       East|                2x2|                8x8|                4x4|
|___________|___________________|___________________|___________________|
|       West|                1x1|                2x2|                2x2|
|___________|___________________|___________________|___________________|

SLR0:
 ________________________________________________________________________
|           | Global Congestion | Long Congestion   | Short Congestion  |
| Direction | Region Size       | Region Size       | Region Size       |
|___________|___________________|___________________|___________________|
|      North|                1x1|                1x1|                1x1|
|___________|___________________|___________________|___________________|
|      South|                1x1|                1x1|                1x1|
|___________|___________________|___________________|___________________|
|       East|                1x1|                1x1|                1x1|
|___________|___________________|___________________|___________________|
|       West|                1x1|                2x2|                1x1|
|___________|___________________|___________________|___________________|

SLR1:
 ________________________________________________________________________
|           | Global Congestion | Long Congestion   | Short Congestion  |
| Direction | Region Size       | Region Size       | Region Size       |
|___________|___________________|___________________|___________________|
|      North|                1x1|                1x1|                2x2|
|___________|___________________|___________________|___________________|
|      South|                1x1|                1x1|                1x1|
|___________|___________________|___________________|___________________|
|       East|                2x2|                8x8|                4x4|
|___________|___________________|___________________|___________________|
|       West|                1x1|                1x1|                2x2|
|___________|___________________|___________________|___________________|

SLR2:
 ________________________________________________________________________
|           | Global Congestion | Long Congestion   | Short Congestion  |
| Direction | Region Size       | Region Size       | Region Size       |
|___________|___________________|___________________|___________________|
|      North|                1x1|                1x1|                1x1|
|___________|___________________|___________________|___________________|
|      South|                1x1|                1x1|                1x1|
|___________|___________________|___________________|___________________|
|       East|                1x1|                1x1|                1x1|
|___________|___________________|___________________|___________________|
|       West|                1x1|                1x1|                1x1|
|___________|___________________|___________________|___________________|

SLR3:
 ________________________________________________________________________
|           | Global Congestion | Long Congestion   | Short Congestion  |
| Direction | Region Size       | Region Size       | Region Size       |
|___________|___________________|___________________|___________________|
|      North|                1x1|                1x1|                1x1|
|___________|___________________|___________________|___________________|
|      South|                1x1|                1x1|                1x1|
|___________|___________________|___________________|___________________|
|       East|                1x1|                1x1|                1x1|
|___________|___________________|___________________|___________________|
|       West|                1x1|                1x1|                1x1|
|___________|___________________|___________________|___________________|

Phase 4.3.3 Print Estimated Congestion | Checksum: 19d62e445

Time (s): cpu = 02:11:15 ; elapsed = 00:39:30 . Memory (MB): peak = 16121.074 ; gain = 6291.676 ; free physical = 227163 ; free virtual = 239477
Phase 4.3 Placer Reporting | Checksum: 19d62e445

Time (s): cpu = 02:11:21 ; elapsed = 00:39:31 . Memory (MB): peak = 16121.074 ; gain = 6291.676 ; free physical = 227164 ; free virtual = 239477

Phase 4.4 Final Placement Cleanup
Netlist sorting complete. Time (s): cpu = 00:00:00.12 ; elapsed = 00:00:00.13 . Memory (MB): peak = 16121.074 ; gain = 0.000 ; free physical = 227164 ; free virtual = 239477

Time (s): cpu = 02:11:22 ; elapsed = 00:39:31 . Memory (MB): peak = 16121.074 ; gain = 6291.676 ; free physical = 227164 ; free virtual = 239477
Phase 4 Post Placement Optimization and Clean-Up | Checksum: 1eed3d1f3

Time (s): cpu = 02:11:28 ; elapsed = 00:39:33 . Memory (MB): peak = 16121.074 ; gain = 6291.676 ; free physical = 227163 ; free virtual = 239477
Ending Placer Task | Checksum: 17352f659

Time (s): cpu = 02:11:35 ; elapsed = 00:39:34 . Memory (MB): peak = 16121.074 ; gain = 6291.676 ; free physical = 227164 ; free virtual = 239477
205 Infos, 2 Warnings, 0 Critical Warnings and 0 Errors encountered.
place_design completed successfully
place_design: Time (s): cpu = 02:12:33 ; elapsed = 00:40:19 . Memory (MB): peak = 16121.074 ; gain = 6582.293 ; free physical = 227164 ; free virtual = 239477
# write_checkpoint \
#     -force \
#     [
#         file join \
#             $output_dir \
#             post_place.dcp
#     ]
INFO: [Timing 38-480] Writing timing data to binary archive.
Write ShapeDB Complete: Time (s): cpu = 00:00:05 ; elapsed = 00:00:01 . Memory (MB): peak = 16121.074 ; gain = 0.000 ; free physical = 227053 ; free virtual = 239475
Wrote PlaceDB: Time (s): cpu = 00:01:12 ; elapsed = 00:00:30 . Memory (MB): peak = 16121.074 ; gain = 0.000 ; free physical = 226014 ; free virtual = 239445
Wrote PulsedLatchDB: Time (s): cpu = 00:00:00 ; elapsed = 00:00:00 . Memory (MB): peak = 16121.074 ; gain = 0.000 ; free physical = 226008 ; free virtual = 239439
Writing XDEF routing.
Writing XDEF routing logical nets.
Writing XDEF routing special nets.
Wrote RouteStorage: Time (s): cpu = 00:00:03 ; elapsed = 00:00:03 . Memory (MB): peak = 16121.074 ; gain = 0.000 ; free physical = 226008 ; free virtual = 239440
Wrote Netlist Cache: Time (s): cpu = 00:00:00.99 ; elapsed = 00:00:01 . Memory (MB): peak = 16121.074 ; gain = 0.000 ; free physical = 225896 ; free virtual = 239440
Wrote Device Cache: Time (s): cpu = 00:00:00.01 ; elapsed = 00:00:00.01 . Memory (MB): peak = 16121.074 ; gain = 0.000 ; free physical = 225891 ; free virtual = 239437
Write Physdb Complete: Time (s): cpu = 00:01:16 ; elapsed = 00:00:51 . Memory (MB): peak = 16121.074 ; gain = 0.000 ; free physical = 225894 ; free virtual = 239440
INFO: [Common 17-1381] The checkpoint '/mnt_pool/c3_users/user/pleguina/graphsage_vivado_2024_1_sweep/build/vivado_sweep/screen_altspread_medium/post_place.dcp' has been generated.
write_checkpoint: Time (s): cpu = 00:01:34 ; elapsed = 00:01:11 . Memory (MB): peak = 16121.074 ; gain = 0.000 ; free physical = 226751 ; free virtual = 239294
# report_timing_summary \
#     -delay_type min_max \
#     -max_paths 100 \
#     -file [
#         file join \
#             $reports_dir \
#             timing_post_place.rpt
#     ]
INFO: [Timing 38-91] UpdateTimingParams: Speed grade: -1, Temperature grade: E, Delay Type: min_max.
INFO: [Timing 38-191] Multithreading enabled for timing update using a maximum of 32 CPUs
report_timing_summary: Time (s): cpu = 00:05:44 ; elapsed = 00:00:51 . Memory (MB): peak = 16121.074 ; gain = 0.000 ; free physical = 226755 ; free virtual = 239298
# report_design_analysis \
#     -congestion \
#     -file [
#         file join \
#             $reports_dir \
#             congestion_post_place.rpt
#     ]
# report_utilization \
#     -slr \
#     -file [
#         file join \
#             $reports_dir \
#             utilization_slr_post_place.rpt
#     ]
report_utilization: Time (s): cpu = 00:00:31 ; elapsed = 00:00:32 . Memory (MB): peak = 16121.074 ; gain = 0.000 ; free physical = 226750 ; free virtual = 239294
# report_high_fanout_nets \
#     -file [
#         file join \
#             $reports_dir \
#             high_fanout_post_place.rpt
#     ]
report_high_fanout_nets: Time (s): cpu = 00:00:20 ; elapsed = 00:00:20 . Memory (MB): peak = 16121.074 ; gain = 0.000 ; free physical = 226754 ; free virtual = 239297
# if {$screen_only} {
# 
#     puts "============================================================"
#     puts "SCREEN_ONLY=1"
#     puts "STOPPING_AFTER_PLACEMENT"
#     puts "PLACEMENT_SCREEN_COMPLETE=$run_name"
#     puts "============================================================"
# 
#     write_metadata \
#         [file join $output_dir metadata.txt] \
#         "placement_complete" \
#         $run_name \
#         $place_directive \
#         $route_directive \
#         $screen_only \
#         $use_tns_cleanup \
#         $use_post_phys \
#         $start_time
# 
#     exit 0
# }
============================================================
SCREEN_ONLY=1
STOPPING_AFTER_PLACEMENT
PLACEMENT_SCREEN_COMPLETE=screen_altspread_medium
============================================================
INFO: [Common 17-206] Exiting Vivado at Tue Aug 18 14:20:20 2026...
Baseline already exists: /mnt_pool/c3_users/user/pleguina/graphsage_vivado_2024_1_sweep/build/vivado_sweep/baseline_post_synth.dcp

==============================================================================
Run name        : screen_altspread_medium
Placement       : AltSpreadLogic_medium
Routing         : Default
Screen only     : True
==============================================================================

