HOST=<COMPUTE_NODE>
Requirement already satisfied: pip in ./campaigns/tns_final/scaling_venv/lib/python3.10/site-packages (22.3.1)
Collecting pip
  Downloading pip-26.2.1-py3-none-any.whl (1.8 MB)
     ━━━━━━━━━━━━━━━━━━━━━━━━━━━━━━━━━━━━━━━━ 1.8/1.8 MB 24.9 MB/s eta 0:00:00
Installing collected packages: pip
  Attempting uninstall: pip
    Found existing installation: pip 22.3.1
    Uninstalling pip-22.3.1:
      Successfully uninstalled pip-22.3.1
Successfully installed pip-26.2.1
Looking in indexes: https://download.pytorch.org/whl/cpu
Collecting torch
  Downloading torch-2.13.0%2Bcpu-cp310-cp310-manylinux_2_28_x86_64.whl.metadata (37 kB)
Collecting filelock (from torch)
  Downloading filelock-3.32.3-py3-none-any.whl.metadata (2.0 kB)
Collecting typing-extensions>=4.10.0 (from torch)
  Downloading typing_extensions-4.16.0-py3-none-any.whl.metadata (3.3 kB)
Collecting setuptools>=77.0.3 (from torch)
  Downloading setuptools-78.1.0-py3-none-any.whl.metadata (6.6 kB)
Collecting sympy>=1.13.3 (from torch)
  Downloading sympy-1.14.0-py3-none-any.whl.metadata (12 kB)
Collecting networkx>=2.5.1 (from torch)
  Downloading networkx-3.4.2-py3-none-any.whl.metadata (6.3 kB)
Collecting jinja2 (from torch)
  Downloading jinja2-3.1.6-py3-none-any.whl.metadata (2.9 kB)
Collecting fsspec>=0.8.5 (from torch)
  Downloading fsspec-2026.7.0-py3-none-any.whl.metadata (10 kB)
Collecting mpmath<1.4,>=1.1.0 (from sympy>=1.13.3->torch)
  Downloading mpmath-1.3.0-py3-none-any.whl.metadata (8.6 kB)
Collecting MarkupSafe>=2.0 (from jinja2->torch)
  Downloading markupsafe-3.0.3-cp310-cp310-manylinux2014_x86_64.manylinux_2_17_x86_64.manylinux_2_28_x86_64.whl.metadata (2.7 kB)
Downloading torch-2.13.0%2Bcpu-cp310-cp310-manylinux_2_28_x86_64.whl (191.8 MB)
   ━━━━━━━━━━━━━━━━━━━━━━━━━━━━━━━━━━━━━━━━ 191.8/191.8 MB 57.7 MB/s  0:00:03
Downloading fsspec-2026.7.0-py3-none-any.whl (206 kB)
Downloading networkx-3.4.2-py3-none-any.whl (1.7 MB)
   ━━━━━━━━━━━━━━━━━━━━━━━━━━━━━━━━━━━━━━━━ 1.7/1.7 MB 38.0 MB/s  0:00:00
Downloading setuptools-78.1.0-py3-none-any.whl (1.3 MB)
   ━━━━━━━━━━━━━━━━━━━━━━━━━━━━━━━━━━━━━━━━ 1.3/1.3 MB 26.5 MB/s  0:00:00
Downloading sympy-1.14.0-py3-none-any.whl (6.3 MB)
   ━━━━━━━━━━━━━━━━━━━━━━━━━━━━━━━━━━━━━━━━ 6.3/6.3 MB 64.2 MB/s  0:00:00
Downloading mpmath-1.3.0-py3-none-any.whl (536 kB)
   ━━━━━━━━━━━━━━━━━━━━━━━━━━━━━━━━━━━━━━━━ 536.2/536.2 kB 13.2 MB/s  0:00:00
Downloading typing_extensions-4.16.0-py3-none-any.whl (45 kB)
Downloading filelock-3.32.3-py3-none-any.whl (98 kB)
Downloading jinja2-3.1.6-py3-none-any.whl (134 kB)
Downloading markupsafe-3.0.3-cp310-cp310-manylinux2014_x86_64.manylinux_2_17_x86_64.manylinux_2_28_x86_64.whl (20 kB)
Installing collected packages: mpmath, typing-extensions, sympy, setuptools, networkx, MarkupSafe, fsspec, filelock, jinja2, torch
  Attempting uninstall: setuptools
    Found existing installation: setuptools 65.5.0
    Uninstalling setuptools-65.5.0:
      Successfully uninstalled setuptools-65.5.0

Successfully installed MarkupSafe-3.0.3 filelock-3.32.3 fsspec-2026.7.0 jinja2-3.1.6 mpmath-1.3.0 networkx-3.4.2 setuptools-78.1.0 sympy-1.14.0 torch-2.13.0+cpu typing-extensions-4.16.0
Collecting torch_geometric
  Downloading torch_geometric-2.8.0.post1-py3-none-any.whl.metadata (64 kB)
Collecting aiohttp (from torch_geometric)
  Downloading aiohttp-3.14.3-cp310-cp310-manylinux2014_x86_64.manylinux_2_17_x86_64.manylinux_2_28_x86_64.whl.metadata (8.3 kB)
Requirement already satisfied: fsspec in ./campaigns/tns_final/scaling_venv/lib/python3.10/site-packages (from torch_geometric) (2026.7.0)
Requirement already satisfied: jinja2 in ./campaigns/tns_final/scaling_venv/lib/python3.10/site-packages (from torch_geometric) (3.1.6)
Collecting numpy (from torch_geometric)
  Downloading numpy-2.2.6-cp310-cp310-manylinux_2_17_x86_64.manylinux2014_x86_64.whl.metadata (62 kB)
Collecting psutil>=5.8.0 (from torch_geometric)
  Downloading psutil-7.2.2-cp36-abi3-manylinux2010_x86_64.manylinux_2_12_x86_64.manylinux_2_28_x86_64.whl.metadata (22 kB)
Collecting pyparsing (from torch_geometric)
  Downloading pyparsing-3.3.2-py3-none-any.whl.metadata (5.8 kB)
Collecting requests (from torch_geometric)
  Downloading requests-2.34.2-py3-none-any.whl.metadata (4.8 kB)
Collecting tqdm (from torch_geometric)
  Downloading tqdm-4.70.0-py3-none-any.whl.metadata (57 kB)
Collecting xxhash (from torch_geometric)
  Downloading xxhash-4.0.1-cp310-cp310-manylinux2014_x86_64.manylinux_2_17_x86_64.manylinux_2_28_x86_64.whl.metadata (17 kB)
Collecting aiohappyeyeballs>=2.5.0 (from aiohttp->torch_geometric)
  Downloading aiohappyeyeballs-2.7.1-py3-none-any.whl.metadata (5.9 kB)
Collecting aiosignal>=1.4.0 (from aiohttp->torch_geometric)
  Downloading aiosignal-1.4.0-py3-none-any.whl.metadata (3.7 kB)
Collecting async-timeout<6.0,>=4.0 (from aiohttp->torch_geometric)
  Downloading async_timeout-5.0.1-py3-none-any.whl.metadata (5.1 kB)
Collecting attrs>=17.3.0 (from aiohttp->torch_geometric)
  Downloading attrs-26.1.0-py3-none-any.whl.metadata (8.8 kB)
Collecting frozenlist>=1.1.1 (from aiohttp->torch_geometric)
  Downloading frozenlist-1.8.0-cp310-cp310-manylinux1_x86_64.manylinux_2_28_x86_64.manylinux_2_5_x86_64.whl.metadata (20 kB)
Collecting multidict<7.0,>=4.5 (from aiohttp->torch_geometric)
  Downloading multidict-6.7.1-cp310-cp310-manylinux2014_x86_64.manylinux_2_17_x86_64.manylinux_2_28_x86_64.whl.metadata (5.3 kB)
Collecting propcache>=0.2.0 (from aiohttp->torch_geometric)
  Downloading propcache-0.5.2-cp310-cp310-manylinux2014_x86_64.manylinux_2_17_x86_64.manylinux_2_28_x86_64.whl.metadata (16 kB)
Requirement already satisfied: typing_extensions>=4.4 in ./campaigns/tns_final/scaling_venv/lib/python3.10/site-packages (from aiohttp->torch_geometric) (4.16.0)
Collecting yarl<2.0,>=1.17.0 (from aiohttp->torch_geometric)
  Downloading yarl-1.24.5-cp310-cp310-manylinux2014_x86_64.manylinux_2_17_x86_64.manylinux_2_28_x86_64.whl.metadata (103 kB)
Collecting idna>=2.0 (from yarl<2.0,>=1.17.0->aiohttp->torch_geometric)
  Downloading idna-3.19-py3-none-any.whl.metadata (9.2 kB)
Requirement already satisfied: MarkupSafe>=2.0 in ./campaigns/tns_final/scaling_venv/lib/python3.10/site-packages (from jinja2->torch_geometric) (3.0.3)
Collecting charset_normalizer<4,>=2 (from requests->torch_geometric)
  Downloading charset_normalizer-3.5.1-cp310-cp310-manylinux2014_x86_64.manylinux_2_17_x86_64.manylinux_2_28_x86_64.whl.metadata (45 kB)
Collecting urllib3<3,>=1.26 (from requests->torch_geometric)
  Downloading urllib3-2.7.0-py3-none-any.whl.metadata (6.9 kB)
Collecting certifi>=2023.5.7 (from requests->torch_geometric)
  Downloading certifi-2026.7.22-py3-none-any.whl.metadata (2.5 kB)
Downloading torch_geometric-2.8.0.post1-py3-none-any.whl (1.3 MB)
   ━━━━━━━━━━━━━━━━━━━━━━━━━━━━━━━━━━━━━━━━ 1.3/1.3 MB 15.2 MB/s  0:00:00
Downloading psutil-7.2.2-cp36-abi3-manylinux2010_x86_64.manylinux_2_12_x86_64.manylinux_2_28_x86_64.whl (155 kB)
Downloading aiohttp-3.14.3-cp310-cp310-manylinux2014_x86_64.manylinux_2_17_x86_64.manylinux_2_28_x86_64.whl (1.7 MB)
   ━━━━━━━━━━━━━━━━━━━━━━━━━━━━━━━━━━━━━━━━ 1.7/1.7 MB 43.9 MB/s  0:00:00
Downloading async_timeout-5.0.1-py3-none-any.whl (6.2 kB)
Downloading multidict-6.7.1-cp310-cp310-manylinux2014_x86_64.manylinux_2_17_x86_64.manylinux_2_28_x86_64.whl (243 kB)
Downloading yarl-1.24.5-cp310-cp310-manylinux2014_x86_64.manylinux_2_17_x86_64.manylinux_2_28_x86_64.whl (110 kB)
Downloading aiohappyeyeballs-2.7.1-py3-none-any.whl (15 kB)
Downloading aiosignal-1.4.0-py3-none-any.whl (7.5 kB)
Downloading attrs-26.1.0-py3-none-any.whl (67 kB)
Downloading frozenlist-1.8.0-cp310-cp310-manylinux1_x86_64.manylinux_2_28_x86_64.manylinux_2_5_x86_64.whl (219 kB)
Downloading idna-3.19-py3-none-any.whl (68 kB)
Downloading propcache-0.5.2-cp310-cp310-manylinux2014_x86_64.manylinux_2_17_x86_64.manylinux_2_28_x86_64.whl (60 kB)
Downloading numpy-2.2.6-cp310-cp310-manylinux_2_17_x86_64.manylinux2014_x86_64.whl (16.8 MB)
   ━━━━━━━━━━━━━━━━━━━━━━━━━━━━━━━━━━━━━━━━ 16.8/16.8 MB 70.2 MB/s  0:00:00
Downloading pyparsing-3.3.2-py3-none-any.whl (122 kB)
Downloading requests-2.34.2-py3-none-any.whl (73 kB)
Downloading charset_normalizer-3.5.1-cp310-cp310-manylinux2014_x86_64.manylinux_2_17_x86_64.manylinux_2_28_x86_64.whl (261 kB)
Downloading urllib3-2.7.0-py3-none-any.whl (131 kB)
Downloading certifi-2026.7.22-py3-none-any.whl (136 kB)
Downloading tqdm-4.70.0-py3-none-any.whl (80 kB)
Downloading xxhash-4.0.1-cp310-cp310-manylinux2014_x86_64.manylinux_2_17_x86_64.manylinux_2_28_x86_64.whl (249 kB)
Installing collected packages: xxhash, urllib3, tqdm, pyparsing, psutil, propcache, numpy, multidict, idna, frozenlist, charset_normalizer, certifi, attrs, async-timeout, aiohappyeyeballs, yarl, requests, aiosignal, aiohttp, torch_geometric

Successfully installed aiohappyeyeballs-2.7.1 aiohttp-3.14.3 aiosignal-1.4.0 async-timeout-5.0.1 attrs-26.1.0 certifi-2026.7.22 charset_normalizer-3.5.1 frozenlist-1.8.0 idna-3.19 multidict-6.7.1 numpy-2.2.6 propcache-0.5.2 psutil-7.2.2 pyparsing-3.3.2 requests-2.34.2 torch_geometric-2.8.0.post1 tqdm-4.70.0 urllib3-2.7.0 xxhash-4.0.1 yarl-1.24.5
Requirement already satisfied: numpy in ./campaigns/tns_final/scaling_venv/lib/python3.10/site-packages (2.2.6)
torch 2.13.0+cpu
torch_geometric 2.8.0.post1
PyG datasets import OK
VENV_BUILD_COMPLETE=1
