CLOCK_SWEEP_VARIANT=clk280 PERIOD_NS=2.80

****** Vivado v2025.2 (64-bit)
  **** SW Build 6299465 on Fri Nov 14 12:34:56 MST 2025
  **** IP Build 6300035 on Fri Nov 14 10:48:45 MST 2025
  **** SharedData Build 6298862 on Thu Nov 13 04:50:51 MST 2025
  **** Start of session at: Wed Aug 26 11:57:55 2026
    ** Copyright 1986-2022 Xilinx, Inc. All Rights Reserved.
    ** Copyright 2022-2025 Advanced Micro Devices, Inc. All Rights Reserved.

source hls/run_vivado_int8_po2_strategy.tcl
# set script_dir [file dirname [file normalize [info script]]]
# set repo_root [file normalize [file join $script_dir ..]]
# set sweep_dir [file join $repo_root build vivado_sweep]
# foreach required_env {RUN_NAME PLACE_DIRECTIVE} {
#     if {![info exists ::env($required_env)] || $::env($required_env) eq ""} {
#         error "Missing required environment variable $required_env"
#     }
# }
# set run_name $::env(RUN_NAME)
# set place_directive $::env(PLACE_DIRECTIVE)
# set clock_period [expr {
#     [info exists ::env(CLOCK_PERIOD_NS)]
#         ? $::env(CLOCK_PERIOD_NS)
#         : 2.77
# }]
# set xdc_file [file join $script_dir graphsage_int8_po2_ooc.xdc]
# set input_checkpoint [expr {
#     [info exists ::env(INPUT_CHECKPOINT)]
#         ? [file normalize $::env(INPUT_CHECKPOINT)]
#         : [file join $sweep_dir baseline_post_synth.dcp]
# }]
# set route_directive [expr {
#     [info exists ::env(ROUTE_DIRECTIVE)]
#         ? $::env(ROUTE_DIRECTIVE)
#         : "Default"
# }]
# set screen_only [expr {
#     [info exists ::env(SCREEN_ONLY)]
#         ? $::env(SCREEN_ONLY)
#         : 1
# }]
# set use_tns_cleanup [expr {
#     [info exists ::env(USE_TNS_CLEANUP)]
#         ? $::env(USE_TNS_CLEANUP)
#         : 1
# }]
# set use_post_phys [expr {
#     [info exists ::env(USE_POST_PHYS)]
#         ? $::env(USE_POST_PHYS)
#         : 1
# }]
# set post_place_phys_directive [expr {
#     [info exists ::env(POST_PLACE_PHYS_DIRECTIVE)]
#         ? $::env(POST_PLACE_PHYS_DIRECTIVE)
#         : ""
# }]
# set use_retime [expr {
#     [info exists ::env(USE_RETIME)]
#         ? $::env(USE_RETIME)
#         : 0
# }]
# set output_dir [file join $sweep_dir $run_name]
# set reports_dir [file join $output_dir reports]
# set start_time [clock seconds]
# file mkdir $output_dir
# file mkdir $reports_dir
# set vivado_threads [expr {
#     [info exists ::env(SLURM_CPUS_PER_TASK)]
#         ? $::env(SLURM_CPUS_PER_TASK)
#         : 4
# }]
# set_param general.maxThreads $vivado_threads
# puts "============================================================"
============================================================
# puts "RUN_NAME=$run_name"
RUN_NAME=qat_dsp_V2A1_allcut_ssi_retime_route_clk280
# puts "INPUT_CHECKPOINT=$input_checkpoint"
INPUT_CHECKPOINT=/mnt_pool/c3_users/user/pleguina/graphsage_vivado_2024_1_sweep/build/vivado_sweep/qat_dsp_V2A1_allcut_post_synth.dcp
# puts "PLACE_DIRECTIVE=$place_directive"
PLACE_DIRECTIVE=SSI_SpreadLogic_high
# puts "ROUTE_DIRECTIVE=$route_directive"
ROUTE_DIRECTIVE=Default
# puts "SCREEN_ONLY=$screen_only"
SCREEN_ONLY=0
# puts "USE_TNS_CLEANUP=$use_tns_cleanup"
USE_TNS_CLEANUP=1
# puts "USE_POST_PHYS=$use_post_phys"
USE_POST_PHYS=1
# puts "POST_PLACE_PHYS_DIRECTIVE=$post_place_phys_directive"
POST_PLACE_PHYS_DIRECTIVE=
# puts "VIVADO_MAX_THREADS=$vivado_threads"
VIVADO_MAX_THREADS=32
# puts "============================================================"
============================================================
# proc timing_slack {delay_type} {
# 
#     set paths [
#         get_timing_paths \
#             -delay_type $delay_type \
#             -max_paths 1 \
#             -quiet
#     ]
# 
#     if {[llength $paths] == 0} {
#         return "NA"
#     }
# 
#     return [get_property SLACK [lindex $paths 0]]
# }
# proc report_internal_timing {reports_dir stage} {
#     set registers [all_registers]
# 
#     report_timing \
#         -from $registers \
#         -to $registers \
#         -delay_type max \
#         -max_paths 100 \
#         -path_type full_clock_expanded \
#         -file [file join $reports_dir timing_internal_setup_${stage}.rpt]
# 
#     report_timing \
#         -from $registers \
#         -to $registers \
#         -delay_type min \
#         -max_paths 100 \
#         -path_type full_clock_expanded \
#         -file [file join $reports_dir timing_internal_hold_${stage}.rpt]
# }
# proc write_metadata {
#     path
#     status
#     run_name
#     place_directive
#     route_directive
#     screen_only
#     use_tns_cleanup
#     use_post_phys
#     post_place_phys_directive
#     start_time
#     clock_period_ns
# } {
# 
#     set metadata [open $path w]
# 
#     puts $metadata "run_name=$run_name"
#     puts $metadata "place_directive=$place_directive"
#     puts $metadata "route_directive=$route_directive"
#     puts $metadata "screen_only=$screen_only"
#     puts $metadata "tns_cleanup=$use_tns_cleanup"
#     puts $metadata "postroute_physopt=$use_post_phys"
#     puts $metadata "post_place_phys_directive=$post_place_phys_directive"
# 
#     puts $metadata "clock_period_ns=$clock_period_ns"
# 
#     puts $metadata \
#         "post_stage_setup_wns_ns=[timing_slack max]"
# 
#     puts $metadata \
#         "post_stage_hold_wns_ns=[timing_slack min]"
# 
#     puts $metadata \
#         "runtime_seconds=[expr {[clock seconds] - $start_time}]"
# 
#     puts $metadata "status=$status"
# 
#     close $metadata
# }
# if {![file exists $input_checkpoint]} {
#     error "Missing input checkpoint: $input_checkpoint"
# }
# open_checkpoint $input_checkpoint
Command: open_checkpoint /mnt_pool/c3_users/user/pleguina/graphsage_vivado_2024_1_sweep/build/vivado_sweep/qat_dsp_V2A1_allcut_post_synth.dcp

Starting open_checkpoint Task

Time (s): cpu = 00:00:00.03 ; elapsed = 00:00:00.03 . Memory (MB): peak = 1489.891 ; gain = 7.938 ; free physical = 212956 ; free virtual = 251352
INFO: [Device 21-403] Loading part xcvu13p-fsga2577-1-e
Netlist sorting complete. Time (s): cpu = 00:00:04 ; elapsed = 00:00:04 . Memory (MB): peak = 3762.320 ; gain = 31.000 ; free physical = 205662 ; free virtual = 244499
INFO: [Netlist 29-17] Analyzing 49531 Unisim elements for replacement
INFO: [Netlist 29-28] Unisim Transformation completed in 2 CPU seconds
INFO: [Project 1-479] Netlist was created with Vivado 2025.2
INFO: [Project 1-570] Preparing netlist for logic optimization
Read ShapeDB Complete: Time (s): cpu = 00:00:01 ; elapsed = 00:00:02 . Memory (MB): peak = 4328.867 ; gain = 193.531 ; free physical = 204072 ; free virtual = 242932
INFO: [Timing 38-478] Restoring timing data from binary archive.
INFO: [Timing 38-479] Binary timing data restore complete.
INFO: [Project 1-856] Restoring constraints from binary archive.
INFO: [Project 1-853] Binary constraint restore complete.
Netlist sorting complete. Time (s): cpu = 00:00:00.11 ; elapsed = 00:00:00.11 . Memory (MB): peak = 6208.762 ; gain = 0.000 ; free physical = 199182 ; free virtual = 238097
INFO: [Project 1-111] Unisim Transformation Summary:
  A total of 432 instances were transformed.
  DSP48E2 => DSP48E2 (DSP_ALU, DSP_A_B_DATA, DSP_C_DATA, DSP_MULTIPLIER, DSP_M_DATA, DSP_OUTPUT, DSP_PREADD, DSP_PREADD_DATA): 432 instances

INFO: [Project 1-604] Checkpoint was created with Vivado v2025.2 (64-bit) build 6299465
open_checkpoint: Time (s): cpu = 00:01:32 ; elapsed = 00:01:35 . Memory (MB): peak = 6208.797 ; gain = 4728.844 ; free physical = 199189 ; free virtual = 238103
# if {[llength [get_clocks -quiet ap_clk]] == 0} {
#     puts "LOADING_MISSING_TIMING_CONSTRAINTS=$xdc_file"
#     read_xdc $xdc_file
# }
# if {[llength [get_clocks -quiet ap_clk]] != 1} {
#     error "Expected exactly one ap_clk timing clock after loading $input_checkpoint"
# }
# if {[info exists ::env(CLOCK_PERIOD_NS)]} {
#     puts "OVERRIDING_CLOCK_PERIOD_NS=$clock_period"
#     create_clock -name ap_clk -period $clock_period [get_ports ap_clk]
# }
OVERRIDING_CLOCK_PERIOD_NS=2.8
WARNING: [Constraints 18-619] A clock with name 'ap_clk' already exists, overwriting the previous clock with the same name.
# report_property \
#     [get_ports ap_clk] \
#     -file [
#         file join \
#             $reports_dir \
#             ap_clk_properties.rpt
#     ]
# opt_design -directive Explore
Command: opt_design -directive Explore
INFO: [Vivado_Tcl 4-136] Directive used for opt_design is: Explore
Attempting to get a license for feature 'Implementation' and/or device 'xcvu13p'
INFO: [Common 17-349] Got license for feature 'Implementation' and/or device 'xcvu13p'
INFO: [Common 17-1540] The version limit for your license is '2026.02' and has expired for new software. A version limit expiration means that, although you may be able to continue to use the current version of tools or IP with this license, you will not be eligible for new releases.
Running DRC as a precondition to command opt_design

Starting DRC Task
INFO: [DRC 23-27] Running DRC with 32 threads
WARNING: [DRC 23-814] Not all possible (connectivity based) DRCs may have been run because this design is seen as Out of Context.
INFO: [Project 1-461] DRC finished with 0 Errors
INFO: [Project 1-462] Please refer to the DRC report (report_drc) for more information.

Time (s): cpu = 00:00:11 ; elapsed = 00:00:03 . Memory (MB): peak = 6627.211 ; gain = 410.445 ; free physical = 197902 ; free virtual = 236818

Starting Logic Optimization Task

Phase 1 Initialization

Phase 1.1 Core Generation And Design Setup
Phase 1.1 Core Generation And Design Setup | Checksum: 156bacec0

Time (s): cpu = 00:00:00.58 ; elapsed = 00:00:00.58 . Memory (MB): peak = 6635.211 ; gain = 0.000 ; free physical = 197793 ; free virtual = 236709

Phase 1.2 Setup Constraints And Sort Netlist
Phase 1.2 Setup Constraints And Sort Netlist | Checksum: 156bacec0

Time (s): cpu = 00:00:00.82 ; elapsed = 00:00:00.83 . Memory (MB): peak = 6635.211 ; gain = 0.000 ; free physical = 197622 ; free virtual = 236538
Phase 1 Initialization | Checksum: 156bacec0

Time (s): cpu = 00:00:00.86 ; elapsed = 00:00:00.86 . Memory (MB): peak = 6635.211 ; gain = 0.000 ; free physical = 197584 ; free virtual = 236500

Phase 2 Timer Update And Timing Data Collection

Phase 2.1 Detect if minReqCache needed
Phase 2.1 Detect if minReqCache needed | Checksum: 156bacec0

Time (s): cpu = 00:00:02 ; elapsed = 00:00:02 . Memory (MB): peak = 6859.211 ; gain = 224.000 ; free physical = 197309 ; free virtual = 236226

Phase 2.2 Timer Update
Phase 2.2 Timer Update | Checksum: 156bacec0

Time (s): cpu = 00:00:13 ; elapsed = 00:00:06 . Memory (MB): peak = 6859.211 ; gain = 224.000 ; free physical = 197291 ; free virtual = 236209
Phase 2 Timer Update And Timing Data Collection | Checksum: 156bacec0

Time (s): cpu = 00:00:13 ; elapsed = 00:00:06 . Memory (MB): peak = 6859.211 ; gain = 224.000 ; free physical = 197291 ; free virtual = 236209

Phase 3 Retarget
INFO: [Opt 31-1851] Number of loadless carry chains removed were: 0
INFO: [Opt 31-1834] Total Chains To Be Transformed Were: 0 AND Number of Transformed insts Created are: 0
INFO: [Opt 31-138] Pushed 104 inverter(s) to 424 load pin(s).
INFO: [Opt 31-49] Retargeted 0 cell(s).
Phase 3 Retarget | Checksum: 14bcca2e8

Time (s): cpu = 00:00:24 ; elapsed = 00:00:16 . Memory (MB): peak = 7107.332 ; gain = 472.121 ; free physical = 197291 ; free virtual = 236210
Retarget | Checksum: 14bcca2e8
INFO: [Opt 31-389] Phase Retarget created 76 cells and removed 180 cells

Phase 4 Constant propagation
INFO: [Opt 31-138] Pushed 0 inverter(s) to 0 load pin(s).
Phase 4 Constant propagation | Checksum: 14537d243

Time (s): cpu = 00:00:28 ; elapsed = 00:00:21 . Memory (MB): peak = 7107.332 ; gain = 472.121 ; free physical = 197292 ; free virtual = 236211
Constant propagation | Checksum: 14537d243
INFO: [Opt 31-389] Phase Constant propagation created 104 cells and removed 106 cells

Phase 5 Sweep
INFO: [Constraints 18-11670] Building netlist checker database with flags, 0x8
Done building netlist checker database: Time (s): cpu = 00:00:00.17 ; elapsed = 00:00:00.17 . Memory (MB): peak = 7107.332 ; gain = 0.000 ; free physical = 197292 ; free virtual = 236211
INFO: [Constraints 18-11670] Building netlist checker database with flags, 0x8
Done building netlist checker database: Time (s): cpu = 00:00:00.15 ; elapsed = 00:00:00.16 . Memory (MB): peak = 7107.332 ; gain = 0.000 ; free physical = 197260 ; free virtual = 236178
Phase 5 Sweep | Checksum: 1247709e3

Time (s): cpu = 00:00:38 ; elapsed = 00:00:31 . Memory (MB): peak = 7107.332 ; gain = 472.121 ; free physical = 197260 ; free virtual = 236178
Sweep | Checksum: 1247709e3
INFO: [Opt 31-389] Phase Sweep created 0 cells and removed 52 cells

Phase 6 BUFG optimization
INFO: [Opt 31-1077] Phase BUFG optimization inserted 0 global clock buffer(s) for CLOCK_LOW_FANOUT.
Phase 6 BUFG optimization | Checksum: 1247709e3

Time (s): cpu = 00:00:42 ; elapsed = 00:00:34 . Memory (MB): peak = 7139.348 ; gain = 504.137 ; free physical = 197260 ; free virtual = 236179
BUFG optimization | Checksum: 1247709e3
INFO: [Opt 31-662] Phase BUFG optimization created 0 cells of which 0 are BUFGs and removed 0 cells.

Phase 7 Shift Register Optimization
INFO: [Opt 31-1064] SRL Remap converted 0 SRLs to 0 registers and converted 0 registers of register chains to 0 SRLs
Phase 7 Shift Register Optimization | Checksum: 1247709e3

Time (s): cpu = 00:00:42 ; elapsed = 00:00:34 . Memory (MB): peak = 7139.348 ; gain = 504.137 ; free physical = 197260 ; free virtual = 236179
Shift Register Optimization | Checksum: 1247709e3
INFO: [Opt 31-389] Phase Shift Register Optimization created 0 cells and removed 0 cells
INFO: [Opt 31-1555] control_set_opt supports Versal devices only, and device xcvu13p is unsupported

Phase 8 Post Processing Netlist
Phase 8 Post Processing Netlist | Checksum: 1247709e3

Time (s): cpu = 00:00:44 ; elapsed = 00:00:36 . Memory (MB): peak = 7139.348 ; gain = 504.137 ; free physical = 197261 ; free virtual = 236179
Post Processing Netlist | Checksum: 1247709e3
INFO: [Opt 31-389] Phase Post Processing Netlist created 0 cells and removed 0 cells

Phase 9 Finalization

Phase 9.1 Finalizing Design Cores and Updating Shapes
Phase 9.1 Finalizing Design Cores and Updating Shapes | Checksum: 197bf2352

Time (s): cpu = 00:01:14 ; elapsed = 00:01:02 . Memory (MB): peak = 7139.348 ; gain = 504.137 ; free physical = 197255 ; free virtual = 236174

Phase 9.2 Verifying Netlist Connectivity

Starting Connectivity Check Task

Time (s): cpu = 00:00:00.79 ; elapsed = 00:00:00.8 . Memory (MB): peak = 7139.348 ; gain = 0.000 ; free physical = 197255 ; free virtual = 236174
Phase 9.2 Verifying Netlist Connectivity | Checksum: 197bf2352

Time (s): cpu = 00:01:15 ; elapsed = 00:01:03 . Memory (MB): peak = 7139.348 ; gain = 504.137 ; free physical = 197256 ; free virtual = 236175
Phase 9 Finalization | Checksum: 197bf2352

Time (s): cpu = 00:01:15 ; elapsed = 00:01:03 . Memory (MB): peak = 7139.348 ; gain = 504.137 ; free physical = 197258 ; free virtual = 236177
Opt_design Change Summary
=========================


-------------------------------------------------------------------------------------------------------------------------
|  Phase                        |  #Cells created  |  #Cells Removed  |  #Constrained objects preventing optimizations  |
-------------------------------------------------------------------------------------------------------------------------
|  Retarget                     |              76  |             180  |                                              0  |
|  Constant propagation         |             104  |             106  |                                              0  |
|  Sweep                        |               0  |              52  |                                              0  |
|  BUFG optimization            |               0  |               0  |                                              0  |
|  Shift Register Optimization  |               0  |               0  |                                              0  |
|  Post Processing Netlist      |               0  |               0  |                                              0  |
-------------------------------------------------------------------------------------------------------------------------


Ending Logic Optimization Task | Checksum: 197bf2352

Time (s): cpu = 00:01:15 ; elapsed = 00:01:03 . Memory (MB): peak = 7139.348 ; gain = 504.137 ; free physical = 197258 ; free virtual = 236177
Netlist sorting complete. Time (s): cpu = 00:00:00.12 ; elapsed = 00:00:00.12 . Memory (MB): peak = 7139.348 ; gain = 0.000 ; free physical = 197258 ; free virtual = 236177
INFO: [Common 17-83] Releasing license: Implementation
23 Infos, 1 Warnings, 0 Critical Warnings and 0 Errors encountered.
opt_design completed successfully
opt_design: Time (s): cpu = 00:01:28 ; elapsed = 00:01:29 . Memory (MB): peak = 7139.348 ; gain = 930.551 ; free physical = 197258 ; free virtual = 236177
# if {[info exists ::env(PRE_PLACE_TCL)] && $::env(PRE_PLACE_TCL) ne ""} {
#     set pre_place_tcl [file normalize $::env(PRE_PLACE_TCL)]
#     if {![file exists $pre_place_tcl]} {
#         error "Missing PRE_PLACE_TCL hook: $pre_place_tcl"
#     }
#     puts "SOURCING_PRE_PLACE_TCL=$pre_place_tcl"
#     source $pre_place_tcl
# }
# write_checkpoint \
#     -force \
#     [
#         file join \
#             $output_dir \
#             post_opt.dcp
#     ]
INFO: [Timing 38-35] Done setting XDC timing constraints.
INFO: [Timing 38-480] Writing timing data to binary archive.
Write ShapeDB Complete: Time (s): cpu = 00:00:04 ; elapsed = 00:00:01 . Memory (MB): peak = 7139.348 ; gain = 0.000 ; free physical = 196782 ; free virtual = 236084
INFO: [Common 17-1381] The checkpoint '/mnt_pool/c3_users/user/pleguina/graphsage_vivado_2024_1_sweep/build/vivado_sweep/qat_dsp_V2A1_allcut_ssi_retime_route_clk280/post_opt.dcp' has been generated.
write_checkpoint: Time (s): cpu = 00:02:14 ; elapsed = 00:03:06 . Memory (MB): peak = 7139.348 ; gain = 0.000 ; free physical = 196474 ; free virtual = 236099
# puts "============================================================"
============================================================
# puts "STARTING_PLACEMENT=$place_directive"
STARTING_PLACEMENT=SSI_SpreadLogic_high
# puts "============================================================"
============================================================
# place_design \
#     -directive $place_directive \
#     -timing_summary
Command: place_design -directive SSI_SpreadLogic_high -timing_summary
Attempting to get a license for feature 'Implementation' and/or device 'xcvu13p'
INFO: [Common 17-349] Got license for feature 'Implementation' and/or device 'xcvu13p'
INFO: [Common 17-1540] The version limit for your license is '2026.02' and has expired for new software. A version limit expiration means that, although you may be able to continue to use the current version of tools or IP with this license, you will not be eligible for new releases.
INFO: [Common 17-83] Releasing license: Implementation
INFO: [DRC 23-27] Running DRC with 32 threads
WARNING: [DRC 23-814] Not all possible (connectivity based) DRCs may have been run because this design is seen as Out of Context.
INFO: [Vivado_Tcl 4-198] DRC finished with 0 Errors
INFO: [Vivado_Tcl 4-199] Please refer to the DRC report (report_drc) for more information.
INFO: [Vivado_Tcl 4-2302] The placer was invoked with the 'SSI_SpreadLogic_high' directive.
Running DRC as a precondition to command place_design
INFO: [DRC 23-27] Running DRC with 32 threads
WARNING: [DRC 23-814] Not all possible (connectivity based) DRCs may have been run because this design is seen as Out of Context.
INFO: [Vivado_Tcl 4-198] DRC finished with 0 Errors
INFO: [Vivado_Tcl 4-199] Please refer to the DRC report (report_drc) for more information.
INFO: [Place 30-611] Multithreading enabled for place_design using a maximum of 32 CPUs

Starting Placer Task

Phase 1 Placer Initialization

Phase 1.1 Placer Initialization Netlist Sorting
Netlist sorting complete. Time (s): cpu = 00:00:00.11 ; elapsed = 00:00:00.11 . Memory (MB): peak = 7139.348 ; gain = 0.000 ; free physical = 196697 ; free virtual = 236009
Phase 1.1 Placer Initialization Netlist Sorting | Checksum: af780353

Time (s): cpu = 00:00:00.22 ; elapsed = 00:00:00.23 . Memory (MB): peak = 7139.348 ; gain = 0.000 ; free physical = 196697 ; free virtual = 236009
Netlist sorting complete. Time (s): cpu = 00:00:00.11 ; elapsed = 00:00:00.11 . Memory (MB): peak = 7139.348 ; gain = 0.000 ; free physical = 196697 ; free virtual = 236009

Phase 1.2 IO Placement/ Clock Placement/ Build Placer Device
Phase 1.2 IO Placement/ Clock Placement/ Build Placer Device | Checksum: 907cf9a8

Time (s): cpu = 00:00:39 ; elapsed = 00:00:29 . Memory (MB): peak = 7362.660 ; gain = 223.312 ; free physical = 194808 ; free virtual = 234789

Phase 1.3 Build Placer Netlist Model
Phase 1.3 Build Placer Netlist Model | Checksum: 94221844

Time (s): cpu = 00:04:52 ; elapsed = 00:01:44 . Memory (MB): peak = 9739.258 ; gain = 2599.910 ; free physical = 187650 ; free virtual = 227652

Phase 1.4 Constrain Clocks/Macros
Phase 1.4 Constrain Clocks/Macros | Checksum: 94221844

Time (s): cpu = 00:04:52 ; elapsed = 00:01:44 . Memory (MB): peak = 9739.258 ; gain = 2599.910 ; free physical = 187649 ; free virtual = 227652
Phase 1 Placer Initialization | Checksum: 94221844

Time (s): cpu = 00:04:54 ; elapsed = 00:01:46 . Memory (MB): peak = 9739.258 ; gain = 2599.910 ; free physical = 187649 ; free virtual = 227651

Phase 2 Global Placement

Phase 2.1 Floorplanning

Phase 2.1.1 Partition Driven Placement

Phase 2.1.1.1 PBP: Partition Driven Placement
Phase 2.1.1.1 PBP: Partition Driven Placement | Checksum: 12e09ed38

Time (s): cpu = 00:08:54 ; elapsed = 00:03:12 . Memory (MB): peak = 10011.391 ; gain = 2872.043 ; free physical = 186733 ; free virtual = 226785

Phase 2.1.1.2 PBP: Clock Region Placement
INFO: [Place 30-3164] Check ILP status : ILP-based clock placer is skipped.
Phase 2.1.1.2 PBP: Clock Region Placement | Checksum: 12e09ed38

Time (s): cpu = 00:08:56 ; elapsed = 00:03:14 . Memory (MB): peak = 10011.391 ; gain = 2872.043 ; free physical = 186781 ; free virtual = 226864

Phase 2.1.1.3 PBP: Compute Congestion
Phase 2.1.1.3 PBP: Compute Congestion | Checksum: 12e09ed38

Time (s): cpu = 00:09:48 ; elapsed = 00:03:32 . Memory (MB): peak = 10258.984 ; gain = 3119.637 ; free physical = 185602 ; free virtual = 226269

Phase 2.1.1.4 PBP: UpdateTiming
Phase 2.1.1.4 PBP: UpdateTiming | Checksum: 10bf99e18

Time (s): cpu = 00:10:52 ; elapsed = 00:03:45 . Memory (MB): peak = 10451.078 ; gain = 3311.730 ; free physical = 185275 ; free virtual = 226024

Phase 2.1.1.5 PBP: Add part constraints
Phase 2.1.1.5 PBP: Add part constraints | Checksum: 10bf99e18

Time (s): cpu = 00:10:55 ; elapsed = 00:03:48 . Memory (MB): peak = 10451.078 ; gain = 3311.730 ; free physical = 185277 ; free virtual = 226026
Phase 2.1.1 Partition Driven Placement | Checksum: 10bf99e18

Time (s): cpu = 00:10:55 ; elapsed = 00:03:48 . Memory (MB): peak = 10451.078 ; gain = 3311.730 ; free physical = 185277 ; free virtual = 226027
Phase 2.1 Floorplanning | Checksum: 10bf99e18

Time (s): cpu = 00:10:55 ; elapsed = 00:03:48 . Memory (MB): peak = 10451.078 ; gain = 3311.730 ; free physical = 185277 ; free virtual = 226027

Phase 2.2 Physical Synthesis After Floorplan
INFO: [Physopt 32-775] End 1 Pass. Optimized 0 net or cell. Created 0 new cell, deleted 0 existing cell and moved 0 existing cell
Netlist sorting complete. Time (s): cpu = 00:00:00.12 ; elapsed = 00:00:00.14 . Memory (MB): peak = 10451.078 ; gain = 0.000 ; free physical = 185242 ; free virtual = 225995

Summary of Physical Synthesis Optimizations
============================================


-----------------------------------------------------------------------------------------------------------------------------------------------
|  Optimization                         |  Added Cells  |  Removed Cells  |  Optimized Cells/Nets  |  Dont Touch  |  Iterations  |  Elapsed   |
-----------------------------------------------------------------------------------------------------------------------------------------------
|  PSIP Post Floorplan SLR Replication  |            0  |              0  |                     0  |           0  |           1  |  00:00:03  |
|  Total                                |            0  |              0  |                     0  |           0  |           1  |  00:00:03  |
-----------------------------------------------------------------------------------------------------------------------------------------------


Phase 2.2 Physical Synthesis After Floorplan | Checksum: 10bf99e18

Time (s): cpu = 00:10:59 ; elapsed = 00:03:52 . Memory (MB): peak = 10451.078 ; gain = 3311.730 ; free physical = 185241 ; free virtual = 225993

Phase 2.3 Update Timing before SLR Path Opt
Phase 2.3 Update Timing before SLR Path Opt | Checksum: 10bf99e18

Time (s): cpu = 00:10:59 ; elapsed = 00:03:53 . Memory (MB): peak = 10451.078 ; gain = 3311.730 ; free physical = 185240 ; free virtual = 225993

Phase 2.4 Post-Processing in Floorplanning
Phase 2.4 Post-Processing in Floorplanning | Checksum: b643add0

Time (s): cpu = 00:11:01 ; elapsed = 00:03:54 . Memory (MB): peak = 10451.078 ; gain = 3311.730 ; free physical = 185240 ; free virtual = 225993

Phase 2.5 Global Place Phase1
Phase 2.5 Global Place Phase1 | Checksum: 1d8832ae3

Time (s): cpu = 00:21:03 ; elapsed = 00:07:14 . Memory (MB): peak = 11336.070 ; gain = 4196.723 ; free physical = 182716 ; free virtual = 223475

Phase 2.6 Global Place Phase2

Phase 2.6.1 UpdateTiming Before Physical Synthesis
Phase 2.6.1 UpdateTiming Before Physical Synthesis | Checksum: 122469a21

Time (s): cpu = 00:22:49 ; elapsed = 00:07:23 . Memory (MB): peak = 11336.070 ; gain = 4196.723 ; free physical = 182711 ; free virtual = 223471

Phase 2.6.2 Physical Synthesis In Placer
INFO: [Physopt 32-1035] Found 3 LUTNM shape to break, 6284 LUT instances to create LUTNM shape
INFO: [Physopt 32-1044] Break lutnm for timing: one critical 3, two critical 0, total 2, new lutff created 0
INFO: [Physopt 32-1138] End 1 Pass. Optimized 2885 nets or LUTs. Breaked 2 LUTs, combined 2883 existing LUTs and moved 0 existing LUT
INFO: [Physopt 32-1030] Pass 1. Identified 206 candidate driver sets for equivalent driver rewiring.
INFO: [Physopt 32-661] Optimized 167 nets.  Re-placed 386 instances.
INFO: [Physopt 32-775] End 1 Pass. Optimized 167 nets or cells. Created 0 new cell, deleted 0 existing cell and moved 386 existing cells
Netlist sorting complete. Time (s): cpu = 00:00:02 ; elapsed = 00:00:02 . Memory (MB): peak = 11336.070 ; gain = 0.000 ; free physical = 182716 ; free virtual = 223475
INFO: [Physopt 32-65] No nets found for high-fanout optimization.
INFO: [Physopt 32-232] Optimized 0 net. Created 0 new instance.
INFO: [Physopt 32-775] End 1 Pass. Optimized 0 net or cell. Created 0 new cell, deleted 0 existing cell and moved 0 existing cell
INFO: [Physopt 32-76] Pass 1. Identified 10 candidate nets for fanout optimization.
INFO: [Physopt 32-81] Processed net grp_l1_neighbor_channel_false_23_true_s_fu_8214/mul_8s_7ns_15_4_0_U10035/din0_reg_reg[4]_0. Replicated 9 times.
INFO: [Physopt 32-81] Processed net grp_l1_neighbor_channel_false_22_true_s_fu_8090/mul_8s_8ns_16_4_0_U9781/din0_reg_reg[6]_0. Replicated 9 times.
INFO: [Physopt 32-81] Processed net grp_l1_neighbor_channel_false_22_true_s_fu_8090/aggregate_input_1_6_val_read_reg_4006_reg[7]_0[6]. Replicated 7 times.
INFO: [Physopt 32-81] Processed net grp_l1_neighbor_channel_false_22_true_s_fu_8090/aggregate_input_1_6_val_read_reg_4006_reg[7]_0[5]. Replicated 7 times.
INFO: [Physopt 32-81] Processed net grp_l1_neighbor_channel_false_22_true_s_fu_8090/aggregate_input_1_6_val_read_reg_4006_reg[7]_0[4]. Replicated 6 times.
INFO: [Physopt 32-81] Processed net grp_l1_neighbor_channel_false_22_true_s_fu_8090/mul_8s_8ns_16_4_0_U9781/din0_reg_reg[5]_0. Replicated 9 times.
INFO: [Physopt 32-81] Processed net grp_l1_neighbor_channel_false_22_true_s_fu_8090/aggregate_input_1_6_val_read_reg_4006_reg[7]_0[2]. Replicated 6 times.
INFO: [Physopt 32-81] Processed net grp_l1_neighbor_channel_false_22_true_s_fu_8090/aggregate_input_1_6_val_read_reg_4006_reg[7]_0[1]. Replicated 6 times.
INFO: [Physopt 32-81] Processed net grp_l1_neighbor_channel_false_23_true_s_fu_8214/mul_8s_7ns_15_4_0_U10059/din0_reg_reg[3]_0. Replicated 9 times.
INFO: [Physopt 32-81] Processed net grp_l1_neighbor_channel_false_22_true_s_fu_8090/aggregate_input_1_6_val_read_reg_4006_reg[7]_0[3]. Replicated 6 times.
INFO: [Physopt 32-232] Optimized 10 nets. Created 74 new instances.
INFO: [Physopt 32-775] End 1 Pass. Optimized 10 nets or cells. Created 74 new cells, deleted 0 existing cell and moved 0 existing cell
Netlist sorting complete. Time (s): cpu = 00:00:02 ; elapsed = 00:00:02 . Memory (MB): peak = 11336.070 ; gain = 0.000 ; free physical = 182715 ; free virtual = 223475
INFO: [Physopt 32-456] No candidate cells for DSP register optimization found in the design.
INFO: [Physopt 32-775] End 2 Pass. Optimized 0 net or cell. Created 0 new cell, deleted 0 existing cell and moved 0 existing cell
INFO: [Physopt 32-1123] No candidate cells found for Shift Register to Pipeline optimization
INFO: [Physopt 32-775] End 2 Pass. Optimized 0 net or cell. Created 0 new cell, deleted 0 existing cell and moved 0 existing cell
INFO: [Physopt 32-1402] Pass 1: Identified 25 candidate cells for Shift Register optimization.
INFO: [Physopt 32-775] End 1 Pass. Optimized 24 nets or cells. Created 24 new cells, deleted 0 existing cell and moved 0 existing cell
Netlist sorting complete. Time (s): cpu = 00:00:00.33 ; elapsed = 00:00:00.34 . Memory (MB): peak = 11336.070 ; gain = 0.000 ; free physical = 182717 ; free virtual = 223477
INFO: [Physopt 32-526] No candidate cells for BRAM register optimization found in the design
INFO: [Physopt 32-775] End 1 Pass. Optimized 0 net or cell. Created 0 new cell, deleted 0 existing cell and moved 0 existing cell
INFO: [Physopt 32-846] No candidate cells for URAM register optimization found in the design
INFO: [Physopt 32-775] End 1 Pass. Optimized 0 net or cell. Created 0 new cell, deleted 0 existing cell and moved 0 existing cell
INFO: [Physopt 32-846] No candidate cells for URAM register optimization found in the design
INFO: [Physopt 32-775] End 1 Pass. Optimized 0 net or cell. Created 0 new cell, deleted 0 existing cell and moved 0 existing cell
INFO: [Physopt 32-949] No candidate nets found for dynamic/static region interface net replication
INFO: [Physopt 32-775] End 1 Pass. Optimized 0 net or cell. Created 0 new cell, deleted 0 existing cell and moved 0 existing cell
Netlist sorting complete. Time (s): cpu = 00:00:00.12 ; elapsed = 00:00:00.12 . Memory (MB): peak = 11336.070 ; gain = 0.000 ; free physical = 182718 ; free virtual = 223477

Summary of Physical Synthesis Optimizations
============================================


-----------------------------------------------------------------------------------------------------------------------------------------------------------
|  Optimization                                     |  Added Cells  |  Removed Cells  |  Optimized Cells/Nets  |  Dont Touch  |  Iterations  |  Elapsed   |
-----------------------------------------------------------------------------------------------------------------------------------------------------------
|  LUT Combining                                    |            2  |           2883  |                  2885  |           0  |           1  |  00:00:04  |
|  Retime                                           |            0  |              0  |                     0  |           0  |           1  |  00:00:00  |
|  Equivalent Driver Rewiring                       |            0  |              0  |                   167  |           0  |           1  |  00:00:06  |
|  Very High Fanout                                 |            0  |              0  |                     0  |           0  |           1  |  00:00:01  |
|  Fanout                                           |           74  |              0  |                    10  |           0  |           1  |  00:00:03  |
|  DSP Register                                     |            0  |              0  |                     0  |           0  |           1  |  00:00:00  |
|  Shift Register to Pipeline                       |            0  |              0  |                     0  |           0  |           1  |  00:00:00  |
|  Shift Register                                   |           24  |              0  |                    24  |           0  |           1  |  00:00:01  |
|  BRAM Register                                    |            0  |              0  |                     0  |           0  |           1  |  00:00:00  |
|  URAM Register                                    |            0  |              0  |                     0  |           0  |           1  |  00:00:01  |
|  Dynamic/Static Region Interface Net Replication  |            0  |              0  |                     0  |           0  |           1  |  00:00:00  |
|  Total                                            |          100  |           2883  |                  3086  |           0  |          11  |  00:00:15  |
-----------------------------------------------------------------------------------------------------------------------------------------------------------


Phase 2.6.2 Physical Synthesis In Placer | Checksum: 274de386d

Time (s): cpu = 00:24:26 ; elapsed = 00:07:57 . Memory (MB): peak = 11336.070 ; gain = 4196.723 ; free physical = 182741 ; free virtual = 223501
Phase 2.6 Global Place Phase2 | Checksum: 144dc487f

Time (s): cpu = 00:27:08 ; elapsed = 00:08:46 . Memory (MB): peak = 11528.164 ; gain = 4388.816 ; free physical = 182714 ; free virtual = 223474
Phase 2 Global Placement | Checksum: 144dc487f

Time (s): cpu = 00:27:09 ; elapsed = 00:08:46 . Memory (MB): peak = 11528.164 ; gain = 4388.816 ; free physical = 182714 ; free virtual = 223474

Phase 3 Detail Placement

Phase 3.1 Commit Multi Column Macros
Phase 3.1 Commit Multi Column Macros | Checksum: 11b158737

Time (s): cpu = 00:28:09 ; elapsed = 00:09:03 . Memory (MB): peak = 11528.164 ; gain = 4388.816 ; free physical = 182724 ; free virtual = 223484

Phase 3.2 Commit Most Macros & LUTRAMs
Phase 3.2 Commit Most Macros & LUTRAMs | Checksum: 23beb16b8

Time (s): cpu = 00:29:35 ; elapsed = 00:09:35 . Memory (MB): peak = 11528.164 ; gain = 4388.816 ; free physical = 182711 ; free virtual = 223471

Phase 3.3 Small Shape DP

Phase 3.3.1 Small Shape Clustering
Phase 3.3.1 Small Shape Clustering | Checksum: 166e1d710

Time (s): cpu = 00:34:15 ; elapsed = 00:10:45 . Memory (MB): peak = 11528.164 ; gain = 4388.816 ; free physical = 183240 ; free virtual = 223562

Phase 3.3.2 Slice Area Swap

Phase 3.3.2.1 Slice Area Swap Initial
Phase 3.3.2.1 Slice Area Swap Initial | Checksum: 1f198bf44

Time (s): cpu = 00:34:36 ; elapsed = 00:10:55 . Memory (MB): peak = 11528.164 ; gain = 4388.816 ; free physical = 183227 ; free virtual = 223549
Phase 3.3.2 Slice Area Swap | Checksum: 1d3fadf8e

Time (s): cpu = 00:34:47 ; elapsed = 00:11:03 . Memory (MB): peak = 11528.164 ; gain = 4388.816 ; free physical = 183229 ; free virtual = 223551
Phase 3.3 Small Shape DP | Checksum: 2e2740bf5

Time (s): cpu = 00:35:23 ; elapsed = 00:11:14 . Memory (MB): peak = 11528.164 ; gain = 4388.816 ; free physical = 183229 ; free virtual = 223551

Phase 3.4 Re-assign LUT pins
Phase 3.4 Re-assign LUT pins | Checksum: 289312329

Time (s): cpu = 00:35:43 ; elapsed = 00:11:32 . Memory (MB): peak = 11528.164 ; gain = 4388.816 ; free physical = 183230 ; free virtual = 223553

Phase 3.5 Pipeline Register Optimization
Phase 3.5 Pipeline Register Optimization | Checksum: 1d692d04a

Time (s): cpu = 00:35:55 ; elapsed = 00:11:40 . Memory (MB): peak = 11528.164 ; gain = 4388.816 ; free physical = 183220 ; free virtual = 223542

Phase 3.6 Fast Optimization
Phase 3.6 Fast Optimization | Checksum: 1d9a736cc

Time (s): cpu = 00:40:39 ; elapsed = 00:12:17 . Memory (MB): peak = 11528.164 ; gain = 4388.816 ; free physical = 182899 ; free virtual = 223221
Phase 3 Detail Placement | Checksum: 1d9a736cc

Time (s): cpu = 00:40:44 ; elapsed = 00:12:17 . Memory (MB): peak = 11528.164 ; gain = 4388.816 ; free physical = 182908 ; free virtual = 223231

Phase 4 Post Placement Optimization and Clean-Up

Phase 4.1 Post Commit Optimization
INFO: [Timing 38-35] Done setting XDC timing constraints.

Phase 4.1.1 Post Placement Optimization
Post Placement Optimization Initialization | Checksum: 1989018ab

Phase 4.1.1.1 BUFG Insertion

Starting Physical Synthesis Task

Phase 1 Physical Synthesis Initialization
INFO: [Physopt 32-721] Multithreading enabled for phys_opt_design using a maximum of 32 CPUs
INFO: [Physopt 32-619] Estimated Timing Summary | WNS=-0.158 | TNS=-1.403 |
Phase 1 Physical Synthesis Initialization | Checksum: 1d4b351c6

Time (s): cpu = 00:00:39 ; elapsed = 00:00:03 . Memory (MB): peak = 11639.047 ; gain = 0.000 ; free physical = 182329 ; free virtual = 222652
INFO: [Place 46-56] BUFG insertion identified 0 candidate nets. Inserted BUFG: 0, Replicated BUFG Driver: 0, Skipped due to Placement/Routing Conflicts: 0, Skipped due to Timing Degradation: 0, Skipped due to netlist editing failed: 0.
Ending Physical Synthesis Task | Checksum: 134cd9991

Time (s): cpu = 00:00:44 ; elapsed = 00:00:05 . Memory (MB): peak = 11639.047 ; gain = 0.000 ; free physical = 182330 ; free virtual = 222652
Phase 4.1.1.1 BUFG Insertion | Checksum: 1989018ab

Time (s): cpu = 00:48:40 ; elapsed = 00:13:26 . Memory (MB): peak = 11639.047 ; gain = 4499.699 ; free physical = 182329 ; free virtual = 222652

Phase 4.1.1.2 BUFG Replication
INFO: [Place 46-63] BUFG replication identified 0 candidate nets: Replicated nets: 0, Replicated BUFGs: 0, Replicated BUFG Driver: 0, moved BUFGs: 0, Skipped due to Placement / Routing Conflict: 0, Skipped due to Timing: 0, Skipped due to constraints: 0
Phase 4.1.1.2 BUFG Replication | Checksum: 1989018ab

Time (s): cpu = 00:48:45 ; elapsed = 00:13:28 . Memory (MB): peak = 11639.047 ; gain = 4499.699 ; free physical = 182330 ; free virtual = 222652

Phase 4.1.1.3 Post Placement Timing Optimization
Phase 4.1.1.3 Post Placement Timing Optimization | Checksum: 1e1c28d60

Time (s): cpu = 00:52:41 ; elapsed = 00:16:18 . Memory (MB): peak = 11639.047 ; gain = 4499.699 ; free physical = 181663 ; free virtual = 221985

Phase 4.1.1.4 Replication
Phase 4.1.1.4 Replication | Checksum: f9cc32d6

Time (s): cpu = 00:54:03 ; elapsed = 00:16:48 . Memory (MB): peak = 11639.047 ; gain = 4499.699 ; free physical = 181197 ; free virtual = 221974

Time (s): cpu = 00:54:03 ; elapsed = 00:16:48 . Memory (MB): peak = 11639.047 ; gain = 4499.699 ; free physical = 181196 ; free virtual = 221974
Phase 4.1 Post Commit Optimization | Checksum: f9cc32d6

Time (s): cpu = 00:54:07 ; elapsed = 00:16:49 . Memory (MB): peak = 11639.047 ; gain = 4499.699 ; free physical = 181172 ; free virtual = 221973

Phase 4.2 Post Placement Cleanup
Phase 4.2 Post Placement Cleanup | Checksum: f9cc32d6

Time (s): cpu = 00:55:40 ; elapsed = 00:19:07 . Memory (MB): peak = 12363.367 ; gain = 5224.020 ; free physical = 179451 ; free virtual = 220531

Phase 4.3 Placer Reporting

Phase 4.3.1 Dump Critical Paths 
Phase 4.3.1 Dump Critical Paths  | Checksum: f9cc32d6

Time (s): cpu = 00:55:48 ; elapsed = 00:19:09 . Memory (MB): peak = 12363.367 ; gain = 5224.020 ; free physical = 179451 ; free virtual = 220531

Phase 4.3.2 Print Final WNS
INFO: [Place 30-100] Post Placement Timing Summary | WNS=0.108  | TNS=0.000  |

Phase 4.3.2 Print Final WNS | Checksum: f9cc32d6

Time (s): cpu = 01:00:25 ; elapsed = 00:19:33 . Memory (MB): peak = 12363.367 ; gain = 5224.020 ; free physical = 179158 ; free virtual = 220449

Phase 4.3.3 Print Estimated Congestion
INFO: [Place 30-612] Post-Placement Estimated Congestion 
 ________________________________________________________________________
|           | Global Congestion | Long Congestion   | Short Congestion  |
| Direction | Region Size       | Region Size       | Region Size       |
|___________|___________________|___________________|___________________|
|      North|                1x1|                1x1|                1x1|
|___________|___________________|___________________|___________________|
|      South|                1x1|                8x8|                1x1|
|___________|___________________|___________________|___________________|
|       East|                1x1|                1x1|                2x2|
|___________|___________________|___________________|___________________|
|       West|                1x1|                1x1|                1x1|
|___________|___________________|___________________|___________________|

SLR0:
 ________________________________________________________________________
|           | Global Congestion | Long Congestion   | Short Congestion  |
| Direction | Region Size       | Region Size       | Region Size       |
|___________|___________________|___________________|___________________|
|      North|                1x1|                1x1|                1x1|
|___________|___________________|___________________|___________________|
|      South|                1x1|                1x1|                1x1|
|___________|___________________|___________________|___________________|
|       East|                1x1|                1x1|                1x1|
|___________|___________________|___________________|___________________|
|       West|                1x1|                1x1|                1x1|
|___________|___________________|___________________|___________________|

SLR1:
 ________________________________________________________________________
|           | Global Congestion | Long Congestion   | Short Congestion  |
| Direction | Region Size       | Region Size       | Region Size       |
|___________|___________________|___________________|___________________|
|      North|                1x1|                1x1|                1x1|
|___________|___________________|___________________|___________________|
|      South|                1x1|                8x8|                1x1|
|___________|___________________|___________________|___________________|
|       East|                1x1|                1x1|                2x2|
|___________|___________________|___________________|___________________|
|       West|                1x1|                1x1|                1x1|
|___________|___________________|___________________|___________________|

SLR2:
 ________________________________________________________________________
|           | Global Congestion | Long Congestion   | Short Congestion  |
| Direction | Region Size       | Region Size       | Region Size       |
|___________|___________________|___________________|___________________|
|      North|                1x1|                1x1|                1x1|
|___________|___________________|___________________|___________________|
|      South|                1x1|                1x1|                1x1|
|___________|___________________|___________________|___________________|
|       East|                1x1|                1x1|                1x1|
|___________|___________________|___________________|___________________|
|       West|                1x1|                1x1|                1x1|
|___________|___________________|___________________|___________________|

SLR3:
 ________________________________________________________________________
|           | Global Congestion | Long Congestion   | Short Congestion  |
| Direction | Region Size       | Region Size       | Region Size       |
|___________|___________________|___________________|___________________|
|      North|                1x1|                1x1|                1x1|
|___________|___________________|___________________|___________________|
|      South|                1x1|                1x1|                1x1|
|___________|___________________|___________________|___________________|
|       East|                1x1|                1x1|                1x1|
|___________|___________________|___________________|___________________|
|       West|                1x1|                1x1|                1x1|
|___________|___________________|___________________|___________________|

Phase 4.3.3 Print Estimated Congestion | Checksum: 14ea6008e

Time (s): cpu = 01:00:49 ; elapsed = 00:19:36 . Memory (MB): peak = 12363.367 ; gain = 5224.020 ; free physical = 179154 ; free virtual = 220446
Phase 4.3 Placer Reporting | Checksum: 14ea6008e

Time (s): cpu = 01:00:54 ; elapsed = 00:19:37 . Memory (MB): peak = 12363.367 ; gain = 5224.020 ; free physical = 179144 ; free virtual = 220446

Phase 4.4 Final Placement Cleanup
Netlist sorting complete. Time (s): cpu = 00:00:02 ; elapsed = 00:00:02 . Memory (MB): peak = 12363.367 ; gain = 0.000 ; free physical = 178907 ; free virtual = 220388

Time (s): cpu = 01:00:55 ; elapsed = 00:19:39 . Memory (MB): peak = 12363.367 ; gain = 5224.020 ; free physical = 178907 ; free virtual = 220387
Phase 4 Post Placement Optimization and Clean-Up | Checksum: 17224de3d

Time (s): cpu = 01:00:59 ; elapsed = 00:19:40 . Memory (MB): peak = 12363.367 ; gain = 5224.020 ; free physical = 178907 ; free virtual = 220388
Ending Placer Task | Checksum: b36d7c58

Time (s): cpu = 01:01:04 ; elapsed = 00:19:41 . Memory (MB): peak = 12363.367 ; gain = 5224.020 ; free physical = 178906 ; free virtual = 220387
56 Infos, 2 Warnings, 0 Critical Warnings and 0 Errors encountered.
place_design completed successfully
place_design: Time (s): cpu = 01:01:45 ; elapsed = 00:20:17 . Memory (MB): peak = 12363.367 ; gain = 5224.020 ; free physical = 178887 ; free virtual = 220374
# write_checkpoint \
#     -force \
#     [
#         file join \
#             $output_dir \
#             post_place.dcp
#     ]
INFO: [Timing 38-480] Writing timing data to binary archive.
Write ShapeDB Complete: Time (s): cpu = 00:00:03 ; elapsed = 00:00:01 . Memory (MB): peak = 12363.367 ; gain = 0.000 ; free physical = 178437 ; free virtual = 220265
Wrote PlaceDB: Time (s): cpu = 00:00:46 ; elapsed = 00:00:19 . Memory (MB): peak = 12363.367 ; gain = 0.000 ; free physical = 177549 ; free virtual = 220218
Wrote PulsedLatchDB: Time (s): cpu = 00:00:00 ; elapsed = 00:00:00 . Memory (MB): peak = 12363.367 ; gain = 0.000 ; free physical = 176663 ; free virtual = 219763
Writing XDEF routing.
Writing XDEF routing logical nets.
Writing XDEF routing special nets.
Wrote RouteStorage: Time (s): cpu = 00:00:00.07 ; elapsed = 00:00:00.76 . Memory (MB): peak = 12363.367 ; gain = 0.000 ; free physical = 176642 ; free virtual = 219758
Wrote Netlist Cache: Time (s): cpu = 00:00:00.74 ; elapsed = 00:00:00.77 . Memory (MB): peak = 12363.367 ; gain = 0.000 ; free physical = 176550 ; free virtual = 219754
Wrote Device Cache: Time (s): cpu = 00:00:00.01 ; elapsed = 00:00:00.02 . Memory (MB): peak = 12363.367 ; gain = 0.000 ; free physical = 175610 ; free virtual = 219040
Write Physdb Complete: Time (s): cpu = 00:00:49 ; elapsed = 00:14:54 . Memory (MB): peak = 12363.367 ; gain = 0.000 ; free physical = 175581 ; free virtual = 219018
ERROR: [Common 17-99] Failed to open zip archive /mnt_pool/c3_users/user/pleguina/graphsage_vivado_2024_1_sweep/build/vivado_sweep/qat_dsp_V2A1_allcut_ssi_retime_route_clk280/post_place.dcp.
Resolution: Check that you have write permissions at the path specified (directory already exsits), and sufficient free disk space.

    while executing
"write_checkpoint \
    -force \
    [
        file join \
            $output_dir \
            post_place.dcp
    ]"
    (file "hls/run_vivado_int8_po2_strategy.tcl" line 302)
INFO: [Common 17-206] Exiting Vivado at Wed Aug 26 12:42:46 2026...
