
****** Vivado v2025.2 (64-bit)
  **** SW Build 6299465 on Fri Nov 14 12:34:56 MST 2025
  **** IP Build 6300035 on Fri Nov 14 10:48:45 MST 2025
  **** SharedData Build 6298862 on Thu Nov 13 04:50:51 MST 2025
  **** Start of session at: Thu Aug 27 16:06:05 2026
    ** Copyright 1986-2022 Xilinx, Inc. All Rights Reserved.
    ** Copyright 2022-2025 Advanced Micro Devices, Inc. All Rights Reserved.

source campaigns/tns_final/scripts/hierarchy_audit.tcl
# if {[llength $argv] != 2} {
#     error "Usage: hierarchy_audit.tcl <checkpoint.dcp> <output.csv>"
# }
# set checkpoint [lindex $argv 0]
# set output_csv [lindex $argv 1]
# if {![file exists $checkpoint]} {
#     error "Missing checkpoint: $checkpoint"
# }
# open_checkpoint $checkpoint
Command: open_checkpoint /mnt_pool/c3_users/user/pleguina/graphsage_vivado_2024_1_sweep/build/vivado_sweep/qat_dsp_V2A1_allcut_ssi_retime_route/final.dcp

Starting open_checkpoint Task

Time (s): cpu = 00:00:00.03 ; elapsed = 00:00:00.04 . Memory (MB): peak = 1483.469 ; gain = 8.906 ; free physical = 50857 ; free virtual = 184018
INFO: [Device 21-403] Loading part xcvu13p-fsga2577-1-e
Netlist sorting complete. Time (s): cpu = 00:00:05 ; elapsed = 00:00:05 . Memory (MB): peak = 3731.773 ; gain = 30.000 ; free physical = 35817 ; free virtual = 170144
INFO: [Netlist 29-17] Analyzing 49531 Unisim elements for replacement
INFO: [Netlist 29-28] Unisim Transformation completed in 2 CPU seconds
INFO: [Project 1-479] Netlist was created with Vivado 2025.2
INFO: [Project 1-570] Preparing netlist for logic optimization
Read ShapeDB Complete: Time (s): cpu = 00:00:02 ; elapsed = 00:00:02 . Memory (MB): peak = 4288.172 ; gain = 198.094 ; free physical = 34226 ; free virtual = 168235
INFO: [Timing 38-478] Restoring timing data from binary archive.
INFO: [Timing 38-479] Binary timing data restore complete.
INFO: [Project 1-856] Restoring constraints from binary archive.
INFO: [Constraints 18-5170] The checkpoint was created with non-default parameter values which do not match the current Vivado settings.  Mismatching parameters are:
  general.maxThreads
INFO: [Project 1-853] Binary constraint restore complete.
INFO: [Designutils 20-5722] Start Reading Physical Databases.
Reading placement.
Read Netlist Cache: Time (s): cpu = 00:00:00.86 ; elapsed = 00:00:00.88 . Memory (MB): peak = 5891.465 ; gain = 0.000 ; free physical = 29012 ; free virtual = 165246
Reading placer database...
Read Device Cache: Time (s): cpu = 00:00:00.02 ; elapsed = 00:00:00.01 . Memory (MB): peak = 5891.465 ; gain = 0.000 ; free physical = 29012 ; free virtual = 165246
Read PlaceDB: Time (s): cpu = 00:00:17 ; elapsed = 00:00:18 . Memory (MB): peak = 6421.754 ; gain = 530.289 ; free physical = 27056 ; free virtual = 164097
Read PulsedLatchDB: Time (s): cpu = 00:00:00 ; elapsed = 00:00:00 . Memory (MB): peak = 6421.754 ; gain = 0.000 ; free physical = 27055 ; free virtual = 164097
Reading routing.
Read RouteStorage: Time (s): cpu = 00:00:15 ; elapsed = 00:00:05 . Memory (MB): peak = 6730.059 ; gain = 308.305 ; free physical = 26114 ; free virtual = 163681
Read Physdb Files: Time (s): cpu = 00:00:34 ; elapsed = 00:00:24 . Memory (MB): peak = 6730.059 ; gain = 838.594 ; free physical = 26095 ; free virtual = 163680
Restored from archive | CPU: 35.490000 secs | Memory: 747.942780 MB |
Finished XDEF File Restore: Time (s): cpu = 00:00:34 ; elapsed = 00:00:24 . Memory (MB): peak = 6730.059 ; gain = 838.594 ; free physical = 26077 ; free virtual = 163679
Netlist sorting complete. Time (s): cpu = 00:00:00.15 ; elapsed = 00:00:00.16 . Memory (MB): peak = 6730.059 ; gain = 0.000 ; free physical = 28970 ; free virtual = 163662
INFO: [Project 1-111] Unisim Transformation Summary:
  A total of 432 instances were transformed.
  DSP48E2 => DSP48E2 (DSP_ALU, DSP_A_B_DATA, DSP_C_DATA, DSP_MULTIPLIER, DSP_M_DATA, DSP_OUTPUT, DSP_PREADD, DSP_PREADD_DATA): 432 instances

INFO: [Project 1-604] Checkpoint was created with Vivado v2025.2 (64-bit) build 6299465
open_checkpoint: Time (s): cpu = 00:02:23 ; elapsed = 00:02:43 . Memory (MB): peak = 6730.094 ; gain = 5259.500 ; free physical = 28951 ; free virtual = 163659
# set patterns {
#     l1_root_channel
#     l1_neighbor_channel
#     l2_root_channel
#     l2_neighbor_channel
# }
# set fh [open $output_csv w]
# puts $fh "pattern,hier_cell,lut,ff,dsp,slr,bbox"
# set total_units 0
# foreach pattern $patterns {
#     set cells [get_cells -hierarchical -regexp -filter "IS_PRIMITIVE == 0" ".*${pattern}.*"]
#     foreach cell $cells {
#         # -of_objects cannot be combined with -hierarchical; match by path prefix instead.
#         set leaf_cells [get_cells -hierarchical -regexp -filter "IS_PRIMITIVE == 1" "^${cell}/.*"]
#         set lut_count 0
#         set ff_count 0
#         set dsp_count 0
#         foreach leaf $leaf_cells {
#             set ref [get_property REF_NAME $leaf]
#             if {[string match "LUT*" $ref] || [string match "*LUT6*" $ref]} { incr lut_count }
#             if {[string match "FD*" $ref]} { incr ff_count }
#             if {[string match "DSP*" $ref]} { incr dsp_count }
#         }
#         set slrs [lsort -unique [get_property -quiet SLR_NAME [get_sites -quiet -of_objects $leaf_cells]]]
#         set bbox [get_property -quiet BBOX [get_pblocks -quiet -of_objects $cell]]
#         puts $fh "$pattern,$cell,$lut_count,$ff_count,$dsp_count,\"$slrs\",\"$bbox\""
#         incr total_units
#     }
# }
# close $fh
# puts "============================================================"
============================================================
# puts "HIERARCHY_AUDIT_TOTAL_UNITS=$total_units"
HIERARCHY_AUDIT_TOTAL_UNITS=8528
# puts "HIERARCHY_AUDIT_EXPECTED_UNITS=62"
HIERARCHY_AUDIT_EXPECTED_UNITS=62
# puts "============================================================"
============================================================
# exit 0
INFO: [Common 17-206] Exiting Vivado at Thu Aug 27 16:37:20 2026...
