ERROR: [Place 30-415] IO Placement failed due to overutilization. This design contains 1538 I/O ports
 while the target  device: xcvu13p package: fsga2577, contains only 1090 available user I/O. The target device has 1090 usable I/O pins of which 0 are already occupied by user-locked I/Os.
 To rectify this issue:
 1. Ensure you are targeting the correct device and package.  Select a larger device or different package if necessary.
 2. Check the top-level ports of the design to ensure the correct number of ports are specified.
 3. Consider design changes to reduce the number of I/Os necessary.
ERROR: [Place 30-68] Instance bufg_ap_clk (BUFGCE) is not placed
ERROR: [Place 30-68] Instance clk_in_IBUF_inst/IBUFCTRL_INST (IBUFCTRL) is not placed
ERROR: [Place 30-68] Instance clk_in_IBUF_inst/INBUF_INST (INBUF) is not placed
ERROR: [Place 30-68] Instance rst_in_IBUF_inst/IBUFCTRL_INST (IBUFCTRL) is not placed
ERROR: [Place 30-68] Instance rst_in_IBUF_inst/INBUF_INST (INBUF) is not placed
ERROR: [Place 30-68] Instance wrap_edge_masks_0_IBUF[0]_inst/IBUFCTRL_INST (IBUFCTRL) is not placed
ERROR: [Place 30-68] Instance wrap_edge_masks_0_IBUF[0]_inst/INBUF_INST (INBUF) is not placed
ERROR: [Place 30-68] Instance wrap_edge_masks_0_IBUF[1]_inst/IBUFCTRL_INST (IBUFCTRL) is not placed
ERROR: [Place 30-68] Instance wrap_edge_masks_0_IBUF[1]_inst/INBUF_INST (INBUF) is not placed
ERROR: [Place 30-68] Instance wrap_edge_masks_0_IBUF[2]_inst/IBUFCTRL_INST (IBUFCTRL) is not placed
ERROR: [Place 30-68] Instance wrap_edge_masks_0_IBUF[2]_inst/INBUF_INST (INBUF) is not placed
ERROR: [Place 30-68] Instance wrap_edge_masks_0_IBUF[3]_inst/IBUFCTRL_INST (IBUFCTRL) is not placed
ERROR: [Place 30-68] Instance wrap_edge_masks_0_IBUF[3]_inst/INBUF_INST (INBUF) is not placed
ERROR: [Place 30-68] Instance wrap_edge_masks_0_IBUF[4]_inst/IBUFCTRL_INST (IBUFCTRL) is not placed
ERROR: [Place 30-68] Instance wrap_edge_masks_0_IBUF[4]_inst/INBUF_INST (INBUF) is not placed
ERROR: [Place 30-68] Instance wrap_edge_masks_0_IBUF[5]_inst/IBUFCTRL_INST (IBUFCTRL) is not placed
ERROR: [Place 30-68] Instance wrap_edge_masks_0_IBUF[5]_inst/INBUF_INST (INBUF) is not placed
ERROR: [Place 30-68] Instance wrap_edge_masks_0_IBUF[6]_inst/IBUFCTRL_INST (IBUFCTRL) is not placed
ERROR: [Place 30-68] Instance wrap_edge_masks_0_IBUF[6]_inst/INBUF_INST (INBUF) is not placed
ERROR: [Place 30-68] Instance wrap_edge_masks_0_IBUF[7]_inst/IBUFCTRL_INST (IBUFCTRL) is not placed
ERROR: [Place 30-68] Instance wrap_edge_masks_0_IBUF[7]_inst/INBUF_INST (INBUF) is not placed
ERROR: [Place 30-68] Instance wrap_edge_masks_1_IBUF[0]_inst/IBUFCTRL_INST (IBUFCTRL) is not placed
ERROR: [Place 30-68] Instance wrap_edge_masks_1_IBUF[0]_inst/INBUF_INST (INBUF) is not placed
ERROR: [Place 30-68] Instance wrap_edge_masks_1_IBUF[1]_inst/IBUFCTRL_INST (IBUFCTRL) is not placed
ERROR: [Place 30-68] Instance wrap_edge_masks_1_IBUF[1]_inst/INBUF_INST (INBUF) is not placed
ERROR: [Place 30-68] Instance wrap_edge_masks_1_IBUF[2]_inst/IBUFCTRL_INST (IBUFCTRL) is not placed
ERROR: [Place 30-68] Instance wrap_edge_masks_1_IBUF[2]_inst/INBUF_INST (INBUF) is not placed
ERROR: [Place 30-68] Instance wrap_edge_masks_1_IBUF[3]_inst/IBUFCTRL_INST (IBUFCTRL) is not placed
ERROR: [Place 30-68] Instance wrap_edge_masks_1_IBUF[3]_inst/INBUF_INST (INBUF) is not placed
ERROR: [Place 30-68] Instance wrap_edge_masks_1_IBUF[4]_inst/IBUFCTRL_INST (IBUFCTRL) is not placed
ERROR: [Place 30-68] Instance wrap_edge_masks_1_IBUF[4]_inst/INBUF_INST (INBUF) is not placed
ERROR: [Place 30-68] Instance wrap_edge_masks_1_IBUF[5]_inst/IBUFCTRL_INST (IBUFCTRL) is not placed
ERROR: [Place 30-68] Instance wrap_edge_masks_1_IBUF[5]_inst/INBUF_INST (INBUF) is not placed
ERROR: [Place 30-68] Instance wrap_edge_masks_1_IBUF[6]_inst/IBUFCTRL_INST (IBUFCTRL) is not placed
ERROR: [Place 30-68] Instance wrap_edge_masks_1_IBUF[6]_inst/INBUF_INST (INBUF) is not placed
ERROR: [Place 30-68] Instance wrap_edge_masks_1_IBUF[7]_inst/IBUFCTRL_INST (IBUFCTRL) is not placed
ERROR: [Place 30-68] Instance wrap_edge_masks_1_IBUF[7]_inst/INBUF_INST (INBUF) is not placed
ERROR: [Place 30-68] Instance wrap_edge_masks_2_IBUF[0]_inst/IBUFCTRL_INST (IBUFCTRL) is not placed
ERROR: [Place 30-68] Instance wrap_edge_masks_2_IBUF[0]_inst/INBUF_INST (INBUF) is not placed
ERROR: [Place 30-68] Instance wrap_edge_masks_2_IBUF[1]_inst/IBUFCTRL_INST (IBUFCTRL) is not placed
ERROR: [Place 30-68] Instance wrap_edge_masks_2_IBUF[1]_inst/INBUF_INST (INBUF) is not placed
ERROR: [Place 30-68] Instance wrap_edge_masks_2_IBUF[2]_inst/IBUFCTRL_INST (IBUFCTRL) is not placed
ERROR: [Place 30-68] Instance wrap_edge_masks_2_IBUF[2]_inst/INBUF_INST (INBUF) is not placed
ERROR: [Place 30-68] Instance wrap_edge_masks_2_IBUF[3]_inst/IBUFCTRL_INST (IBUFCTRL) is not placed
ERROR: [Place 30-68] Instance wrap_edge_masks_2_IBUF[3]_inst/INBUF_INST (INBUF) is not placed
ERROR: [Place 30-68] Instance wrap_edge_masks_2_IBUF[4]_inst/IBUFCTRL_INST (IBUFCTRL) is not placed
ERROR: [Place 30-68] Instance wrap_edge_masks_2_IBUF[4]_inst/INBUF_INST (INBUF) is not placed
ERROR: [Place 30-68] Instance wrap_edge_masks_2_IBUF[5]_inst/IBUFCTRL_INST (IBUFCTRL) is not placed
ERROR: [Place 30-68] Instance wrap_edge_masks_2_IBUF[5]_inst/INBUF_INST (INBUF) is not placed
ERROR: [Place 30-68] Instance wrap_edge_masks_2_IBUF[6]_inst/IBUFCTRL_INST (IBUFCTRL) is not placed
ERROR: [Place 30-68] Instance wrap_edge_masks_2_IBUF[6]_inst/INBUF_INST (INBUF) is not placed
ERROR: [Place 30-68] Instance wrap_edge_masks_2_IBUF[7]_inst/IBUFCTRL_INST (IBUFCTRL) is not placed
ERROR: [Place 30-68] Instance wrap_edge_masks_2_IBUF[7]_inst/INBUF_INST (INBUF) is not placed
ERROR: [Place 30-68] Instance wrap_edge_masks_3_IBUF[0]_inst/IBUFCTRL_INST (IBUFCTRL) is not placed
ERROR: [Place 30-68] Instance wrap_edge_masks_3_IBUF[0]_inst/INBUF_INST (INBUF) is not placed
ERROR: [Place 30-68] Instance wrap_edge_masks_3_IBUF[1]_inst/IBUFCTRL_INST (IBUFCTRL) is not placed
ERROR: [Place 30-68] Instance wrap_edge_masks_3_IBUF[1]_inst/INBUF_INST (INBUF) is not placed
ERROR: [Place 30-68] Instance wrap_edge_masks_3_IBUF[2]_inst/IBUFCTRL_INST (IBUFCTRL) is not placed
ERROR: [Place 30-68] Instance wrap_edge_masks_3_IBUF[2]_inst/INBUF_INST (INBUF) is not placed
ERROR: [Place 30-68] Instance wrap_edge_masks_3_IBUF[3]_inst/IBUFCTRL_INST (IBUFCTRL) is not placed
ERROR: [Place 30-68] Instance wrap_edge_masks_3_IBUF[3]_inst/INBUF_INST (INBUF) is not placed
ERROR: [Place 30-68] Instance wrap_edge_masks_3_IBUF[4]_inst/IBUFCTRL_INST (IBUFCTRL) is not placed
ERROR: [Place 30-68] Instance wrap_edge_masks_3_IBUF[4]_inst/INBUF_INST (INBUF) is not placed
ERROR: [Place 30-68] Instance wrap_edge_masks_3_IBUF[5]_inst/IBUFCTRL_INST (IBUFCTRL) is not placed
ERROR: [Place 30-68] Instance wrap_edge_masks_3_IBUF[5]_inst/INBUF_INST (INBUF) is not placed
ERROR: [Place 30-68] Instance wrap_edge_masks_3_IBUF[6]_inst/IBUFCTRL_INST (IBUFCTRL) is not placed
ERROR: [Place 30-68] Instance wrap_edge_masks_3_IBUF[6]_inst/INBUF_INST (INBUF) is not placed
ERROR: [Place 30-68] Instance wrap_edge_masks_3_IBUF[7]_inst/IBUFCTRL_INST (IBUFCTRL) is not placed
ERROR: [Place 30-68] Instance wrap_edge_masks_3_IBUF[7]_inst/INBUF_INST (INBUF) is not placed
ERROR: [Place 30-68] Instance wrap_edge_masks_4_IBUF[0]_inst/IBUFCTRL_INST (IBUFCTRL) is not placed
ERROR: [Place 30-68] Instance wrap_edge_masks_4_IBUF[0]_inst/INBUF_INST (INBUF) is not placed
ERROR: [Place 30-68] Instance wrap_edge_masks_4_IBUF[1]_inst/IBUFCTRL_INST (IBUFCTRL) is not placed
ERROR: [Place 30-68] Instance wrap_edge_masks_4_IBUF[1]_inst/INBUF_INST (INBUF) is not placed
ERROR: [Place 30-68] Instance wrap_edge_masks_4_IBUF[2]_inst/IBUFCTRL_INST (IBUFCTRL) is not placed
ERROR: [Place 30-68] Instance wrap_edge_masks_4_IBUF[2]_inst/INBUF_INST (INBUF) is not placed
ERROR: [Place 30-68] Instance wrap_edge_masks_4_IBUF[3]_inst/IBUFCTRL_INST (IBUFCTRL) is not placed
ERROR: [Place 30-68] Instance wrap_edge_masks_4_IBUF[3]_inst/INBUF_INST (INBUF) is not placed
ERROR: [Place 30-68] Instance wrap_edge_masks_4_IBUF[4]_inst/IBUFCTRL_INST (IBUFCTRL) is not placed
ERROR: [Place 30-68] Instance wrap_edge_masks_4_IBUF[4]_inst/INBUF_INST (INBUF) is not placed
ERROR: [Place 30-68] Instance wrap_edge_masks_4_IBUF[5]_inst/IBUFCTRL_INST (IBUFCTRL) is not placed
ERROR: [Place 30-68] Instance wrap_edge_masks_4_IBUF[5]_inst/INBUF_INST (INBUF) is not placed
ERROR: [Place 30-68] Instance wrap_edge_masks_4_IBUF[6]_inst/IBUFCTRL_INST (IBUFCTRL) is not placed
ERROR: [Place 30-68] Instance wrap_edge_masks_4_IBUF[6]_inst/INBUF_INST (INBUF) is not placed
ERROR: [Place 30-68] Instance wrap_edge_masks_4_IBUF[7]_inst/IBUFCTRL_INST (IBUFCTRL) is not placed
ERROR: [Place 30-68] Instance wrap_edge_masks_4_IBUF[7]_inst/INBUF_INST (INBUF) is not placed
ERROR: [Place 30-68] Instance wrap_edge_masks_5_IBUF[0]_inst/IBUFCTRL_INST (IBUFCTRL) is not placed
ERROR: [Place 30-68] Instance wrap_edge_masks_5_IBUF[0]_inst/INBUF_INST (INBUF) is not placed
ERROR: [Place 30-68] Instance wrap_edge_masks_5_IBUF[1]_inst/IBUFCTRL_INST (IBUFCTRL) is not placed
ERROR: [Place 30-68] Instance wrap_edge_masks_5_IBUF[1]_inst/INBUF_INST (INBUF) is not placed
ERROR: [Place 30-68] Instance wrap_edge_masks_5_IBUF[2]_inst/IBUFCTRL_INST (IBUFCTRL) is not placed
ERROR: [Place 30-68] Instance wrap_edge_masks_5_IBUF[2]_inst/INBUF_INST (INBUF) is not placed
ERROR: [Place 30-68] Instance wrap_edge_masks_5_IBUF[3]_inst/IBUFCTRL_INST (IBUFCTRL) is not placed
ERROR: [Place 30-68] Instance wrap_edge_masks_5_IBUF[3]_inst/INBUF_INST (INBUF) is not placed
ERROR: [Place 30-68] Instance wrap_edge_masks_5_IBUF[4]_inst/IBUFCTRL_INST (IBUFCTRL) is not placed
ERROR: [Place 30-68] Instance wrap_edge_masks_5_IBUF[4]_inst/INBUF_INST (INBUF) is not placed
ERROR: [Place 30-68] Instance wrap_edge_masks_5_IBUF[5]_inst/IBUFCTRL_INST (IBUFCTRL) is not placed
ERROR: [Place 30-68] Instance wrap_edge_masks_5_IBUF[5]_inst/INBUF_INST (INBUF) is not placed
ERROR: [Place 30-68] Instance wrap_edge_masks_5_IBUF[6]_inst/IBUFCTRL_INST (IBUFCTRL) is not placed
ERROR: [Place 30-68] Instance wrap_edge_masks_5_IBUF[6]_inst/INBUF_INST (INBUF) is not placed
ERROR: [Place 30-68] Instance wrap_edge_masks_5_IBUF[7]_inst/IBUFCTRL_INST (IBUFCTRL) is not placed
ERROR: [Place 30-99] Placer failed with error: 'IO Clock Placer failed'
Please review all ERROR, CRITICAL WARNING, and WARNING messages during placement to understand the cause for failure.
ERROR: [Common 17-69] Command failed: Placer could not place all instances
